Blender 4.5.10 LTS (hash 6dc0b208d1b5 built 2026-05-19 01:33:42)
Read blend: "C:\Users\turbo08\findthem\apps\mobile\assets\avatar\realistic\rework\bicolor-a-v13.blend"
Fra:1 Mem:32.95M (Peak 32.95M) | Time:00:00.00 | Mem:0.00M, Peak:0.00M | Scene, ViewLayer | Synchronizing object | V13_mesh_0.001
Fra:1 Mem:32.95M (Peak 32.95M) | Time:00:00.00 | Mem:0.00M, Peak:0.00M | Scene, ViewLayer | Synchronizing object | V13_mesh_0
Fra:1 Mem:32.95M (Peak 32.95M) | Time:00:00.00 | Mem:0.00M, Peak:0.00M | Scene, ViewLayer | Synchronizing object | V13_Object_32
Fra:1 Mem:32.96M (Peak 32.96M) | Time:00:00.00 | Mem:0.00M, Peak:0.00M | Scene, ViewLayer | Synchronizing object | Area.001
Fra:1 Mem:35.02M (Peak 35.02M) | Time:00:00.00 | Mem:0.00M, Peak:0.00M | Scene, ViewLayer | Synchronizing object | Area
Fra:1 Mem:35.03M (Peak 35.03M) | Time:00:00.00 | Mem:0.00M, Peak:0.00M | Scene, ViewLayer | Synchronizing object | Review floor
Fra:1 Mem:44.56M (Peak 44.85M) | Time:00:00.02 | Mem:0.00M, Peak:0.00M | Scene, ViewLayer | Initializing
Fra:1 Mem:40.88M (Peak 44.85M) | Time:00:00.02 | Mem:0.00M, Peak:0.00M | Scene, ViewLayer | Updating Images | Loading Image_2
Fra:1 Mem:40.88M (Peak 44.85M) | Time:00:00.02 | Mem:0.00M, Peak:0.00M | Scene, ViewLayer | Updating Images | Loading Image_0.001
Fra:1 Mem:40.88M (Peak 44.85M) | Time:00:00.02 | Mem:0.00M, Peak:0.00M | Scene, ViewLayer | Updating Images | Loading Image_0
Fra:1 Mem:44.88M (Peak 44.88M) | Time:00:00.02 | Mem:0.00M, Peak:0.00M | Scene, ViewLayer | Updating Images | Loading Image_1
Fra:1 Mem:53.81M (Peak 64.91M) | Time:00:00.10 | Mem:16.00M, Peak:16.00M | Scene, ViewLayer | Waiting for render to start
Fra:1 Mem:53.81M (Peak 64.91M) | Time:00:00.10 | Mem:16.00M, Peak:16.00M | Scene, ViewLayer | Updating Scene
Fra:1 Mem:53.81M (Peak 64.91M) | Time:00:00.10 | Mem:16.00M, Peak:16.00M | Scene, ViewLayer | Updating Shaders
Fra:1 Mem:53.81M (Peak 64.91M) | Time:00:00.10 | Mem:16.00M, Peak:16.00M | Scene, ViewLayer | Loading render kernels (may take a few minutes the first time)
Fra:1 Mem:53.90M (Peak 64.91M) | Time:00:00.10 | Mem:16.00M, Peak:16.00M | Scene, ViewLayer | Updating Procedurals
Fra:1 Mem:53.90M (Peak 64.91M) | Time:00:00.10 | Mem:16.00M, Peak:16.00M | Scene, ViewLayer | Updating Background
Fra:1 Mem:53.90M (Peak 64.91M) | Time:00:00.10 | Mem:16.00M, Peak:16.00M | Scene, ViewLayer | Updating Camera
Fra:1 Mem:53.90M (Peak 64.91M) | Time:00:00.10 | Mem:16.00M, Peak:16.00M | Scene, ViewLayer | Updating Meshes Flags
Fra:1 Mem:53.90M (Peak 64.91M) | Time:00:00.10 | Mem:16.00M, Peak:16.00M | Scene, ViewLayer | Updating Objects
Fra:1 Mem:53.90M (Peak 64.91M) | Time:00:00.10 | Mem:16.00M, Peak:16.00M | Scene, ViewLayer | Updating Objects | Copying Transformations to device
Fra:1 Mem:53.90M (Peak 64.91M) | Time:00:00.10 | Mem:16.01M, Peak:16.01M | Scene, ViewLayer | Updating Particle Systems
Fra:1 Mem:53.90M (Peak 64.91M) | Time:00:00.10 | Mem:16.01M, Peak:16.01M | Scene, ViewLayer | Updating Particle Systems | Copying Particles to device
Fra:1 Mem:53.90M (Peak 64.91M) | Time:00:00.10 | Mem:16.01M, Peak:16.01M | Scene, ViewLayer | Updating Meshes
Fra:1 Mem:56.19M (Peak 64.91M) | Time:00:00.15 | Mem:16.01M, Peak:16.01M | Scene, ViewLayer | Updating Objects | Applying Static Transformations
Fra:1 Mem:56.19M (Peak 64.91M) | Time:00:00.15 | Mem:16.01M, Peak:16.01M | Scene, ViewLayer | Updating Mesh | Computing attributes
Fra:1 Mem:62.13M (Peak 64.91M) | Time:00:00.15 | Mem:16.01M, Peak:16.01M | Scene, ViewLayer | Updating Mesh | Copying Attributes to device
Fra:1 Mem:62.12M (Peak 64.91M) | Time:00:00.15 | Mem:21.94M, Peak:21.94M | Scene, ViewLayer | Updating Scene BVH | Building
Fra:1 Mem:62.12M (Peak 64.91M) | Time:00:00.15 | Mem:21.94M, Peak:21.94M | Scene, ViewLayer | Updating Scene BVH | Building BVH
Fra:1 Mem:62.12M (Peak 64.91M) | Time:00:00.15 | Mem:23.86M, Peak:23.86M | Scene, ViewLayer | Updating Scene BVH | Building BVH 0%
Fra:1 Mem:62.12M (Peak 64.91M) | Time:00:00.16 | Mem:26.15M, Peak:28.07M | Scene, ViewLayer | Updating Scene BVH | Copying BVH to device
Fra:1 Mem:62.12M (Peak 64.91M) | Time:00:00.16 | Mem:26.15M, Peak:28.07M | Scene, ViewLayer | Updating Mesh | Computing normals
Fra:1 Mem:63.81M (Peak 64.91M) | Time:00:00.16 | Mem:26.15M, Peak:28.07M | Scene, ViewLayer | Updating Mesh | Copying Mesh to device
Fra:1 Mem:63.81M (Peak 64.91M) | Time:00:00.16 | Mem:27.84M, Peak:28.07M | Scene, ViewLayer | Updating Objects Flags
Fra:1 Mem:63.81M (Peak 64.91M) | Time:00:00.16 | Mem:27.84M, Peak:28.07M | Scene, ViewLayer | Updating Primitive Offsets
Fra:1 Mem:63.81M (Peak 64.91M) | Time:00:00.16 | Mem:27.84M, Peak:28.07M | Scene, ViewLayer | Updating Images
Fra:1 Mem:63.81M (Peak 64.91M) | Time:00:00.16 | Mem:27.84M, Peak:28.07M | Scene, ViewLayer | Updating Camera Volume
Fra:1 Mem:63.81M (Peak 64.91M) | Time:00:00.16 | Mem:27.84M, Peak:28.07M | Scene, ViewLayer | Updating Lookup Tables
Fra:1 Mem:63.81M (Peak 64.91M) | Time:00:00.16 | Mem:27.92M, Peak:28.07M | Scene, ViewLayer | Updating Lights
Fra:1 Mem:63.81M (Peak 64.91M) | Time:00:00.16 | Mem:27.92M, Peak:28.07M | Scene, ViewLayer | Updating Lights | Computing tree
Fra:1 Mem:63.81M (Peak 64.91M) | Time:00:00.16 | Mem:27.92M, Peak:28.07M | Scene, ViewLayer | Updating Integrator
Fra:1 Mem:63.81M (Peak 64.91M) | Time:00:00.16 | Mem:27.92M, Peak:28.07M | Scene, ViewLayer | Updating Film
Fra:1 Mem:63.82M (Peak 64.91M) | Time:00:00.16 | Mem:27.84M, Peak:28.07M | Scene, ViewLayer | Updating Lookup Tables
Fra:1 Mem:63.82M (Peak 64.91M) | Time:00:00.16 | Mem:27.93M, Peak:28.07M | Scene, ViewLayer | Updating Baking
Fra:1 Mem:63.82M (Peak 64.91M) | Time:00:00.16 | Mem:27.93M, Peak:28.07M | Scene, ViewLayer | Updating Device | Writing constant memory
Fra:1 Mem:63.82M (Peak 64.91M) | Time:00:00.16 | Mem:27.93M, Peak:28.07M | Scene, ViewLayer | Loading denoising kernels (may take a few minutes the first time)
Fra:1 Mem:63.82M (Peak 64.91M) | Time:00:00.16 | Mem:27.93M, Peak:28.07M | Scene, ViewLayer | Sample 0/12
Fra:1 Mem:101.57M (Peak 101.57M) | Time:00:00.62 | Remaining:00:05.09 | Mem:65.63M, Peak:65.63M | Scene, ViewLayer | Sample 1/12
Fra:1 Mem:117.44M (Peak 141.25M) | Time:00:20.52 | Mem:65.63M, Peak:65.63M | Scene, ViewLayer | Sample 12/12
Fra:1 Mem:117.44M (Peak 141.25M) | Time:00:20.52 | Mem:65.63M, Peak:65.63M | Scene, ViewLayer | Finished
Saved: 'C:\Users\turbo08\findthem\apps\mobile\assets\avatar\v13-sit-stand\side-sit.png'
Time: 00:21.60 (Saving: 00:01.06)

Fra:38 Mem:35.80M (Peak 35.80M) | Time:00:00.01 | Mem:0.00M, Peak:0.00M | Scene, ViewLayer | Synchronizing object | V13_mesh_0.001
Fra:38 Mem:35.84M (Peak 35.84M) | Time:00:00.01 | Mem:0.00M, Peak:0.00M | Scene, ViewLayer | Synchronizing object | Area.001
Fra:38 Mem:35.84M (Peak 35.84M) | Time:00:00.01 | Mem:0.00M, Peak:0.00M | Scene, ViewLayer | Synchronizing object | Area
Fra:38 Mem:36.24M (Peak 36.24M) | Time:00:00.01 | Mem:0.00M, Peak:0.00M | Scene, ViewLayer | Synchronizing object | Review floor
Fra:38 Mem:36.24M (Peak 36.24M) | Time:00:00.01 | Mem:0.00M, Peak:0.00M | Scene, ViewLayer | Synchronizing object | V13_Object_32
Fra:38 Mem:44.56M (Peak 44.57M) | Time:00:00.03 | Mem:0.00M, Peak:0.00M | Scene, ViewLayer | Initializing
Fra:38 Mem:40.88M (Peak 44.57M) | Time:00:00.03 | Mem:0.00M, Peak:0.00M | Scene, ViewLayer | Updating Images | Loading Image_2
Fra:38 Mem:40.88M (Peak 44.57M) | Time:00:00.03 | Mem:0.00M, Peak:0.00M | Scene, ViewLayer | Updating Images | Loading Image_2.001
Fra:38 Mem:44.88M (Peak 44.88M) | Time:00:00.03 | Mem:0.00M, Peak:0.00M | Scene, ViewLayer | Updating Images | Loading Image_1.001
Fra:38 Mem:48.88M (Peak 48.88M) | Time:00:00.03 | Mem:0.00M, Peak:0.00M | Scene, ViewLayer | Updating Images | Loading Image_0
Fra:38 Mem:52.88M (Peak 52.88M) | Time:00:00.03 | Mem:0.00M, Peak:0.00M | Scene, ViewLayer | Updating Images | Loading Image_1
Fra:38 Mem:53.81M (Peak 60.91M) | Time:00:00.12 | Mem:16.00M, Peak:16.00M | Scene, ViewLayer | Waiting for render to start
Fra:38 Mem:53.81M (Peak 60.91M) | Time:00:00.12 | Mem:16.00M, Peak:16.00M | Scene, ViewLayer | Updating Scene
Fra:38 Mem:53.81M (Peak 60.91M) | Time:00:00.12 | Mem:16.00M, Peak:16.00M | Scene, ViewLayer | Updating Shaders
Fra:38 Mem:53.81M (Peak 60.91M) | Time:00:00.12 | Mem:16.00M, Peak:16.00M | Scene, ViewLayer | Loading render kernels (may take a few minutes the first time)
Fra:38 Mem:53.90M (Peak 60.91M) | Time:00:00.12 | Mem:16.00M, Peak:16.00M | Scene, ViewLayer | Updating Procedurals
Fra:38 Mem:53.90M (Peak 60.91M) | Time:00:00.12 | Mem:16.00M, Peak:16.00M | Scene, ViewLayer | Updating Background
Fra:38 Mem:53.90M (Peak 60.91M) | Time:00:00.12 | Mem:16.00M, Peak:16.00M | Scene, ViewLayer | Updating Camera
Fra:38 Mem:53.90M (Peak 60.91M) | Time:00:00.12 | Mem:16.00M, Peak:16.00M | Scene, ViewLayer | Updating Meshes Flags
Fra:38 Mem:53.90M (Peak 60.91M) | Time:00:00.12 | Mem:16.00M, Peak:16.00M | Scene, ViewLayer | Updating Objects
Fra:38 Mem:53.90M (Peak 60.91M) | Time:00:00.13 | Mem:16.00M, Peak:16.00M | Scene, ViewLayer | Updating Objects | Copying Transformations to device
Fra:38 Mem:53.90M (Peak 60.91M) | Time:00:00.13 | Mem:16.01M, Peak:16.01M | Scene, ViewLayer | Updating Particle Systems
Fra:38 Mem:53.90M (Peak 60.91M) | Time:00:00.13 | Mem:16.01M, Peak:16.01M | Scene, ViewLayer | Updating Particle Systems | Copying Particles to device
Fra:38 Mem:53.90M (Peak 60.91M) | Time:00:00.13 | Mem:16.01M, Peak:16.01M | Scene, ViewLayer | Updating Meshes
Fra:38 Mem:56.19M (Peak 60.91M) | Time:00:00.20 | Mem:16.01M, Peak:16.01M | Scene, ViewLayer | Updating Objects | Applying Static Transformations
Fra:38 Mem:56.19M (Peak 60.91M) | Time:00:00.20 | Mem:16.01M, Peak:16.01M | Scene, ViewLayer | Updating Mesh | Computing attributes
Fra:38 Mem:62.13M (Peak 62.13M) | Time:00:00.20 | Mem:16.01M, Peak:16.01M | Scene, ViewLayer | Updating Mesh | Copying Attributes to device
Fra:38 Mem:62.12M (Peak 62.13M) | Time:00:00.20 | Mem:21.94M, Peak:21.94M | Scene, ViewLayer | Updating Scene BVH | Building
Fra:38 Mem:62.12M (Peak 62.13M) | Time:00:00.20 | Mem:21.94M, Peak:21.94M | Scene, ViewLayer | Updating Scene BVH | Building BVH
Fra:38 Mem:62.12M (Peak 62.13M) | Time:00:00.20 | Mem:23.86M, Peak:23.86M | Scene, ViewLayer | Updating Scene BVH | Building BVH 0%
Fra:38 Mem:62.12M (Peak 62.13M) | Time:00:00.22 | Mem:26.15M, Peak:28.07M | Scene, ViewLayer | Updating Scene BVH | Copying BVH to device
Fra:38 Mem:62.12M (Peak 62.13M) | Time:00:00.22 | Mem:26.15M, Peak:28.07M | Scene, ViewLayer | Updating Mesh | Computing normals
Fra:38 Mem:63.81M (Peak 63.81M) | Time:00:00.22 | Mem:26.15M, Peak:28.07M | Scene, ViewLayer | Updating Mesh | Copying Mesh to device
Fra:38 Mem:63.81M (Peak 63.81M) | Time:00:00.22 | Mem:27.84M, Peak:28.07M | Scene, ViewLayer | Updating Objects Flags
Fra:38 Mem:63.81M (Peak 63.81M) | Time:00:00.22 | Mem:27.84M, Peak:28.07M | Scene, ViewLayer | Updating Primitive Offsets
Fra:38 Mem:63.81M (Peak 63.81M) | Time:00:00.22 | Mem:27.84M, Peak:28.07M | Scene, ViewLayer | Updating Images
Fra:38 Mem:63.81M (Peak 63.81M) | Time:00:00.22 | Mem:27.84M, Peak:28.07M | Scene, ViewLayer | Updating Camera Volume
Fra:38 Mem:63.81M (Peak 63.81M) | Time:00:00.22 | Mem:27.84M, Peak:28.07M | Scene, ViewLayer | Updating Lookup Tables
Fra:38 Mem:63.81M (Peak 63.81M) | Time:00:00.22 | Mem:27.92M, Peak:28.07M | Scene, ViewLayer | Updating Lights
Fra:38 Mem:63.81M (Peak 63.81M) | Time:00:00.22 | Mem:27.92M, Peak:28.07M | Scene, ViewLayer | Updating Lights | Computing tree
Fra:38 Mem:63.81M (Peak 63.81M) | Time:00:00.22 | Mem:27.92M, Peak:28.07M | Scene, ViewLayer | Updating Integrator
Fra:38 Mem:63.81M (Peak 63.81M) | Time:00:00.22 | Mem:27.92M, Peak:28.07M | Scene, ViewLayer | Updating Film
Fra:38 Mem:63.82M (Peak 63.82M) | Time:00:00.22 | Mem:27.84M, Peak:28.07M | Scene, ViewLayer | Updating Lookup Tables
Fra:38 Mem:63.82M (Peak 63.82M) | Time:00:00.22 | Mem:27.93M, Peak:28.07M | Scene, ViewLayer | Updating Baking
Fra:38 Mem:63.82M (Peak 63.82M) | Time:00:00.22 | Mem:27.93M, Peak:28.07M | Scene, ViewLayer | Updating Device | Writing constant memory
Fra:38 Mem:63.82M (Peak 63.82M) | Time:00:00.22 | Mem:27.93M, Peak:28.07M | Scene, ViewLayer | Loading denoising kernels (may take a few minutes the first time)
Fra:38 Mem:63.82M (Peak 63.82M) | Time:00:00.22 | Mem:27.93M, Peak:28.07M | Scene, ViewLayer | Sample 0/12
Fra:38 Mem:101.57M (Peak 101.57M) | Time:00:01.01 | Remaining:00:08.64 | Mem:65.63M, Peak:65.63M | Scene, ViewLayer | Sample 1/12
Fra:38 Mem:117.44M (Peak 141.25M) | Time:00:32.75 | Mem:65.63M, Peak:65.63M | Scene, ViewLayer | Sample 12/12
Fra:38 Mem:117.44M (Peak 141.25M) | Time:00:32.75 | Mem:65.63M, Peak:65.63M | Scene, ViewLayer | Finished
Saved: 'C:\Users\turbo08\findthem\apps\mobile\assets\avatar\v13-sit-stand\side-half.png'
Time: 00:32.90 (Saving: 00:00.14)

Fra:61 Mem:35.80M (Peak 35.80M) | Time:00:00.01 | Mem:0.00M, Peak:0.00M | Scene, ViewLayer | Synchronizing object | V13_mesh_0.001
Fra:61 Mem:35.80M (Peak 35.80M) | Time:00:00.01 | Mem:0.00M, Peak:0.00M | Scene, ViewLayer | Synchronizing object | Area.001
Fra:61 Mem:35.84M (Peak 35.84M) | Time:00:00.01 | Mem:0.00M, Peak:0.00M | Scene, ViewLayer | Synchronizing object | Area
Fra:61 Mem:44.56M (Peak 44.57M) | Time:00:00.02 | Mem:0.00M, Peak:0.00M | Scene, ViewLayer | Initializing
Fra:61 Mem:40.88M (Peak 44.57M) | Time:00:00.02 | Mem:0.00M, Peak:0.00M | Scene, ViewLayer | Updating Images | Loading Image_2
Fra:61 Mem:40.88M (Peak 44.57M) | Time:00:00.02 | Mem:0.00M, Peak:0.00M | Scene, ViewLayer | Updating Images | Loading Image_0.001
Fra:61 Mem:40.88M (Peak 44.57M) | Time:00:00.02 | Mem:0.00M, Peak:0.00M | Scene, ViewLayer | Updating Images | Loading Image_1.001
Fra:61 Mem:44.88M (Peak 44.88M) | Time:00:00.02 | Mem:0.00M, Peak:0.00M | Scene, ViewLayer | Updating Images | Loading Image_2.001
Fra:61 Mem:44.88M (Peak 44.88M) | Time:00:00.02 | Mem:0.00M, Peak:0.00M | Scene, ViewLayer | Updating Images | Loading Image_0
Fra:61 Mem:56.90M (Peak 56.90M) | Time:00:00.02 | Mem:0.00M, Peak:0.00M | Scene, ViewLayer | Updating Images | Loading Image_1
Fra:61 Mem:53.81M (Peak 60.91M) | Time:00:00.10 | Mem:16.00M, Peak:16.00M | Scene, ViewLayer | Waiting for render to start
Fra:61 Mem:53.81M (Peak 60.91M) | Time:00:00.10 | Mem:16.00M, Peak:16.00M | Scene, ViewLayer | Updating Scene
Fra:61 Mem:53.81M (Peak 60.91M) | Time:00:00.10 | Mem:16.00M, Peak:16.00M | Scene, ViewLayer | Updating Shaders
Fra:61 Mem:53.81M (Peak 60.91M) | Time:00:00.10 | Mem:16.00M, Peak:16.00M | Scene, ViewLayer | Loading render kernels (may take a few minutes the first time)
Fra:61 Mem:53.90M (Peak 60.91M) | Time:00:00.10 | Mem:16.00M, Peak:16.00M | Scene, ViewLayer | Updating Procedurals
Fra:61 Mem:53.90M (Peak 60.91M) | Time:00:00.10 | Mem:16.00M, Peak:16.00M | Scene, ViewLayer | Updating Background
Fra:61 Mem:53.90M (Peak 60.91M) | Time:00:00.10 | Mem:16.00M, Peak:16.00M | Scene, ViewLayer | Updating Camera
Fra:61 Mem:53.90M (Peak 60.91M) | Time:00:00.10 | Mem:16.00M, Peak:16.00M | Scene, ViewLayer | Updating Meshes Flags
Fra:61 Mem:53.90M (Peak 60.91M) | Time:00:00.10 | Mem:16.00M, Peak:16.00M | Scene, ViewLayer | Updating Objects
Fra:61 Mem:53.90M (Peak 60.91M) | Time:00:00.10 | Mem:16.00M, Peak:16.00M | Scene, ViewLayer | Updating Objects | Copying Transformations to device
Fra:61 Mem:53.90M (Peak 60.91M) | Time:00:00.10 | Mem:16.01M, Peak:16.01M | Scene, ViewLayer | Updating Particle Systems
Fra:61 Mem:53.90M (Peak 60.91M) | Time:00:00.10 | Mem:16.01M, Peak:16.01M | Scene, ViewLayer | Updating Particle Systems | Copying Particles to device
Fra:61 Mem:53.90M (Peak 60.91M) | Time:00:00.10 | Mem:16.01M, Peak:16.01M | Scene, ViewLayer | Updating Meshes
Fra:61 Mem:56.19M (Peak 60.91M) | Time:00:00.18 | Mem:16.01M, Peak:16.01M | Scene, ViewLayer | Updating Objects | Applying Static Transformations
Fra:61 Mem:56.19M (Peak 60.91M) | Time:00:00.18 | Mem:16.01M, Peak:16.01M | Scene, ViewLayer | Updating Mesh | Computing attributes
Fra:61 Mem:62.13M (Peak 62.13M) | Time:00:00.18 | Mem:16.01M, Peak:16.01M | Scene, ViewLayer | Updating Mesh | Copying Attributes to device
Fra:61 Mem:62.13M (Peak 62.13M) | Time:00:00.18 | Mem:21.94M, Peak:21.94M | Scene, ViewLayer | Updating Scene BVH | Building
Fra:61 Mem:62.13M (Peak 62.13M) | Time:00:00.18 | Mem:21.94M, Peak:21.94M | Scene, ViewLayer | Updating Scene BVH | Building BVH
Fra:61 Mem:62.13M (Peak 62.13M) | Time:00:00.18 | Mem:23.86M, Peak:23.86M | Scene, ViewLayer | Updating Scene BVH | Building BVH 0%
Fra:61 Mem:62.13M (Peak 62.13M) | Time:00:00.19 | Mem:26.15M, Peak:28.07M | Scene, ViewLayer | Updating Scene BVH | Copying BVH to device
Fra:61 Mem:62.13M (Peak 62.13M) | Time:00:00.19 | Mem:26.15M, Peak:28.07M | Scene, ViewLayer | Updating Mesh | Computing normals
Fra:61 Mem:63.81M (Peak 63.81M) | Time:00:00.20 | Mem:26.15M, Peak:28.07M | Scene, ViewLayer | Updating Mesh | Copying Mesh to device
Fra:61 Mem:63.81M (Peak 63.81M) | Time:00:00.20 | Mem:27.84M, Peak:28.07M | Scene, ViewLayer | Updating Objects Flags
Fra:61 Mem:63.81M (Peak 63.81M) | Time:00:00.20 | Mem:27.84M, Peak:28.07M | Scene, ViewLayer | Updating Primitive Offsets
Fra:61 Mem:63.81M (Peak 63.81M) | Time:00:00.20 | Mem:27.84M, Peak:28.07M | Scene, ViewLayer | Updating Images
Fra:61 Mem:63.81M (Peak 63.81M) | Time:00:00.20 | Mem:27.84M, Peak:28.07M | Scene, ViewLayer | Updating Camera Volume
Fra:61 Mem:63.81M (Peak 63.81M) | Time:00:00.20 | Mem:27.84M, Peak:28.07M | Scene, ViewLayer | Updating Lookup Tables
Fra:61 Mem:63.81M (Peak 63.81M) | Time:00:00.20 | Mem:27.92M, Peak:28.07M | Scene, ViewLayer | Updating Lights
Fra:61 Mem:63.81M (Peak 63.81M) | Time:00:00.20 | Mem:27.92M, Peak:28.07M | Scene, ViewLayer | Updating Lights | Computing tree
Fra:61 Mem:63.81M (Peak 63.81M) | Time:00:00.20 | Mem:27.92M, Peak:28.07M | Scene, ViewLayer | Updating Integrator
Fra:61 Mem:63.81M (Peak 63.81M) | Time:00:00.20 | Mem:27.92M, Peak:28.07M | Scene, ViewLayer | Updating Film
Fra:61 Mem:63.82M (Peak 63.82M) | Time:00:00.20 | Mem:27.84M, Peak:28.07M | Scene, ViewLayer | Updating Lookup Tables
Fra:61 Mem:63.82M (Peak 63.82M) | Time:00:00.20 | Mem:27.93M, Peak:28.07M | Scene, ViewLayer | Updating Baking
Fra:61 Mem:63.82M (Peak 63.82M) | Time:00:00.20 | Mem:27.93M, Peak:28.07M | Scene, ViewLayer | Updating Device | Writing constant memory
Fra:61 Mem:63.82M (Peak 63.82M) | Time:00:00.20 | Mem:27.93M, Peak:28.07M | Scene, ViewLayer | Loading denoising kernels (may take a few minutes the first time)
Fra:61 Mem:63.82M (Peak 63.82M) | Time:00:00.20 | Mem:27.93M, Peak:28.07M | Scene, ViewLayer | Sample 0/12
Fra:61 Mem:101.57M (Peak 101.57M) | Time:00:01.00 | Remaining:00:08.78 | Mem:65.63M, Peak:65.63M | Scene, ViewLayer | Sample 1/12
Fra:61 Mem:117.44M (Peak 141.25M) | Time:00:23.58 | Mem:65.63M, Peak:65.63M | Scene, ViewLayer | Sample 12/12
Fra:61 Mem:117.44M (Peak 141.25M) | Time:00:23.58 | Mem:65.63M, Peak:65.63M | Scene, ViewLayer | Finished
Saved: 'C:\Users\turbo08\findthem\apps\mobile\assets\avatar\v13-sit-stand\side-stand.png'
Time: 00:23.72 (Saving: 00:00.13)

Fra:1 Mem:35.80M (Peak 35.80M) | Time:00:00.01 | Mem:0.00M, Peak:0.00M | Scene, ViewLayer | Synchronizing object | V13_mesh_0.001
Fra:1 Mem:35.80M (Peak 35.80M) | Time:00:00.01 | Mem:0.00M, Peak:0.00M | Scene, ViewLayer | Synchronizing object | Area.001
Fra:1 Mem:44.56M (Peak 44.57M) | Time:00:00.02 | Mem:0.00M, Peak:0.00M | Scene, ViewLayer | Initializing
Fra:1 Mem:40.88M (Peak 44.57M) | Time:00:00.02 | Mem:0.00M, Peak:0.00M | Scene, ViewLayer | Updating Images | Loading Image_2
Fra:1 Mem:40.88M (Peak 44.57M) | Time:00:00.02 | Mem:0.00M, Peak:0.00M | Scene, ViewLayer | Updating Images | Loading Image_0.001
Fra:1 Mem:44.88M (Peak 44.88M) | Time:00:00.02 | Mem:0.00M, Peak:0.00M | Scene, ViewLayer | Updating Images | Loading Image_1
Fra:1 Mem:53.81M (Peak 64.91M) | Time:00:00.08 | Mem:16.00M, Peak:16.00M | Scene, ViewLayer | Waiting for render to start
Fra:1 Mem:53.81M (Peak 64.91M) | Time:00:00.08 | Mem:16.00M, Peak:16.00M | Scene, ViewLayer | Updating Scene
Fra:1 Mem:53.81M (Peak 64.91M) | Time:00:00.08 | Mem:16.00M, Peak:16.00M | Scene, ViewLayer | Updating Shaders
Fra:1 Mem:53.81M (Peak 64.91M) | Time:00:00.08 | Mem:16.00M, Peak:16.00M | Scene, ViewLayer | Loading render kernels (may take a few minutes the first time)
Fra:1 Mem:53.90M (Peak 64.91M) | Time:00:00.08 | Mem:16.00M, Peak:16.00M | Scene, ViewLayer | Updating Procedurals
Fra:1 Mem:53.90M (Peak 64.91M) | Time:00:00.08 | Mem:16.00M, Peak:16.00M | Scene, ViewLayer | Updating Background
Fra:1 Mem:53.90M (Peak 64.91M) | Time:00:00.08 | Mem:16.00M, Peak:16.00M | Scene, ViewLayer | Updating Camera
Fra:1 Mem:53.90M (Peak 64.91M) | Time:00:00.08 | Mem:16.00M, Peak:16.00M | Scene, ViewLayer | Updating Meshes Flags
Fra:1 Mem:53.90M (Peak 64.91M) | Time:00:00.08 | Mem:16.00M, Peak:16.00M | Scene, ViewLayer | Updating Objects
Fra:1 Mem:53.90M (Peak 64.91M) | Time:00:00.08 | Mem:16.00M, Peak:16.00M | Scene, ViewLayer | Updating Objects | Copying Transformations to device
Fra:1 Mem:53.90M (Peak 64.91M) | Time:00:00.08 | Mem:16.01M, Peak:16.01M | Scene, ViewLayer | Updating Particle Systems
Fra:1 Mem:53.90M (Peak 64.91M) | Time:00:00.08 | Mem:16.01M, Peak:16.01M | Scene, ViewLayer | Updating Particle Systems | Copying Particles to device
Fra:1 Mem:53.90M (Peak 64.91M) | Time:00:00.08 | Mem:16.01M, Peak:16.01M | Scene, ViewLayer | Updating Meshes
Fra:1 Mem:56.19M (Peak 64.91M) | Time:00:00.14 | Mem:16.01M, Peak:16.01M | Scene, ViewLayer | Updating Objects | Applying Static Transformations
Fra:1 Mem:56.19M (Peak 64.91M) | Time:00:00.14 | Mem:16.01M, Peak:16.01M | Scene, ViewLayer | Updating Mesh | Computing attributes
Fra:1 Mem:62.13M (Peak 64.91M) | Time:00:00.14 | Mem:16.01M, Peak:16.01M | Scene, ViewLayer | Updating Mesh | Copying Attributes to device
Fra:1 Mem:62.13M (Peak 64.91M) | Time:00:00.14 | Mem:21.94M, Peak:21.94M | Scene, ViewLayer | Updating Scene BVH | Building
Fra:1 Mem:62.13M (Peak 64.91M) | Time:00:00.14 | Mem:21.94M, Peak:21.94M | Scene, ViewLayer | Updating Scene BVH | Building BVH
Fra:1 Mem:62.13M (Peak 64.91M) | Time:00:00.14 | Mem:23.86M, Peak:23.86M | Scene, ViewLayer | Updating Scene BVH | Building BVH 0%
Fra:1 Mem:62.13M (Peak 64.91M) | Time:00:00.15 | Mem:26.15M, Peak:28.07M | Scene, ViewLayer | Updating Scene BVH | Copying BVH to device
Fra:1 Mem:62.13M (Peak 64.91M) | Time:00:00.15 | Mem:26.15M, Peak:28.07M | Scene, ViewLayer | Updating Mesh | Computing normals
Fra:1 Mem:63.81M (Peak 64.91M) | Time:00:00.16 | Mem:26.15M, Peak:28.07M | Scene, ViewLayer | Updating Mesh | Copying Mesh to device
Fra:1 Mem:63.81M (Peak 64.91M) | Time:00:00.16 | Mem:27.84M, Peak:28.07M | Scene, ViewLayer | Updating Objects Flags
Fra:1 Mem:63.81M (Peak 64.91M) | Time:00:00.16 | Mem:27.84M, Peak:28.07M | Scene, ViewLayer | Updating Primitive Offsets
Fra:1 Mem:63.81M (Peak 64.91M) | Time:00:00.16 | Mem:27.84M, Peak:28.07M | Scene, ViewLayer | Updating Images
Fra:1 Mem:63.81M (Peak 64.91M) | Time:00:00.16 | Mem:27.84M, Peak:28.07M | Scene, ViewLayer | Updating Camera Volume
Fra:1 Mem:63.81M (Peak 64.91M) | Time:00:00.16 | Mem:27.84M, Peak:28.07M | Scene, ViewLayer | Updating Lookup Tables
Fra:1 Mem:63.81M (Peak 64.91M) | Time:00:00.16 | Mem:27.92M, Peak:28.07M | Scene, ViewLayer | Updating Lights
Fra:1 Mem:63.81M (Peak 64.91M) | Time:00:00.16 | Mem:27.92M, Peak:28.07M | Scene, ViewLayer | Updating Lights | Computing tree
Fra:1 Mem:63.81M (Peak 64.91M) | Time:00:00.16 | Mem:27.92M, Peak:28.07M | Scene, ViewLayer | Updating Integrator
Fra:1 Mem:63.81M (Peak 64.91M) | Time:00:00.16 | Mem:27.92M, Peak:28.07M | Scene, ViewLayer | Updating Film
Fra:1 Mem:63.82M (Peak 64.91M) | Time:00:00.16 | Mem:27.84M, Peak:28.07M | Scene, ViewLayer | Updating Lookup Tables
Fra:1 Mem:63.82M (Peak 64.91M) | Time:00:00.16 | Mem:27.93M, Peak:28.07M | Scene, ViewLayer | Updating Baking
Fra:1 Mem:63.82M (Peak 64.91M) | Time:00:00.16 | Mem:27.93M, Peak:28.07M | Scene, ViewLayer | Updating Device | Writing constant memory
Fra:1 Mem:63.82M (Peak 64.91M) | Time:00:00.16 | Mem:27.93M, Peak:28.07M | Scene, ViewLayer | Loading denoising kernels (may take a few minutes the first time)
Fra:1 Mem:63.82M (Peak 64.91M) | Time:00:00.16 | Mem:27.93M, Peak:28.07M | Scene, ViewLayer | Sample 0/12
Fra:1 Mem:101.57M (Peak 101.57M) | Time:00:00.57 | Remaining:00:04.60 | Mem:65.63M, Peak:65.63M | Scene, ViewLayer | Sample 1/12
Fra:1 Mem:117.44M (Peak 141.25M) | Time:00:21.15 | Mem:65.63M, Peak:65.63M | Scene, ViewLayer | Sample 12/12
Fra:1 Mem:117.44M (Peak 141.25M) | Time:00:21.15 | Mem:65.63M, Peak:65.63M | Scene, ViewLayer | Finished
Saved: 'C:\Users\turbo08\findthem\apps\mobile\assets\avatar\v13-sit-stand\front-sit.png'
Time: 00:21.37 (Saving: 00:00.21)

Fra:38 Mem:35.80M (Peak 35.80M) | Time:00:00.02 | Mem:0.00M, Peak:0.00M | Scene, ViewLayer | Synchronizing object | V13_mesh_0.001
Fra:38 Mem:35.80M (Peak 35.80M) | Time:00:00.02 | Mem:0.00M, Peak:0.00M | Scene, ViewLayer | Synchronizing object | V13_mesh_0
Fra:38 Mem:35.84M (Peak 35.84M) | Time:00:00.02 | Mem:0.00M, Peak:0.00M | Scene, ViewLayer | Synchronizing object | V13_Object_32
Fra:38 Mem:35.87M (Peak 35.87M) | Time:00:00.02 | Mem:0.00M, Peak:0.00M | Scene, ViewLayer | Synchronizing object | Area
Fra:38 Mem:36.29M (Peak 36.29M) | Time:00:00.02 | Mem:0.00M, Peak:0.00M | Scene, ViewLayer | Synchronizing object | Review floor
Fra:38 Mem:44.56M (Peak 44.85M) | Time:00:00.04 | Mem:0.00M, Peak:0.00M | Scene, ViewLayer | Initializing
Fra:38 Mem:40.88M (Peak 44.85M) | Time:00:00.05 | Mem:0.00M, Peak:0.00M | Scene, ViewLayer | Updating Images | Loading Image_0.001
Fra:38 Mem:40.88M (Peak 44.85M) | Time:00:00.05 | Mem:0.00M, Peak:0.00M | Scene, ViewLayer | Updating Images | Loading Image_2
Fra:38 Mem:40.88M (Peak 44.85M) | Time:00:00.05 | Mem:0.00M, Peak:0.00M | Scene, ViewLayer | Updating Images | Loading Image_1.001
Fra:38 Mem:48.88M (Peak 48.88M) | Time:00:00.05 | Mem:0.00M, Peak:0.00M | Scene, ViewLayer | Updating Images | Loading Image_2.001
Fra:38 Mem:52.90M (Peak 52.90M) | Time:00:00.05 | Mem:0.00M, Peak:0.00M | Scene, ViewLayer | Updating Images | Loading Image_0
Fra:38 Mem:56.90M (Peak 56.90M) | Time:00:00.05 | Mem:0.00M, Peak:0.00M | Scene, ViewLayer | Updating Images | Loading Image_1
Fra:38 Mem:53.81M (Peak 60.91M) | Time:00:00.16 | Mem:16.00M, Peak:16.00M | Scene, ViewLayer | Waiting for render to start
Fra:38 Mem:53.81M (Peak 60.91M) | Time:00:00.16 | Mem:16.00M, Peak:16.00M | Scene, ViewLayer | Updating Scene
Fra:38 Mem:53.81M (Peak 60.91M) | Time:00:00.16 | Mem:16.00M, Peak:16.00M | Scene, ViewLayer | Updating Shaders
Fra:38 Mem:53.81M (Peak 60.91M) | Time:00:00.16 | Mem:16.00M, Peak:16.00M | Scene, ViewLayer | Loading render kernels (may take a few minutes the first time)
Fra:38 Mem:53.90M (Peak 60.91M) | Time:00:00.16 | Mem:16.00M, Peak:16.00M | Scene, ViewLayer | Updating Procedurals
Fra:38 Mem:53.90M (Peak 60.91M) | Time:00:00.16 | Mem:16.00M, Peak:16.00M | Scene, ViewLayer | Updating Background
Fra:38 Mem:53.90M (Peak 60.91M) | Time:00:00.16 | Mem:16.00M, Peak:16.00M | Scene, ViewLayer | Updating Camera
Fra:38 Mem:53.90M (Peak 60.91M) | Time:00:00.16 | Mem:16.00M, Peak:16.00M | Scene, ViewLayer | Updating Meshes Flags
Fra:38 Mem:53.90M (Peak 60.91M) | Time:00:00.16 | Mem:16.00M, Peak:16.00M | Scene, ViewLayer | Updating Objects
Fra:38 Mem:53.90M (Peak 60.91M) | Time:00:00.16 | Mem:16.00M, Peak:16.00M | Scene, ViewLayer | Updating Objects | Copying Transformations to device
Fra:38 Mem:53.90M (Peak 60.91M) | Time:00:00.16 | Mem:16.01M, Peak:16.01M | Scene, ViewLayer | Updating Particle Systems
Fra:38 Mem:53.90M (Peak 60.91M) | Time:00:00.16 | Mem:16.01M, Peak:16.01M | Scene, ViewLayer | Updating Particle Systems | Copying Particles to device
Fra:38 Mem:53.90M (Peak 60.91M) | Time:00:00.16 | Mem:16.01M, Peak:16.01M | Scene, ViewLayer | Updating Meshes
Fra:38 Mem:56.19M (Peak 60.91M) | Time:00:00.27 | Mem:16.01M, Peak:16.01M | Scene, ViewLayer | Updating Objects | Applying Static Transformations
Fra:38 Mem:56.19M (Peak 60.91M) | Time:00:00.27 | Mem:16.01M, Peak:16.01M | Scene, ViewLayer | Updating Mesh | Computing attributes
Fra:38 Mem:62.13M (Peak 62.13M) | Time:00:00.28 | Mem:16.01M, Peak:16.01M | Scene, ViewLayer | Updating Mesh | Copying Attributes to device
Fra:38 Mem:62.13M (Peak 62.13M) | Time:00:00.28 | Mem:21.94M, Peak:21.94M | Scene, ViewLayer | Updating Scene BVH | Building
Fra:38 Mem:62.13M (Peak 62.13M) | Time:00:00.28 | Mem:21.94M, Peak:21.94M | Scene, ViewLayer | Updating Scene BVH | Building BVH
Fra:38 Mem:62.13M (Peak 62.13M) | Time:00:00.28 | Mem:23.86M, Peak:23.86M | Scene, ViewLayer | Updating Scene BVH | Building BVH 0%
Fra:38 Mem:62.13M (Peak 62.13M) | Time:00:00.29 | Mem:26.15M, Peak:28.07M | Scene, ViewLayer | Updating Scene BVH | Copying BVH to device
Fra:38 Mem:62.13M (Peak 62.13M) | Time:00:00.29 | Mem:26.15M, Peak:28.07M | Scene, ViewLayer | Updating Mesh | Computing normals
Fra:38 Mem:63.81M (Peak 63.81M) | Time:00:00.30 | Mem:26.15M, Peak:28.07M | Scene, ViewLayer | Updating Mesh | Copying Mesh to device
Fra:38 Mem:63.81M (Peak 63.81M) | Time:00:00.30 | Mem:27.84M, Peak:28.07M | Scene, ViewLayer | Updating Objects Flags
Fra:38 Mem:63.81M (Peak 63.81M) | Time:00:00.30 | Mem:27.84M, Peak:28.07M | Scene, ViewLayer | Updating Primitive Offsets
Fra:38 Mem:63.81M (Peak 63.81M) | Time:00:00.30 | Mem:27.84M, Peak:28.07M | Scene, ViewLayer | Updating Images
Fra:38 Mem:63.81M (Peak 63.81M) | Time:00:00.30 | Mem:27.84M, Peak:28.07M | Scene, ViewLayer | Updating Camera Volume
Fra:38 Mem:63.81M (Peak 63.81M) | Time:00:00.30 | Mem:27.84M, Peak:28.07M | Scene, ViewLayer | Updating Lookup Tables
Fra:38 Mem:63.81M (Peak 63.81M) | Time:00:00.30 | Mem:27.92M, Peak:28.07M | Scene, ViewLayer | Updating Lights
Fra:38 Mem:63.81M (Peak 63.81M) | Time:00:00.30 | Mem:27.92M, Peak:28.07M | Scene, ViewLayer | Updating Lights | Computing tree
Fra:38 Mem:63.81M (Peak 63.81M) | Time:00:00.30 | Mem:27.92M, Peak:28.07M | Scene, ViewLayer | Updating Integrator
Fra:38 Mem:63.81M (Peak 63.81M) | Time:00:00.30 | Mem:27.92M, Peak:28.07M | Scene, ViewLayer | Updating Film
Fra:38 Mem:63.82M (Peak 63.82M) | Time:00:00.30 | Mem:27.84M, Peak:28.07M | Scene, ViewLayer | Updating Lookup Tables
Fra:38 Mem:63.82M (Peak 63.82M) | Time:00:00.30 | Mem:27.93M, Peak:28.07M | Scene, ViewLayer | Updating Baking
Fra:38 Mem:63.82M (Peak 63.82M) | Time:00:00.30 | Mem:27.93M, Peak:28.07M | Scene, ViewLayer | Updating Device | Writing constant memory
Fra:38 Mem:63.82M (Peak 63.82M) | Time:00:00.30 | Mem:27.93M, Peak:28.07M | Scene, ViewLayer | Loading denoising kernels (may take a few minutes the first time)
Fra:38 Mem:63.82M (Peak 63.82M) | Time:00:00.30 | Mem:27.93M, Peak:28.07M | Scene, ViewLayer | Sample 0/12
Fra:38 Mem:101.57M (Peak 101.57M) | Time:00:00.72 | Remaining:00:04.64 | Mem:65.63M, Peak:65.63M | Scene, ViewLayer | Sample 1/12
Fra:38 Mem:117.44M (Peak 141.25M) | Time:00:07.97 | Mem:65.63M, Peak:65.63M | Scene, ViewLayer | Sample 12/12
Fra:38 Mem:117.44M (Peak 141.25M) | Time:00:07.97 | Mem:65.63M, Peak:65.63M | Scene, ViewLayer | Finished
Saved: 'C:\Users\turbo08\findthem\apps\mobile\assets\avatar\v13-sit-stand\front-half.png'
Time: 00:08.05 (Saving: 00:00.07)

Fra:61 Mem:35.80M (Peak 35.80M) | Time:00:00.00 | Mem:0.00M, Peak:0.00M | Scene, ViewLayer | Synchronizing object | V13_mesh_0.001
Fra:61 Mem:35.80M (Peak 35.80M) | Time:00:00.00 | Mem:0.00M, Peak:0.00M | Scene, ViewLayer | Synchronizing object | Review floor
Fra:61 Mem:36.60M (Peak 36.60M) | Time:00:00.00 | Mem:0.00M, Peak:0.00M | Scene, ViewLayer | Synchronizing object | Area
Fra:61 Mem:38.35M (Peak 38.35M) | Time:00:00.00 | Mem:0.00M, Peak:0.00M | Scene, ViewLayer | Synchronizing object | Area.001
Fra:61 Mem:44.56M (Peak 44.57M) | Time:00:00.01 | Mem:0.00M, Peak:0.00M | Scene, ViewLayer | Initializing
Fra:61 Mem:40.88M (Peak 44.57M) | Time:00:00.01 | Mem:0.00M, Peak:0.00M | Scene, ViewLayer | Updating Images | Loading Image_2
Fra:61 Mem:40.88M (Peak 44.57M) | Time:00:00.01 | Mem:0.00M, Peak:0.00M | Scene, ViewLayer | Updating Images | Loading Image_1
Fra:61 Mem:53.81M (Peak 64.91M) | Time:00:00.04 | Mem:16.00M, Peak:16.00M | Scene, ViewLayer | Waiting for render to start
Fra:61 Mem:53.81M (Peak 64.91M) | Time:00:00.04 | Mem:16.00M, Peak:16.00M | Scene, ViewLayer | Updating Scene
Fra:61 Mem:53.81M (Peak 64.91M) | Time:00:00.04 | Mem:16.00M, Peak:16.00M | Scene, ViewLayer | Updating Shaders
Fra:61 Mem:53.81M (Peak 64.91M) | Time:00:00.04 | Mem:16.00M, Peak:16.00M | Scene, ViewLayer | Loading render kernels (may take a few minutes the first time)
Fra:61 Mem:53.90M (Peak 64.91M) | Time:00:00.04 | Mem:16.00M, Peak:16.00M | Scene, ViewLayer | Updating Procedurals
Fra:61 Mem:53.90M (Peak 64.91M) | Time:00:00.04 | Mem:16.00M, Peak:16.00M | Scene, ViewLayer | Updating Background
Fra:61 Mem:53.90M (Peak 64.91M) | Time:00:00.04 | Mem:16.00M, Peak:16.00M | Scene, ViewLayer | Updating Camera
Fra:61 Mem:53.90M (Peak 64.91M) | Time:00:00.04 | Mem:16.00M, Peak:16.00M | Scene, ViewLayer | Updating Meshes Flags
Fra:61 Mem:53.90M (Peak 64.91M) | Time:00:00.04 | Mem:16.00M, Peak:16.00M | Scene, ViewLayer | Updating Objects
Fra:61 Mem:53.90M (Peak 64.91M) | Time:00:00.04 | Mem:16.00M, Peak:16.00M | Scene, ViewLayer | Updating Objects | Copying Transformations to device
Fra:61 Mem:53.90M (Peak 64.91M) | Time:00:00.04 | Mem:16.01M, Peak:16.01M | Scene, ViewLayer | Updating Particle Systems
Fra:61 Mem:53.90M (Peak 64.91M) | Time:00:00.04 | Mem:16.01M, Peak:16.01M | Scene, ViewLayer | Updating Particle Systems | Copying Particles to device
Fra:61 Mem:53.90M (Peak 64.91M) | Time:00:00.04 | Mem:16.01M, Peak:16.01M | Scene, ViewLayer | Updating Meshes
Fra:61 Mem:56.19M (Peak 64.91M) | Time:00:00.07 | Mem:16.01M, Peak:16.01M | Scene, ViewLayer | Updating Objects | Applying Static Transformations
Fra:61 Mem:56.19M (Peak 64.91M) | Time:00:00.07 | Mem:16.01M, Peak:16.01M | Scene, ViewLayer | Updating Mesh | Computing attributes
Fra:61 Mem:62.13M (Peak 64.91M) | Time:00:00.07 | Mem:16.01M, Peak:16.01M | Scene, ViewLayer | Updating Mesh | Copying Attributes to device
Fra:61 Mem:62.13M (Peak 64.91M) | Time:00:00.07 | Mem:21.94M, Peak:21.94M | Scene, ViewLayer | Updating Scene BVH | Building
Fra:61 Mem:62.13M (Peak 64.91M) | Time:00:00.07 | Mem:21.94M, Peak:21.94M | Scene, ViewLayer | Updating Scene BVH | Building BVH
Fra:61 Mem:62.13M (Peak 64.91M) | Time:00:00.07 | Mem:23.86M, Peak:23.86M | Scene, ViewLayer | Updating Scene BVH | Building BVH 0%
Fra:61 Mem:62.13M (Peak 64.91M) | Time:00:00.08 | Mem:26.15M, Peak:28.07M | Scene, ViewLayer | Updating Scene BVH | Copying BVH to device
Fra:61 Mem:62.13M (Peak 64.91M) | Time:00:00.08 | Mem:26.15M, Peak:28.07M | Scene, ViewLayer | Updating Mesh | Computing normals
Fra:61 Mem:63.81M (Peak 64.91M) | Time:00:00.08 | Mem:26.15M, Peak:28.07M | Scene, ViewLayer | Updating Mesh | Copying Mesh to device
Fra:61 Mem:63.81M (Peak 64.91M) | Time:00:00.08 | Mem:27.84M, Peak:28.07M | Scene, ViewLayer | Updating Objects Flags
Fra:61 Mem:63.81M (Peak 64.91M) | Time:00:00.08 | Mem:27.84M, Peak:28.07M | Scene, ViewLayer | Updating Primitive Offsets
Fra:61 Mem:63.81M (Peak 64.91M) | Time:00:00.08 | Mem:27.84M, Peak:28.07M | Scene, ViewLayer | Updating Images
Fra:61 Mem:63.81M (Peak 64.91M) | Time:00:00.08 | Mem:27.84M, Peak:28.07M | Scene, ViewLayer | Updating Camera Volume
Fra:61 Mem:63.81M (Peak 64.91M) | Time:00:00.08 | Mem:27.84M, Peak:28.07M | Scene, ViewLayer | Updating Lookup Tables
Fra:61 Mem:63.81M (Peak 64.91M) | Time:00:00.08 | Mem:27.92M, Peak:28.07M | Scene, ViewLayer | Updating Lights
Fra:61 Mem:63.81M (Peak 64.91M) | Time:00:00.08 | Mem:27.92M, Peak:28.07M | Scene, ViewLayer | Updating Lights | Computing tree
Fra:61 Mem:63.81M (Peak 64.91M) | Time:00:00.08 | Mem:27.92M, Peak:28.07M | Scene, ViewLayer | Updating Integrator
Fra:61 Mem:63.81M (Peak 64.91M) | Time:00:00.08 | Mem:27.92M, Peak:28.07M | Scene, ViewLayer | Updating Film
Fra:61 Mem:63.82M (Peak 64.91M) | Time:00:00.08 | Mem:27.84M, Peak:28.07M | Scene, ViewLayer | Updating Lookup Tables
Fra:61 Mem:63.82M (Peak 64.91M) | Time:00:00.08 | Mem:27.93M, Peak:28.07M | Scene, ViewLayer | Updating Baking
Fra:61 Mem:63.82M (Peak 64.91M) | Time:00:00.08 | Mem:27.93M, Peak:28.07M | Scene, ViewLayer | Updating Device | Writing constant memory
Fra:61 Mem:63.82M (Peak 64.91M) | Time:00:00.08 | Mem:27.93M, Peak:28.07M | Scene, ViewLayer | Loading denoising kernels (may take a few minutes the first time)
Fra:61 Mem:63.82M (Peak 64.91M) | Time:00:00.08 | Mem:27.93M, Peak:28.07M | Scene, ViewLayer | Sample 0/12
Fra:61 Mem:101.57M (Peak 101.57M) | Time:00:00.31 | Remaining:00:02.56 | Mem:65.63M, Peak:65.63M | Scene, ViewLayer | Sample 1/12
Fra:61 Mem:117.44M (Peak 141.25M) | Time:00:08.61 | Mem:65.63M, Peak:65.63M | Scene, ViewLayer | Sample 12/12
Fra:61 Mem:117.44M (Peak 141.25M) | Time:00:08.61 | Mem:65.63M, Peak:65.63M | Scene, ViewLayer | Finished
Saved: 'C:\Users\turbo08\findthem\apps\mobile\assets\avatar\v13-sit-stand\front-stand.png'
Time: 00:08.69 (Saving: 00:00.07)

Fra:1 Mem:35.80M (Peak 35.80M) | Time:00:00.00 | Mem:0.00M, Peak:0.00M | Scene, ViewLayer | Synchronizing object | V13_mesh_0.001
Fra:1 Mem:35.80M (Peak 35.80M) | Time:00:00.00 | Mem:0.00M, Peak:0.00M | Scene, ViewLayer | Synchronizing object | Area
Fra:1 Mem:44.56M (Peak 44.85M) | Time:00:00.02 | Mem:0.00M, Peak:0.00M | Scene, ViewLayer | Initializing
Fra:1 Mem:40.88M (Peak 44.85M) | Time:00:00.02 | Mem:0.00M, Peak:0.00M | Scene, ViewLayer | Updating Images | Loading Image_2
Fra:1 Mem:44.88M (Peak 44.88M) | Time:00:00.02 | Mem:0.00M, Peak:0.00M | Scene, ViewLayer | Updating Images | Loading Image_0.001
Fra:1 Mem:44.88M (Peak 44.88M) | Time:00:00.02 | Mem:0.00M, Peak:0.00M | Scene, ViewLayer | Updating Images | Loading Image_2.001
Fra:1 Mem:44.88M (Peak 44.88M) | Time:00:00.02 | Mem:0.00M, Peak:0.00M | Scene, ViewLayer | Updating Images | Loading Image_1
Fra:1 Mem:53.81M (Peak 64.91M) | Time:00:00.05 | Mem:16.00M, Peak:16.00M | Scene, ViewLayer | Waiting for render to start
Fra:1 Mem:53.81M (Peak 64.91M) | Time:00:00.05 | Mem:16.00M, Peak:16.00M | Scene, ViewLayer | Updating Scene
Fra:1 Mem:53.81M (Peak 64.91M) | Time:00:00.05 | Mem:16.00M, Peak:16.00M | Scene, ViewLayer | Updating Shaders
Fra:1 Mem:53.81M (Peak 64.91M) | Time:00:00.05 | Mem:16.00M, Peak:16.00M | Scene, ViewLayer | Loading render kernels (may take a few minutes the first time)
Fra:1 Mem:53.90M (Peak 64.91M) | Time:00:00.05 | Mem:16.00M, Peak:16.00M | Scene, ViewLayer | Updating Procedurals
Fra:1 Mem:53.90M (Peak 64.91M) | Time:00:00.05 | Mem:16.00M, Peak:16.00M | Scene, ViewLayer | Updating Background
Fra:1 Mem:53.90M (Peak 64.91M) | Time:00:00.05 | Mem:16.00M, Peak:16.00M | Scene, ViewLayer | Updating Camera
Fra:1 Mem:53.90M (Peak 64.91M) | Time:00:00.05 | Mem:16.00M, Peak:16.00M | Scene, ViewLayer | Updating Meshes Flags
Fra:1 Mem:53.90M (Peak 64.91M) | Time:00:00.05 | Mem:16.00M, Peak:16.00M | Scene, ViewLayer | Updating Objects
Fra:1 Mem:53.90M (Peak 64.91M) | Time:00:00.05 | Mem:16.00M, Peak:16.00M | Scene, ViewLayer | Updating Objects | Copying Transformations to device
Fra:1 Mem:53.90M (Peak 64.91M) | Time:00:00.05 | Mem:16.01M, Peak:16.01M | Scene, ViewLayer | Updating Particle Systems
Fra:1 Mem:53.90M (Peak 64.91M) | Time:00:00.05 | Mem:16.01M, Peak:16.01M | Scene, ViewLayer | Updating Particle Systems | Copying Particles to device
Fra:1 Mem:53.90M (Peak 64.91M) | Time:00:00.05 | Mem:16.01M, Peak:16.01M | Scene, ViewLayer | Updating Meshes
Fra:1 Mem:56.19M (Peak 64.91M) | Time:00:00.08 | Mem:16.01M, Peak:16.01M | Scene, ViewLayer | Updating Objects | Applying Static Transformations
Fra:1 Mem:56.19M (Peak 64.91M) | Time:00:00.08 | Mem:16.01M, Peak:16.01M | Scene, ViewLayer | Updating Mesh | Computing attributes
Fra:1 Mem:62.13M (Peak 64.91M) | Time:00:00.08 | Mem:16.01M, Peak:16.01M | Scene, ViewLayer | Updating Mesh | Copying Attributes to device
Fra:1 Mem:62.13M (Peak 64.91M) | Time:00:00.08 | Mem:21.94M, Peak:21.94M | Scene, ViewLayer | Updating Scene BVH | Building
Fra:1 Mem:62.13M (Peak 64.91M) | Time:00:00.08 | Mem:21.94M, Peak:21.94M | Scene, ViewLayer | Updating Scene BVH | Building BVH
Fra:1 Mem:62.13M (Peak 64.91M) | Time:00:00.08 | Mem:23.86M, Peak:23.86M | Scene, ViewLayer | Updating Scene BVH | Building BVH 0%
Fra:1 Mem:62.13M (Peak 64.91M) | Time:00:00.09 | Mem:26.15M, Peak:28.07M | Scene, ViewLayer | Updating Scene BVH | Copying BVH to device
Fra:1 Mem:62.13M (Peak 64.91M) | Time:00:00.09 | Mem:26.15M, Peak:28.07M | Scene, ViewLayer | Updating Mesh | Computing normals
Fra:1 Mem:63.81M (Peak 64.91M) | Time:00:00.09 | Mem:26.15M, Peak:28.07M | Scene, ViewLayer | Updating Mesh | Copying Mesh to device
Fra:1 Mem:63.81M (Peak 64.91M) | Time:00:00.09 | Mem:27.84M, Peak:28.07M | Scene, ViewLayer | Updating Objects Flags
Fra:1 Mem:63.81M (Peak 64.91M) | Time:00:00.09 | Mem:27.84M, Peak:28.07M | Scene, ViewLayer | Updating Primitive Offsets
Fra:1 Mem:63.81M (Peak 64.91M) | Time:00:00.09 | Mem:27.84M, Peak:28.07M | Scene, ViewLayer | Updating Images
Fra:1 Mem:63.81M (Peak 64.91M) | Time:00:00.09 | Mem:27.84M, Peak:28.07M | Scene, ViewLayer | Updating Camera Volume
Fra:1 Mem:63.81M (Peak 64.91M) | Time:00:00.09 | Mem:27.84M, Peak:28.07M | Scene, ViewLayer | Updating Lookup Tables
Fra:1 Mem:63.81M (Peak 64.91M) | Time:00:00.09 | Mem:27.92M, Peak:28.07M | Scene, ViewLayer | Updating Lights
Fra:1 Mem:63.81M (Peak 64.91M) | Time:00:00.09 | Mem:27.92M, Peak:28.07M | Scene, ViewLayer | Updating Lights | Computing tree
Fra:1 Mem:63.81M (Peak 64.91M) | Time:00:00.09 | Mem:27.92M, Peak:28.07M | Scene, ViewLayer | Updating Integrator
Fra:1 Mem:63.81M (Peak 64.91M) | Time:00:00.09 | Mem:27.92M, Peak:28.07M | Scene, ViewLayer | Updating Film
Fra:1 Mem:63.82M (Peak 64.91M) | Time:00:00.09 | Mem:27.84M, Peak:28.07M | Scene, ViewLayer | Updating Lookup Tables
Fra:1 Mem:63.82M (Peak 64.91M) | Time:00:00.09 | Mem:27.93M, Peak:28.07M | Scene, ViewLayer | Updating Baking
Fra:1 Mem:63.82M (Peak 64.91M) | Time:00:00.09 | Mem:27.93M, Peak:28.07M | Scene, ViewLayer | Updating Device | Writing constant memory
Fra:1 Mem:63.82M (Peak 64.91M) | Time:00:00.09 | Mem:27.93M, Peak:28.07M | Scene, ViewLayer | Loading denoising kernels (may take a few minutes the first time)
Fra:1 Mem:63.82M (Peak 64.91M) | Time:00:00.09 | Mem:27.93M, Peak:28.07M | Scene, ViewLayer | Sample 0/12
Fra:1 Mem:101.57M (Peak 101.57M) | Time:00:00.35 | Remaining:00:02.91 | Mem:65.63M, Peak:65.63M | Scene, ViewLayer | Sample 1/12
Fra:1 Mem:117.44M (Peak 141.25M) | Time:00:07.82 | Mem:65.63M, Peak:65.63M | Scene, ViewLayer | Sample 12/12
Fra:1 Mem:117.44M (Peak 141.25M) | Time:00:07.82 | Mem:65.63M, Peak:65.63M | Scene, ViewLayer | Finished
Saved: 'C:\Users\turbo08\findthem\apps\mobile\assets\avatar\v13-sit-stand\back-sit.png'
Time: 00:07.89 (Saving: 00:00.07)

Fra:38 Mem:35.80M (Peak 35.80M) | Time:00:00.00 | Mem:0.00M, Peak:0.00M | Scene, ViewLayer | Synchronizing object | V13_mesh_0.001
Fra:38 Mem:35.80M (Peak 35.80M) | Time:00:00.00 | Mem:0.00M, Peak:0.00M | Scene, ViewLayer | Synchronizing object | V13_mesh_0
Fra:38 Mem:35.81M (Peak 35.81M) | Time:00:00.00 | Mem:0.00M, Peak:0.00M | Scene, ViewLayer | Synchronizing object | Area.001
Fra:38 Mem:35.87M (Peak 35.87M) | Time:00:00.00 | Mem:0.00M, Peak:0.00M | Scene, ViewLayer | Synchronizing object | Area
Fra:38 Mem:36.11M (Peak 36.11M) | Time:00:00.00 | Mem:0.00M, Peak:0.00M | Scene, ViewLayer | Synchronizing object | Review floor
Fra:38 Mem:36.51M (Peak 36.51M) | Time:00:00.00 | Mem:0.00M, Peak:0.00M | Scene, ViewLayer | Synchronizing object | V13_Object_32
Fra:38 Mem:44.57M (Peak 44.57M) | Time:00:00.01 | Mem:0.00M, Peak:0.00M | Scene, ViewLayer | Initializing
Fra:38 Mem:40.88M (Peak 44.57M) | Time:00:00.01 | Mem:0.00M, Peak:0.00M | Scene, ViewLayer | Updating Images | Loading Image_2
Fra:38 Mem:40.88M (Peak 44.57M) | Time:00:00.01 | Mem:0.00M, Peak:0.00M | Scene, ViewLayer | Updating Images | Loading Image_1.001
Fra:38 Mem:44.88M (Peak 44.88M) | Time:00:00.01 | Mem:0.00M, Peak:0.00M | Scene, ViewLayer | Updating Images | Loading Image_2.001
Fra:38 Mem:52.90M (Peak 52.90M) | Time:00:00.01 | Mem:0.00M, Peak:0.00M | Scene, ViewLayer | Updating Images | Loading Image_0
Fra:38 Mem:52.90M (Peak 52.90M) | Time:00:00.01 | Mem:0.00M, Peak:0.00M | Scene, ViewLayer | Updating Images | Loading Image_1
Fra:38 Mem:53.81M (Peak 60.91M) | Time:00:00.04 | Mem:16.00M, Peak:16.00M | Scene, ViewLayer | Waiting for render to start
Fra:38 Mem:53.81M (Peak 60.91M) | Time:00:00.04 | Mem:16.00M, Peak:16.00M | Scene, ViewLayer | Updating Scene
Fra:38 Mem:53.81M (Peak 60.91M) | Time:00:00.04 | Mem:16.00M, Peak:16.00M | Scene, ViewLayer | Updating Shaders
Fra:38 Mem:53.81M (Peak 60.91M) | Time:00:00.04 | Mem:16.00M, Peak:16.00M | Scene, ViewLayer | Loading render kernels (may take a few minutes the first time)
Fra:38 Mem:53.90M (Peak 60.91M) | Time:00:00.04 | Mem:16.00M, Peak:16.00M | Scene, ViewLayer | Updating Procedurals
Fra:38 Mem:53.90M (Peak 60.91M) | Time:00:00.04 | Mem:16.00M, Peak:16.00M | Scene, ViewLayer | Updating Background
Fra:38 Mem:53.90M (Peak 60.91M) | Time:00:00.04 | Mem:16.00M, Peak:16.00M | Scene, ViewLayer | Updating Camera
Fra:38 Mem:53.90M (Peak 60.91M) | Time:00:00.04 | Mem:16.00M, Peak:16.00M | Scene, ViewLayer | Updating Meshes Flags
Fra:38 Mem:53.90M (Peak 60.91M) | Time:00:00.04 | Mem:16.00M, Peak:16.00M | Scene, ViewLayer | Updating Objects
Fra:38 Mem:53.90M (Peak 60.91M) | Time:00:00.04 | Mem:16.00M, Peak:16.00M | Scene, ViewLayer | Updating Objects | Copying Transformations to device
Fra:38 Mem:53.90M (Peak 60.91M) | Time:00:00.04 | Mem:16.01M, Peak:16.01M | Scene, ViewLayer | Updating Particle Systems
Fra:38 Mem:53.90M (Peak 60.91M) | Time:00:00.04 | Mem:16.01M, Peak:16.01M | Scene, ViewLayer | Updating Particle Systems | Copying Particles to device
Fra:38 Mem:53.90M (Peak 60.91M) | Time:00:00.04 | Mem:16.01M, Peak:16.01M | Scene, ViewLayer | Updating Meshes
Fra:38 Mem:56.19M (Peak 60.91M) | Time:00:00.08 | Mem:16.01M, Peak:16.01M | Scene, ViewLayer | Updating Objects | Applying Static Transformations
Fra:38 Mem:56.19M (Peak 60.91M) | Time:00:00.08 | Mem:16.01M, Peak:16.01M | Scene, ViewLayer | Updating Mesh | Computing attributes
Fra:38 Mem:62.13M (Peak 62.13M) | Time:00:00.08 | Mem:16.01M, Peak:16.01M | Scene, ViewLayer | Updating Mesh | Copying Attributes to device
Fra:38 Mem:62.13M (Peak 62.13M) | Time:00:00.08 | Mem:21.94M, Peak:21.94M | Scene, ViewLayer | Updating Scene BVH | Building
Fra:38 Mem:62.13M (Peak 62.13M) | Time:00:00.08 | Mem:21.94M, Peak:21.94M | Scene, ViewLayer | Updating Scene BVH | Building BVH
Fra:38 Mem:62.13M (Peak 62.13M) | Time:00:00.08 | Mem:23.86M, Peak:23.86M | Scene, ViewLayer | Updating Scene BVH | Building BVH 0%
Fra:38 Mem:62.13M (Peak 62.13M) | Time:00:00.08 | Mem:26.15M, Peak:28.07M | Scene, ViewLayer | Updating Scene BVH | Copying BVH to device
Fra:38 Mem:62.13M (Peak 62.13M) | Time:00:00.08 | Mem:26.15M, Peak:28.07M | Scene, ViewLayer | Updating Mesh | Computing normals
Fra:38 Mem:63.81M (Peak 63.81M) | Time:00:00.08 | Mem:26.15M, Peak:28.07M | Scene, ViewLayer | Updating Mesh | Copying Mesh to device
Fra:38 Mem:63.81M (Peak 63.81M) | Time:00:00.08 | Mem:27.84M, Peak:28.07M | Scene, ViewLayer | Updating Objects Flags
Fra:38 Mem:63.81M (Peak 63.81M) | Time:00:00.08 | Mem:27.84M, Peak:28.07M | Scene, ViewLayer | Updating Primitive Offsets
Fra:38 Mem:63.81M (Peak 63.81M) | Time:00:00.08 | Mem:27.84M, Peak:28.07M | Scene, ViewLayer | Updating Images
Fra:38 Mem:63.81M (Peak 63.81M) | Time:00:00.08 | Mem:27.84M, Peak:28.07M | Scene, ViewLayer | Updating Camera Volume
Fra:38 Mem:63.81M (Peak 63.81M) | Time:00:00.08 | Mem:27.84M, Peak:28.07M | Scene, ViewLayer | Updating Lookup Tables
Fra:38 Mem:63.81M (Peak 63.81M) | Time:00:00.08 | Mem:27.92M, Peak:28.07M | Scene, ViewLayer | Updating Lights
Fra:38 Mem:63.81M (Peak 63.81M) | Time:00:00.08 | Mem:27.92M, Peak:28.07M | Scene, ViewLayer | Updating Lights | Computing tree
Fra:38 Mem:63.81M (Peak 63.81M) | Time:00:00.08 | Mem:27.92M, Peak:28.07M | Scene, ViewLayer | Updating Integrator
Fra:38 Mem:63.81M (Peak 63.81M) | Time:00:00.08 | Mem:27.92M, Peak:28.07M | Scene, ViewLayer | Updating Film
Fra:38 Mem:63.82M (Peak 63.82M) | Time:00:00.08 | Mem:27.84M, Peak:28.07M | Scene, ViewLayer | Updating Lookup Tables
Fra:38 Mem:63.82M (Peak 63.82M) | Time:00:00.08 | Mem:27.93M, Peak:28.07M | Scene, ViewLayer | Updating Baking
Fra:38 Mem:63.82M (Peak 63.82M) | Time:00:00.08 | Mem:27.93M, Peak:28.07M | Scene, ViewLayer | Updating Device | Writing constant memory
Fra:38 Mem:63.82M (Peak 63.82M) | Time:00:00.08 | Mem:27.93M, Peak:28.07M | Scene, ViewLayer | Loading denoising kernels (may take a few minutes the first time)
Fra:38 Mem:63.82M (Peak 63.82M) | Time:00:00.08 | Mem:27.93M, Peak:28.07M | Scene, ViewLayer | Sample 0/12
Fra:38 Mem:101.57M (Peak 101.57M) | Time:00:00.31 | Remaining:00:02.45 | Mem:65.63M, Peak:65.63M | Scene, ViewLayer | Sample 1/12
Fra:38 Mem:117.44M (Peak 141.25M) | Time:00:07.99 | Mem:65.63M, Peak:65.63M | Scene, ViewLayer | Sample 12/12
Fra:38 Mem:117.44M (Peak 141.25M) | Time:00:07.99 | Mem:65.63M, Peak:65.63M | Scene, ViewLayer | Finished
Saved: 'C:\Users\turbo08\findthem\apps\mobile\assets\avatar\v13-sit-stand\back-half.png'
Time: 00:08.06 (Saving: 00:00.06)

Fra:61 Mem:35.80M (Peak 35.80M) | Time:00:00.00 | Mem:0.00M, Peak:0.00M | Scene, ViewLayer | Synchronizing object | V13_mesh_0.001
Fra:61 Mem:35.80M (Peak 35.80M) | Time:00:00.00 | Mem:0.00M, Peak:0.00M | Scene, ViewLayer | Synchronizing object | V13_mesh_0
Fra:61 Mem:35.84M (Peak 35.84M) | Time:00:00.00 | Mem:0.00M, Peak:0.00M | Scene, ViewLayer | Synchronizing object | V13_Object_32
Fra:61 Mem:38.37M (Peak 38.37M) | Time:00:00.00 | Mem:0.00M, Peak:0.00M | Scene, ViewLayer | Synchronizing object | Review floor
Fra:61 Mem:38.37M (Peak 38.37M) | Time:00:00.00 | Mem:0.00M, Peak:0.00M | Scene, ViewLayer | Synchronizing object | Area
Fra:61 Mem:44.57M (Peak 44.57M) | Time:00:00.01 | Mem:0.00M, Peak:0.00M | Scene, ViewLayer | Initializing
Fra:61 Mem:40.88M (Peak 44.57M) | Time:00:00.01 | Mem:0.00M, Peak:0.00M | Scene, ViewLayer | Updating Images | Loading Image_2
Fra:61 Mem:40.88M (Peak 44.57M) | Time:00:00.01 | Mem:0.00M, Peak:0.00M | Scene, ViewLayer | Updating Images | Loading Image_2.001
Fra:61 Mem:40.88M (Peak 44.57M) | Time:00:00.01 | Mem:0.00M, Peak:0.00M | Scene, ViewLayer | Updating Images | Loading Image_1
Fra:61 Mem:53.81M (Peak 64.91M) | Time:00:00.04 | Mem:16.00M, Peak:16.00M | Scene, ViewLayer | Waiting for render to start
Fra:61 Mem:53.81M (Peak 64.91M) | Time:00:00.04 | Mem:16.00M, Peak:16.00M | Scene, ViewLayer | Updating Scene
Fra:61 Mem:53.81M (Peak 64.91M) | Time:00:00.04 | Mem:16.00M, Peak:16.00M | Scene, ViewLayer | Updating Shaders
Fra:61 Mem:53.81M (Peak 64.91M) | Time:00:00.04 | Mem:16.00M, Peak:16.00M | Scene, ViewLayer | Loading render kernels (may take a few minutes the first time)
Fra:61 Mem:53.90M (Peak 64.91M) | Time:00:00.04 | Mem:16.00M, Peak:16.00M | Scene, ViewLayer | Updating Procedurals
Fra:61 Mem:53.90M (Peak 64.91M) | Time:00:00.04 | Mem:16.00M, Peak:16.00M | Scene, ViewLayer | Updating Background
Fra:61 Mem:53.90M (Peak 64.91M) | Time:00:00.04 | Mem:16.00M, Peak:16.00M | Scene, ViewLayer | Updating Camera
Fra:61 Mem:53.90M (Peak 64.91M) | Time:00:00.04 | Mem:16.00M, Peak:16.00M | Scene, ViewLayer | Updating Meshes Flags
Fra:61 Mem:53.90M (Peak 64.91M) | Time:00:00.04 | Mem:16.00M, Peak:16.00M | Scene, ViewLayer | Updating Objects
Fra:61 Mem:53.90M (Peak 64.91M) | Time:00:00.04 | Mem:16.00M, Peak:16.00M | Scene, ViewLayer | Updating Objects | Copying Transformations to device
Fra:61 Mem:53.90M (Peak 64.91M) | Time:00:00.04 | Mem:16.01M, Peak:16.01M | Scene, ViewLayer | Updating Particle Systems
Fra:61 Mem:53.90M (Peak 64.91M) | Time:00:00.04 | Mem:16.01M, Peak:16.01M | Scene, ViewLayer | Updating Particle Systems | Copying Particles to device
Fra:61 Mem:53.90M (Peak 64.91M) | Time:00:00.04 | Mem:16.01M, Peak:16.01M | Scene, ViewLayer | Updating Meshes
Fra:61 Mem:56.19M (Peak 64.91M) | Time:00:00.07 | Mem:16.01M, Peak:16.01M | Scene, ViewLayer | Updating Objects | Applying Static Transformations
Fra:61 Mem:56.19M (Peak 64.91M) | Time:00:00.07 | Mem:16.01M, Peak:16.01M | Scene, ViewLayer | Updating Mesh | Computing attributes
Fra:61 Mem:62.13M (Peak 64.91M) | Time:00:00.07 | Mem:16.01M, Peak:16.01M | Scene, ViewLayer | Updating Mesh | Copying Attributes to device
Fra:61 Mem:62.13M (Peak 64.91M) | Time:00:00.07 | Mem:21.94M, Peak:21.94M | Scene, ViewLayer | Updating Scene BVH | Building
Fra:61 Mem:62.13M (Peak 64.91M) | Time:00:00.07 | Mem:21.94M, Peak:21.94M | Scene, ViewLayer | Updating Scene BVH | Building BVH
Fra:61 Mem:62.13M (Peak 64.91M) | Time:00:00.07 | Mem:23.86M, Peak:23.86M | Scene, ViewLayer | Updating Scene BVH | Building BVH 0%
Fra:61 Mem:62.13M (Peak 64.91M) | Time:00:00.08 | Mem:26.15M, Peak:28.07M | Scene, ViewLayer | Updating Scene BVH | Copying BVH to device
Fra:61 Mem:62.13M (Peak 64.91M) | Time:00:00.08 | Mem:26.15M, Peak:28.07M | Scene, ViewLayer | Updating Mesh | Computing normals
Fra:61 Mem:63.81M (Peak 64.91M) | Time:00:00.08 | Mem:26.15M, Peak:28.07M | Scene, ViewLayer | Updating Mesh | Copying Mesh to device
Fra:61 Mem:63.81M (Peak 64.91M) | Time:00:00.08 | Mem:27.84M, Peak:28.07M | Scene, ViewLayer | Updating Objects Flags
Fra:61 Mem:63.81M (Peak 64.91M) | Time:00:00.08 | Mem:27.84M, Peak:28.07M | Scene, ViewLayer | Updating Primitive Offsets
Fra:61 Mem:63.81M (Peak 64.91M) | Time:00:00.08 | Mem:27.84M, Peak:28.07M | Scene, ViewLayer | Updating Images
Fra:61 Mem:63.81M (Peak 64.91M) | Time:00:00.08 | Mem:27.84M, Peak:28.07M | Scene, ViewLayer | Updating Camera Volume
Fra:61 Mem:63.81M (Peak 64.91M) | Time:00:00.08 | Mem:27.84M, Peak:28.07M | Scene, ViewLayer | Updating Lookup Tables
Fra:61 Mem:63.81M (Peak 64.91M) | Time:00:00.08 | Mem:27.92M, Peak:28.07M | Scene, ViewLayer | Updating Lights
Fra:61 Mem:63.81M (Peak 64.91M) | Time:00:00.08 | Mem:27.92M, Peak:28.07M | Scene, ViewLayer | Updating Lights | Computing tree
Fra:61 Mem:63.81M (Peak 64.91M) | Time:00:00.08 | Mem:27.92M, Peak:28.07M | Scene, ViewLayer | Updating Integrator
Fra:61 Mem:63.81M (Peak 64.91M) | Time:00:00.08 | Mem:27.92M, Peak:28.07M | Scene, ViewLayer | Updating Film
Fra:61 Mem:63.82M (Peak 64.91M) | Time:00:00.08 | Mem:27.84M, Peak:28.07M | Scene, ViewLayer | Updating Lookup Tables
Fra:61 Mem:63.82M (Peak 64.91M) | Time:00:00.08 | Mem:27.93M, Peak:28.07M | Scene, ViewLayer | Updating Baking
Fra:61 Mem:63.82M (Peak 64.91M) | Time:00:00.08 | Mem:27.93M, Peak:28.07M | Scene, ViewLayer | Updating Device | Writing constant memory
Fra:61 Mem:63.82M (Peak 64.91M) | Time:00:00.08 | Mem:27.93M, Peak:28.07M | Scene, ViewLayer | Loading denoising kernels (may take a few minutes the first time)
Fra:61 Mem:63.82M (Peak 64.91M) | Time:00:00.08 | Mem:27.93M, Peak:28.07M | Scene, ViewLayer | Sample 0/12
Fra:61 Mem:101.57M (Peak 101.57M) | Time:00:00.29 | Remaining:00:02.33 | Mem:65.63M, Peak:65.63M | Scene, ViewLayer | Sample 1/12
Fra:61 Mem:117.44M (Peak 141.25M) | Time:00:07.24 | Mem:65.63M, Peak:65.63M | Scene, ViewLayer | Sample 12/12
Fra:61 Mem:117.44M (Peak 141.25M) | Time:00:07.24 | Mem:65.63M, Peak:65.63M | Scene, ViewLayer | Finished
Saved: 'C:\Users\turbo08\findthem\apps\mobile\assets\avatar\v13-sit-stand\back-stand.png'
Time: 00:07.31 (Saving: 00:00.06)

BlenderMCP: cannot start server in background mode (blender -b) - commands would never execute
BlenderMCP: run Blender with a GUI, or use a virtual display: xvfb-run -a blender
BlenderMCP addon registered
Info: Saved as "v13-sit-stand-study.blend"
BlenderMCP server stopped
BlenderMCP addon unregistered

Blender quit
