BlenderMCP: cannot start server in background mode (blender -b) - commands would never execute
BlenderMCP: run Blender with a GUI, or use a virtual display: xvfb-run -a blender
BlenderMCP addon registered
INFO Draco mesh compression is available, use library at C:\Program Files\Blender Foundation\Blender 4.5\4.5\scripts\addons_core\io_scene_gltf2\extern_draco.dll
21:59:15 | INFO: Starting glTF 2.0 export
21:59:15 | WARNING: Armature must be the parent of skinned meshArmature is selected by its name, but may be false in case of instances
21:59:15 | WARNING: Armature must be the parent of skinned meshArmature is selected by its name, but may be false in case of instances
21:59:15 | WARNING: Armature must be the parent of skinned meshArmature is selected by its name, but may be false in case of instances
21:59:15 | INFO: Extracting primitive: Mesh.002
21:59:16 | WARNING: More than one shader node tex image used for a texture. The resulting glTF sampler will behave like the first shader node tex image.
21:59:16 | WARNING: The active Vertex Color will not be exported, as it is not used in the node tree of the material
21:59:16 | INFO: Primitives created: 1
21:59:16 | INFO: Extracting primitive: Mesh.003
21:59:16 | WARNING: The active Vertex Color will not be exported, as it is not used in the node tree of the material
21:59:16 | INFO: Primitives created: 2
21:59:16 | INFO: Extracting primitive: Object_2.001
21:59:17 | WARNING: More than one shader node tex image used for a texture. The resulting glTF sampler will behave like the first shader node tex image.
21:59:17 | INFO: Primitives created: 1
21:59:18 | INFO: Finished glTF 2.0 export in 3.770216703414917 s

BlenderMCP server stopped
BlenderMCP addon unregistered
Blender 4.5.10 LTS (hash 6dc0b208d1b5 built 2026-05-19 01:33:42)
Read blend: "C:\Users\turbo08\findthem\apps\mobile\assets\avatar\v13-sit-stand\v13-sit-stand-study.blend"

Blender quit
