Blender 4.5.10 LTS (hash 6dc0b208d1b5 built 2026-05-19 01:33:42)
Read blend: "C:\Users\turbo08\findthem\apps\mobile\assets\avatar\realistic\rework\bicolor-a-v13.blend"
Fra:1 Mem:32.08M (Peak 32.08M) | Time:00:00.00 | Mem:0.00M, Peak:0.00M | Scene, ViewLayer | Synchronizing object | V13_mesh_0.001
Fra:1 Mem:32.09M (Peak 32.09M) | Time:00:00.00 | Mem:0.00M, Peak:0.00M | Scene, ViewLayer | Synchronizing object | Review floor
Fra:1 Mem:32.10M (Peak 32.10M) | Time:00:00.00 | Mem:0.00M, Peak:0.00M | Scene, ViewLayer | Synchronizing object | Area
Fra:1 Mem:43.70M (Peak 43.99M) | Time:00:00.02 | Mem:0.00M, Peak:0.00M | Scene, ViewLayer | Initializing
Fra:1 Mem:40.00M (Peak 43.99M) | Time:00:00.02 | Mem:0.00M, Peak:0.00M | Scene, ViewLayer | Updating Images | Loading Image_2
Fra:1 Mem:44.01M (Peak 44.01M) | Time:00:00.02 | Mem:0.00M, Peak:0.00M | Scene, ViewLayer | Updating Images | Loading Image_1
Fra:1 Mem:53.38M (Peak 60.03M) | Time:00:00.08 | Mem:16.00M, Peak:16.00M | Scene, ViewLayer | Waiting for render to start
Fra:1 Mem:53.38M (Peak 60.03M) | Time:00:00.08 | Mem:16.00M, Peak:16.00M | Scene, ViewLayer | Updating Scene
Fra:1 Mem:53.38M (Peak 60.03M) | Time:00:00.08 | Mem:16.00M, Peak:16.00M | Scene, ViewLayer | Updating Shaders
Fra:1 Mem:53.38M (Peak 60.03M) | Time:00:00.08 | Mem:16.00M, Peak:16.00M | Scene, ViewLayer | Loading render kernels (may take a few minutes the first time)
Fra:1 Mem:53.47M (Peak 60.03M) | Time:00:00.08 | Mem:16.00M, Peak:16.00M | Scene, ViewLayer | Updating Procedurals
Fra:1 Mem:53.47M (Peak 60.03M) | Time:00:00.08 | Mem:16.00M, Peak:16.00M | Scene, ViewLayer | Updating Background
Fra:1 Mem:53.47M (Peak 60.03M) | Time:00:00.08 | Mem:16.00M, Peak:16.00M | Scene, ViewLayer | Updating Camera
Fra:1 Mem:53.47M (Peak 60.03M) | Time:00:00.08 | Mem:16.00M, Peak:16.00M | Scene, ViewLayer | Updating Meshes Flags
Fra:1 Mem:53.47M (Peak 60.03M) | Time:00:00.08 | Mem:16.00M, Peak:16.00M | Scene, ViewLayer | Updating Objects
Fra:1 Mem:53.47M (Peak 60.03M) | Time:00:00.08 | Mem:16.00M, Peak:16.00M | Scene, ViewLayer | Updating Objects | Copying Transformations to device
Fra:1 Mem:53.47M (Peak 60.03M) | Time:00:00.08 | Mem:16.01M, Peak:16.01M | Scene, ViewLayer | Updating Particle Systems
Fra:1 Mem:53.47M (Peak 60.03M) | Time:00:00.08 | Mem:16.01M, Peak:16.01M | Scene, ViewLayer | Updating Particle Systems | Copying Particles to device
Fra:1 Mem:53.47M (Peak 60.03M) | Time:00:00.08 | Mem:16.01M, Peak:16.01M | Scene, ViewLayer | Updating Meshes
Fra:1 Mem:55.76M (Peak 60.03M) | Time:00:00.11 | Mem:16.01M, Peak:16.01M | Scene, ViewLayer | Updating Objects | Applying Static Transformations
Fra:1 Mem:55.76M (Peak 60.03M) | Time:00:00.11 | Mem:16.01M, Peak:16.01M | Scene, ViewLayer | Updating Mesh | Computing attributes
Fra:1 Mem:61.70M (Peak 61.70M) | Time:00:00.11 | Mem:16.01M, Peak:16.01M | Scene, ViewLayer | Updating Mesh | Copying Attributes to device
Fra:1 Mem:61.70M (Peak 61.70M) | Time:00:00.11 | Mem:21.94M, Peak:21.94M | Scene, ViewLayer | Updating Scene BVH | Building
Fra:1 Mem:61.70M (Peak 61.70M) | Time:00:00.11 | Mem:21.94M, Peak:21.94M | Scene, ViewLayer | Updating Scene BVH | Building BVH
Fra:1 Mem:61.70M (Peak 61.70M) | Time:00:00.11 | Mem:23.86M, Peak:23.86M | Scene, ViewLayer | Updating Scene BVH | Building BVH 0%
Fra:1 Mem:61.70M (Peak 61.70M) | Time:00:00.12 | Mem:26.15M, Peak:28.07M | Scene, ViewLayer | Updating Scene BVH | Copying BVH to device
Fra:1 Mem:61.70M (Peak 61.70M) | Time:00:00.12 | Mem:26.15M, Peak:28.07M | Scene, ViewLayer | Updating Mesh | Computing normals
Fra:1 Mem:63.38M (Peak 63.38M) | Time:00:00.12 | Mem:26.15M, Peak:28.07M | Scene, ViewLayer | Updating Mesh | Copying Mesh to device
Fra:1 Mem:63.38M (Peak 63.38M) | Time:00:00.12 | Mem:27.84M, Peak:28.07M | Scene, ViewLayer | Updating Objects Flags
Fra:1 Mem:63.38M (Peak 63.38M) | Time:00:00.12 | Mem:27.84M, Peak:28.07M | Scene, ViewLayer | Updating Primitive Offsets
Fra:1 Mem:63.38M (Peak 63.38M) | Time:00:00.12 | Mem:27.84M, Peak:28.07M | Scene, ViewLayer | Updating Images
Fra:1 Mem:63.38M (Peak 63.38M) | Time:00:00.12 | Mem:27.84M, Peak:28.07M | Scene, ViewLayer | Updating Camera Volume
Fra:1 Mem:63.38M (Peak 63.38M) | Time:00:00.12 | Mem:27.84M, Peak:28.07M | Scene, ViewLayer | Updating Lookup Tables
Fra:1 Mem:63.38M (Peak 63.38M) | Time:00:00.12 | Mem:27.92M, Peak:28.07M | Scene, ViewLayer | Updating Lights
Fra:1 Mem:63.38M (Peak 63.38M) | Time:00:00.12 | Mem:27.92M, Peak:28.07M | Scene, ViewLayer | Updating Lights | Computing tree
Fra:1 Mem:63.38M (Peak 63.38M) | Time:00:00.12 | Mem:27.92M, Peak:28.07M | Scene, ViewLayer | Updating Integrator
Fra:1 Mem:63.38M (Peak 63.38M) | Time:00:00.12 | Mem:27.92M, Peak:28.07M | Scene, ViewLayer | Updating Film
Fra:1 Mem:63.39M (Peak 63.39M) | Time:00:00.12 | Mem:27.84M, Peak:28.07M | Scene, ViewLayer | Updating Lookup Tables
Fra:1 Mem:63.39M (Peak 63.39M) | Time:00:00.12 | Mem:27.93M, Peak:28.07M | Scene, ViewLayer | Updating Baking
Fra:1 Mem:63.39M (Peak 63.39M) | Time:00:00.12 | Mem:27.93M, Peak:28.07M | Scene, ViewLayer | Updating Device | Writing constant memory
Fra:1 Mem:63.39M (Peak 63.39M) | Time:00:00.12 | Mem:27.93M, Peak:28.07M | Scene, ViewLayer | Loading denoising kernels (may take a few minutes the first time)
Fra:1 Mem:63.39M (Peak 63.39M) | Time:00:00.12 | Mem:27.93M, Peak:28.07M | Scene, ViewLayer | Sample 0/12
Fra:1 Mem:101.14M (Peak 101.14M) | Time:00:00.39 | Remaining:00:03.01 | Mem:65.63M, Peak:65.63M | Scene, ViewLayer | Sample 1/12
Fra:1 Mem:117.01M (Peak 140.82M) | Time:00:11.80 | Mem:65.63M, Peak:65.63M | Scene, ViewLayer | Sample 12/12
Fra:1 Mem:117.01M (Peak 140.82M) | Time:00:11.80 | Mem:65.63M, Peak:65.63M | Scene, ViewLayer | Finished
Saved: 'C:\Users\turbo08\findthem\apps\mobile\assets\avatar\v13-sit-stand\side-sit.png'
Time: 00:12.15 (Saving: 00:00.34)

Fra:38 Mem:34.93M (Peak 34.93M) | Time:00:00.00 | Mem:0.00M, Peak:0.00M | Scene, ViewLayer | Synchronizing object | V13_mesh_0.001
Fra:38 Mem:34.94M (Peak 34.94M) | Time:00:00.00 | Mem:0.00M, Peak:0.00M | Scene, ViewLayer | Synchronizing object | Area.001
Fra:38 Mem:34.98M (Peak 34.98M) | Time:00:00.00 | Mem:0.00M, Peak:0.00M | Scene, ViewLayer | Synchronizing object | Area
Fra:38 Mem:34.98M (Peak 34.98M) | Time:00:00.00 | Mem:0.00M, Peak:0.00M | Scene, ViewLayer | Synchronizing object | Review floor
Fra:38 Mem:34.95M (Peak 35.38M) | Time:00:00.00 | Mem:0.00M, Peak:0.00M | Scene, ViewLayer | Synchronizing object | V13_Object_32
Fra:38 Mem:35.41M (Peak 35.41M) | Time:00:00.00 | Mem:0.00M, Peak:0.00M | Scene, ViewLayer | Synchronizing object | V13_mesh_0
Fra:38 Mem:43.70M (Peak 43.71M) | Time:00:00.02 | Mem:0.00M, Peak:0.00M | Scene, ViewLayer | Initializing
Fra:38 Mem:40.00M (Peak 43.71M) | Time:00:00.02 | Mem:0.00M, Peak:0.00M | Scene, ViewLayer | Updating Images | Loading Image_2
Fra:38 Mem:40.00M (Peak 43.71M) | Time:00:00.02 | Mem:0.00M, Peak:0.00M | Scene, ViewLayer | Updating Images | Loading Image_1.001
Fra:38 Mem:40.01M (Peak 43.71M) | Time:00:00.02 | Mem:0.00M, Peak:0.00M | Scene, ViewLayer | Updating Images | Loading Image_0
Fra:38 Mem:44.01M (Peak 44.01M) | Time:00:00.02 | Mem:0.00M, Peak:0.00M | Scene, ViewLayer | Updating Images | Loading Image_1
Fra:38 Mem:53.38M (Peak 64.04M) | Time:00:00.06 | Mem:16.00M, Peak:16.00M | Scene, ViewLayer | Waiting for render to start
Fra:38 Mem:53.38M (Peak 64.04M) | Time:00:00.06 | Mem:16.00M, Peak:16.00M | Scene, ViewLayer | Updating Scene
Fra:38 Mem:53.38M (Peak 64.04M) | Time:00:00.06 | Mem:16.00M, Peak:16.00M | Scene, ViewLayer | Updating Shaders
Fra:38 Mem:53.38M (Peak 64.04M) | Time:00:00.06 | Mem:16.00M, Peak:16.00M | Scene, ViewLayer | Loading render kernels (may take a few minutes the first time)
Fra:38 Mem:53.47M (Peak 64.04M) | Time:00:00.06 | Mem:16.00M, Peak:16.00M | Scene, ViewLayer | Updating Procedurals
Fra:38 Mem:53.47M (Peak 64.04M) | Time:00:00.06 | Mem:16.00M, Peak:16.00M | Scene, ViewLayer | Updating Background
Fra:38 Mem:53.47M (Peak 64.04M) | Time:00:00.06 | Mem:16.00M, Peak:16.00M | Scene, ViewLayer | Updating Camera
Fra:38 Mem:53.47M (Peak 64.04M) | Time:00:00.06 | Mem:16.00M, Peak:16.00M | Scene, ViewLayer | Updating Meshes Flags
Fra:38 Mem:53.47M (Peak 64.04M) | Time:00:00.06 | Mem:16.00M, Peak:16.00M | Scene, ViewLayer | Updating Objects
Fra:38 Mem:53.47M (Peak 64.04M) | Time:00:00.06 | Mem:16.00M, Peak:16.00M | Scene, ViewLayer | Updating Objects | Copying Transformations to device
Fra:38 Mem:53.47M (Peak 64.04M) | Time:00:00.06 | Mem:16.01M, Peak:16.01M | Scene, ViewLayer | Updating Particle Systems
Fra:38 Mem:53.47M (Peak 64.04M) | Time:00:00.06 | Mem:16.01M, Peak:16.01M | Scene, ViewLayer | Updating Particle Systems | Copying Particles to device
Fra:38 Mem:53.47M (Peak 64.04M) | Time:00:00.06 | Mem:16.01M, Peak:16.01M | Scene, ViewLayer | Updating Meshes
Fra:38 Mem:55.76M (Peak 64.04M) | Time:00:00.11 | Mem:16.01M, Peak:16.01M | Scene, ViewLayer | Updating Objects | Applying Static Transformations
Fra:38 Mem:55.76M (Peak 64.04M) | Time:00:00.11 | Mem:16.01M, Peak:16.01M | Scene, ViewLayer | Updating Mesh | Computing attributes
Fra:38 Mem:61.70M (Peak 64.04M) | Time:00:00.11 | Mem:16.01M, Peak:16.01M | Scene, ViewLayer | Updating Mesh | Copying Attributes to device
Fra:38 Mem:61.70M (Peak 64.04M) | Time:00:00.11 | Mem:21.94M, Peak:21.94M | Scene, ViewLayer | Updating Scene BVH | Building
Fra:38 Mem:61.70M (Peak 64.04M) | Time:00:00.11 | Mem:21.94M, Peak:21.94M | Scene, ViewLayer | Updating Scene BVH | Building BVH
Fra:38 Mem:61.70M (Peak 64.04M) | Time:00:00.11 | Mem:23.86M, Peak:23.86M | Scene, ViewLayer | Updating Scene BVH | Building BVH 0%
Fra:38 Mem:61.70M (Peak 64.04M) | Time:00:00.12 | Mem:26.15M, Peak:28.07M | Scene, ViewLayer | Updating Scene BVH | Copying BVH to device
Fra:38 Mem:61.70M (Peak 64.04M) | Time:00:00.12 | Mem:26.15M, Peak:28.07M | Scene, ViewLayer | Updating Mesh | Computing normals
Fra:38 Mem:63.38M (Peak 64.04M) | Time:00:00.12 | Mem:26.15M, Peak:28.07M | Scene, ViewLayer | Updating Mesh | Copying Mesh to device
Fra:38 Mem:63.38M (Peak 64.04M) | Time:00:00.12 | Mem:27.84M, Peak:28.07M | Scene, ViewLayer | Updating Objects Flags
Fra:38 Mem:63.38M (Peak 64.04M) | Time:00:00.12 | Mem:27.84M, Peak:28.07M | Scene, ViewLayer | Updating Primitive Offsets
Fra:38 Mem:63.38M (Peak 64.04M) | Time:00:00.12 | Mem:27.84M, Peak:28.07M | Scene, ViewLayer | Updating Images
Fra:38 Mem:63.38M (Peak 64.04M) | Time:00:00.12 | Mem:27.84M, Peak:28.07M | Scene, ViewLayer | Updating Camera Volume
Fra:38 Mem:63.38M (Peak 64.04M) | Time:00:00.12 | Mem:27.84M, Peak:28.07M | Scene, ViewLayer | Updating Lookup Tables
Fra:38 Mem:63.38M (Peak 64.04M) | Time:00:00.12 | Mem:27.92M, Peak:28.07M | Scene, ViewLayer | Updating Lights
Fra:38 Mem:63.38M (Peak 64.04M) | Time:00:00.12 | Mem:27.92M, Peak:28.07M | Scene, ViewLayer | Updating Lights | Computing tree
Fra:38 Mem:63.38M (Peak 64.04M) | Time:00:00.12 | Mem:27.92M, Peak:28.07M | Scene, ViewLayer | Updating Integrator
Fra:38 Mem:63.38M (Peak 64.04M) | Time:00:00.12 | Mem:27.92M, Peak:28.07M | Scene, ViewLayer | Updating Film
Fra:38 Mem:63.39M (Peak 64.04M) | Time:00:00.12 | Mem:27.84M, Peak:28.07M | Scene, ViewLayer | Updating Lookup Tables
Fra:38 Mem:63.39M (Peak 64.04M) | Time:00:00.12 | Mem:27.93M, Peak:28.07M | Scene, ViewLayer | Updating Baking
Fra:38 Mem:63.39M (Peak 64.04M) | Time:00:00.12 | Mem:27.93M, Peak:28.07M | Scene, ViewLayer | Updating Device | Writing constant memory
Fra:38 Mem:63.39M (Peak 64.04M) | Time:00:00.12 | Mem:27.93M, Peak:28.07M | Scene, ViewLayer | Loading denoising kernels (may take a few minutes the first time)
Fra:38 Mem:63.39M (Peak 64.04M) | Time:00:00.12 | Mem:27.93M, Peak:28.07M | Scene, ViewLayer | Sample 0/12
Fra:38 Mem:101.14M (Peak 101.14M) | Time:00:00.83 | Remaining:00:07.79 | Mem:65.63M, Peak:65.63M | Scene, ViewLayer | Sample 1/12
Fra:38 Mem:117.01M (Peak 140.82M) | Time:00:12.91 | Mem:65.63M, Peak:65.63M | Scene, ViewLayer | Sample 12/12
Fra:38 Mem:117.01M (Peak 140.82M) | Time:00:12.91 | Mem:65.63M, Peak:65.63M | Scene, ViewLayer | Finished
Saved: 'C:\Users\turbo08\findthem\apps\mobile\assets\avatar\v13-sit-stand\side-half.png'
Time: 00:13.01 (Saving: 00:00.09)

Fra:61 Mem:34.93M (Peak 34.93M) | Time:00:00.00 | Mem:0.00M, Peak:0.00M | Scene, ViewLayer | Synchronizing object | V13_mesh_0.001
Fra:61 Mem:34.98M (Peak 34.98M) | Time:00:00.00 | Mem:0.00M, Peak:0.00M | Scene, ViewLayer | Synchronizing object | V13_mesh_0
Fra:61 Mem:34.98M (Peak 34.98M) | Time:00:00.00 | Mem:0.00M, Peak:0.00M | Scene, ViewLayer | Synchronizing object | Review floor
Fra:61 Mem:34.99M (Peak 34.99M) | Time:00:00.00 | Mem:0.00M, Peak:0.00M | Scene, ViewLayer | Synchronizing object | Area
Fra:61 Mem:35.22M (Peak 35.22M) | Time:00:00.00 | Mem:0.00M, Peak:0.00M | Scene, ViewLayer | Synchronizing object | Area.001
Fra:61 Mem:43.70M (Peak 43.99M) | Time:00:00.02 | Mem:0.00M, Peak:0.00M | Scene, ViewLayer | Initializing
Fra:61 Mem:40.00M (Peak 43.99M) | Time:00:00.02 | Mem:0.00M, Peak:0.00M | Scene, ViewLayer | Updating Images | Loading Image_2
Fra:61 Mem:40.00M (Peak 43.99M) | Time:00:00.02 | Mem:0.00M, Peak:0.00M | Scene, ViewLayer | Updating Images | Loading Image_0.001
Fra:61 Mem:44.01M (Peak 44.01M) | Time:00:00.02 | Mem:0.00M, Peak:0.00M | Scene, ViewLayer | Updating Images | Loading Image_1.001
Fra:61 Mem:44.01M (Peak 44.01M) | Time:00:00.02 | Mem:0.00M, Peak:0.00M | Scene, ViewLayer | Updating Images | Loading Image_0
Fra:61 Mem:44.01M (Peak 44.01M) | Time:00:00.02 | Mem:0.00M, Peak:0.00M | Scene, ViewLayer | Updating Images | Loading Image_1
Fra:61 Mem:53.38M (Peak 60.04M) | Time:00:00.06 | Mem:16.00M, Peak:16.00M | Scene, ViewLayer | Waiting for render to start
Fra:61 Mem:53.38M (Peak 60.04M) | Time:00:00.06 | Mem:16.00M, Peak:16.00M | Scene, ViewLayer | Updating Scene
Fra:61 Mem:53.38M (Peak 60.04M) | Time:00:00.06 | Mem:16.00M, Peak:16.00M | Scene, ViewLayer | Updating Shaders
Fra:61 Mem:53.38M (Peak 60.04M) | Time:00:00.06 | Mem:16.00M, Peak:16.00M | Scene, ViewLayer | Loading render kernels (may take a few minutes the first time)
Fra:61 Mem:53.47M (Peak 60.04M) | Time:00:00.06 | Mem:16.00M, Peak:16.00M | Scene, ViewLayer | Updating Procedurals
Fra:61 Mem:53.47M (Peak 60.04M) | Time:00:00.06 | Mem:16.00M, Peak:16.00M | Scene, ViewLayer | Updating Background
Fra:61 Mem:53.47M (Peak 60.04M) | Time:00:00.06 | Mem:16.00M, Peak:16.00M | Scene, ViewLayer | Updating Camera
Fra:61 Mem:53.47M (Peak 60.04M) | Time:00:00.06 | Mem:16.00M, Peak:16.00M | Scene, ViewLayer | Updating Meshes Flags
Fra:61 Mem:53.47M (Peak 60.04M) | Time:00:00.06 | Mem:16.00M, Peak:16.00M | Scene, ViewLayer | Updating Objects
Fra:61 Mem:53.47M (Peak 60.04M) | Time:00:00.06 | Mem:16.00M, Peak:16.00M | Scene, ViewLayer | Updating Objects | Copying Transformations to device
Fra:61 Mem:53.47M (Peak 60.04M) | Time:00:00.06 | Mem:16.01M, Peak:16.01M | Scene, ViewLayer | Updating Particle Systems
Fra:61 Mem:53.47M (Peak 60.04M) | Time:00:00.06 | Mem:16.01M, Peak:16.01M | Scene, ViewLayer | Updating Particle Systems | Copying Particles to device
Fra:61 Mem:53.47M (Peak 60.04M) | Time:00:00.06 | Mem:16.01M, Peak:16.01M | Scene, ViewLayer | Updating Meshes
Fra:61 Mem:55.76M (Peak 60.04M) | Time:00:00.09 | Mem:16.01M, Peak:16.01M | Scene, ViewLayer | Updating Objects | Applying Static Transformations
Fra:61 Mem:55.76M (Peak 60.04M) | Time:00:00.09 | Mem:16.01M, Peak:16.01M | Scene, ViewLayer | Updating Mesh | Computing attributes
Fra:61 Mem:61.70M (Peak 61.70M) | Time:00:00.09 | Mem:16.01M, Peak:16.01M | Scene, ViewLayer | Updating Mesh | Copying Attributes to device
Fra:61 Mem:61.70M (Peak 61.70M) | Time:00:00.09 | Mem:21.94M, Peak:21.94M | Scene, ViewLayer | Updating Scene BVH | Building
Fra:61 Mem:61.70M (Peak 61.70M) | Time:00:00.09 | Mem:21.94M, Peak:21.94M | Scene, ViewLayer | Updating Scene BVH | Building BVH
Fra:61 Mem:61.70M (Peak 61.70M) | Time:00:00.09 | Mem:23.86M, Peak:23.86M | Scene, ViewLayer | Updating Scene BVH | Building BVH 0%
Fra:61 Mem:61.70M (Peak 61.70M) | Time:00:00.10 | Mem:26.15M, Peak:28.07M | Scene, ViewLayer | Updating Scene BVH | Copying BVH to device
Fra:61 Mem:61.70M (Peak 61.70M) | Time:00:00.10 | Mem:26.15M, Peak:28.07M | Scene, ViewLayer | Updating Mesh | Computing normals
Fra:61 Mem:63.38M (Peak 63.38M) | Time:00:00.10 | Mem:26.15M, Peak:28.07M | Scene, ViewLayer | Updating Mesh | Copying Mesh to device
Fra:61 Mem:63.38M (Peak 63.38M) | Time:00:00.10 | Mem:27.84M, Peak:28.07M | Scene, ViewLayer | Updating Objects Flags
Fra:61 Mem:63.38M (Peak 63.38M) | Time:00:00.10 | Mem:27.84M, Peak:28.07M | Scene, ViewLayer | Updating Primitive Offsets
Fra:61 Mem:63.38M (Peak 63.38M) | Time:00:00.10 | Mem:27.84M, Peak:28.07M | Scene, ViewLayer | Updating Images
Fra:61 Mem:63.38M (Peak 63.38M) | Time:00:00.10 | Mem:27.84M, Peak:28.07M | Scene, ViewLayer | Updating Camera Volume
Fra:61 Mem:63.38M (Peak 63.38M) | Time:00:00.10 | Mem:27.84M, Peak:28.07M | Scene, ViewLayer | Updating Lookup Tables
Fra:61 Mem:63.38M (Peak 63.38M) | Time:00:00.10 | Mem:27.92M, Peak:28.07M | Scene, ViewLayer | Updating Lights
Fra:61 Mem:63.38M (Peak 63.38M) | Time:00:00.10 | Mem:27.92M, Peak:28.07M | Scene, ViewLayer | Updating Lights | Computing tree
Fra:61 Mem:63.38M (Peak 63.38M) | Time:00:00.10 | Mem:27.92M, Peak:28.07M | Scene, ViewLayer | Updating Integrator
Fra:61 Mem:63.38M (Peak 63.38M) | Time:00:00.10 | Mem:27.92M, Peak:28.07M | Scene, ViewLayer | Updating Film
Fra:61 Mem:63.39M (Peak 63.39M) | Time:00:00.10 | Mem:27.84M, Peak:28.07M | Scene, ViewLayer | Updating Lookup Tables
Fra:61 Mem:63.39M (Peak 63.39M) | Time:00:00.10 | Mem:27.93M, Peak:28.07M | Scene, ViewLayer | Updating Baking
Fra:61 Mem:63.39M (Peak 63.39M) | Time:00:00.10 | Mem:27.93M, Peak:28.07M | Scene, ViewLayer | Updating Device | Writing constant memory
Fra:61 Mem:63.39M (Peak 63.39M) | Time:00:00.10 | Mem:27.93M, Peak:28.07M | Scene, ViewLayer | Loading denoising kernels (may take a few minutes the first time)
Fra:61 Mem:63.39M (Peak 63.39M) | Time:00:00.10 | Mem:27.93M, Peak:28.07M | Scene, ViewLayer | Sample 0/12
Fra:61 Mem:101.14M (Peak 101.14M) | Time:00:00.41 | Remaining:00:03.42 | Mem:65.63M, Peak:65.63M | Scene, ViewLayer | Sample 1/12
Fra:61 Mem:117.01M (Peak 140.82M) | Time:00:10.40 | Mem:65.63M, Peak:65.63M | Scene, ViewLayer | Sample 12/12
Fra:61 Mem:117.01M (Peak 140.82M) | Time:00:10.40 | Mem:65.63M, Peak:65.63M | Scene, ViewLayer | Finished
Saved: 'C:\Users\turbo08\findthem\apps\mobile\assets\avatar\v13-sit-stand\side-stand.png'
Time: 00:10.51 (Saving: 00:00.10)

Fra:1 Mem:34.93M (Peak 34.93M) | Time:00:00.00 | Mem:0.00M, Peak:0.00M | Scene, ViewLayer | Synchronizing object | V13_mesh_0.001
Fra:1 Mem:34.94M (Peak 34.94M) | Time:00:00.00 | Mem:0.00M, Peak:0.00M | Scene, ViewLayer | Synchronizing object | Review floor
Fra:1 Mem:34.95M (Peak 34.95M) | Time:00:00.00 | Mem:0.00M, Peak:0.00M | Scene, ViewLayer | Synchronizing object | Area
Fra:1 Mem:43.70M (Peak 44.23M) | Time:00:00.02 | Mem:0.00M, Peak:0.00M | Scene, ViewLayer | Initializing
Fra:1 Mem:40.00M (Peak 44.23M) | Time:00:00.02 | Mem:0.00M, Peak:0.00M | Scene, ViewLayer | Updating Images | Loading Image_2
Fra:1 Mem:40.01M (Peak 44.23M) | Time:00:00.02 | Mem:0.00M, Peak:0.00M | Scene, ViewLayer | Updating Images | Loading Image_0.001
Fra:1 Mem:44.01M (Peak 44.23M) | Time:00:00.02 | Mem:0.00M, Peak:0.00M | Scene, ViewLayer | Updating Images | Loading Image_0
Fra:1 Mem:56.02M (Peak 56.02M) | Time:00:00.02 | Mem:0.00M, Peak:0.00M | Scene, ViewLayer | Updating Images | Loading Image_1
Fra:1 Mem:53.38M (Peak 64.04M) | Time:00:00.08 | Mem:16.00M, Peak:16.00M | Scene, ViewLayer | Waiting for render to start
Fra:1 Mem:53.38M (Peak 64.04M) | Time:00:00.08 | Mem:16.00M, Peak:16.00M | Scene, ViewLayer | Updating Scene
Fra:1 Mem:53.38M (Peak 64.04M) | Time:00:00.08 | Mem:16.00M, Peak:16.00M | Scene, ViewLayer | Updating Shaders
Fra:1 Mem:53.38M (Peak 64.04M) | Time:00:00.08 | Mem:16.00M, Peak:16.00M | Scene, ViewLayer | Loading render kernels (may take a few minutes the first time)
Fra:1 Mem:53.47M (Peak 64.04M) | Time:00:00.08 | Mem:16.00M, Peak:16.00M | Scene, ViewLayer | Updating Procedurals
Fra:1 Mem:53.47M (Peak 64.04M) | Time:00:00.08 | Mem:16.00M, Peak:16.00M | Scene, ViewLayer | Updating Background
Fra:1 Mem:53.47M (Peak 64.04M) | Time:00:00.08 | Mem:16.00M, Peak:16.00M | Scene, ViewLayer | Updating Camera
Fra:1 Mem:53.47M (Peak 64.04M) | Time:00:00.08 | Mem:16.00M, Peak:16.00M | Scene, ViewLayer | Updating Meshes Flags
Fra:1 Mem:53.47M (Peak 64.04M) | Time:00:00.08 | Mem:16.00M, Peak:16.00M | Scene, ViewLayer | Updating Objects
Fra:1 Mem:53.47M (Peak 64.04M) | Time:00:00.08 | Mem:16.00M, Peak:16.00M | Scene, ViewLayer | Updating Objects | Copying Transformations to device
Fra:1 Mem:53.47M (Peak 64.04M) | Time:00:00.08 | Mem:16.01M, Peak:16.01M | Scene, ViewLayer | Updating Particle Systems
Fra:1 Mem:53.47M (Peak 64.04M) | Time:00:00.08 | Mem:16.01M, Peak:16.01M | Scene, ViewLayer | Updating Particle Systems | Copying Particles to device
Fra:1 Mem:53.47M (Peak 64.04M) | Time:00:00.08 | Mem:16.01M, Peak:16.01M | Scene, ViewLayer | Updating Meshes
Fra:1 Mem:55.76M (Peak 64.04M) | Time:00:00.13 | Mem:16.01M, Peak:16.01M | Scene, ViewLayer | Updating Objects | Applying Static Transformations
Fra:1 Mem:55.76M (Peak 64.04M) | Time:00:00.13 | Mem:16.01M, Peak:16.01M | Scene, ViewLayer | Updating Mesh | Computing attributes
Fra:1 Mem:61.70M (Peak 64.04M) | Time:00:00.13 | Mem:16.01M, Peak:16.01M | Scene, ViewLayer | Updating Mesh | Copying Attributes to device
Fra:1 Mem:61.70M (Peak 64.04M) | Time:00:00.13 | Mem:21.94M, Peak:21.94M | Scene, ViewLayer | Updating Scene BVH | Building
Fra:1 Mem:61.70M (Peak 64.04M) | Time:00:00.13 | Mem:21.94M, Peak:21.94M | Scene, ViewLayer | Updating Scene BVH | Building BVH
Fra:1 Mem:61.70M (Peak 64.04M) | Time:00:00.13 | Mem:23.86M, Peak:23.86M | Scene, ViewLayer | Updating Scene BVH | Building BVH 0%
Fra:1 Mem:61.70M (Peak 64.04M) | Time:00:00.14 | Mem:26.15M, Peak:28.07M | Scene, ViewLayer | Updating Scene BVH | Copying BVH to device
Fra:1 Mem:61.70M (Peak 64.04M) | Time:00:00.14 | Mem:26.15M, Peak:28.07M | Scene, ViewLayer | Updating Mesh | Computing normals
Fra:1 Mem:63.38M (Peak 64.04M) | Time:00:00.14 | Mem:26.15M, Peak:28.07M | Scene, ViewLayer | Updating Mesh | Copying Mesh to device
Fra:1 Mem:63.38M (Peak 64.04M) | Time:00:00.14 | Mem:27.84M, Peak:28.07M | Scene, ViewLayer | Updating Objects Flags
Fra:1 Mem:63.38M (Peak 64.04M) | Time:00:00.14 | Mem:27.84M, Peak:28.07M | Scene, ViewLayer | Updating Primitive Offsets
Fra:1 Mem:63.38M (Peak 64.04M) | Time:00:00.14 | Mem:27.84M, Peak:28.07M | Scene, ViewLayer | Updating Images
Fra:1 Mem:63.38M (Peak 64.04M) | Time:00:00.14 | Mem:27.84M, Peak:28.07M | Scene, ViewLayer | Updating Camera Volume
Fra:1 Mem:63.38M (Peak 64.04M) | Time:00:00.14 | Mem:27.84M, Peak:28.07M | Scene, ViewLayer | Updating Lookup Tables
Fra:1 Mem:63.38M (Peak 64.04M) | Time:00:00.14 | Mem:27.92M, Peak:28.07M | Scene, ViewLayer | Updating Lights
Fra:1 Mem:63.38M (Peak 64.04M) | Time:00:00.14 | Mem:27.92M, Peak:28.07M | Scene, ViewLayer | Updating Lights | Computing tree
Fra:1 Mem:63.38M (Peak 64.04M) | Time:00:00.14 | Mem:27.92M, Peak:28.07M | Scene, ViewLayer | Updating Integrator
Fra:1 Mem:63.38M (Peak 64.04M) | Time:00:00.14 | Mem:27.92M, Peak:28.07M | Scene, ViewLayer | Updating Film
Fra:1 Mem:63.39M (Peak 64.04M) | Time:00:00.14 | Mem:27.84M, Peak:28.07M | Scene, ViewLayer | Updating Lookup Tables
Fra:1 Mem:63.39M (Peak 64.04M) | Time:00:00.14 | Mem:27.93M, Peak:28.07M | Scene, ViewLayer | Updating Baking
Fra:1 Mem:63.39M (Peak 64.04M) | Time:00:00.14 | Mem:27.93M, Peak:28.07M | Scene, ViewLayer | Updating Device | Writing constant memory
Fra:1 Mem:63.39M (Peak 64.04M) | Time:00:00.14 | Mem:27.93M, Peak:28.07M | Scene, ViewLayer | Loading denoising kernels (may take a few minutes the first time)
Fra:1 Mem:63.39M (Peak 64.04M) | Time:00:00.14 | Mem:27.93M, Peak:28.07M | Scene, ViewLayer | Sample 0/12
Fra:1 Mem:101.14M (Peak 101.14M) | Time:00:00.63 | Remaining:00:05.37 | Mem:65.63M, Peak:65.63M | Scene, ViewLayer | Sample 1/12
Fra:1 Mem:117.01M (Peak 140.82M) | Time:00:11.37 | Mem:65.63M, Peak:65.63M | Scene, ViewLayer | Sample 12/12
Fra:1 Mem:117.01M (Peak 140.82M) | Time:00:11.37 | Mem:65.63M, Peak:65.63M | Scene, ViewLayer | Finished
Saved: 'C:\Users\turbo08\findthem\apps\mobile\assets\avatar\v13-sit-stand\front-sit.png'
Time: 00:11.48 (Saving: 00:00.10)

Fra:38 Mem:34.94M (Peak 34.94M) | Time:00:00.01 | Mem:0.00M, Peak:0.00M | Scene, ViewLayer | Synchronizing object | V13_mesh_0.001
Fra:38 Mem:34.94M (Peak 34.94M) | Time:00:00.01 | Mem:0.00M, Peak:0.00M | Scene, ViewLayer | Synchronizing object | Review floor
Fra:38 Mem:35.38M (Peak 35.38M) | Time:00:00.01 | Mem:0.00M, Peak:0.00M | Scene, ViewLayer | Synchronizing object | Area.001
Fra:38 Mem:43.70M (Peak 44.23M) | Time:00:00.02 | Mem:0.00M, Peak:0.00M | Scene, ViewLayer | Initializing
Fra:38 Mem:40.00M (Peak 44.23M) | Time:00:00.02 | Mem:0.00M, Peak:0.00M | Scene, ViewLayer | Updating Images | Loading Image_2
Fra:38 Mem:40.00M (Peak 44.23M) | Time:00:00.02 | Mem:0.00M, Peak:0.00M | Scene, ViewLayer | Updating Images | Loading Image_1.001
Fra:38 Mem:44.01M (Peak 44.23M) | Time:00:00.02 | Mem:0.00M, Peak:0.00M | Scene, ViewLayer | Updating Images | Loading Image_2.001
Fra:38 Mem:44.01M (Peak 44.23M) | Time:00:00.02 | Mem:0.00M, Peak:0.00M | Scene, ViewLayer | Updating Images | Loading Image_1
Fra:38 Mem:53.38M (Peak 64.04M) | Time:00:00.07 | Mem:16.00M, Peak:16.00M | Scene, ViewLayer | Waiting for render to start
Fra:38 Mem:53.38M (Peak 64.04M) | Time:00:00.07 | Mem:16.00M, Peak:16.00M | Scene, ViewLayer | Updating Scene
Fra:38 Mem:53.38M (Peak 64.04M) | Time:00:00.07 | Mem:16.00M, Peak:16.00M | Scene, ViewLayer | Updating Shaders
Fra:38 Mem:53.38M (Peak 64.04M) | Time:00:00.07 | Mem:16.00M, Peak:16.00M | Scene, ViewLayer | Loading render kernels (may take a few minutes the first time)
Fra:38 Mem:53.47M (Peak 64.04M) | Time:00:00.07 | Mem:16.00M, Peak:16.00M | Scene, ViewLayer | Updating Procedurals
Fra:38 Mem:53.47M (Peak 64.04M) | Time:00:00.07 | Mem:16.00M, Peak:16.00M | Scene, ViewLayer | Updating Background
Fra:38 Mem:53.47M (Peak 64.04M) | Time:00:00.07 | Mem:16.00M, Peak:16.00M | Scene, ViewLayer | Updating Camera
Fra:38 Mem:53.47M (Peak 64.04M) | Time:00:00.07 | Mem:16.00M, Peak:16.00M | Scene, ViewLayer | Updating Meshes Flags
Fra:38 Mem:53.47M (Peak 64.04M) | Time:00:00.07 | Mem:16.00M, Peak:16.00M | Scene, ViewLayer | Updating Objects
Fra:38 Mem:53.47M (Peak 64.04M) | Time:00:00.07 | Mem:16.00M, Peak:16.00M | Scene, ViewLayer | Updating Objects | Copying Transformations to device
Fra:38 Mem:53.47M (Peak 64.04M) | Time:00:00.07 | Mem:16.01M, Peak:16.01M | Scene, ViewLayer | Updating Particle Systems
Fra:38 Mem:53.47M (Peak 64.04M) | Time:00:00.07 | Mem:16.01M, Peak:16.01M | Scene, ViewLayer | Updating Particle Systems | Copying Particles to device
Fra:38 Mem:53.47M (Peak 64.04M) | Time:00:00.07 | Mem:16.01M, Peak:16.01M | Scene, ViewLayer | Updating Meshes
Fra:38 Mem:55.76M (Peak 64.04M) | Time:00:00.13 | Mem:16.01M, Peak:16.01M | Scene, ViewLayer | Updating Objects | Applying Static Transformations
Fra:38 Mem:55.76M (Peak 64.04M) | Time:00:00.13 | Mem:16.01M, Peak:16.01M | Scene, ViewLayer | Updating Mesh | Computing attributes
Fra:38 Mem:61.70M (Peak 64.04M) | Time:00:00.13 | Mem:16.01M, Peak:16.01M | Scene, ViewLayer | Updating Mesh | Copying Attributes to device
Fra:38 Mem:61.70M (Peak 64.04M) | Time:00:00.13 | Mem:21.94M, Peak:21.94M | Scene, ViewLayer | Updating Scene BVH | Building
Fra:38 Mem:61.70M (Peak 64.04M) | Time:00:00.13 | Mem:21.94M, Peak:21.94M | Scene, ViewLayer | Updating Scene BVH | Building BVH
Fra:38 Mem:61.70M (Peak 64.04M) | Time:00:00.13 | Mem:23.86M, Peak:23.86M | Scene, ViewLayer | Updating Scene BVH | Building BVH 0%
Fra:38 Mem:61.70M (Peak 64.04M) | Time:00:00.14 | Mem:26.15M, Peak:28.07M | Scene, ViewLayer | Updating Scene BVH | Copying BVH to device
Fra:38 Mem:61.70M (Peak 64.04M) | Time:00:00.14 | Mem:26.15M, Peak:28.07M | Scene, ViewLayer | Updating Mesh | Computing normals
Fra:38 Mem:63.38M (Peak 64.04M) | Time:00:00.14 | Mem:26.15M, Peak:28.07M | Scene, ViewLayer | Updating Mesh | Copying Mesh to device
Fra:38 Mem:63.38M (Peak 64.04M) | Time:00:00.14 | Mem:27.84M, Peak:28.07M | Scene, ViewLayer | Updating Objects Flags
Fra:38 Mem:63.38M (Peak 64.04M) | Time:00:00.14 | Mem:27.84M, Peak:28.07M | Scene, ViewLayer | Updating Primitive Offsets
Fra:38 Mem:63.38M (Peak 64.04M) | Time:00:00.14 | Mem:27.84M, Peak:28.07M | Scene, ViewLayer | Updating Images
Fra:38 Mem:63.38M (Peak 64.04M) | Time:00:00.14 | Mem:27.84M, Peak:28.07M | Scene, ViewLayer | Updating Camera Volume
Fra:38 Mem:63.38M (Peak 64.04M) | Time:00:00.14 | Mem:27.84M, Peak:28.07M | Scene, ViewLayer | Updating Lookup Tables
Fra:38 Mem:63.38M (Peak 64.04M) | Time:00:00.14 | Mem:27.92M, Peak:28.07M | Scene, ViewLayer | Updating Lights
Fra:38 Mem:63.38M (Peak 64.04M) | Time:00:00.14 | Mem:27.92M, Peak:28.07M | Scene, ViewLayer | Updating Lights | Computing tree
Fra:38 Mem:63.38M (Peak 64.04M) | Time:00:00.14 | Mem:27.92M, Peak:28.07M | Scene, ViewLayer | Updating Integrator
Fra:38 Mem:63.38M (Peak 64.04M) | Time:00:00.14 | Mem:27.92M, Peak:28.07M | Scene, ViewLayer | Updating Film
Fra:38 Mem:63.39M (Peak 64.04M) | Time:00:00.14 | Mem:27.84M, Peak:28.07M | Scene, ViewLayer | Updating Lookup Tables
Fra:38 Mem:63.39M (Peak 64.04M) | Time:00:00.14 | Mem:27.93M, Peak:28.07M | Scene, ViewLayer | Updating Baking
Fra:38 Mem:63.39M (Peak 64.04M) | Time:00:00.14 | Mem:27.93M, Peak:28.07M | Scene, ViewLayer | Updating Device | Writing constant memory
Fra:38 Mem:63.39M (Peak 64.04M) | Time:00:00.14 | Mem:27.93M, Peak:28.07M | Scene, ViewLayer | Loading denoising kernels (may take a few minutes the first time)
Fra:38 Mem:63.39M (Peak 64.04M) | Time:00:00.14 | Mem:27.93M, Peak:28.07M | Scene, ViewLayer | Sample 0/12
Fra:38 Mem:101.14M (Peak 101.14M) | Time:00:00.50 | Remaining:00:03.91 | Mem:65.63M, Peak:65.63M | Scene, ViewLayer | Sample 1/12
Fra:38 Mem:117.01M (Peak 140.82M) | Time:00:12.51 | Mem:65.63M, Peak:65.63M | Scene, ViewLayer | Sample 12/12
Fra:38 Mem:117.01M (Peak 140.82M) | Time:00:12.51 | Mem:65.63M, Peak:65.63M | Scene, ViewLayer | Finished
Saved: 'C:\Users\turbo08\findthem\apps\mobile\assets\avatar\v13-sit-stand\front-half.png'
Time: 00:12.62 (Saving: 00:00.10)

Fra:61 Mem:34.94M (Peak 34.94M) | Time:00:00.00 | Mem:0.00M, Peak:0.00M | Scene, ViewLayer | Synchronizing object | V13_mesh_0.001
Fra:61 Mem:34.94M (Peak 34.94M) | Time:00:00.00 | Mem:0.00M, Peak:0.00M | Scene, ViewLayer | Synchronizing object | Review floor
Fra:61 Mem:35.65M (Peak 35.65M) | Time:00:00.00 | Mem:0.00M, Peak:0.00M | Scene, ViewLayer | Synchronizing object | Area
Fra:61 Mem:43.70M (Peak 43.71M) | Time:00:00.01 | Mem:0.00M, Peak:0.00M | Scene, ViewLayer | Initializing
Fra:61 Mem:40.01M (Peak 43.71M) | Time:00:00.01 | Mem:0.00M, Peak:0.00M | Scene, ViewLayer | Updating Images | Loading Image_2
Fra:61 Mem:40.01M (Peak 43.71M) | Time:00:00.01 | Mem:0.00M, Peak:0.00M | Scene, ViewLayer | Updating Images | Loading Image_2.001
Fra:61 Mem:44.01M (Peak 44.01M) | Time:00:00.01 | Mem:0.00M, Peak:0.00M | Scene, ViewLayer | Updating Images | Loading Image_0
Fra:61 Mem:48.01M (Peak 48.01M) | Time:00:00.01 | Mem:0.00M, Peak:0.00M | Scene, ViewLayer | Updating Images | Loading Image_1
Fra:61 Mem:53.38M (Peak 64.04M) | Time:00:00.05 | Mem:16.00M, Peak:16.00M | Scene, ViewLayer | Waiting for render to start
Fra:61 Mem:53.38M (Peak 64.04M) | Time:00:00.05 | Mem:16.00M, Peak:16.00M | Scene, ViewLayer | Updating Scene
Fra:61 Mem:53.38M (Peak 64.04M) | Time:00:00.05 | Mem:16.00M, Peak:16.00M | Scene, ViewLayer | Updating Shaders
Fra:61 Mem:53.38M (Peak 64.04M) | Time:00:00.05 | Mem:16.00M, Peak:16.00M | Scene, ViewLayer | Loading render kernels (may take a few minutes the first time)
Fra:61 Mem:53.47M (Peak 64.04M) | Time:00:00.05 | Mem:16.00M, Peak:16.00M | Scene, ViewLayer | Updating Procedurals
Fra:61 Mem:53.47M (Peak 64.04M) | Time:00:00.05 | Mem:16.00M, Peak:16.00M | Scene, ViewLayer | Updating Background
Fra:61 Mem:53.47M (Peak 64.04M) | Time:00:00.05 | Mem:16.00M, Peak:16.00M | Scene, ViewLayer | Updating Camera
Fra:61 Mem:53.47M (Peak 64.04M) | Time:00:00.05 | Mem:16.00M, Peak:16.00M | Scene, ViewLayer | Updating Meshes Flags
Fra:61 Mem:53.47M (Peak 64.04M) | Time:00:00.05 | Mem:16.00M, Peak:16.00M | Scene, ViewLayer | Updating Objects
Fra:61 Mem:53.47M (Peak 64.04M) | Time:00:00.05 | Mem:16.00M, Peak:16.00M | Scene, ViewLayer | Updating Objects | Copying Transformations to device
Fra:61 Mem:53.47M (Peak 64.04M) | Time:00:00.05 | Mem:16.01M, Peak:16.01M | Scene, ViewLayer | Updating Particle Systems
Fra:61 Mem:53.47M (Peak 64.04M) | Time:00:00.05 | Mem:16.01M, Peak:16.01M | Scene, ViewLayer | Updating Particle Systems | Copying Particles to device
Fra:61 Mem:53.47M (Peak 64.04M) | Time:00:00.05 | Mem:16.01M, Peak:16.01M | Scene, ViewLayer | Updating Meshes
Fra:61 Mem:55.76M (Peak 64.04M) | Time:00:00.09 | Mem:16.01M, Peak:16.01M | Scene, ViewLayer | Updating Objects | Applying Static Transformations
Fra:61 Mem:55.76M (Peak 64.04M) | Time:00:00.09 | Mem:16.01M, Peak:16.01M | Scene, ViewLayer | Updating Mesh | Computing attributes
Fra:61 Mem:61.70M (Peak 64.04M) | Time:00:00.09 | Mem:16.01M, Peak:16.01M | Scene, ViewLayer | Updating Mesh | Copying Attributes to device
Fra:61 Mem:61.70M (Peak 64.04M) | Time:00:00.09 | Mem:21.94M, Peak:21.94M | Scene, ViewLayer | Updating Scene BVH | Building
Fra:61 Mem:61.70M (Peak 64.04M) | Time:00:00.09 | Mem:21.94M, Peak:21.94M | Scene, ViewLayer | Updating Scene BVH | Building BVH
Fra:61 Mem:61.70M (Peak 64.04M) | Time:00:00.09 | Mem:23.86M, Peak:23.86M | Scene, ViewLayer | Updating Scene BVH | Building BVH 0%
Fra:61 Mem:61.70M (Peak 64.04M) | Time:00:00.10 | Mem:26.15M, Peak:28.07M | Scene, ViewLayer | Updating Scene BVH | Copying BVH to device
Fra:61 Mem:61.70M (Peak 64.04M) | Time:00:00.10 | Mem:26.15M, Peak:28.07M | Scene, ViewLayer | Updating Mesh | Computing normals
Fra:61 Mem:63.38M (Peak 64.04M) | Time:00:00.10 | Mem:26.15M, Peak:28.07M | Scene, ViewLayer | Updating Mesh | Copying Mesh to device
Fra:61 Mem:63.38M (Peak 64.04M) | Time:00:00.10 | Mem:27.84M, Peak:28.07M | Scene, ViewLayer | Updating Objects Flags
Fra:61 Mem:63.38M (Peak 64.04M) | Time:00:00.10 | Mem:27.84M, Peak:28.07M | Scene, ViewLayer | Updating Primitive Offsets
Fra:61 Mem:63.38M (Peak 64.04M) | Time:00:00.10 | Mem:27.84M, Peak:28.07M | Scene, ViewLayer | Updating Images
Fra:61 Mem:63.38M (Peak 64.04M) | Time:00:00.10 | Mem:27.84M, Peak:28.07M | Scene, ViewLayer | Updating Camera Volume
Fra:61 Mem:63.38M (Peak 64.04M) | Time:00:00.10 | Mem:27.84M, Peak:28.07M | Scene, ViewLayer | Updating Lookup Tables
Fra:61 Mem:63.38M (Peak 64.04M) | Time:00:00.10 | Mem:27.92M, Peak:28.07M | Scene, ViewLayer | Updating Lights
Fra:61 Mem:63.38M (Peak 64.04M) | Time:00:00.10 | Mem:27.92M, Peak:28.07M | Scene, ViewLayer | Updating Lights | Computing tree
Fra:61 Mem:63.38M (Peak 64.04M) | Time:00:00.10 | Mem:27.92M, Peak:28.07M | Scene, ViewLayer | Updating Integrator
Fra:61 Mem:63.38M (Peak 64.04M) | Time:00:00.10 | Mem:27.92M, Peak:28.07M | Scene, ViewLayer | Updating Film
Fra:61 Mem:63.39M (Peak 64.04M) | Time:00:00.10 | Mem:27.84M, Peak:28.07M | Scene, ViewLayer | Updating Lookup Tables
Fra:61 Mem:63.39M (Peak 64.04M) | Time:00:00.10 | Mem:27.93M, Peak:28.07M | Scene, ViewLayer | Updating Baking
Fra:61 Mem:63.39M (Peak 64.04M) | Time:00:00.10 | Mem:27.93M, Peak:28.07M | Scene, ViewLayer | Updating Device | Writing constant memory
Fra:61 Mem:63.39M (Peak 64.04M) | Time:00:00.10 | Mem:27.93M, Peak:28.07M | Scene, ViewLayer | Loading denoising kernels (may take a few minutes the first time)
Fra:61 Mem:63.39M (Peak 64.04M) | Time:00:00.10 | Mem:27.93M, Peak:28.07M | Scene, ViewLayer | Sample 0/12
Fra:61 Mem:101.14M (Peak 101.14M) | Time:00:00.43 | Remaining:00:03.63 | Mem:65.63M, Peak:65.63M | Scene, ViewLayer | Sample 1/12
Fra:61 Mem:117.01M (Peak 140.82M) | Time:00:13.63 | Mem:65.63M, Peak:65.63M | Scene, ViewLayer | Sample 12/12
Fra:61 Mem:117.01M (Peak 140.82M) | Time:00:13.63 | Mem:65.63M, Peak:65.63M | Scene, ViewLayer | Finished
Saved: 'C:\Users\turbo08\findthem\apps\mobile\assets\avatar\v13-sit-stand\front-stand.png'
Time: 00:13.78 (Saving: 00:00.14)

Fra:1 Mem:34.94M (Peak 34.94M) | Time:00:00.01 | Mem:0.00M, Peak:0.00M | Scene, ViewLayer | Synchronizing object | V13_mesh_0.001
Fra:1 Mem:34.94M (Peak 34.94M) | Time:00:00.01 | Mem:0.00M, Peak:0.00M | Scene, ViewLayer | Synchronizing object | Area
Fra:1 Mem:34.98M (Peak 34.98M) | Time:00:00.01 | Mem:0.00M, Peak:0.00M | Scene, ViewLayer | Synchronizing object | Area.001
Fra:1 Mem:43.70M (Peak 44.24M) | Time:00:00.02 | Mem:0.00M, Peak:0.00M | Scene, ViewLayer | Initializing
Fra:1 Mem:40.01M (Peak 44.24M) | Time:00:00.02 | Mem:0.00M, Peak:0.00M | Scene, ViewLayer | Updating Images | Loading Image_2
Fra:1 Mem:40.01M (Peak 44.24M) | Time:00:00.02 | Mem:0.00M, Peak:0.00M | Scene, ViewLayer | Updating Images | Loading Image_0
Fra:1 Mem:40.01M (Peak 44.24M) | Time:00:00.02 | Mem:0.00M, Peak:0.00M | Scene, ViewLayer | Updating Images | Loading Image_1
Fra:1 Mem:53.38M (Peak 60.03M) | Time:00:00.08 | Mem:16.00M, Peak:16.00M | Scene, ViewLayer | Waiting for render to start
Fra:1 Mem:53.38M (Peak 60.03M) | Time:00:00.08 | Mem:16.00M, Peak:16.00M | Scene, ViewLayer | Updating Scene
Fra:1 Mem:53.38M (Peak 60.03M) | Time:00:00.08 | Mem:16.00M, Peak:16.00M | Scene, ViewLayer | Updating Shaders
Fra:1 Mem:53.38M (Peak 60.03M) | Time:00:00.08 | Mem:16.00M, Peak:16.00M | Scene, ViewLayer | Loading render kernels (may take a few minutes the first time)
Fra:1 Mem:53.47M (Peak 60.03M) | Time:00:00.08 | Mem:16.00M, Peak:16.00M | Scene, ViewLayer | Updating Procedurals
Fra:1 Mem:53.47M (Peak 60.03M) | Time:00:00.08 | Mem:16.00M, Peak:16.00M | Scene, ViewLayer | Updating Background
Fra:1 Mem:53.47M (Peak 60.03M) | Time:00:00.08 | Mem:16.00M, Peak:16.00M | Scene, ViewLayer | Updating Camera
Fra:1 Mem:53.47M (Peak 60.03M) | Time:00:00.08 | Mem:16.00M, Peak:16.00M | Scene, ViewLayer | Updating Meshes Flags
Fra:1 Mem:53.47M (Peak 60.03M) | Time:00:00.08 | Mem:16.00M, Peak:16.00M | Scene, ViewLayer | Updating Objects
Fra:1 Mem:53.47M (Peak 60.03M) | Time:00:00.08 | Mem:16.00M, Peak:16.00M | Scene, ViewLayer | Updating Objects | Copying Transformations to device
Fra:1 Mem:53.47M (Peak 60.03M) | Time:00:00.08 | Mem:16.01M, Peak:16.01M | Scene, ViewLayer | Updating Particle Systems
Fra:1 Mem:53.47M (Peak 60.03M) | Time:00:00.08 | Mem:16.01M, Peak:16.01M | Scene, ViewLayer | Updating Particle Systems | Copying Particles to device
Fra:1 Mem:53.47M (Peak 60.03M) | Time:00:00.08 | Mem:16.01M, Peak:16.01M | Scene, ViewLayer | Updating Meshes
Fra:1 Mem:55.76M (Peak 60.03M) | Time:00:00.15 | Mem:16.01M, Peak:16.01M | Scene, ViewLayer | Updating Objects | Applying Static Transformations
Fra:1 Mem:55.76M (Peak 60.03M) | Time:00:00.15 | Mem:16.01M, Peak:16.01M | Scene, ViewLayer | Updating Mesh | Computing attributes
Fra:1 Mem:61.70M (Peak 61.70M) | Time:00:00.15 | Mem:16.01M, Peak:16.01M | Scene, ViewLayer | Updating Mesh | Copying Attributes to device
Fra:1 Mem:61.70M (Peak 61.70M) | Time:00:00.15 | Mem:21.94M, Peak:21.94M | Scene, ViewLayer | Updating Scene BVH | Building
Fra:1 Mem:61.70M (Peak 61.70M) | Time:00:00.15 | Mem:21.94M, Peak:21.94M | Scene, ViewLayer | Updating Scene BVH | Building BVH
Fra:1 Mem:61.70M (Peak 61.70M) | Time:00:00.15 | Mem:23.86M, Peak:23.86M | Scene, ViewLayer | Updating Scene BVH | Building BVH 0%
Fra:1 Mem:61.70M (Peak 61.70M) | Time:00:00.16 | Mem:26.15M, Peak:28.07M | Scene, ViewLayer | Updating Scene BVH | Copying BVH to device
Fra:1 Mem:61.70M (Peak 61.70M) | Time:00:00.16 | Mem:26.15M, Peak:28.07M | Scene, ViewLayer | Updating Mesh | Computing normals
Fra:1 Mem:63.38M (Peak 63.38M) | Time:00:00.16 | Mem:26.15M, Peak:28.07M | Scene, ViewLayer | Updating Mesh | Copying Mesh to device
Fra:1 Mem:63.38M (Peak 63.38M) | Time:00:00.16 | Mem:27.84M, Peak:28.07M | Scene, ViewLayer | Updating Objects Flags
Fra:1 Mem:63.38M (Peak 63.38M) | Time:00:00.16 | Mem:27.84M, Peak:28.07M | Scene, ViewLayer | Updating Primitive Offsets
Fra:1 Mem:63.38M (Peak 63.38M) | Time:00:00.16 | Mem:27.84M, Peak:28.07M | Scene, ViewLayer | Updating Images
Fra:1 Mem:63.38M (Peak 63.38M) | Time:00:00.16 | Mem:27.84M, Peak:28.07M | Scene, ViewLayer | Updating Camera Volume
Fra:1 Mem:63.38M (Peak 63.38M) | Time:00:00.16 | Mem:27.84M, Peak:28.07M | Scene, ViewLayer | Updating Lookup Tables
Fra:1 Mem:63.38M (Peak 63.38M) | Time:00:00.16 | Mem:27.92M, Peak:28.07M | Scene, ViewLayer | Updating Lights
Fra:1 Mem:63.38M (Peak 63.38M) | Time:00:00.16 | Mem:27.92M, Peak:28.07M | Scene, ViewLayer | Updating Lights | Computing tree
Fra:1 Mem:63.38M (Peak 63.38M) | Time:00:00.16 | Mem:27.92M, Peak:28.07M | Scene, ViewLayer | Updating Integrator
Fra:1 Mem:63.38M (Peak 63.38M) | Time:00:00.16 | Mem:27.92M, Peak:28.07M | Scene, ViewLayer | Updating Film
Fra:1 Mem:63.39M (Peak 63.39M) | Time:00:00.16 | Mem:27.84M, Peak:28.07M | Scene, ViewLayer | Updating Lookup Tables
Fra:1 Mem:63.39M (Peak 63.39M) | Time:00:00.16 | Mem:27.93M, Peak:28.07M | Scene, ViewLayer | Updating Baking
Fra:1 Mem:63.39M (Peak 63.39M) | Time:00:00.16 | Mem:27.93M, Peak:28.07M | Scene, ViewLayer | Updating Device | Writing constant memory
Fra:1 Mem:63.39M (Peak 63.39M) | Time:00:00.16 | Mem:27.93M, Peak:28.07M | Scene, ViewLayer | Loading denoising kernels (may take a few minutes the first time)
Fra:1 Mem:63.39M (Peak 63.39M) | Time:00:00.16 | Mem:27.93M, Peak:28.07M | Scene, ViewLayer | Sample 0/12
Fra:1 Mem:101.14M (Peak 101.14M) | Time:00:00.78 | Remaining:00:06.82 | Mem:65.63M, Peak:65.63M | Scene, ViewLayer | Sample 1/12
Fra:1 Mem:117.01M (Peak 140.82M) | Time:00:17.51 | Mem:65.63M, Peak:65.63M | Scene, ViewLayer | Sample 12/12
Fra:1 Mem:117.01M (Peak 140.82M) | Time:00:17.51 | Mem:65.63M, Peak:65.63M | Scene, ViewLayer | Finished
Saved: 'C:\Users\turbo08\findthem\apps\mobile\assets\avatar\v13-sit-stand\back-sit.png'
Time: 00:17.69 (Saving: 00:00.17)

Fra:38 Mem:34.94M (Peak 34.94M) | Time:00:00.01 | Mem:0.00M, Peak:0.00M | Scene, ViewLayer | Synchronizing object | V13_mesh_0.001
Fra:38 Mem:34.94M (Peak 34.94M) | Time:00:00.01 | Mem:0.00M, Peak:0.00M | Scene, ViewLayer | Synchronizing object | V13_Object_32
Fra:38 Mem:34.95M (Peak 34.95M) | Time:00:00.01 | Mem:0.00M, Peak:0.00M | Scene, ViewLayer | Synchronizing object | Area.001
Fra:38 Mem:34.99M (Peak 34.99M) | Time:00:00.01 | Mem:0.00M, Peak:0.00M | Scene, ViewLayer | Synchronizing object | Area
Fra:38 Mem:34.99M (Peak 34.99M) | Time:00:00.01 | Mem:0.00M, Peak:0.00M | Scene, ViewLayer | Synchronizing object | Review floor
Fra:38 Mem:35.08M (Peak 35.08M) | Time:00:00.01 | Mem:0.00M, Peak:0.00M | Scene, ViewLayer | Synchronizing object | V13_mesh_0
Fra:38 Mem:43.70M (Peak 43.99M) | Time:00:00.03 | Mem:0.00M, Peak:0.00M | Scene, ViewLayer | Initializing
Fra:38 Mem:40.01M (Peak 43.99M) | Time:00:00.03 | Mem:0.00M, Peak:0.00M | Scene, ViewLayer | Updating Images | Loading Image_2
Fra:38 Mem:40.01M (Peak 43.99M) | Time:00:00.03 | Mem:0.00M, Peak:0.00M | Scene, ViewLayer | Updating Images | Loading Image_1.001
Fra:38 Mem:40.01M (Peak 43.99M) | Time:00:00.03 | Mem:0.00M, Peak:0.00M | Scene, ViewLayer | Updating Images | Loading Image_2.001
Fra:38 Mem:44.01M (Peak 44.01M) | Time:00:00.03 | Mem:0.00M, Peak:0.00M | Scene, ViewLayer | Updating Images | Loading Image_1
Fra:38 Mem:53.38M (Peak 64.04M) | Time:00:00.14 | Mem:16.00M, Peak:16.00M | Scene, ViewLayer | Waiting for render to start
Fra:38 Mem:53.38M (Peak 64.04M) | Time:00:00.14 | Mem:16.00M, Peak:16.00M | Scene, ViewLayer | Updating Scene
Fra:38 Mem:53.38M (Peak 64.04M) | Time:00:00.14 | Mem:16.00M, Peak:16.00M | Scene, ViewLayer | Updating Shaders
Fra:38 Mem:53.38M (Peak 64.04M) | Time:00:00.14 | Mem:16.00M, Peak:16.00M | Scene, ViewLayer | Loading render kernels (may take a few minutes the first time)
Fra:38 Mem:53.47M (Peak 64.04M) | Time:00:00.15 | Mem:16.00M, Peak:16.00M | Scene, ViewLayer | Updating Procedurals
Fra:38 Mem:53.47M (Peak 64.04M) | Time:00:00.15 | Mem:16.00M, Peak:16.00M | Scene, ViewLayer | Updating Background
Fra:38 Mem:53.47M (Peak 64.04M) | Time:00:00.15 | Mem:16.00M, Peak:16.00M | Scene, ViewLayer | Updating Camera
Fra:38 Mem:53.47M (Peak 64.04M) | Time:00:00.15 | Mem:16.00M, Peak:16.00M | Scene, ViewLayer | Updating Meshes Flags
Fra:38 Mem:53.47M (Peak 64.04M) | Time:00:00.15 | Mem:16.00M, Peak:16.00M | Scene, ViewLayer | Updating Objects
Fra:38 Mem:53.47M (Peak 64.04M) | Time:00:00.15 | Mem:16.00M, Peak:16.00M | Scene, ViewLayer | Updating Objects | Copying Transformations to device
Fra:38 Mem:53.47M (Peak 64.04M) | Time:00:00.15 | Mem:16.01M, Peak:16.01M | Scene, ViewLayer | Updating Particle Systems
Fra:38 Mem:53.47M (Peak 64.04M) | Time:00:00.15 | Mem:16.01M, Peak:16.01M | Scene, ViewLayer | Updating Particle Systems | Copying Particles to device
Fra:38 Mem:53.47M (Peak 64.04M) | Time:00:00.15 | Mem:16.01M, Peak:16.01M | Scene, ViewLayer | Updating Meshes
Fra:38 Mem:55.76M (Peak 64.04M) | Time:00:00.24 | Mem:16.01M, Peak:16.01M | Scene, ViewLayer | Updating Objects | Applying Static Transformations
Fra:38 Mem:55.76M (Peak 64.04M) | Time:00:00.24 | Mem:16.01M, Peak:16.01M | Scene, ViewLayer | Updating Mesh | Computing attributes
Fra:38 Mem:61.70M (Peak 64.04M) | Time:00:00.24 | Mem:16.01M, Peak:16.01M | Scene, ViewLayer | Updating Mesh | Copying Attributes to device
Fra:38 Mem:61.70M (Peak 64.04M) | Time:00:00.24 | Mem:21.94M, Peak:21.94M | Scene, ViewLayer | Updating Scene BVH | Building
Fra:38 Mem:61.70M (Peak 64.04M) | Time:00:00.24 | Mem:21.94M, Peak:21.94M | Scene, ViewLayer | Updating Scene BVH | Building BVH
Fra:38 Mem:61.70M (Peak 64.04M) | Time:00:00.24 | Mem:23.86M, Peak:23.86M | Scene, ViewLayer | Updating Scene BVH | Building BVH 0%
Fra:38 Mem:61.70M (Peak 64.04M) | Time:00:00.26 | Mem:26.15M, Peak:28.07M | Scene, ViewLayer | Updating Scene BVH | Copying BVH to device
Fra:38 Mem:61.70M (Peak 64.04M) | Time:00:00.26 | Mem:26.15M, Peak:28.07M | Scene, ViewLayer | Updating Mesh | Computing normals
Fra:38 Mem:63.38M (Peak 64.04M) | Time:00:00.26 | Mem:26.15M, Peak:28.07M | Scene, ViewLayer | Updating Mesh | Copying Mesh to device
Fra:38 Mem:63.38M (Peak 64.04M) | Time:00:00.26 | Mem:27.84M, Peak:28.07M | Scene, ViewLayer | Updating Objects Flags
Fra:38 Mem:63.38M (Peak 64.04M) | Time:00:00.26 | Mem:27.84M, Peak:28.07M | Scene, ViewLayer | Updating Primitive Offsets
Fra:38 Mem:63.38M (Peak 64.04M) | Time:00:00.26 | Mem:27.84M, Peak:28.07M | Scene, ViewLayer | Updating Images
Fra:38 Mem:63.38M (Peak 64.04M) | Time:00:00.26 | Mem:27.84M, Peak:28.07M | Scene, ViewLayer | Updating Camera Volume
Fra:38 Mem:63.38M (Peak 64.04M) | Time:00:00.26 | Mem:27.84M, Peak:28.07M | Scene, ViewLayer | Updating Lookup Tables
Fra:38 Mem:63.38M (Peak 64.04M) | Time:00:00.26 | Mem:27.92M, Peak:28.07M | Scene, ViewLayer | Updating Lights
Fra:38 Mem:63.38M (Peak 64.04M) | Time:00:00.26 | Mem:27.92M, Peak:28.07M | Scene, ViewLayer | Updating Lights | Computing tree
Fra:38 Mem:63.39M (Peak 64.04M) | Time:00:00.26 | Mem:27.92M, Peak:28.07M | Scene, ViewLayer | Updating Integrator
Fra:38 Mem:63.39M (Peak 64.04M) | Time:00:00.26 | Mem:27.92M, Peak:28.07M | Scene, ViewLayer | Updating Film
Fra:38 Mem:63.39M (Peak 64.04M) | Time:00:00.26 | Mem:27.84M, Peak:28.07M | Scene, ViewLayer | Updating Lookup Tables
Fra:38 Mem:63.39M (Peak 64.04M) | Time:00:00.26 | Mem:27.93M, Peak:28.07M | Scene, ViewLayer | Updating Baking
Fra:38 Mem:63.39M (Peak 64.04M) | Time:00:00.26 | Mem:27.93M, Peak:28.07M | Scene, ViewLayer | Updating Device | Writing constant memory
Fra:38 Mem:63.39M (Peak 64.04M) | Time:00:00.26 | Mem:27.93M, Peak:28.07M | Scene, ViewLayer | Loading denoising kernels (may take a few minutes the first time)
Fra:38 Mem:63.39M (Peak 64.04M) | Time:00:00.26 | Mem:27.93M, Peak:28.07M | Scene, ViewLayer | Sample 0/12
Fra:38 Mem:101.14M (Peak 101.14M) | Time:00:00.76 | Remaining:00:05.46 | Mem:65.63M, Peak:65.63M | Scene, ViewLayer | Sample 1/12
Fra:38 Mem:117.01M (Peak 140.82M) | Time:00:15.68 | Mem:65.63M, Peak:65.63M | Scene, ViewLayer | Sample 12/12
Fra:38 Mem:117.01M (Peak 140.82M) | Time:00:15.68 | Mem:65.63M, Peak:65.63M | Scene, ViewLayer | Finished
Saved: 'C:\Users\turbo08\findthem\apps\mobile\assets\avatar\v13-sit-stand\back-half.png'
Time: 00:15.77 (Saving: 00:00.08)

Fra:61 Mem:34.94M (Peak 34.94M) | Time:00:00.01 | Mem:0.00M, Peak:0.00M | Scene, ViewLayer | Synchronizing object | V13_mesh_0.001
Fra:61 Mem:34.94M (Peak 34.94M) | Time:00:00.01 | Mem:0.00M, Peak:0.00M | Scene, ViewLayer | Synchronizing object | Review floor
Fra:61 Mem:34.98M (Peak 34.98M) | Time:00:00.01 | Mem:0.00M, Peak:0.00M | Scene, ViewLayer | Synchronizing object | Area.001
Fra:61 Mem:34.98M (Peak 34.98M) | Time:00:00.01 | Mem:0.00M, Peak:0.00M | Scene, ViewLayer | Synchronizing object | Area
Fra:61 Mem:43.70M (Peak 43.99M) | Time:00:00.02 | Mem:0.00M, Peak:0.00M | Scene, ViewLayer | Initializing
Fra:61 Mem:40.01M (Peak 43.99M) | Time:00:00.02 | Mem:0.00M, Peak:0.00M | Scene, ViewLayer | Updating Images | Loading Image_2
Fra:61 Mem:40.01M (Peak 43.99M) | Time:00:00.02 | Mem:0.00M, Peak:0.00M | Scene, ViewLayer | Updating Images | Loading Image_1.001
Fra:61 Mem:44.01M (Peak 44.01M) | Time:00:00.02 | Mem:0.00M, Peak:0.00M | Scene, ViewLayer | Updating Images | Loading Image_1
Fra:61 Mem:44.01M (Peak 44.01M) | Time:00:00.02 | Mem:0.00M, Peak:0.00M | Scene, ViewLayer | Updating Images | Loading Image_0
Fra:61 Mem:53.38M (Peak 60.03M) | Time:00:00.06 | Mem:16.00M, Peak:16.00M | Scene, ViewLayer | Waiting for render to start
Fra:61 Mem:53.38M (Peak 60.03M) | Time:00:00.06 | Mem:16.00M, Peak:16.00M | Scene, ViewLayer | Updating Scene
Fra:61 Mem:53.38M (Peak 60.03M) | Time:00:00.06 | Mem:16.00M, Peak:16.00M | Scene, ViewLayer | Updating Shaders
Fra:61 Mem:53.38M (Peak 60.03M) | Time:00:00.06 | Mem:16.00M, Peak:16.00M | Scene, ViewLayer | Loading render kernels (may take a few minutes the first time)
Fra:61 Mem:53.47M (Peak 60.03M) | Time:00:00.06 | Mem:16.00M, Peak:16.00M | Scene, ViewLayer | Updating Procedurals
Fra:61 Mem:53.47M (Peak 60.03M) | Time:00:00.06 | Mem:16.00M, Peak:16.00M | Scene, ViewLayer | Updating Background
Fra:61 Mem:53.47M (Peak 60.03M) | Time:00:00.06 | Mem:16.00M, Peak:16.00M | Scene, ViewLayer | Updating Camera
Fra:61 Mem:53.47M (Peak 60.03M) | Time:00:00.06 | Mem:16.00M, Peak:16.00M | Scene, ViewLayer | Updating Meshes Flags
Fra:61 Mem:53.47M (Peak 60.03M) | Time:00:00.06 | Mem:16.00M, Peak:16.00M | Scene, ViewLayer | Updating Objects
Fra:61 Mem:53.47M (Peak 60.03M) | Time:00:00.06 | Mem:16.00M, Peak:16.00M | Scene, ViewLayer | Updating Objects | Copying Transformations to device
Fra:61 Mem:53.47M (Peak 60.03M) | Time:00:00.06 | Mem:16.01M, Peak:16.01M | Scene, ViewLayer | Updating Particle Systems
Fra:61 Mem:53.47M (Peak 60.03M) | Time:00:00.06 | Mem:16.01M, Peak:16.01M | Scene, ViewLayer | Updating Particle Systems | Copying Particles to device
Fra:61 Mem:53.47M (Peak 60.03M) | Time:00:00.06 | Mem:16.01M, Peak:16.01M | Scene, ViewLayer | Updating Meshes
Fra:61 Mem:55.76M (Peak 60.03M) | Time:00:00.11 | Mem:16.01M, Peak:16.01M | Scene, ViewLayer | Updating Objects | Applying Static Transformations
Fra:61 Mem:55.76M (Peak 60.03M) | Time:00:00.11 | Mem:16.01M, Peak:16.01M | Scene, ViewLayer | Updating Mesh | Computing attributes
Fra:61 Mem:61.70M (Peak 61.70M) | Time:00:00.11 | Mem:16.01M, Peak:16.01M | Scene, ViewLayer | Updating Mesh | Copying Attributes to device
Fra:61 Mem:61.70M (Peak 61.70M) | Time:00:00.11 | Mem:21.94M, Peak:21.94M | Scene, ViewLayer | Updating Scene BVH | Building
Fra:61 Mem:61.70M (Peak 61.70M) | Time:00:00.11 | Mem:21.94M, Peak:21.94M | Scene, ViewLayer | Updating Scene BVH | Building BVH
Fra:61 Mem:61.70M (Peak 61.70M) | Time:00:00.11 | Mem:23.86M, Peak:23.86M | Scene, ViewLayer | Updating Scene BVH | Building BVH 0%
Fra:61 Mem:61.70M (Peak 61.70M) | Time:00:00.12 | Mem:26.15M, Peak:28.07M | Scene, ViewLayer | Updating Scene BVH | Copying BVH to device
Fra:61 Mem:61.70M (Peak 61.70M) | Time:00:00.12 | Mem:26.15M, Peak:28.07M | Scene, ViewLayer | Updating Mesh | Computing normals
Fra:61 Mem:63.38M (Peak 63.38M) | Time:00:00.12 | Mem:26.15M, Peak:28.07M | Scene, ViewLayer | Updating Mesh | Copying Mesh to device
Fra:61 Mem:63.38M (Peak 63.38M) | Time:00:00.12 | Mem:27.84M, Peak:28.07M | Scene, ViewLayer | Updating Objects Flags
Fra:61 Mem:63.38M (Peak 63.38M) | Time:00:00.12 | Mem:27.84M, Peak:28.07M | Scene, ViewLayer | Updating Primitive Offsets
Fra:61 Mem:63.38M (Peak 63.38M) | Time:00:00.12 | Mem:27.84M, Peak:28.07M | Scene, ViewLayer | Updating Images
Fra:61 Mem:63.38M (Peak 63.38M) | Time:00:00.12 | Mem:27.84M, Peak:28.07M | Scene, ViewLayer | Updating Camera Volume
Fra:61 Mem:63.38M (Peak 63.38M) | Time:00:00.12 | Mem:27.84M, Peak:28.07M | Scene, ViewLayer | Updating Lookup Tables
Fra:61 Mem:63.38M (Peak 63.38M) | Time:00:00.12 | Mem:27.92M, Peak:28.07M | Scene, ViewLayer | Updating Lights
Fra:61 Mem:63.38M (Peak 63.38M) | Time:00:00.12 | Mem:27.92M, Peak:28.07M | Scene, ViewLayer | Updating Lights | Computing tree
Fra:61 Mem:63.39M (Peak 63.39M) | Time:00:00.12 | Mem:27.92M, Peak:28.07M | Scene, ViewLayer | Updating Integrator
Fra:61 Mem:63.39M (Peak 63.39M) | Time:00:00.12 | Mem:27.92M, Peak:28.07M | Scene, ViewLayer | Updating Film
Fra:61 Mem:63.39M (Peak 63.39M) | Time:00:00.12 | Mem:27.84M, Peak:28.07M | Scene, ViewLayer | Updating Lookup Tables
Fra:61 Mem:63.39M (Peak 63.39M) | Time:00:00.12 | Mem:27.93M, Peak:28.07M | Scene, ViewLayer | Updating Baking
Fra:61 Mem:63.39M (Peak 63.39M) | Time:00:00.12 | Mem:27.93M, Peak:28.07M | Scene, ViewLayer | Updating Device | Writing constant memory
Fra:61 Mem:63.39M (Peak 63.39M) | Time:00:00.12 | Mem:27.93M, Peak:28.07M | Scene, ViewLayer | Loading denoising kernels (may take a few minutes the first time)
Fra:61 Mem:63.39M (Peak 63.39M) | Time:00:00.12 | Mem:27.93M, Peak:28.07M | Scene, ViewLayer | Sample 0/12
Fra:61 Mem:101.14M (Peak 101.14M) | Time:00:00.46 | Remaining:00:03.70 | Mem:65.63M, Peak:65.63M | Scene, ViewLayer | Sample 1/12
Fra:61 Mem:117.01M (Peak 140.82M) | Time:00:10.67 | Mem:65.63M, Peak:65.63M | Scene, ViewLayer | Sample 12/12
Fra:61 Mem:117.01M (Peak 140.82M) | Time:00:10.67 | Mem:65.63M, Peak:65.63M | Scene, ViewLayer | Finished
Saved: 'C:\Users\turbo08\findthem\apps\mobile\assets\avatar\v13-sit-stand\back-stand.png'
Time: 00:10.77 (Saving: 00:00.09)

BlenderMCP: cannot start server in background mode (blender -b) - commands would never execute
BlenderMCP: run Blender with a GUI, or use a virtual display: xvfb-run -a blender
BlenderMCP addon registered
Info: Saved as "v13-sit-stand-study.blend"
BlenderMCP server stopped
BlenderMCP addon unregistered

Blender quit
