Blender 4.5.10 LTS (hash 6dc0b208d1b5 built 2026-05-19 01:33:42)
Read blend: "C:\Users\turbo08\findthem\apps\mobile\assets\avatar\references\paw-pad-fit\paw-pads-fitted.blend"
Fra:1 Mem:58.84M (Peak 61.53M) | Time:00:00.01 | Mem:0.00M, Peak:0.00M | Scene, ViewLayer | Synchronizing object | Seated_Haunch_With_V13_Toes
Fra:1 Mem:58.84M (Peak 61.53M) | Time:00:00.01 | Mem:0.00M, Peak:0.00M | Scene, ViewLayer | Synchronizing object | DigitalPad_Toe_-1_2
Fra:1 Mem:64.34M (Peak 64.34M) | Time:00:00.01 | Mem:0.00M, Peak:0.00M | Scene, ViewLayer | Synchronizing object | DigitalPad_Toe_-1_3
Fra:1 Mem:64.34M (Peak 64.34M) | Time:00:00.01 | Mem:0.00M, Peak:0.00M | Scene, ViewLayer | Synchronizing object | DigitalPad_Toe_-1_5
Fra:1 Mem:64.38M (Peak 64.38M) | Time:00:00.01 | Mem:0.00M, Peak:0.00M | Scene, ViewLayer | Synchronizing object | DigitalPad_Toe_1_2
Fra:1 Mem:64.41M (Peak 64.41M) | Time:00:00.01 | Mem:0.00M, Peak:0.00M | Scene, ViewLayer | Synchronizing object | DigitalPad_Toe_1_3
Fra:1 Mem:64.77M (Peak 64.77M) | Time:00:00.01 | Mem:0.00M, Peak:0.00M | Scene, ViewLayer | Synchronizing object | DigitalPad_Toe_1_4
Fra:1 Mem:64.79M (Peak 64.79M) | Time:00:00.01 | Mem:0.00M, Peak:0.00M | Scene, ViewLayer | Synchronizing object | DigitalPad_Toe_1_5
Fra:1 Mem:64.95M (Peak 64.95M) | Time:00:00.01 | Mem:0.00M, Peak:0.00M | Scene, ViewLayer | Synchronizing object | MetatarsalPad_-1
Fra:1 Mem:65.01M (Peak 65.01M) | Time:00:00.01 | Mem:0.00M, Peak:0.00M | Scene, ViewLayer | Synchronizing object | MetatarsalPad_1
Fra:1 Mem:91.73M (Peak 95.33M) | Time:00:00.03 | Mem:0.00M, Peak:0.00M | Scene, ViewLayer | Initializing
Fra:1 Mem:69.96M (Peak 95.33M) | Time:00:00.03 | Mem:0.00M, Peak:0.00M | Scene, ViewLayer | Waiting for render to start
Fra:1 Mem:69.96M (Peak 95.33M) | Time:00:00.03 | Mem:0.00M, Peak:0.00M | Scene, ViewLayer | Updating Scene
Fra:1 Mem:69.96M (Peak 95.33M) | Time:00:00.03 | Mem:0.00M, Peak:0.00M | Scene, ViewLayer | Updating Shaders
Fra:1 Mem:69.96M (Peak 95.33M) | Time:00:00.03 | Mem:0.00M, Peak:0.00M | Scene, ViewLayer | Loading render kernels (may take a few minutes the first time)
Fra:1 Mem:70.04M (Peak 95.33M) | Time:00:00.03 | Mem:0.00M, Peak:0.00M | Scene, ViewLayer | Updating Procedurals
Fra:1 Mem:70.04M (Peak 95.33M) | Time:00:00.03 | Mem:0.00M, Peak:0.00M | Scene, ViewLayer | Updating Background
Fra:1 Mem:70.04M (Peak 95.33M) | Time:00:00.03 | Mem:0.00M, Peak:0.00M | Scene, ViewLayer | Updating Camera
Fra:1 Mem:70.04M (Peak 95.33M) | Time:00:00.03 | Mem:0.00M, Peak:0.00M | Scene, ViewLayer | Updating Meshes Flags
Fra:1 Mem:70.04M (Peak 95.33M) | Time:00:00.03 | Mem:0.00M, Peak:0.00M | Scene, ViewLayer | Updating Objects
Fra:1 Mem:70.04M (Peak 95.33M) | Time:00:00.03 | Mem:0.00M, Peak:0.00M | Scene, ViewLayer | Updating Objects | Copying Transformations to device
Fra:1 Mem:70.04M (Peak 95.33M) | Time:00:00.03 | Mem:0.01M, Peak:0.01M | Scene, ViewLayer | Updating Particle Systems
Fra:1 Mem:70.04M (Peak 95.33M) | Time:00:00.03 | Mem:0.01M, Peak:0.01M | Scene, ViewLayer | Updating Particle Systems | Copying Particles to device
Fra:1 Mem:70.04M (Peak 95.33M) | Time:00:00.03 | Mem:0.01M, Peak:0.01M | Scene, ViewLayer | Updating Meshes
Fra:1 Mem:70.04M (Peak 95.33M) | Time:00:00.03 | Mem:0.01M, Peak:0.01M | Scene, ViewLayer | Updating Objects | Applying Static Transformations
Fra:1 Mem:70.04M (Peak 95.33M) | Time:00:00.03 | Mem:0.01M, Peak:0.01M | Scene, ViewLayer | Updating Mesh | Computing attributes
Fra:1 Mem:70.12M (Peak 95.33M) | Time:00:00.03 | Mem:0.01M, Peak:0.01M | Scene, ViewLayer | Updating Mesh | Copying Attributes to device
Fra:1 Mem:70.11M (Peak 95.33M) | Time:00:00.03 | Mem:0.08M, Peak:0.08M | Scene, ViewLayer | Updating Scene BVH | Building
Fra:1 Mem:70.11M (Peak 95.33M) | Time:00:00.03 | Mem:0.08M, Peak:0.08M | Scene, ViewLayer | Updating Scene BVH | Building BVH
Fra:1 Mem:70.11M (Peak 95.33M) | Time:00:00.03 | Mem:14.85M, Peak:14.85M | Scene, ViewLayer | Updating Scene BVH | Building BVH 0%
Fra:1 Mem:70.11M (Peak 95.33M) | Time:00:00.06 | Mem:30.92M, Peak:45.69M | Scene, ViewLayer | Updating Scene BVH | Copying BVH to device
Fra:1 Mem:70.11M (Peak 95.33M) | Time:00:00.06 | Mem:30.92M, Peak:45.69M | Scene, ViewLayer | Updating Mesh | Computing normals
Fra:1 Mem:83.04M (Peak 95.33M) | Time:00:00.06 | Mem:30.92M, Peak:45.69M | Scene, ViewLayer | Updating Mesh | Copying Mesh to device
Fra:1 Mem:83.04M (Peak 95.33M) | Time:00:00.06 | Mem:43.85M, Peak:45.69M | Scene, ViewLayer | Updating Objects Flags
Fra:1 Mem:83.04M (Peak 95.33M) | Time:00:00.06 | Mem:43.85M, Peak:45.69M | Scene, ViewLayer | Updating Primitive Offsets
Fra:1 Mem:83.04M (Peak 95.33M) | Time:00:00.06 | Mem:43.85M, Peak:45.69M | Scene, ViewLayer | Updating Images
Fra:1 Mem:83.04M (Peak 95.33M) | Time:00:00.06 | Mem:43.85M, Peak:45.69M | Scene, ViewLayer | Updating Camera Volume
Fra:1 Mem:83.04M (Peak 95.33M) | Time:00:00.06 | Mem:43.85M, Peak:45.69M | Scene, ViewLayer | Updating Lookup Tables
Fra:1 Mem:83.04M (Peak 95.33M) | Time:00:00.06 | Mem:43.93M, Peak:45.69M | Scene, ViewLayer | Updating Lights
Fra:1 Mem:83.04M (Peak 95.33M) | Time:00:00.06 | Mem:43.93M, Peak:45.69M | Scene, ViewLayer | Updating Lights | Computing tree
Fra:1 Mem:83.04M (Peak 95.33M) | Time:00:00.06 | Mem:43.93M, Peak:45.69M | Scene, ViewLayer | Updating Integrator
Fra:1 Mem:83.04M (Peak 95.33M) | Time:00:00.06 | Mem:43.93M, Peak:45.69M | Scene, ViewLayer | Updating Film
Fra:1 Mem:83.05M (Peak 95.33M) | Time:00:00.06 | Mem:43.85M, Peak:45.69M | Scene, ViewLayer | Updating Lookup Tables
Fra:1 Mem:83.05M (Peak 95.33M) | Time:00:00.06 | Mem:43.93M, Peak:45.69M | Scene, ViewLayer | Updating Baking
Fra:1 Mem:83.05M (Peak 95.33M) | Time:00:00.06 | Mem:43.93M, Peak:45.69M | Scene, ViewLayer | Updating Device | Writing constant memory
Fra:1 Mem:83.05M (Peak 95.33M) | Time:00:00.06 | Mem:43.93M, Peak:45.69M | Scene, ViewLayer | Loading denoising kernels (may take a few minutes the first time)
Fra:1 Mem:83.05M (Peak 95.33M) | Time:00:00.06 | Mem:43.93M, Peak:45.69M | Scene, ViewLayer | Sample 0/16
Fra:1 Mem:113.01M (Peak 113.01M) | Time:00:00.16 | Remaining:00:01.47 | Mem:73.62M, Peak:73.62M | Scene, ViewLayer | Sample 1/16
Fra:1 Mem:125.52M (Peak 144.27M) | Time:00:03.26 | Mem:73.62M, Peak:73.62M | Scene, ViewLayer | Sample 16/16
Fra:1 Mem:125.52M (Peak 144.27M) | Time:00:03.26 | Mem:73.62M, Peak:73.62M | Scene, ViewLayer | Finished
Saved: 'C:\Users\turbo08\findthem\apps\mobile\assets\avatar\references\paw-stand-rig\side-sit.png'
Time: 00:03.46 (Saving: 00:00.19)

Fra:39 Mem:65.31M (Peak 68.00M) | Time:00:00.01 | Mem:0.00M, Peak:0.00M | Scene, ViewLayer | Synchronizing object | Seated_Haunch_With_V13_Toes
Fra:39 Mem:65.31M (Peak 68.00M) | Time:00:00.01 | Mem:0.00M, Peak:0.00M | Scene, ViewLayer | Synchronizing object | DigitalPad_Toe_-1_2
Fra:39 Mem:65.31M (Peak 68.00M) | Time:00:00.01 | Mem:0.00M, Peak:0.00M | Scene, ViewLayer | Synchronizing object | DigitalPad_Toe_-1_4
Fra:39 Mem:70.71M (Peak 70.71M) | Time:00:00.01 | Mem:0.00M, Peak:0.00M | Scene, ViewLayer | Synchronizing object | DigitalPad_Toe_1_3
Fra:39 Mem:70.76M (Peak 70.76M) | Time:00:00.01 | Mem:0.00M, Peak:0.00M | Scene, ViewLayer | Synchronizing object | MetatarsalPad_1
Fra:39 Mem:70.86M (Peak 70.86M) | Time:00:00.01 | Mem:0.00M, Peak:0.00M | Scene, ViewLayer | Synchronizing object | DigitalPad_Toe_1_4
Fra:39 Mem:71.07M (Peak 71.07M) | Time:00:00.01 | Mem:0.00M, Peak:0.00M | Scene, ViewLayer | Synchronizing object | MetatarsalPad_-1
Fra:39 Mem:71.11M (Peak 71.11M) | Time:00:00.01 | Mem:0.00M, Peak:0.00M | Scene, ViewLayer | Synchronizing object | DigitalPad_Toe_1_5
Fra:39 Mem:91.73M (Peak 95.33M) | Time:00:00.02 | Mem:0.00M, Peak:0.00M | Scene, ViewLayer | Initializing
Fra:39 Mem:69.96M (Peak 95.33M) | Time:00:00.02 | Mem:0.00M, Peak:0.00M | Scene, ViewLayer | Waiting for render to start
Fra:39 Mem:69.96M (Peak 95.33M) | Time:00:00.02 | Mem:0.00M, Peak:0.00M | Scene, ViewLayer | Updating Scene
Fra:39 Mem:69.96M (Peak 95.33M) | Time:00:00.02 | Mem:0.00M, Peak:0.00M | Scene, ViewLayer | Updating Shaders
Fra:39 Mem:69.96M (Peak 95.33M) | Time:00:00.02 | Mem:0.00M, Peak:0.00M | Scene, ViewLayer | Loading render kernels (may take a few minutes the first time)
Fra:39 Mem:70.04M (Peak 95.33M) | Time:00:00.02 | Mem:0.00M, Peak:0.00M | Scene, ViewLayer | Updating Procedurals
Fra:39 Mem:70.04M (Peak 95.33M) | Time:00:00.02 | Mem:0.00M, Peak:0.00M | Scene, ViewLayer | Updating Background
Fra:39 Mem:70.04M (Peak 95.33M) | Time:00:00.02 | Mem:0.00M, Peak:0.00M | Scene, ViewLayer | Updating Camera
Fra:39 Mem:70.04M (Peak 95.33M) | Time:00:00.02 | Mem:0.00M, Peak:0.00M | Scene, ViewLayer | Updating Meshes Flags
Fra:39 Mem:70.04M (Peak 95.33M) | Time:00:00.02 | Mem:0.00M, Peak:0.00M | Scene, ViewLayer | Updating Objects
Fra:39 Mem:70.04M (Peak 95.33M) | Time:00:00.02 | Mem:0.00M, Peak:0.00M | Scene, ViewLayer | Updating Objects | Copying Transformations to device
Fra:39 Mem:70.04M (Peak 95.33M) | Time:00:00.02 | Mem:0.01M, Peak:0.01M | Scene, ViewLayer | Updating Particle Systems
Fra:39 Mem:70.04M (Peak 95.33M) | Time:00:00.02 | Mem:0.01M, Peak:0.01M | Scene, ViewLayer | Updating Particle Systems | Copying Particles to device
Fra:39 Mem:70.04M (Peak 95.33M) | Time:00:00.02 | Mem:0.01M, Peak:0.01M | Scene, ViewLayer | Updating Meshes
Fra:39 Mem:70.04M (Peak 95.33M) | Time:00:00.02 | Mem:0.01M, Peak:0.01M | Scene, ViewLayer | Updating Objects | Applying Static Transformations
Fra:39 Mem:70.04M (Peak 95.33M) | Time:00:00.02 | Mem:0.01M, Peak:0.01M | Scene, ViewLayer | Updating Mesh | Computing attributes
Fra:39 Mem:70.12M (Peak 95.33M) | Time:00:00.02 | Mem:0.01M, Peak:0.01M | Scene, ViewLayer | Updating Mesh | Copying Attributes to device
Fra:39 Mem:70.11M (Peak 95.33M) | Time:00:00.02 | Mem:0.08M, Peak:0.08M | Scene, ViewLayer | Updating Scene BVH | Building
Fra:39 Mem:70.11M (Peak 95.33M) | Time:00:00.02 | Mem:0.08M, Peak:0.08M | Scene, ViewLayer | Updating Scene BVH | Building BVH
Fra:39 Mem:70.11M (Peak 95.33M) | Time:00:00.03 | Mem:14.85M, Peak:14.85M | Scene, ViewLayer | Updating Scene BVH | Building BVH 0%
Fra:39 Mem:70.11M (Peak 95.33M) | Time:00:00.06 | Mem:30.92M, Peak:45.69M | Scene, ViewLayer | Updating Scene BVH | Copying BVH to device
Fra:39 Mem:70.11M (Peak 95.33M) | Time:00:00.06 | Mem:30.92M, Peak:45.69M | Scene, ViewLayer | Updating Mesh | Computing normals
Fra:39 Mem:83.04M (Peak 95.33M) | Time:00:00.06 | Mem:30.92M, Peak:45.69M | Scene, ViewLayer | Updating Mesh | Copying Mesh to device
Fra:39 Mem:83.04M (Peak 95.33M) | Time:00:00.06 | Mem:43.85M, Peak:45.69M | Scene, ViewLayer | Updating Objects Flags
Fra:39 Mem:83.04M (Peak 95.33M) | Time:00:00.06 | Mem:43.85M, Peak:45.69M | Scene, ViewLayer | Updating Primitive Offsets
Fra:39 Mem:83.04M (Peak 95.33M) | Time:00:00.06 | Mem:43.85M, Peak:45.69M | Scene, ViewLayer | Updating Images
Fra:39 Mem:83.04M (Peak 95.33M) | Time:00:00.06 | Mem:43.85M, Peak:45.69M | Scene, ViewLayer | Updating Camera Volume
Fra:39 Mem:83.04M (Peak 95.33M) | Time:00:00.06 | Mem:43.85M, Peak:45.69M | Scene, ViewLayer | Updating Lookup Tables
Fra:39 Mem:83.04M (Peak 95.33M) | Time:00:00.06 | Mem:43.93M, Peak:45.69M | Scene, ViewLayer | Updating Lights
Fra:39 Mem:83.04M (Peak 95.33M) | Time:00:00.06 | Mem:43.93M, Peak:45.69M | Scene, ViewLayer | Updating Lights | Computing tree
Fra:39 Mem:83.04M (Peak 95.33M) | Time:00:00.06 | Mem:43.93M, Peak:45.69M | Scene, ViewLayer | Updating Integrator
Fra:39 Mem:83.04M (Peak 95.33M) | Time:00:00.06 | Mem:43.93M, Peak:45.69M | Scene, ViewLayer | Updating Film
Fra:39 Mem:83.05M (Peak 95.33M) | Time:00:00.06 | Mem:43.85M, Peak:45.69M | Scene, ViewLayer | Updating Lookup Tables
Fra:39 Mem:83.05M (Peak 95.33M) | Time:00:00.06 | Mem:43.93M, Peak:45.69M | Scene, ViewLayer | Updating Baking
Fra:39 Mem:83.05M (Peak 95.33M) | Time:00:00.06 | Mem:43.93M, Peak:45.69M | Scene, ViewLayer | Updating Device | Writing constant memory
Fra:39 Mem:83.05M (Peak 95.33M) | Time:00:00.06 | Mem:43.93M, Peak:45.69M | Scene, ViewLayer | Loading denoising kernels (may take a few minutes the first time)
Fra:39 Mem:83.05M (Peak 95.33M) | Time:00:00.06 | Mem:43.93M, Peak:45.69M | Scene, ViewLayer | Sample 0/16
Fra:39 Mem:113.01M (Peak 113.01M) | Time:00:00.16 | Remaining:00:01.47 | Mem:73.62M, Peak:73.62M | Scene, ViewLayer | Sample 1/16
Fra:39 Mem:125.52M (Peak 144.27M) | Time:00:03.47 | Mem:73.62M, Peak:73.62M | Scene, ViewLayer | Sample 16/16
Fra:39 Mem:125.52M (Peak 144.27M) | Time:00:03.47 | Mem:73.62M, Peak:73.62M | Scene, ViewLayer | Finished
Saved: 'C:\Users\turbo08\findthem\apps\mobile\assets\avatar\references\paw-stand-rig\side-half.png'
Time: 00:03.52 (Saving: 00:00.04)

Fra:61 Mem:65.31M (Peak 68.00M) | Time:00:00.01 | Mem:0.00M, Peak:0.00M | Scene, ViewLayer | Synchronizing object | Seated_Haunch_With_V13_Toes
Fra:61 Mem:65.31M (Peak 68.00M) | Time:00:00.01 | Mem:0.00M, Peak:0.00M | Scene, ViewLayer | Synchronizing object | Area.001
Fra:61 Mem:70.71M (Peak 70.71M) | Time:00:00.01 | Mem:0.00M, Peak:0.00M | Scene, ViewLayer | Synchronizing object | DigitalPad_Toe_-1_4
Fra:61 Mem:70.78M (Peak 70.78M) | Time:00:00.01 | Mem:0.00M, Peak:0.00M | Scene, ViewLayer | Synchronizing object | MetatarsalPad_1
Fra:61 Mem:70.94M (Peak 70.94M) | Time:00:00.01 | Mem:0.00M, Peak:0.00M | Scene, ViewLayer | Synchronizing object | DigitalPad_Toe_-1_5
Fra:61 Mem:71.07M (Peak 71.07M) | Time:00:00.01 | Mem:0.00M, Peak:0.00M | Scene, ViewLayer | Synchronizing object | DigitalPad_Toe_1_2
Fra:61 Mem:71.09M (Peak 71.09M) | Time:00:00.01 | Mem:0.00M, Peak:0.00M | Scene, ViewLayer | Synchronizing object | DigitalPad_Toe_1_5
Fra:61 Mem:71.15M (Peak 71.15M) | Time:00:00.01 | Mem:0.00M, Peak:0.00M | Scene, ViewLayer | Synchronizing object | DigitalPad_Toe_1_3
Fra:61 Mem:71.23M (Peak 71.23M) | Time:00:00.01 | Mem:0.00M, Peak:0.00M | Scene, ViewLayer | Synchronizing object | DigitalPad_Toe_1_4
Fra:61 Mem:91.73M (Peak 95.33M) | Time:00:00.02 | Mem:0.00M, Peak:0.00M | Scene, ViewLayer | Initializing
Fra:61 Mem:69.96M (Peak 95.33M) | Time:00:00.02 | Mem:0.00M, Peak:0.00M | Scene, ViewLayer | Waiting for render to start
Fra:61 Mem:69.96M (Peak 95.33M) | Time:00:00.02 | Mem:0.00M, Peak:0.00M | Scene, ViewLayer | Updating Scene
Fra:61 Mem:69.96M (Peak 95.33M) | Time:00:00.02 | Mem:0.00M, Peak:0.00M | Scene, ViewLayer | Updating Shaders
Fra:61 Mem:69.96M (Peak 95.33M) | Time:00:00.02 | Mem:0.00M, Peak:0.00M | Scene, ViewLayer | Loading render kernels (may take a few minutes the first time)
Fra:61 Mem:70.04M (Peak 95.33M) | Time:00:00.02 | Mem:0.00M, Peak:0.00M | Scene, ViewLayer | Updating Procedurals
Fra:61 Mem:70.04M (Peak 95.33M) | Time:00:00.02 | Mem:0.00M, Peak:0.00M | Scene, ViewLayer | Updating Background
Fra:61 Mem:70.04M (Peak 95.33M) | Time:00:00.02 | Mem:0.00M, Peak:0.00M | Scene, ViewLayer | Updating Camera
Fra:61 Mem:70.04M (Peak 95.33M) | Time:00:00.02 | Mem:0.00M, Peak:0.00M | Scene, ViewLayer | Updating Meshes Flags
Fra:61 Mem:70.04M (Peak 95.33M) | Time:00:00.02 | Mem:0.00M, Peak:0.00M | Scene, ViewLayer | Updating Objects
Fra:61 Mem:70.04M (Peak 95.33M) | Time:00:00.02 | Mem:0.00M, Peak:0.00M | Scene, ViewLayer | Updating Objects | Copying Transformations to device
Fra:61 Mem:70.04M (Peak 95.33M) | Time:00:00.02 | Mem:0.01M, Peak:0.01M | Scene, ViewLayer | Updating Particle Systems
Fra:61 Mem:70.04M (Peak 95.33M) | Time:00:00.02 | Mem:0.01M, Peak:0.01M | Scene, ViewLayer | Updating Particle Systems | Copying Particles to device
Fra:61 Mem:70.04M (Peak 95.33M) | Time:00:00.02 | Mem:0.01M, Peak:0.01M | Scene, ViewLayer | Updating Meshes
Fra:61 Mem:70.04M (Peak 95.33M) | Time:00:00.02 | Mem:0.01M, Peak:0.01M | Scene, ViewLayer | Updating Objects | Applying Static Transformations
Fra:61 Mem:70.04M (Peak 95.33M) | Time:00:00.02 | Mem:0.01M, Peak:0.01M | Scene, ViewLayer | Updating Mesh | Computing attributes
Fra:61 Mem:70.12M (Peak 95.33M) | Time:00:00.02 | Mem:0.01M, Peak:0.01M | Scene, ViewLayer | Updating Mesh | Copying Attributes to device
Fra:61 Mem:70.11M (Peak 95.33M) | Time:00:00.02 | Mem:0.08M, Peak:0.08M | Scene, ViewLayer | Updating Scene BVH | Building
Fra:61 Mem:70.11M (Peak 95.33M) | Time:00:00.02 | Mem:0.08M, Peak:0.08M | Scene, ViewLayer | Updating Scene BVH | Building BVH
Fra:61 Mem:70.11M (Peak 95.33M) | Time:00:00.02 | Mem:14.85M, Peak:14.85M | Scene, ViewLayer | Updating Scene BVH | Building BVH 0%
Fra:61 Mem:70.11M (Peak 95.33M) | Time:00:00.05 | Mem:30.92M, Peak:45.69M | Scene, ViewLayer | Updating Scene BVH | Copying BVH to device
Fra:61 Mem:70.11M (Peak 95.33M) | Time:00:00.05 | Mem:30.92M, Peak:45.69M | Scene, ViewLayer | Updating Mesh | Computing normals
Fra:61 Mem:83.04M (Peak 95.33M) | Time:00:00.05 | Mem:30.92M, Peak:45.69M | Scene, ViewLayer | Updating Mesh | Copying Mesh to device
Fra:61 Mem:83.04M (Peak 95.33M) | Time:00:00.05 | Mem:43.85M, Peak:45.69M | Scene, ViewLayer | Updating Objects Flags
Fra:61 Mem:83.04M (Peak 95.33M) | Time:00:00.05 | Mem:43.85M, Peak:45.69M | Scene, ViewLayer | Updating Primitive Offsets
Fra:61 Mem:83.04M (Peak 95.33M) | Time:00:00.05 | Mem:43.85M, Peak:45.69M | Scene, ViewLayer | Updating Images
Fra:61 Mem:83.04M (Peak 95.33M) | Time:00:00.05 | Mem:43.85M, Peak:45.69M | Scene, ViewLayer | Updating Camera Volume
Fra:61 Mem:83.04M (Peak 95.33M) | Time:00:00.05 | Mem:43.85M, Peak:45.69M | Scene, ViewLayer | Updating Lookup Tables
Fra:61 Mem:83.04M (Peak 95.33M) | Time:00:00.05 | Mem:43.93M, Peak:45.69M | Scene, ViewLayer | Updating Lights
Fra:61 Mem:83.04M (Peak 95.33M) | Time:00:00.05 | Mem:43.93M, Peak:45.69M | Scene, ViewLayer | Updating Lights | Computing tree
Fra:61 Mem:83.04M (Peak 95.33M) | Time:00:00.05 | Mem:43.93M, Peak:45.69M | Scene, ViewLayer | Updating Integrator
Fra:61 Mem:83.04M (Peak 95.33M) | Time:00:00.05 | Mem:43.93M, Peak:45.69M | Scene, ViewLayer | Updating Film
Fra:61 Mem:83.05M (Peak 95.33M) | Time:00:00.05 | Mem:43.85M, Peak:45.69M | Scene, ViewLayer | Updating Lookup Tables
Fra:61 Mem:83.05M (Peak 95.33M) | Time:00:00.05 | Mem:43.93M, Peak:45.69M | Scene, ViewLayer | Updating Baking
Fra:61 Mem:83.05M (Peak 95.33M) | Time:00:00.05 | Mem:43.93M, Peak:45.69M | Scene, ViewLayer | Updating Device | Writing constant memory
Fra:61 Mem:83.05M (Peak 95.33M) | Time:00:00.05 | Mem:43.93M, Peak:45.69M | Scene, ViewLayer | Loading denoising kernels (may take a few minutes the first time)
Fra:61 Mem:83.05M (Peak 95.33M) | Time:00:00.05 | Mem:43.93M, Peak:45.69M | Scene, ViewLayer | Sample 0/16
Fra:61 Mem:113.01M (Peak 113.01M) | Time:00:00.15 | Remaining:00:01.45 | Mem:73.62M, Peak:73.62M | Scene, ViewLayer | Sample 1/16
Fra:61 Mem:125.52M (Peak 144.27M) | Time:00:03.45 | Mem:73.62M, Peak:73.62M | Scene, ViewLayer | Sample 16/16
Fra:61 Mem:125.52M (Peak 144.27M) | Time:00:03.45 | Mem:73.62M, Peak:73.62M | Scene, ViewLayer | Finished
Saved: 'C:\Users\turbo08\findthem\apps\mobile\assets\avatar\references\paw-stand-rig\side-stand.png'
Time: 00:03.50 (Saving: 00:00.04)

Fra:1 Mem:65.31M (Peak 68.00M) | Time:00:00.01 | Mem:0.00M, Peak:0.00M | Scene, ViewLayer | Synchronizing object | Seated_Haunch_With_V13_Toes
Fra:1 Mem:65.31M (Peak 68.00M) | Time:00:00.01 | Mem:0.00M, Peak:0.00M | Scene, ViewLayer | Synchronizing object | DigitalPad_Toe_-1_4
Fra:1 Mem:70.71M (Peak 70.71M) | Time:00:00.01 | Mem:0.00M, Peak:0.00M | Scene, ViewLayer | Synchronizing object | DigitalPad_Toe_-1_5
Fra:1 Mem:70.76M (Peak 70.76M) | Time:00:00.01 | Mem:0.00M, Peak:0.00M | Scene, ViewLayer | Synchronizing object | DigitalPad_Toe_1_5
Fra:1 Mem:70.79M (Peak 70.79M) | Time:00:00.01 | Mem:0.00M, Peak:0.00M | Scene, ViewLayer | Synchronizing object | MetatarsalPad_-1
Fra:1 Mem:91.73M (Peak 95.33M) | Time:00:00.02 | Mem:0.00M, Peak:0.00M | Scene, ViewLayer | Initializing
Fra:1 Mem:69.96M (Peak 95.33M) | Time:00:00.02 | Mem:0.00M, Peak:0.00M | Scene, ViewLayer | Waiting for render to start
Fra:1 Mem:69.96M (Peak 95.33M) | Time:00:00.02 | Mem:0.00M, Peak:0.00M | Scene, ViewLayer | Updating Scene
Fra:1 Mem:69.96M (Peak 95.33M) | Time:00:00.02 | Mem:0.00M, Peak:0.00M | Scene, ViewLayer | Updating Shaders
Fra:1 Mem:69.96M (Peak 95.33M) | Time:00:00.02 | Mem:0.00M, Peak:0.00M | Scene, ViewLayer | Loading render kernels (may take a few minutes the first time)
Fra:1 Mem:70.04M (Peak 95.33M) | Time:00:00.02 | Mem:0.00M, Peak:0.00M | Scene, ViewLayer | Updating Procedurals
Fra:1 Mem:70.04M (Peak 95.33M) | Time:00:00.02 | Mem:0.00M, Peak:0.00M | Scene, ViewLayer | Updating Background
Fra:1 Mem:70.04M (Peak 95.33M) | Time:00:00.02 | Mem:0.00M, Peak:0.00M | Scene, ViewLayer | Updating Camera
Fra:1 Mem:70.04M (Peak 95.33M) | Time:00:00.02 | Mem:0.00M, Peak:0.00M | Scene, ViewLayer | Updating Meshes Flags
Fra:1 Mem:70.04M (Peak 95.33M) | Time:00:00.02 | Mem:0.00M, Peak:0.00M | Scene, ViewLayer | Updating Objects
Fra:1 Mem:70.04M (Peak 95.33M) | Time:00:00.02 | Mem:0.00M, Peak:0.00M | Scene, ViewLayer | Updating Objects | Copying Transformations to device
Fra:1 Mem:70.04M (Peak 95.33M) | Time:00:00.02 | Mem:0.01M, Peak:0.01M | Scene, ViewLayer | Updating Particle Systems
Fra:1 Mem:70.04M (Peak 95.33M) | Time:00:00.02 | Mem:0.01M, Peak:0.01M | Scene, ViewLayer | Updating Particle Systems | Copying Particles to device
Fra:1 Mem:70.04M (Peak 95.33M) | Time:00:00.02 | Mem:0.01M, Peak:0.01M | Scene, ViewLayer | Updating Meshes
Fra:1 Mem:70.04M (Peak 95.33M) | Time:00:00.02 | Mem:0.01M, Peak:0.01M | Scene, ViewLayer | Updating Objects | Applying Static Transformations
Fra:1 Mem:70.04M (Peak 95.33M) | Time:00:00.02 | Mem:0.01M, Peak:0.01M | Scene, ViewLayer | Updating Mesh | Computing attributes
Fra:1 Mem:70.12M (Peak 95.33M) | Time:00:00.02 | Mem:0.01M, Peak:0.01M | Scene, ViewLayer | Updating Mesh | Copying Attributes to device
Fra:1 Mem:70.11M (Peak 95.33M) | Time:00:00.02 | Mem:0.08M, Peak:0.08M | Scene, ViewLayer | Updating Scene BVH | Building
Fra:1 Mem:70.11M (Peak 95.33M) | Time:00:00.02 | Mem:0.08M, Peak:0.08M | Scene, ViewLayer | Updating Scene BVH | Building BVH
Fra:1 Mem:70.11M (Peak 95.33M) | Time:00:00.02 | Mem:14.85M, Peak:14.85M | Scene, ViewLayer | Updating Scene BVH | Building BVH 0%
Fra:1 Mem:70.11M (Peak 95.33M) | Time:00:00.04 | Mem:30.92M, Peak:45.69M | Scene, ViewLayer | Updating Scene BVH | Copying BVH to device
Fra:1 Mem:70.11M (Peak 95.33M) | Time:00:00.04 | Mem:30.92M, Peak:45.69M | Scene, ViewLayer | Updating Mesh | Computing normals
Fra:1 Mem:83.04M (Peak 95.33M) | Time:00:00.05 | Mem:30.92M, Peak:45.69M | Scene, ViewLayer | Updating Mesh | Copying Mesh to device
Fra:1 Mem:83.04M (Peak 95.33M) | Time:00:00.05 | Mem:43.85M, Peak:45.69M | Scene, ViewLayer | Updating Objects Flags
Fra:1 Mem:83.04M (Peak 95.33M) | Time:00:00.05 | Mem:43.85M, Peak:45.69M | Scene, ViewLayer | Updating Primitive Offsets
Fra:1 Mem:83.04M (Peak 95.33M) | Time:00:00.05 | Mem:43.85M, Peak:45.69M | Scene, ViewLayer | Updating Images
Fra:1 Mem:83.04M (Peak 95.33M) | Time:00:00.05 | Mem:43.85M, Peak:45.69M | Scene, ViewLayer | Updating Camera Volume
Fra:1 Mem:83.04M (Peak 95.33M) | Time:00:00.05 | Mem:43.85M, Peak:45.69M | Scene, ViewLayer | Updating Lookup Tables
Fra:1 Mem:83.04M (Peak 95.33M) | Time:00:00.05 | Mem:43.93M, Peak:45.69M | Scene, ViewLayer | Updating Lights
Fra:1 Mem:83.04M (Peak 95.33M) | Time:00:00.05 | Mem:43.93M, Peak:45.69M | Scene, ViewLayer | Updating Lights | Computing tree
Fra:1 Mem:83.04M (Peak 95.33M) | Time:00:00.05 | Mem:43.93M, Peak:45.69M | Scene, ViewLayer | Updating Integrator
Fra:1 Mem:83.04M (Peak 95.33M) | Time:00:00.05 | Mem:43.93M, Peak:45.69M | Scene, ViewLayer | Updating Film
Fra:1 Mem:83.05M (Peak 95.33M) | Time:00:00.05 | Mem:43.85M, Peak:45.69M | Scene, ViewLayer | Updating Lookup Tables
Fra:1 Mem:83.05M (Peak 95.33M) | Time:00:00.05 | Mem:43.93M, Peak:45.69M | Scene, ViewLayer | Updating Baking
Fra:1 Mem:83.05M (Peak 95.33M) | Time:00:00.05 | Mem:43.93M, Peak:45.69M | Scene, ViewLayer | Updating Device | Writing constant memory
Fra:1 Mem:83.05M (Peak 95.33M) | Time:00:00.05 | Mem:43.93M, Peak:45.69M | Scene, ViewLayer | Loading denoising kernels (may take a few minutes the first time)
Fra:1 Mem:83.05M (Peak 95.33M) | Time:00:00.05 | Mem:43.93M, Peak:45.69M | Scene, ViewLayer | Sample 0/16
Fra:1 Mem:113.01M (Peak 113.01M) | Time:00:00.15 | Remaining:00:01.50 | Mem:73.62M, Peak:73.62M | Scene, ViewLayer | Sample 1/16
Fra:1 Mem:125.52M (Peak 144.27M) | Time:00:03.19 | Mem:73.62M, Peak:73.62M | Scene, ViewLayer | Sample 16/16
Fra:1 Mem:125.52M (Peak 144.27M) | Time:00:03.19 | Mem:73.62M, Peak:73.62M | Scene, ViewLayer | Finished
Saved: 'C:\Users\turbo08\findthem\apps\mobile\assets\avatar\references\paw-stand-rig\back-sit.png'
Time: 00:03.22 (Saving: 00:00.03)

Fra:39 Mem:65.31M (Peak 68.00M) | Time:00:00.00 | Mem:0.00M, Peak:0.00M | Scene, ViewLayer | Synchronizing object | Seated_Haunch_With_V13_Toes
Fra:39 Mem:65.31M (Peak 68.00M) | Time:00:00.00 | Mem:0.00M, Peak:0.00M | Scene, ViewLayer | Synchronizing object | Area.001
Fra:39 Mem:70.71M (Peak 70.71M) | Time:00:00.00 | Mem:0.00M, Peak:0.00M | Scene, ViewLayer | Synchronizing object | DigitalPad_Toe_-1_3
Fra:39 Mem:70.71M (Peak 70.71M) | Time:00:00.00 | Mem:0.00M, Peak:0.00M | Scene, ViewLayer | Synchronizing object | DigitalPad_Toe_-1_4
Fra:39 Mem:70.79M (Peak 70.79M) | Time:00:00.00 | Mem:0.00M, Peak:0.00M | Scene, ViewLayer | Synchronizing object | DigitalPad_Toe_1_2
Fra:39 Mem:70.85M (Peak 70.85M) | Time:00:00.00 | Mem:0.00M, Peak:0.00M | Scene, ViewLayer | Synchronizing object | DigitalPad_Toe_1_3
Fra:39 Mem:71.06M (Peak 71.06M) | Time:00:00.00 | Mem:0.00M, Peak:0.00M | Scene, ViewLayer | Synchronizing object | DigitalPad_Toe_1_4
Fra:39 Mem:71.08M (Peak 71.08M) | Time:00:00.00 | Mem:0.00M, Peak:0.00M | Scene, ViewLayer | Synchronizing object | DigitalPad_Toe_1_5
Fra:39 Mem:71.12M (Peak 71.12M) | Time:00:00.00 | Mem:0.00M, Peak:0.00M | Scene, ViewLayer | Synchronizing object | MetatarsalPad_1
Fra:39 Mem:71.23M (Peak 71.23M) | Time:00:00.00 | Mem:0.00M, Peak:0.00M | Scene, ViewLayer | Synchronizing object | MetatarsalPad_-1
Fra:39 Mem:91.73M (Peak 95.33M) | Time:00:00.01 | Mem:0.00M, Peak:0.00M | Scene, ViewLayer | Initializing
Fra:39 Mem:69.96M (Peak 95.33M) | Time:00:00.02 | Mem:0.00M, Peak:0.00M | Scene, ViewLayer | Waiting for render to start
Fra:39 Mem:69.96M (Peak 95.33M) | Time:00:00.02 | Mem:0.00M, Peak:0.00M | Scene, ViewLayer | Updating Scene
Fra:39 Mem:69.96M (Peak 95.33M) | Time:00:00.02 | Mem:0.00M, Peak:0.00M | Scene, ViewLayer | Updating Shaders
Fra:39 Mem:69.96M (Peak 95.33M) | Time:00:00.02 | Mem:0.00M, Peak:0.00M | Scene, ViewLayer | Loading render kernels (may take a few minutes the first time)
Fra:39 Mem:70.04M (Peak 95.33M) | Time:00:00.02 | Mem:0.00M, Peak:0.00M | Scene, ViewLayer | Updating Procedurals
Fra:39 Mem:70.04M (Peak 95.33M) | Time:00:00.02 | Mem:0.00M, Peak:0.00M | Scene, ViewLayer | Updating Background
Fra:39 Mem:70.04M (Peak 95.33M) | Time:00:00.02 | Mem:0.00M, Peak:0.00M | Scene, ViewLayer | Updating Camera
Fra:39 Mem:70.04M (Peak 95.33M) | Time:00:00.02 | Mem:0.00M, Peak:0.00M | Scene, ViewLayer | Updating Meshes Flags
Fra:39 Mem:70.04M (Peak 95.33M) | Time:00:00.02 | Mem:0.00M, Peak:0.00M | Scene, ViewLayer | Updating Objects
Fra:39 Mem:70.04M (Peak 95.33M) | Time:00:00.02 | Mem:0.00M, Peak:0.00M | Scene, ViewLayer | Updating Objects | Copying Transformations to device
Fra:39 Mem:70.04M (Peak 95.33M) | Time:00:00.02 | Mem:0.01M, Peak:0.01M | Scene, ViewLayer | Updating Particle Systems
Fra:39 Mem:70.04M (Peak 95.33M) | Time:00:00.02 | Mem:0.01M, Peak:0.01M | Scene, ViewLayer | Updating Particle Systems | Copying Particles to device
Fra:39 Mem:70.04M (Peak 95.33M) | Time:00:00.02 | Mem:0.01M, Peak:0.01M | Scene, ViewLayer | Updating Meshes
Fra:39 Mem:70.04M (Peak 95.33M) | Time:00:00.02 | Mem:0.01M, Peak:0.01M | Scene, ViewLayer | Updating Objects | Applying Static Transformations
Fra:39 Mem:70.04M (Peak 95.33M) | Time:00:00.02 | Mem:0.01M, Peak:0.01M | Scene, ViewLayer | Updating Mesh | Computing attributes
Fra:39 Mem:70.12M (Peak 95.33M) | Time:00:00.02 | Mem:0.01M, Peak:0.01M | Scene, ViewLayer | Updating Mesh | Copying Attributes to device
Fra:39 Mem:70.11M (Peak 95.33M) | Time:00:00.02 | Mem:0.08M, Peak:0.08M | Scene, ViewLayer | Updating Scene BVH | Building
Fra:39 Mem:70.11M (Peak 95.33M) | Time:00:00.02 | Mem:0.08M, Peak:0.08M | Scene, ViewLayer | Updating Scene BVH | Building BVH
Fra:39 Mem:70.11M (Peak 95.33M) | Time:00:00.02 | Mem:14.85M, Peak:14.85M | Scene, ViewLayer | Updating Scene BVH | Building BVH 0%
Fra:39 Mem:70.11M (Peak 95.33M) | Time:00:00.05 | Mem:30.92M, Peak:45.69M | Scene, ViewLayer | Updating Scene BVH | Copying BVH to device
Fra:39 Mem:70.11M (Peak 95.33M) | Time:00:00.05 | Mem:30.92M, Peak:45.69M | Scene, ViewLayer | Updating Mesh | Computing normals
Fra:39 Mem:83.04M (Peak 95.33M) | Time:00:00.05 | Mem:30.92M, Peak:45.69M | Scene, ViewLayer | Updating Mesh | Copying Mesh to device
Fra:39 Mem:83.04M (Peak 95.33M) | Time:00:00.05 | Mem:43.85M, Peak:45.69M | Scene, ViewLayer | Updating Objects Flags
Fra:39 Mem:83.04M (Peak 95.33M) | Time:00:00.05 | Mem:43.85M, Peak:45.69M | Scene, ViewLayer | Updating Primitive Offsets
Fra:39 Mem:83.04M (Peak 95.33M) | Time:00:00.05 | Mem:43.85M, Peak:45.69M | Scene, ViewLayer | Updating Images
Fra:39 Mem:83.04M (Peak 95.33M) | Time:00:00.05 | Mem:43.85M, Peak:45.69M | Scene, ViewLayer | Updating Camera Volume
Fra:39 Mem:83.04M (Peak 95.33M) | Time:00:00.05 | Mem:43.85M, Peak:45.69M | Scene, ViewLayer | Updating Lookup Tables
Fra:39 Mem:83.04M (Peak 95.33M) | Time:00:00.05 | Mem:43.93M, Peak:45.69M | Scene, ViewLayer | Updating Lights
Fra:39 Mem:83.04M (Peak 95.33M) | Time:00:00.05 | Mem:43.93M, Peak:45.69M | Scene, ViewLayer | Updating Lights | Computing tree
Fra:39 Mem:83.04M (Peak 95.33M) | Time:00:00.05 | Mem:43.93M, Peak:45.69M | Scene, ViewLayer | Updating Integrator
Fra:39 Mem:83.04M (Peak 95.33M) | Time:00:00.05 | Mem:43.93M, Peak:45.69M | Scene, ViewLayer | Updating Film
Fra:39 Mem:83.05M (Peak 95.33M) | Time:00:00.05 | Mem:43.85M, Peak:45.69M | Scene, ViewLayer | Updating Lookup Tables
Fra:39 Mem:83.05M (Peak 95.33M) | Time:00:00.05 | Mem:43.93M, Peak:45.69M | Scene, ViewLayer | Updating Baking
Fra:39 Mem:83.05M (Peak 95.33M) | Time:00:00.05 | Mem:43.93M, Peak:45.69M | Scene, ViewLayer | Updating Device | Writing constant memory
Fra:39 Mem:83.05M (Peak 95.33M) | Time:00:00.05 | Mem:43.93M, Peak:45.69M | Scene, ViewLayer | Loading denoising kernels (may take a few minutes the first time)
Fra:39 Mem:83.05M (Peak 95.33M) | Time:00:00.05 | Mem:43.93M, Peak:45.69M | Scene, ViewLayer | Sample 0/16
Fra:39 Mem:113.01M (Peak 113.01M) | Time:00:00.16 | Remaining:00:01.56 | Mem:73.62M, Peak:73.62M | Scene, ViewLayer | Sample 1/16
Fra:39 Mem:125.52M (Peak 144.27M) | Time:00:03.25 | Mem:73.62M, Peak:73.62M | Scene, ViewLayer | Sample 16/16
Fra:39 Mem:125.52M (Peak 144.27M) | Time:00:03.25 | Mem:73.62M, Peak:73.62M | Scene, ViewLayer | Finished
Saved: 'C:\Users\turbo08\findthem\apps\mobile\assets\avatar\references\paw-stand-rig\back-half.png'
Time: 00:03.28 (Saving: 00:00.03)

Fra:61 Mem:65.31M (Peak 68.00M) | Time:00:00.00 | Mem:0.00M, Peak:0.00M | Scene, ViewLayer | Synchronizing object | Seated_Haunch_With_V13_Toes
Fra:61 Mem:65.31M (Peak 68.00M) | Time:00:00.00 | Mem:0.00M, Peak:0.00M | Scene, ViewLayer | Synchronizing object | DigitalPad_Toe_-1_2
Fra:61 Mem:70.71M (Peak 70.71M) | Time:00:00.00 | Mem:0.00M, Peak:0.00M | Scene, ViewLayer | Synchronizing object | DigitalPad_Toe_-1_4
Fra:61 Mem:70.71M (Peak 70.71M) | Time:00:00.00 | Mem:0.00M, Peak:0.00M | Scene, ViewLayer | Synchronizing object | DigitalPad_Toe_1_3
Fra:61 Mem:70.74M (Peak 70.74M) | Time:00:00.00 | Mem:0.00M, Peak:0.00M | Scene, ViewLayer | Synchronizing object | MetatarsalPad_1
Fra:61 Mem:71.10M (Peak 71.10M) | Time:00:00.01 | Mem:0.00M, Peak:0.00M | Scene, ViewLayer | Synchronizing object | MetatarsalPad_-1
Fra:61 Mem:71.13M (Peak 71.13M) | Time:00:00.01 | Mem:0.00M, Peak:0.00M | Scene, ViewLayer | Synchronizing object | DigitalPad_Toe_1_4
Fra:61 Mem:71.23M (Peak 71.22M) | Time:00:00.01 | Mem:0.00M, Peak:0.00M | Scene, ViewLayer | Synchronizing object | DigitalPad_Toe_1_5
Fra:61 Mem:91.73M (Peak 95.33M) | Time:00:00.01 | Mem:0.00M, Peak:0.00M | Scene, ViewLayer | Initializing
Fra:61 Mem:69.96M (Peak 95.33M) | Time:00:00.01 | Mem:0.00M, Peak:0.00M | Scene, ViewLayer | Waiting for render to start
Fra:61 Mem:69.96M (Peak 95.33M) | Time:00:00.01 | Mem:0.00M, Peak:0.00M | Scene, ViewLayer | Updating Scene
Fra:61 Mem:69.96M (Peak 95.33M) | Time:00:00.01 | Mem:0.00M, Peak:0.00M | Scene, ViewLayer | Updating Shaders
Fra:61 Mem:69.96M (Peak 95.33M) | Time:00:00.01 | Mem:0.00M, Peak:0.00M | Scene, ViewLayer | Loading render kernels (may take a few minutes the first time)
Fra:61 Mem:70.04M (Peak 95.33M) | Time:00:00.01 | Mem:0.00M, Peak:0.00M | Scene, ViewLayer | Updating Procedurals
Fra:61 Mem:70.04M (Peak 95.33M) | Time:00:00.01 | Mem:0.00M, Peak:0.00M | Scene, ViewLayer | Updating Background
Fra:61 Mem:70.04M (Peak 95.33M) | Time:00:00.01 | Mem:0.00M, Peak:0.00M | Scene, ViewLayer | Updating Camera
Fra:61 Mem:70.04M (Peak 95.33M) | Time:00:00.01 | Mem:0.00M, Peak:0.00M | Scene, ViewLayer | Updating Meshes Flags
Fra:61 Mem:70.04M (Peak 95.33M) | Time:00:00.01 | Mem:0.00M, Peak:0.00M | Scene, ViewLayer | Updating Objects
Fra:61 Mem:70.04M (Peak 95.33M) | Time:00:00.01 | Mem:0.00M, Peak:0.00M | Scene, ViewLayer | Updating Objects | Copying Transformations to device
Fra:61 Mem:70.04M (Peak 95.33M) | Time:00:00.01 | Mem:0.01M, Peak:0.01M | Scene, ViewLayer | Updating Particle Systems
Fra:61 Mem:70.04M (Peak 95.33M) | Time:00:00.01 | Mem:0.01M, Peak:0.01M | Scene, ViewLayer | Updating Particle Systems | Copying Particles to device
Fra:61 Mem:70.04M (Peak 95.33M) | Time:00:00.01 | Mem:0.01M, Peak:0.01M | Scene, ViewLayer | Updating Meshes
Fra:61 Mem:70.04M (Peak 95.33M) | Time:00:00.01 | Mem:0.01M, Peak:0.01M | Scene, ViewLayer | Updating Objects | Applying Static Transformations
Fra:61 Mem:70.04M (Peak 95.33M) | Time:00:00.01 | Mem:0.01M, Peak:0.01M | Scene, ViewLayer | Updating Mesh | Computing attributes
Fra:61 Mem:70.12M (Peak 95.33M) | Time:00:00.01 | Mem:0.01M, Peak:0.01M | Scene, ViewLayer | Updating Mesh | Copying Attributes to device
Fra:61 Mem:70.11M (Peak 95.33M) | Time:00:00.01 | Mem:0.08M, Peak:0.08M | Scene, ViewLayer | Updating Scene BVH | Building
Fra:61 Mem:70.11M (Peak 95.33M) | Time:00:00.01 | Mem:0.08M, Peak:0.08M | Scene, ViewLayer | Updating Scene BVH | Building BVH
Fra:61 Mem:70.11M (Peak 95.33M) | Time:00:00.02 | Mem:14.85M, Peak:14.85M | Scene, ViewLayer | Updating Scene BVH | Building BVH 0%
Fra:61 Mem:70.11M (Peak 95.33M) | Time:00:00.04 | Mem:30.92M, Peak:45.69M | Scene, ViewLayer | Updating Scene BVH | Copying BVH to device
Fra:61 Mem:70.11M (Peak 95.33M) | Time:00:00.04 | Mem:30.92M, Peak:45.69M | Scene, ViewLayer | Updating Mesh | Computing normals
Fra:61 Mem:83.04M (Peak 95.33M) | Time:00:00.04 | Mem:30.92M, Peak:45.69M | Scene, ViewLayer | Updating Mesh | Copying Mesh to device
Fra:61 Mem:83.04M (Peak 95.33M) | Time:00:00.04 | Mem:43.85M, Peak:45.69M | Scene, ViewLayer | Updating Objects Flags
Fra:61 Mem:83.04M (Peak 95.33M) | Time:00:00.04 | Mem:43.85M, Peak:45.69M | Scene, ViewLayer | Updating Primitive Offsets
Fra:61 Mem:83.04M (Peak 95.33M) | Time:00:00.04 | Mem:43.85M, Peak:45.69M | Scene, ViewLayer | Updating Images
Fra:61 Mem:83.04M (Peak 95.33M) | Time:00:00.04 | Mem:43.85M, Peak:45.69M | Scene, ViewLayer | Updating Camera Volume
Fra:61 Mem:83.04M (Peak 95.33M) | Time:00:00.04 | Mem:43.85M, Peak:45.69M | Scene, ViewLayer | Updating Lookup Tables
Fra:61 Mem:83.04M (Peak 95.33M) | Time:00:00.04 | Mem:43.93M, Peak:45.69M | Scene, ViewLayer | Updating Lights
Fra:61 Mem:83.04M (Peak 95.33M) | Time:00:00.04 | Mem:43.93M, Peak:45.69M | Scene, ViewLayer | Updating Lights | Computing tree
Fra:61 Mem:83.04M (Peak 95.33M) | Time:00:00.04 | Mem:43.93M, Peak:45.69M | Scene, ViewLayer | Updating Integrator
Fra:61 Mem:83.04M (Peak 95.33M) | Time:00:00.04 | Mem:43.93M, Peak:45.69M | Scene, ViewLayer | Updating Film
Fra:61 Mem:83.05M (Peak 95.33M) | Time:00:00.04 | Mem:43.85M, Peak:45.69M | Scene, ViewLayer | Updating Lookup Tables
Fra:61 Mem:83.05M (Peak 95.33M) | Time:00:00.04 | Mem:43.93M, Peak:45.69M | Scene, ViewLayer | Updating Baking
Fra:61 Mem:83.05M (Peak 95.33M) | Time:00:00.04 | Mem:43.93M, Peak:45.69M | Scene, ViewLayer | Updating Device | Writing constant memory
Fra:61 Mem:83.05M (Peak 95.33M) | Time:00:00.04 | Mem:43.93M, Peak:45.69M | Scene, ViewLayer | Loading denoising kernels (may take a few minutes the first time)
Fra:61 Mem:83.05M (Peak 95.33M) | Time:00:00.04 | Mem:43.93M, Peak:45.69M | Scene, ViewLayer | Sample 0/16
Fra:61 Mem:113.01M (Peak 113.01M) | Time:00:00.15 | Remaining:00:01.54 | Mem:73.62M, Peak:73.62M | Scene, ViewLayer | Sample 1/16
Fra:61 Mem:125.52M (Peak 144.27M) | Time:00:03.51 | Mem:73.62M, Peak:73.62M | Scene, ViewLayer | Sample 16/16
Fra:61 Mem:125.52M (Peak 144.27M) | Time:00:03.51 | Mem:73.62M, Peak:73.62M | Scene, ViewLayer | Finished
Saved: 'C:\Users\turbo08\findthem\apps\mobile\assets\avatar\references\paw-stand-rig\back-stand.png'
Time: 00:03.56 (Saving: 00:00.04)

Fra:1 Mem:65.31M (Peak 68.00M) | Time:00:00.00 | Mem:0.00M, Peak:0.00M | Scene, ViewLayer | Synchronizing object | Seated_Haunch_With_V13_Toes
Fra:1 Mem:65.31M (Peak 68.00M) | Time:00:00.00 | Mem:0.00M, Peak:0.00M | Scene, ViewLayer | Synchronizing object | Area
Fra:1 Mem:70.71M (Peak 70.71M) | Time:00:00.00 | Mem:0.00M, Peak:0.00M | Scene, ViewLayer | Synchronizing object | DigitalPad_Toe_-1_2
Fra:1 Mem:70.71M (Peak 70.71M) | Time:00:00.00 | Mem:0.00M, Peak:0.00M | Scene, ViewLayer | Synchronizing object | DigitalPad_Toe_1_2
Fra:1 Mem:70.78M (Peak 70.78M) | Time:00:00.00 | Mem:0.00M, Peak:0.00M | Scene, ViewLayer | Synchronizing object | MetatarsalPad_1
Fra:1 Mem:71.08M (Peak 71.08M) | Time:00:00.00 | Mem:0.00M, Peak:0.00M | Scene, ViewLayer | Synchronizing object | DigitalPad_Toe_1_3
Fra:1 Mem:71.14M (Peak 71.14M) | Time:00:00.00 | Mem:0.00M, Peak:0.00M | Scene, ViewLayer | Synchronizing object | DigitalPad_Toe_1_4
Fra:1 Mem:71.29M (Peak 71.29M) | Time:00:00.00 | Mem:0.00M, Peak:0.00M | Scene, ViewLayer | Synchronizing object | DigitalPad_Toe_1_5
Fra:1 Mem:71.32M (Peak 71.32M) | Time:00:00.00 | Mem:0.00M, Peak:0.00M | Scene, ViewLayer | Synchronizing object | MetatarsalPad_-1
Fra:1 Mem:91.73M (Peak 95.33M) | Time:00:00.01 | Mem:0.00M, Peak:0.00M | Scene, ViewLayer | Initializing
Fra:1 Mem:69.96M (Peak 95.33M) | Time:00:00.01 | Mem:0.00M, Peak:0.00M | Scene, ViewLayer | Waiting for render to start
Fra:1 Mem:69.96M (Peak 95.33M) | Time:00:00.01 | Mem:0.00M, Peak:0.00M | Scene, ViewLayer | Updating Scene
Fra:1 Mem:69.96M (Peak 95.33M) | Time:00:00.01 | Mem:0.00M, Peak:0.00M | Scene, ViewLayer | Updating Shaders
Fra:1 Mem:69.96M (Peak 95.33M) | Time:00:00.01 | Mem:0.00M, Peak:0.00M | Scene, ViewLayer | Loading render kernels (may take a few minutes the first time)
Fra:1 Mem:70.04M (Peak 95.33M) | Time:00:00.01 | Mem:0.00M, Peak:0.00M | Scene, ViewLayer | Updating Procedurals
Fra:1 Mem:70.04M (Peak 95.33M) | Time:00:00.01 | Mem:0.00M, Peak:0.00M | Scene, ViewLayer | Updating Background
Fra:1 Mem:70.04M (Peak 95.33M) | Time:00:00.01 | Mem:0.00M, Peak:0.00M | Scene, ViewLayer | Updating Camera
Fra:1 Mem:70.04M (Peak 95.33M) | Time:00:00.01 | Mem:0.00M, Peak:0.00M | Scene, ViewLayer | Updating Meshes Flags
Fra:1 Mem:70.04M (Peak 95.33M) | Time:00:00.01 | Mem:0.00M, Peak:0.00M | Scene, ViewLayer | Updating Objects
Fra:1 Mem:70.04M (Peak 95.33M) | Time:00:00.01 | Mem:0.00M, Peak:0.00M | Scene, ViewLayer | Updating Objects | Copying Transformations to device
Fra:1 Mem:70.04M (Peak 95.33M) | Time:00:00.01 | Mem:0.01M, Peak:0.01M | Scene, ViewLayer | Updating Particle Systems
Fra:1 Mem:70.04M (Peak 95.33M) | Time:00:00.01 | Mem:0.01M, Peak:0.01M | Scene, ViewLayer | Updating Particle Systems | Copying Particles to device
Fra:1 Mem:70.04M (Peak 95.33M) | Time:00:00.01 | Mem:0.01M, Peak:0.01M | Scene, ViewLayer | Updating Meshes
Fra:1 Mem:70.04M (Peak 95.33M) | Time:00:00.01 | Mem:0.01M, Peak:0.01M | Scene, ViewLayer | Updating Objects | Applying Static Transformations
Fra:1 Mem:70.04M (Peak 95.33M) | Time:00:00.01 | Mem:0.01M, Peak:0.01M | Scene, ViewLayer | Updating Mesh | Computing attributes
Fra:1 Mem:70.12M (Peak 95.33M) | Time:00:00.01 | Mem:0.01M, Peak:0.01M | Scene, ViewLayer | Updating Mesh | Copying Attributes to device
Fra:1 Mem:70.11M (Peak 95.33M) | Time:00:00.02 | Mem:0.08M, Peak:0.08M | Scene, ViewLayer | Updating Scene BVH | Building
Fra:1 Mem:70.11M (Peak 95.33M) | Time:00:00.02 | Mem:0.08M, Peak:0.08M | Scene, ViewLayer | Updating Scene BVH | Building BVH
Fra:1 Mem:70.11M (Peak 95.33M) | Time:00:00.02 | Mem:14.85M, Peak:14.85M | Scene, ViewLayer | Updating Scene BVH | Building BVH 0%
Fra:1 Mem:70.11M (Peak 95.33M) | Time:00:00.04 | Mem:30.92M, Peak:45.69M | Scene, ViewLayer | Updating Scene BVH | Copying BVH to device
Fra:1 Mem:70.11M (Peak 95.33M) | Time:00:00.04 | Mem:30.92M, Peak:45.69M | Scene, ViewLayer | Updating Mesh | Computing normals
Fra:1 Mem:83.04M (Peak 95.33M) | Time:00:00.05 | Mem:30.92M, Peak:45.69M | Scene, ViewLayer | Updating Mesh | Copying Mesh to device
Fra:1 Mem:83.04M (Peak 95.33M) | Time:00:00.05 | Mem:43.85M, Peak:45.69M | Scene, ViewLayer | Updating Objects Flags
Fra:1 Mem:83.04M (Peak 95.33M) | Time:00:00.05 | Mem:43.85M, Peak:45.69M | Scene, ViewLayer | Updating Primitive Offsets
Fra:1 Mem:83.04M (Peak 95.33M) | Time:00:00.05 | Mem:43.85M, Peak:45.69M | Scene, ViewLayer | Updating Images
Fra:1 Mem:83.04M (Peak 95.33M) | Time:00:00.05 | Mem:43.85M, Peak:45.69M | Scene, ViewLayer | Updating Camera Volume
Fra:1 Mem:83.04M (Peak 95.33M) | Time:00:00.05 | Mem:43.85M, Peak:45.69M | Scene, ViewLayer | Updating Lookup Tables
Fra:1 Mem:83.04M (Peak 95.33M) | Time:00:00.05 | Mem:43.93M, Peak:45.69M | Scene, ViewLayer | Updating Lights
Fra:1 Mem:83.04M (Peak 95.33M) | Time:00:00.05 | Mem:43.93M, Peak:45.69M | Scene, ViewLayer | Updating Lights | Computing tree
Fra:1 Mem:83.04M (Peak 95.33M) | Time:00:00.05 | Mem:43.93M, Peak:45.69M | Scene, ViewLayer | Updating Integrator
Fra:1 Mem:83.04M (Peak 95.33M) | Time:00:00.05 | Mem:43.93M, Peak:45.69M | Scene, ViewLayer | Updating Film
Fra:1 Mem:83.05M (Peak 95.33M) | Time:00:00.05 | Mem:43.85M, Peak:45.69M | Scene, ViewLayer | Updating Lookup Tables
Fra:1 Mem:83.05M (Peak 95.33M) | Time:00:00.05 | Mem:43.93M, Peak:45.69M | Scene, ViewLayer | Updating Baking
Fra:1 Mem:83.05M (Peak 95.33M) | Time:00:00.05 | Mem:43.93M, Peak:45.69M | Scene, ViewLayer | Updating Device | Writing constant memory
Fra:1 Mem:83.05M (Peak 95.33M) | Time:00:00.05 | Mem:43.93M, Peak:45.69M | Scene, ViewLayer | Loading denoising kernels (may take a few minutes the first time)
Fra:1 Mem:83.05M (Peak 95.33M) | Time:00:00.05 | Mem:43.93M, Peak:45.69M | Scene, ViewLayer | Sample 0/16
Fra:1 Mem:113.01M (Peak 113.01M) | Time:00:00.16 | Remaining:00:01.67 | Mem:73.62M, Peak:73.62M | Scene, ViewLayer | Sample 1/16
Fra:1 Mem:125.52M (Peak 144.27M) | Time:00:03.40 | Mem:73.62M, Peak:73.62M | Scene, ViewLayer | Sample 16/16
Fra:1 Mem:125.52M (Peak 144.27M) | Time:00:03.40 | Mem:73.62M, Peak:73.62M | Scene, ViewLayer | Finished
Saved: 'C:\Users\turbo08\findthem\apps\mobile\assets\avatar\references\paw-stand-rig\quarter-sit.png'
Time: 00:03.45 (Saving: 00:00.04)

Fra:39 Mem:65.31M (Peak 68.00M) | Time:00:00.00 | Mem:0.00M, Peak:0.00M | Scene, ViewLayer | Synchronizing object | Seated_Haunch_With_V13_Toes
Fra:39 Mem:65.31M (Peak 68.00M) | Time:00:00.00 | Mem:0.00M, Peak:0.00M | Scene, ViewLayer | Synchronizing object | DigitalPad_Toe_-1_4
Fra:39 Mem:65.31M (Peak 68.00M) | Time:00:00.00 | Mem:0.00M, Peak:0.00M | Scene, ViewLayer | Synchronizing object | DigitalPad_Toe_1_2
Fra:39 Mem:70.73M (Peak 70.73M) | Time:00:00.00 | Mem:0.00M, Peak:0.00M | Scene, ViewLayer | Synchronizing object | MetatarsalPad_-1
Fra:39 Mem:70.79M (Peak 70.79M) | Time:00:00.00 | Mem:0.00M, Peak:0.00M | Scene, ViewLayer | Synchronizing object | MetatarsalPad_1
Fra:39 Mem:91.73M (Peak 95.33M) | Time:00:00.01 | Mem:0.00M, Peak:0.00M | Scene, ViewLayer | Initializing
Fra:39 Mem:69.96M (Peak 95.33M) | Time:00:00.01 | Mem:0.00M, Peak:0.00M | Scene, ViewLayer | Waiting for render to start
Fra:39 Mem:69.96M (Peak 95.33M) | Time:00:00.01 | Mem:0.00M, Peak:0.00M | Scene, ViewLayer | Updating Scene
Fra:39 Mem:69.96M (Peak 95.33M) | Time:00:00.01 | Mem:0.00M, Peak:0.00M | Scene, ViewLayer | Updating Shaders
Fra:39 Mem:69.96M (Peak 95.33M) | Time:00:00.01 | Mem:0.00M, Peak:0.00M | Scene, ViewLayer | Loading render kernels (may take a few minutes the first time)
Fra:39 Mem:70.04M (Peak 95.33M) | Time:00:00.01 | Mem:0.00M, Peak:0.00M | Scene, ViewLayer | Updating Procedurals
Fra:39 Mem:70.04M (Peak 95.33M) | Time:00:00.01 | Mem:0.00M, Peak:0.00M | Scene, ViewLayer | Updating Background
Fra:39 Mem:70.04M (Peak 95.33M) | Time:00:00.01 | Mem:0.00M, Peak:0.00M | Scene, ViewLayer | Updating Camera
Fra:39 Mem:70.04M (Peak 95.33M) | Time:00:00.01 | Mem:0.00M, Peak:0.00M | Scene, ViewLayer | Updating Meshes Flags
Fra:39 Mem:70.04M (Peak 95.33M) | Time:00:00.01 | Mem:0.00M, Peak:0.00M | Scene, ViewLayer | Updating Objects
Fra:39 Mem:70.04M (Peak 95.33M) | Time:00:00.01 | Mem:0.00M, Peak:0.00M | Scene, ViewLayer | Updating Objects | Copying Transformations to device
Fra:39 Mem:70.04M (Peak 95.33M) | Time:00:00.01 | Mem:0.01M, Peak:0.01M | Scene, ViewLayer | Updating Particle Systems
Fra:39 Mem:70.04M (Peak 95.33M) | Time:00:00.01 | Mem:0.01M, Peak:0.01M | Scene, ViewLayer | Updating Particle Systems | Copying Particles to device
Fra:39 Mem:70.04M (Peak 95.33M) | Time:00:00.01 | Mem:0.01M, Peak:0.01M | Scene, ViewLayer | Updating Meshes
Fra:39 Mem:70.04M (Peak 95.33M) | Time:00:00.01 | Mem:0.01M, Peak:0.01M | Scene, ViewLayer | Updating Objects | Applying Static Transformations
Fra:39 Mem:70.04M (Peak 95.33M) | Time:00:00.01 | Mem:0.01M, Peak:0.01M | Scene, ViewLayer | Updating Mesh | Computing attributes
Fra:39 Mem:70.12M (Peak 95.33M) | Time:00:00.01 | Mem:0.01M, Peak:0.01M | Scene, ViewLayer | Updating Mesh | Copying Attributes to device
Fra:39 Mem:70.11M (Peak 95.33M) | Time:00:00.01 | Mem:0.08M, Peak:0.08M | Scene, ViewLayer | Updating Scene BVH | Building
Fra:39 Mem:70.11M (Peak 95.33M) | Time:00:00.01 | Mem:0.08M, Peak:0.08M | Scene, ViewLayer | Updating Scene BVH | Building BVH
Fra:39 Mem:70.11M (Peak 95.33M) | Time:00:00.01 | Mem:14.85M, Peak:14.85M | Scene, ViewLayer | Updating Scene BVH | Building BVH 0%
Fra:39 Mem:70.11M (Peak 95.33M) | Time:00:00.03 | Mem:30.92M, Peak:45.69M | Scene, ViewLayer | Updating Scene BVH | Copying BVH to device
Fra:39 Mem:70.11M (Peak 95.33M) | Time:00:00.03 | Mem:30.92M, Peak:45.69M | Scene, ViewLayer | Updating Mesh | Computing normals
Fra:39 Mem:83.04M (Peak 95.33M) | Time:00:00.04 | Mem:30.92M, Peak:45.69M | Scene, ViewLayer | Updating Mesh | Copying Mesh to device
Fra:39 Mem:83.04M (Peak 95.33M) | Time:00:00.04 | Mem:43.85M, Peak:45.69M | Scene, ViewLayer | Updating Objects Flags
Fra:39 Mem:83.04M (Peak 95.33M) | Time:00:00.04 | Mem:43.85M, Peak:45.69M | Scene, ViewLayer | Updating Primitive Offsets
Fra:39 Mem:83.04M (Peak 95.33M) | Time:00:00.04 | Mem:43.85M, Peak:45.69M | Scene, ViewLayer | Updating Images
Fra:39 Mem:83.04M (Peak 95.33M) | Time:00:00.04 | Mem:43.85M, Peak:45.69M | Scene, ViewLayer | Updating Camera Volume
Fra:39 Mem:83.04M (Peak 95.33M) | Time:00:00.04 | Mem:43.85M, Peak:45.69M | Scene, ViewLayer | Updating Lookup Tables
Fra:39 Mem:83.04M (Peak 95.33M) | Time:00:00.04 | Mem:43.93M, Peak:45.69M | Scene, ViewLayer | Updating Lights
Fra:39 Mem:83.04M (Peak 95.33M) | Time:00:00.04 | Mem:43.93M, Peak:45.69M | Scene, ViewLayer | Updating Lights | Computing tree
Fra:39 Mem:83.04M (Peak 95.33M) | Time:00:00.04 | Mem:43.93M, Peak:45.69M | Scene, ViewLayer | Updating Integrator
Fra:39 Mem:83.04M (Peak 95.33M) | Time:00:00.04 | Mem:43.93M, Peak:45.69M | Scene, ViewLayer | Updating Film
Fra:39 Mem:83.05M (Peak 95.33M) | Time:00:00.04 | Mem:43.85M, Peak:45.69M | Scene, ViewLayer | Updating Lookup Tables
Fra:39 Mem:83.05M (Peak 95.33M) | Time:00:00.04 | Mem:43.93M, Peak:45.69M | Scene, ViewLayer | Updating Baking
Fra:39 Mem:83.05M (Peak 95.33M) | Time:00:00.04 | Mem:43.93M, Peak:45.69M | Scene, ViewLayer | Updating Device | Writing constant memory
Fra:39 Mem:83.05M (Peak 95.33M) | Time:00:00.04 | Mem:43.93M, Peak:45.69M | Scene, ViewLayer | Loading denoising kernels (may take a few minutes the first time)
Fra:39 Mem:83.05M (Peak 95.33M) | Time:00:00.04 | Mem:43.93M, Peak:45.69M | Scene, ViewLayer | Sample 0/16
Fra:39 Mem:113.01M (Peak 113.01M) | Time:00:00.15 | Remaining:00:01.55 | Mem:73.62M, Peak:73.62M | Scene, ViewLayer | Sample 1/16
Fra:39 Mem:125.52M (Peak 144.27M) | Time:00:03.33 | Mem:73.62M, Peak:73.62M | Scene, ViewLayer | Sample 16/16
Fra:39 Mem:125.52M (Peak 144.27M) | Time:00:03.33 | Mem:73.62M, Peak:73.62M | Scene, ViewLayer | Finished
Saved: 'C:\Users\turbo08\findthem\apps\mobile\assets\avatar\references\paw-stand-rig\quarter-half.png'
Time: 00:03.38 (Saving: 00:00.04)

Fra:61 Mem:65.31M (Peak 68.00M) | Time:00:00.00 | Mem:0.00M, Peak:0.00M | Scene, ViewLayer | Synchronizing object | Seated_Haunch_With_V13_Toes
Fra:61 Mem:65.31M (Peak 68.00M) | Time:00:00.00 | Mem:0.00M, Peak:0.00M | Scene, ViewLayer | Synchronizing object | Area.001
Fra:61 Mem:70.71M (Peak 70.71M) | Time:00:00.01 | Mem:0.00M, Peak:0.00M | Scene, ViewLayer | Synchronizing object | DigitalPad_Toe_-1_2
Fra:61 Mem:70.71M (Peak 70.71M) | Time:00:00.01 | Mem:0.00M, Peak:0.00M | Scene, ViewLayer | Synchronizing object | MetatarsalPad_1
Fra:61 Mem:70.73M (Peak 70.73M) | Time:00:00.01 | Mem:0.00M, Peak:0.00M | Scene, ViewLayer | Synchronizing object | DigitalPad_Toe_-1_3
Fra:61 Mem:70.92M (Peak 70.92M) | Time:00:00.01 | Mem:0.00M, Peak:0.00M | Scene, ViewLayer | Synchronizing object | MetatarsalPad_-1
Fra:61 Mem:71.00M (Peak 71.00M) | Time:00:00.01 | Mem:0.00M, Peak:0.00M | Scene, ViewLayer | Synchronizing object | DigitalPad_Toe_-1_4
Fra:61 Mem:71.00M (Peak 71.00M) | Time:00:00.01 | Mem:0.00M, Peak:0.00M | Scene, ViewLayer | Synchronizing object | DigitalPad_Toe_-1_5
Fra:61 Mem:71.08M (Peak 71.08M) | Time:00:00.01 | Mem:0.00M, Peak:0.00M | Scene, ViewLayer | Synchronizing object | DigitalPad_Toe_1_3
Fra:61 Mem:71.17M (Peak 71.17M) | Time:00:00.01 | Mem:0.00M, Peak:0.00M | Scene, ViewLayer | Synchronizing object | DigitalPad_Toe_1_5
Fra:61 Mem:91.73M (Peak 95.33M) | Time:00:00.01 | Mem:0.00M, Peak:0.00M | Scene, ViewLayer | Initializing
Fra:61 Mem:69.96M (Peak 95.33M) | Time:00:00.02 | Mem:0.00M, Peak:0.00M | Scene, ViewLayer | Waiting for render to start
Fra:61 Mem:69.96M (Peak 95.33M) | Time:00:00.02 | Mem:0.00M, Peak:0.00M | Scene, ViewLayer | Updating Scene
Fra:61 Mem:69.96M (Peak 95.33M) | Time:00:00.02 | Mem:0.00M, Peak:0.00M | Scene, ViewLayer | Updating Shaders
Fra:61 Mem:69.96M (Peak 95.33M) | Time:00:00.02 | Mem:0.00M, Peak:0.00M | Scene, ViewLayer | Loading render kernels (may take a few minutes the first time)
Fra:61 Mem:70.04M (Peak 95.33M) | Time:00:00.02 | Mem:0.00M, Peak:0.00M | Scene, ViewLayer | Updating Procedurals
Fra:61 Mem:70.04M (Peak 95.33M) | Time:00:00.02 | Mem:0.00M, Peak:0.00M | Scene, ViewLayer | Updating Background
Fra:61 Mem:70.04M (Peak 95.33M) | Time:00:00.02 | Mem:0.00M, Peak:0.00M | Scene, ViewLayer | Updating Camera
Fra:61 Mem:70.04M (Peak 95.33M) | Time:00:00.02 | Mem:0.00M, Peak:0.00M | Scene, ViewLayer | Updating Meshes Flags
Fra:61 Mem:70.04M (Peak 95.33M) | Time:00:00.02 | Mem:0.00M, Peak:0.00M | Scene, ViewLayer | Updating Objects
Fra:61 Mem:70.04M (Peak 95.33M) | Time:00:00.02 | Mem:0.00M, Peak:0.00M | Scene, ViewLayer | Updating Objects | Copying Transformations to device
Fra:61 Mem:70.04M (Peak 95.33M) | Time:00:00.02 | Mem:0.01M, Peak:0.01M | Scene, ViewLayer | Updating Particle Systems
Fra:61 Mem:70.04M (Peak 95.33M) | Time:00:00.02 | Mem:0.01M, Peak:0.01M | Scene, ViewLayer | Updating Particle Systems | Copying Particles to device
Fra:61 Mem:70.04M (Peak 95.33M) | Time:00:00.02 | Mem:0.01M, Peak:0.01M | Scene, ViewLayer | Updating Meshes
Fra:61 Mem:70.04M (Peak 95.33M) | Time:00:00.02 | Mem:0.01M, Peak:0.01M | Scene, ViewLayer | Updating Objects | Applying Static Transformations
Fra:61 Mem:70.04M (Peak 95.33M) | Time:00:00.02 | Mem:0.01M, Peak:0.01M | Scene, ViewLayer | Updating Mesh | Computing attributes
Fra:61 Mem:70.12M (Peak 95.33M) | Time:00:00.02 | Mem:0.01M, Peak:0.01M | Scene, ViewLayer | Updating Mesh | Copying Attributes to device
Fra:61 Mem:70.11M (Peak 95.33M) | Time:00:00.02 | Mem:0.08M, Peak:0.08M | Scene, ViewLayer | Updating Scene BVH | Building
Fra:61 Mem:70.11M (Peak 95.33M) | Time:00:00.02 | Mem:0.08M, Peak:0.08M | Scene, ViewLayer | Updating Scene BVH | Building BVH
Fra:61 Mem:70.11M (Peak 95.33M) | Time:00:00.02 | Mem:14.85M, Peak:14.85M | Scene, ViewLayer | Updating Scene BVH | Building BVH 0%
Fra:61 Mem:70.11M (Peak 95.33M) | Time:00:00.04 | Mem:30.92M, Peak:45.69M | Scene, ViewLayer | Updating Scene BVH | Copying BVH to device
Fra:61 Mem:70.11M (Peak 95.33M) | Time:00:00.04 | Mem:30.92M, Peak:45.69M | Scene, ViewLayer | Updating Mesh | Computing normals
Fra:61 Mem:83.04M (Peak 95.33M) | Time:00:00.05 | Mem:30.92M, Peak:45.69M | Scene, ViewLayer | Updating Mesh | Copying Mesh to device
Fra:61 Mem:83.04M (Peak 95.33M) | Time:00:00.05 | Mem:43.85M, Peak:45.69M | Scene, ViewLayer | Updating Objects Flags
Fra:61 Mem:83.04M (Peak 95.33M) | Time:00:00.05 | Mem:43.85M, Peak:45.69M | Scene, ViewLayer | Updating Primitive Offsets
Fra:61 Mem:83.04M (Peak 95.33M) | Time:00:00.05 | Mem:43.85M, Peak:45.69M | Scene, ViewLayer | Updating Images
Fra:61 Mem:83.04M (Peak 95.33M) | Time:00:00.05 | Mem:43.85M, Peak:45.69M | Scene, ViewLayer | Updating Camera Volume
Fra:61 Mem:83.04M (Peak 95.33M) | Time:00:00.05 | Mem:43.85M, Peak:45.69M | Scene, ViewLayer | Updating Lookup Tables
Fra:61 Mem:83.04M (Peak 95.33M) | Time:00:00.05 | Mem:43.93M, Peak:45.69M | Scene, ViewLayer | Updating Lights
Fra:61 Mem:83.04M (Peak 95.33M) | Time:00:00.05 | Mem:43.93M, Peak:45.69M | Scene, ViewLayer | Updating Lights | Computing tree
Fra:61 Mem:83.04M (Peak 95.33M) | Time:00:00.05 | Mem:43.93M, Peak:45.69M | Scene, ViewLayer | Updating Integrator
Fra:61 Mem:83.04M (Peak 95.33M) | Time:00:00.05 | Mem:43.93M, Peak:45.69M | Scene, ViewLayer | Updating Film
Fra:61 Mem:83.05M (Peak 95.33M) | Time:00:00.05 | Mem:43.85M, Peak:45.69M | Scene, ViewLayer | Updating Lookup Tables
Fra:61 Mem:83.05M (Peak 95.33M) | Time:00:00.05 | Mem:43.93M, Peak:45.69M | Scene, ViewLayer | Updating Baking
Fra:61 Mem:83.05M (Peak 95.33M) | Time:00:00.05 | Mem:43.93M, Peak:45.69M | Scene, ViewLayer | Updating Device | Writing constant memory
Fra:61 Mem:83.05M (Peak 95.33M) | Time:00:00.05 | Mem:43.93M, Peak:45.69M | Scene, ViewLayer | Loading denoising kernels (may take a few minutes the first time)
Fra:61 Mem:83.05M (Peak 95.33M) | Time:00:00.05 | Mem:43.93M, Peak:45.69M | Scene, ViewLayer | Sample 0/16
Fra:61 Mem:113.01M (Peak 113.01M) | Time:00:00.15 | Remaining:00:01.59 | Mem:73.62M, Peak:73.62M | Scene, ViewLayer | Sample 1/16
Fra:61 Mem:125.52M (Peak 144.27M) | Time:00:03.37 | Mem:73.62M, Peak:73.62M | Scene, ViewLayer | Sample 16/16
Fra:61 Mem:125.52M (Peak 144.27M) | Time:00:03.37 | Mem:73.62M, Peak:73.62M | Scene, ViewLayer | Finished
Saved: 'C:\Users\turbo08\findthem\apps\mobile\assets\avatar\references\paw-stand-rig\quarter-stand.png'
Time: 00:03.42 (Saving: 00:00.04)

BlenderMCP: cannot start server in background mode (blender -b) - commands would never execute
BlenderMCP: run Blender with a GUI, or use a virtual display: xvfb-run -a blender
BlenderMCP addon registered
Info: Saved as "paw-stand-rig.blend"
INFO Draco mesh compression is available, use library at C:\Program Files\Blender Foundation\Blender 4.5\4.5\scripts\addons_core\io_scene_gltf2\extern_draco.dll
19:21:15 | INFO: Starting glTF 2.0 export
19:21:15 | WARNING: Armature must be the parent of skinned meshArmature is selected by its name, but may be false in case of instances
19:21:15 | WARNING: Armature must be the parent of skinned meshArmature is selected by its name, but may be false in case of instances
19:21:15 | WARNING: Armature must be the parent of skinned meshArmature is selected by its name, but may be false in case of instances
19:21:15 | WARNING: Armature must be the parent of skinned meshArmature is selected by its name, but may be false in case of instances
19:21:15 | WARNING: Armature must be the parent of skinned meshArmature is selected by its name, but may be false in case of instances
19:21:15 | WARNING: Armature must be the parent of skinned meshArmature is selected by its name, but may be false in case of instances
19:21:15 | WARNING: Armature must be the parent of skinned meshArmature is selected by its name, but may be false in case of instances
19:21:15 | WARNING: Armature must be the parent of skinned meshArmature is selected by its name, but may be false in case of instances
19:21:15 | WARNING: Armature must be the parent of skinned meshArmature is selected by its name, but may be false in case of instances
19:21:15 | WARNING: Armature must be the parent of skinned meshArmature is selected by its name, but may be false in case of instances
19:21:15 | WARNING: Armature must be the parent of skinned meshArmature is selected by its name, but may be false in case of instances
19:21:15 | INFO: Extracting primitive: Designed transverse rings
19:21:18 | INFO: Primitives created: 1
19:21:18 | WARNING: There are more than 4 joint vertex influences.The 4 with highest weight will be used (and normalized).
19:21:18 | INFO: Extracting primitive: Sphere
19:21:18 | INFO: Primitives created: 1
19:21:18 | INFO: Extracting primitive: Sphere.001
19:21:18 | INFO: Primitives created: 1
19:21:18 | INFO: Extracting primitive: Sphere.002
19:21:18 | INFO: Primitives created: 1
19:21:18 | INFO: Extracting primitive: Sphere.003
19:21:18 | INFO: Primitives created: 1
19:21:18 | INFO: Extracting primitive: Sphere.004
19:21:18 | INFO: Primitives created: 1
19:21:18 | INFO: Extracting primitive: Sphere.005
19:21:18 | INFO: Primitives created: 1
19:21:18 | INFO: Extracting primitive: Sphere.006
19:21:18 | INFO: Primitives created: 1
19:21:18 | INFO: Extracting primitive: Sphere.007
19:21:18 | INFO: Primitives created: 1
19:21:18 | INFO: Extracting primitive: Sphere.008
19:21:18 | INFO: Primitives created: 1
19:21:18 | INFO: Extracting primitive: Sphere.009
19:21:18 | INFO: Primitives created: 1
19:21:19 | INFO: Finished glTF 2.0 export in 3.664839506149292 s

PAW_STAND_COMPLETE
BlenderMCP server stopped
BlenderMCP addon unregistered

Blender quit
