Blender 4.5.10 LTS (hash 6dc0b208d1b5 built 2026-05-19 01:33:42)
Read blend: "C:\Users\turbo08\findthem\apps\mobile\assets\avatar\references\seated-haunch-toes-anatomy\seated-haunch-v13-toes-anatomy.blend"
Fra:1 Mem:43.17M (Peak 45.84M) | Time:00:00.01 | Mem:0.00M, Peak:0.00M | Scene, ViewLayer | Synchronizing object | Seated_Haunch_With_V13_Toes
Fra:1 Mem:43.17M (Peak 45.84M) | Time:00:00.01 | Mem:0.00M, Peak:0.00M | Scene, ViewLayer | Synchronizing object | DigitalPad_Toe_-1_3
Fra:1 Mem:43.17M (Peak 45.84M) | Time:00:00.01 | Mem:0.00M, Peak:0.00M | Scene, ViewLayer | Synchronizing object | DigitalPad_Toe_-1_5
Fra:1 Mem:48.59M (Peak 48.59M) | Time:00:00.01 | Mem:0.00M, Peak:0.00M | Scene, ViewLayer | Synchronizing object | DigitalPad_Toe_1_4
Fra:1 Mem:48.62M (Peak 48.62M) | Time:00:00.01 | Mem:0.00M, Peak:0.00M | Scene, ViewLayer | Synchronizing object | MetatarsalPad_1
Fra:1 Mem:49.31M (Peak 49.31M) | Time:00:00.01 | Mem:0.00M, Peak:0.00M | Scene, ViewLayer | Synchronizing object | DigitalPad_Toe_1_5
Fra:1 Mem:49.31M (Peak 49.31M) | Time:00:00.01 | Mem:0.00M, Peak:0.00M | Scene, ViewLayer | Synchronizing object | MetatarsalPad_-1
Fra:1 Mem:74.25M (Peak 77.85M) | Time:00:00.03 | Mem:0.00M, Peak:0.00M | Scene, ViewLayer | Initializing
Fra:1 Mem:54.22M (Peak 77.85M) | Time:00:00.03 | Mem:0.00M, Peak:0.00M | Scene, ViewLayer | Waiting for render to start
Fra:1 Mem:54.22M (Peak 77.85M) | Time:00:00.03 | Mem:0.00M, Peak:0.00M | Scene, ViewLayer | Updating Scene
Fra:1 Mem:54.22M (Peak 77.85M) | Time:00:00.03 | Mem:0.00M, Peak:0.00M | Scene, ViewLayer | Updating Shaders
Fra:1 Mem:54.22M (Peak 77.85M) | Time:00:00.03 | Mem:0.00M, Peak:0.00M | Scene, ViewLayer | Loading render kernels (may take a few minutes the first time)
Fra:1 Mem:54.31M (Peak 77.85M) | Time:00:00.03 | Mem:0.00M, Peak:0.00M | Scene, ViewLayer | Updating Procedurals
Fra:1 Mem:54.31M (Peak 77.85M) | Time:00:00.03 | Mem:0.00M, Peak:0.00M | Scene, ViewLayer | Updating Background
Fra:1 Mem:54.31M (Peak 77.85M) | Time:00:00.03 | Mem:0.00M, Peak:0.00M | Scene, ViewLayer | Updating Camera
Fra:1 Mem:54.31M (Peak 77.85M) | Time:00:00.03 | Mem:0.00M, Peak:0.00M | Scene, ViewLayer | Updating Meshes Flags
Fra:1 Mem:54.31M (Peak 77.85M) | Time:00:00.03 | Mem:0.00M, Peak:0.00M | Scene, ViewLayer | Updating Objects
Fra:1 Mem:54.31M (Peak 77.85M) | Time:00:00.03 | Mem:0.00M, Peak:0.00M | Scene, ViewLayer | Updating Objects | Copying Transformations to device
Fra:1 Mem:54.31M (Peak 77.85M) | Time:00:00.03 | Mem:0.01M, Peak:0.01M | Scene, ViewLayer | Updating Particle Systems
Fra:1 Mem:54.31M (Peak 77.85M) | Time:00:00.03 | Mem:0.01M, Peak:0.01M | Scene, ViewLayer | Updating Particle Systems | Copying Particles to device
Fra:1 Mem:54.31M (Peak 77.85M) | Time:00:00.03 | Mem:0.01M, Peak:0.01M | Scene, ViewLayer | Updating Meshes
Fra:1 Mem:54.31M (Peak 77.85M) | Time:00:00.03 | Mem:0.01M, Peak:0.01M | Scene, ViewLayer | Updating Objects | Applying Static Transformations
Fra:1 Mem:54.31M (Peak 77.85M) | Time:00:00.03 | Mem:0.01M, Peak:0.01M | Scene, ViewLayer | Updating Mesh | Computing attributes
Fra:1 Mem:54.38M (Peak 77.85M) | Time:00:00.03 | Mem:0.01M, Peak:0.01M | Scene, ViewLayer | Updating Mesh | Copying Attributes to device
Fra:1 Mem:54.38M (Peak 77.85M) | Time:00:00.03 | Mem:0.08M, Peak:0.08M | Scene, ViewLayer | Updating Scene BVH | Building
Fra:1 Mem:54.38M (Peak 77.85M) | Time:00:00.03 | Mem:0.08M, Peak:0.08M | Scene, ViewLayer | Updating Scene BVH | Building BVH
Fra:1 Mem:54.38M (Peak 77.85M) | Time:00:00.03 | Mem:14.85M, Peak:14.85M | Scene, ViewLayer | Updating Scene BVH | Building BVH 0%
Fra:1 Mem:54.38M (Peak 77.85M) | Time:00:00.05 | Mem:30.92M, Peak:45.69M | Scene, ViewLayer | Updating Scene BVH | Copying BVH to device
Fra:1 Mem:54.38M (Peak 77.85M) | Time:00:00.05 | Mem:30.92M, Peak:45.69M | Scene, ViewLayer | Updating Mesh | Computing normals
Fra:1 Mem:67.31M (Peak 77.85M) | Time:00:00.07 | Mem:30.92M, Peak:45.69M | Scene, ViewLayer | Updating Mesh | Copying Mesh to device
Fra:1 Mem:67.31M (Peak 77.85M) | Time:00:00.07 | Mem:43.85M, Peak:45.69M | Scene, ViewLayer | Updating Objects Flags
Fra:1 Mem:67.31M (Peak 77.85M) | Time:00:00.07 | Mem:43.85M, Peak:45.69M | Scene, ViewLayer | Updating Primitive Offsets
Fra:1 Mem:67.31M (Peak 77.85M) | Time:00:00.07 | Mem:43.85M, Peak:45.69M | Scene, ViewLayer | Updating Images
Fra:1 Mem:67.31M (Peak 77.85M) | Time:00:00.07 | Mem:43.85M, Peak:45.69M | Scene, ViewLayer | Updating Camera Volume
Fra:1 Mem:67.31M (Peak 77.85M) | Time:00:00.07 | Mem:43.85M, Peak:45.69M | Scene, ViewLayer | Updating Lookup Tables
Fra:1 Mem:67.31M (Peak 77.85M) | Time:00:00.07 | Mem:43.93M, Peak:45.69M | Scene, ViewLayer | Updating Lights
Fra:1 Mem:67.31M (Peak 77.85M) | Time:00:00.07 | Mem:43.93M, Peak:45.69M | Scene, ViewLayer | Updating Lights | Computing tree
Fra:1 Mem:67.31M (Peak 77.85M) | Time:00:00.07 | Mem:43.93M, Peak:45.69M | Scene, ViewLayer | Updating Integrator
Fra:1 Mem:67.31M (Peak 77.85M) | Time:00:00.07 | Mem:43.93M, Peak:45.69M | Scene, ViewLayer | Updating Film
Fra:1 Mem:67.31M (Peak 77.85M) | Time:00:00.07 | Mem:43.85M, Peak:45.69M | Scene, ViewLayer | Updating Lookup Tables
Fra:1 Mem:67.31M (Peak 77.85M) | Time:00:00.07 | Mem:43.93M, Peak:45.69M | Scene, ViewLayer | Updating Baking
Fra:1 Mem:67.31M (Peak 77.85M) | Time:00:00.07 | Mem:43.93M, Peak:45.69M | Scene, ViewLayer | Updating Device | Writing constant memory
Fra:1 Mem:67.32M (Peak 77.85M) | Time:00:00.07 | Mem:43.93M, Peak:45.69M | Scene, ViewLayer | Loading denoising kernels (may take a few minutes the first time)
Fra:1 Mem:67.32M (Peak 77.85M) | Time:00:00.07 | Mem:43.93M, Peak:45.69M | Scene, ViewLayer | Sample 0/24
Fra:1 Mem:105.17M (Peak 105.17M) | Time:00:00.24 | Remaining:00:03.98 | Mem:81.51M, Peak:81.51M | Scene, ViewLayer | Sample 1/24
Fra:1 Mem:120.99M (Peak 144.72M) | Time:00:06.00 | Mem:81.51M, Peak:81.51M | Scene, ViewLayer | Sample 24/24
Fra:1 Mem:120.99M (Peak 144.72M) | Time:00:06.00 | Mem:81.51M, Peak:81.51M | Scene, ViewLayer | Finished
Saved: 'C:\Users\turbo08\findthem\apps\mobile\assets\avatar\references\paw-pad-rig\top-rest.png'
Time: 00:06.22 (Saving: 00:00.20)

Fra:16 Mem:47.83M (Peak 50.53M) | Time:00:00.01 | Mem:0.00M, Peak:0.00M | Scene, ViewLayer | Synchronizing object | Seated_Haunch_With_V13_Toes
Fra:16 Mem:47.84M (Peak 50.53M) | Time:00:00.01 | Mem:0.00M, Peak:0.00M | Scene, ViewLayer | Synchronizing object | Area
Fra:16 Mem:53.24M (Peak 53.24M) | Time:00:00.01 | Mem:0.00M, Peak:0.00M | Scene, ViewLayer | Synchronizing object | DigitalPad_Toe_-1_4
Fra:16 Mem:53.24M (Peak 53.24M) | Time:00:00.01 | Mem:0.00M, Peak:0.00M | Scene, ViewLayer | Synchronizing object | DigitalPad_Toe_-1_5
Fra:16 Mem:53.24M (Peak 53.24M) | Time:00:00.01 | Mem:0.00M, Peak:0.00M | Scene, ViewLayer | Synchronizing object | MetatarsalPad_1
Fra:16 Mem:53.60M (Peak 53.60M) | Time:00:00.01 | Mem:0.00M, Peak:0.00M | Scene, ViewLayer | Synchronizing object | MetatarsalPad_-1
Fra:16 Mem:53.69M (Peak 53.69M) | Time:00:00.01 | Mem:0.00M, Peak:0.00M | Scene, ViewLayer | Synchronizing object | DigitalPad_Toe_1_2
Fra:16 Mem:53.70M (Peak 53.70M) | Time:00:00.01 | Mem:0.00M, Peak:0.00M | Scene, ViewLayer | Synchronizing object | DigitalPad_Toe_1_3
Fra:16 Mem:53.83M (Peak 53.83M) | Time:00:00.01 | Mem:0.00M, Peak:0.00M | Scene, ViewLayer | Synchronizing object | DigitalPad_Toe_1_4
Fra:16 Mem:53.88M (Peak 53.88M) | Time:00:00.01 | Mem:0.00M, Peak:0.00M | Scene, ViewLayer | Synchronizing object | DigitalPad_Toe_1_5
Fra:16 Mem:74.25M (Peak 77.85M) | Time:00:00.02 | Mem:0.00M, Peak:0.00M | Scene, ViewLayer | Initializing
Fra:16 Mem:54.22M (Peak 77.85M) | Time:00:00.02 | Mem:0.00M, Peak:0.00M | Scene, ViewLayer | Waiting for render to start
Fra:16 Mem:54.22M (Peak 77.85M) | Time:00:00.02 | Mem:0.00M, Peak:0.00M | Scene, ViewLayer | Updating Scene
Fra:16 Mem:54.22M (Peak 77.85M) | Time:00:00.02 | Mem:0.00M, Peak:0.00M | Scene, ViewLayer | Updating Shaders
Fra:16 Mem:54.22M (Peak 77.85M) | Time:00:00.02 | Mem:0.00M, Peak:0.00M | Scene, ViewLayer | Loading render kernels (may take a few minutes the first time)
Fra:16 Mem:54.31M (Peak 77.85M) | Time:00:00.02 | Mem:0.00M, Peak:0.00M | Scene, ViewLayer | Updating Procedurals
Fra:16 Mem:54.31M (Peak 77.85M) | Time:00:00.02 | Mem:0.00M, Peak:0.00M | Scene, ViewLayer | Updating Background
Fra:16 Mem:54.31M (Peak 77.85M) | Time:00:00.02 | Mem:0.00M, Peak:0.00M | Scene, ViewLayer | Updating Camera
Fra:16 Mem:54.31M (Peak 77.85M) | Time:00:00.02 | Mem:0.00M, Peak:0.00M | Scene, ViewLayer | Updating Meshes Flags
Fra:16 Mem:54.31M (Peak 77.85M) | Time:00:00.02 | Mem:0.00M, Peak:0.00M | Scene, ViewLayer | Updating Objects
Fra:16 Mem:54.31M (Peak 77.85M) | Time:00:00.02 | Mem:0.00M, Peak:0.00M | Scene, ViewLayer | Updating Objects | Copying Transformations to device
Fra:16 Mem:54.31M (Peak 77.85M) | Time:00:00.02 | Mem:0.01M, Peak:0.01M | Scene, ViewLayer | Updating Particle Systems
Fra:16 Mem:54.31M (Peak 77.85M) | Time:00:00.02 | Mem:0.01M, Peak:0.01M | Scene, ViewLayer | Updating Particle Systems | Copying Particles to device
Fra:16 Mem:54.31M (Peak 77.85M) | Time:00:00.02 | Mem:0.01M, Peak:0.01M | Scene, ViewLayer | Updating Meshes
Fra:16 Mem:54.31M (Peak 77.85M) | Time:00:00.02 | Mem:0.01M, Peak:0.01M | Scene, ViewLayer | Updating Objects | Applying Static Transformations
Fra:16 Mem:54.31M (Peak 77.85M) | Time:00:00.02 | Mem:0.01M, Peak:0.01M | Scene, ViewLayer | Updating Mesh | Computing attributes
Fra:16 Mem:54.38M (Peak 77.85M) | Time:00:00.02 | Mem:0.01M, Peak:0.01M | Scene, ViewLayer | Updating Mesh | Copying Attributes to device
Fra:16 Mem:54.38M (Peak 77.85M) | Time:00:00.02 | Mem:0.08M, Peak:0.08M | Scene, ViewLayer | Updating Scene BVH | Building
Fra:16 Mem:54.38M (Peak 77.85M) | Time:00:00.02 | Mem:0.08M, Peak:0.08M | Scene, ViewLayer | Updating Scene BVH | Building BVH
Fra:16 Mem:54.38M (Peak 77.85M) | Time:00:00.02 | Mem:14.85M, Peak:14.85M | Scene, ViewLayer | Updating Scene BVH | Building BVH 0%
Fra:16 Mem:54.38M (Peak 77.85M) | Time:00:00.05 | Mem:30.92M, Peak:45.69M | Scene, ViewLayer | Updating Scene BVH | Copying BVH to device
Fra:16 Mem:54.38M (Peak 77.85M) | Time:00:00.05 | Mem:30.92M, Peak:45.69M | Scene, ViewLayer | Updating Mesh | Computing normals
Fra:16 Mem:67.31M (Peak 77.85M) | Time:00:00.06 | Mem:30.92M, Peak:45.69M | Scene, ViewLayer | Updating Mesh | Copying Mesh to device
Fra:16 Mem:67.31M (Peak 77.85M) | Time:00:00.06 | Mem:43.85M, Peak:45.69M | Scene, ViewLayer | Updating Objects Flags
Fra:16 Mem:67.31M (Peak 77.85M) | Time:00:00.06 | Mem:43.85M, Peak:45.69M | Scene, ViewLayer | Updating Primitive Offsets
Fra:16 Mem:67.31M (Peak 77.85M) | Time:00:00.06 | Mem:43.85M, Peak:45.69M | Scene, ViewLayer | Updating Images
Fra:16 Mem:67.31M (Peak 77.85M) | Time:00:00.06 | Mem:43.85M, Peak:45.69M | Scene, ViewLayer | Updating Camera Volume
Fra:16 Mem:67.31M (Peak 77.85M) | Time:00:00.06 | Mem:43.85M, Peak:45.69M | Scene, ViewLayer | Updating Lookup Tables
Fra:16 Mem:67.31M (Peak 77.85M) | Time:00:00.06 | Mem:43.93M, Peak:45.69M | Scene, ViewLayer | Updating Lights
Fra:16 Mem:67.31M (Peak 77.85M) | Time:00:00.06 | Mem:43.93M, Peak:45.69M | Scene, ViewLayer | Updating Lights | Computing tree
Fra:16 Mem:67.31M (Peak 77.85M) | Time:00:00.06 | Mem:43.93M, Peak:45.69M | Scene, ViewLayer | Updating Integrator
Fra:16 Mem:67.31M (Peak 77.85M) | Time:00:00.06 | Mem:43.93M, Peak:45.69M | Scene, ViewLayer | Updating Film
Fra:16 Mem:67.31M (Peak 77.85M) | Time:00:00.06 | Mem:43.85M, Peak:45.69M | Scene, ViewLayer | Updating Lookup Tables
Fra:16 Mem:67.31M (Peak 77.85M) | Time:00:00.06 | Mem:43.93M, Peak:45.69M | Scene, ViewLayer | Updating Baking
Fra:16 Mem:67.31M (Peak 77.85M) | Time:00:00.06 | Mem:43.93M, Peak:45.69M | Scene, ViewLayer | Updating Device | Writing constant memory
Fra:16 Mem:67.32M (Peak 77.85M) | Time:00:00.06 | Mem:43.93M, Peak:45.69M | Scene, ViewLayer | Loading denoising kernels (may take a few minutes the first time)
Fra:16 Mem:67.32M (Peak 77.85M) | Time:00:00.06 | Mem:43.93M, Peak:45.69M | Scene, ViewLayer | Sample 0/24
Fra:16 Mem:105.17M (Peak 105.17M) | Time:00:00.23 | Remaining:00:03.94 | Mem:81.51M, Peak:81.51M | Scene, ViewLayer | Sample 1/24
Fra:16 Mem:120.99M (Peak 144.72M) | Time:00:06.02 | Mem:81.51M, Peak:81.51M | Scene, ViewLayer | Sample 24/24
Fra:16 Mem:120.99M (Peak 144.72M) | Time:00:06.02 | Mem:81.51M, Peak:81.51M | Scene, ViewLayer | Finished
Saved: 'C:\Users\turbo08\findthem\apps\mobile\assets\avatar\references\paw-pad-rig\top-spread.png'
Time: 00:06.09 (Saving: 00:00.06)

Fra:1 Mem:47.84M (Peak 50.53M) | Time:00:00.00 | Mem:0.00M, Peak:0.00M | Scene, ViewLayer | Synchronizing object | Seated_Haunch_With_V13_Toes
Fra:1 Mem:47.84M (Peak 50.53M) | Time:00:00.00 | Mem:0.00M, Peak:0.00M | Scene, ViewLayer | Synchronizing object | DigitalPad_Toe_-1_2
Fra:1 Mem:53.24M (Peak 53.24M) | Time:00:00.00 | Mem:0.00M, Peak:0.00M | Scene, ViewLayer | Synchronizing object | DigitalPad_Toe_-1_5
Fra:1 Mem:53.26M (Peak 53.26M) | Time:00:00.00 | Mem:0.00M, Peak:0.00M | Scene, ViewLayer | Synchronizing object | DigitalPad_Toe_1_2
Fra:1 Mem:53.26M (Peak 53.26M) | Time:00:00.00 | Mem:0.00M, Peak:0.00M | Scene, ViewLayer | Synchronizing object | Area.002
Fra:1 Mem:53.26M (Peak 53.26M) | Time:00:00.00 | Mem:0.00M, Peak:0.00M | Scene, ViewLayer | Synchronizing object | MetatarsalPad_1
Fra:1 Mem:53.53M (Peak 53.53M) | Time:00:00.00 | Mem:0.00M, Peak:0.00M | Scene, ViewLayer | Synchronizing object | DigitalPad_Toe_1_3
Fra:1 Mem:53.56M (Peak 53.56M) | Time:00:00.00 | Mem:0.00M, Peak:0.00M | Scene, ViewLayer | Synchronizing object | DigitalPad_Toe_1_5
Fra:1 Mem:74.26M (Peak 77.86M) | Time:00:00.01 | Mem:0.00M, Peak:0.00M | Scene, ViewLayer | Initializing
Fra:1 Mem:54.25M (Peak 77.86M) | Time:00:00.02 | Mem:0.00M, Peak:0.00M | Scene, ViewLayer | Waiting for render to start
Fra:1 Mem:54.25M (Peak 77.86M) | Time:00:00.02 | Mem:0.00M, Peak:0.00M | Scene, ViewLayer | Updating Scene
Fra:1 Mem:54.25M (Peak 77.86M) | Time:00:00.02 | Mem:0.00M, Peak:0.00M | Scene, ViewLayer | Updating Shaders
Fra:1 Mem:54.25M (Peak 77.86M) | Time:00:00.02 | Mem:0.00M, Peak:0.00M | Scene, ViewLayer | Loading render kernels (may take a few minutes the first time)
Fra:1 Mem:54.33M (Peak 77.86M) | Time:00:00.02 | Mem:0.00M, Peak:0.00M | Scene, ViewLayer | Updating Procedurals
Fra:1 Mem:54.33M (Peak 77.86M) | Time:00:00.02 | Mem:0.00M, Peak:0.00M | Scene, ViewLayer | Updating Background
Fra:1 Mem:54.33M (Peak 77.86M) | Time:00:00.02 | Mem:0.00M, Peak:0.00M | Scene, ViewLayer | Updating Camera
Fra:1 Mem:54.33M (Peak 77.86M) | Time:00:00.02 | Mem:0.00M, Peak:0.00M | Scene, ViewLayer | Updating Meshes Flags
Fra:1 Mem:54.33M (Peak 77.86M) | Time:00:00.02 | Mem:0.00M, Peak:0.00M | Scene, ViewLayer | Updating Objects
Fra:1 Mem:54.33M (Peak 77.86M) | Time:00:00.02 | Mem:0.00M, Peak:0.00M | Scene, ViewLayer | Updating Objects | Copying Transformations to device
Fra:1 Mem:54.33M (Peak 77.86M) | Time:00:00.02 | Mem:0.01M, Peak:0.01M | Scene, ViewLayer | Updating Particle Systems
Fra:1 Mem:54.33M (Peak 77.86M) | Time:00:00.02 | Mem:0.01M, Peak:0.01M | Scene, ViewLayer | Updating Particle Systems | Copying Particles to device
Fra:1 Mem:54.33M (Peak 77.86M) | Time:00:00.02 | Mem:0.01M, Peak:0.01M | Scene, ViewLayer | Updating Meshes
Fra:1 Mem:54.33M (Peak 77.86M) | Time:00:00.02 | Mem:0.01M, Peak:0.01M | Scene, ViewLayer | Updating Objects | Applying Static Transformations
Fra:1 Mem:54.33M (Peak 77.86M) | Time:00:00.02 | Mem:0.01M, Peak:0.01M | Scene, ViewLayer | Updating Mesh | Computing attributes
Fra:1 Mem:54.40M (Peak 77.86M) | Time:00:00.02 | Mem:0.01M, Peak:0.01M | Scene, ViewLayer | Updating Mesh | Copying Attributes to device
Fra:1 Mem:54.40M (Peak 77.86M) | Time:00:00.02 | Mem:0.08M, Peak:0.08M | Scene, ViewLayer | Updating Scene BVH | Building
Fra:1 Mem:54.40M (Peak 77.86M) | Time:00:00.02 | Mem:0.08M, Peak:0.08M | Scene, ViewLayer | Updating Scene BVH | Building BVH
Fra:1 Mem:54.40M (Peak 77.86M) | Time:00:00.02 | Mem:14.85M, Peak:14.85M | Scene, ViewLayer | Updating Scene BVH | Building BVH 0%
Fra:1 Mem:54.40M (Peak 77.86M) | Time:00:00.04 | Mem:32.46M, Peak:47.24M | Scene, ViewLayer | Updating Scene BVH | Copying BVH to device
Fra:1 Mem:54.40M (Peak 77.86M) | Time:00:00.04 | Mem:32.46M, Peak:47.24M | Scene, ViewLayer | Updating Mesh | Computing normals
Fra:1 Mem:67.33M (Peak 77.86M) | Time:00:00.05 | Mem:32.46M, Peak:47.24M | Scene, ViewLayer | Updating Mesh | Copying Mesh to device
Fra:1 Mem:67.33M (Peak 77.86M) | Time:00:00.05 | Mem:45.39M, Peak:47.24M | Scene, ViewLayer | Updating Objects Flags
Fra:1 Mem:67.33M (Peak 77.86M) | Time:00:00.05 | Mem:45.39M, Peak:47.24M | Scene, ViewLayer | Updating Primitive Offsets
Fra:1 Mem:67.33M (Peak 77.86M) | Time:00:00.05 | Mem:45.39M, Peak:47.24M | Scene, ViewLayer | Updating Images
Fra:1 Mem:67.33M (Peak 77.86M) | Time:00:00.05 | Mem:45.39M, Peak:47.24M | Scene, ViewLayer | Updating Camera Volume
Fra:1 Mem:67.33M (Peak 77.86M) | Time:00:00.05 | Mem:45.39M, Peak:47.24M | Scene, ViewLayer | Updating Lookup Tables
Fra:1 Mem:67.33M (Peak 77.86M) | Time:00:00.05 | Mem:45.47M, Peak:47.24M | Scene, ViewLayer | Updating Lights
Fra:1 Mem:67.33M (Peak 77.86M) | Time:00:00.05 | Mem:45.47M, Peak:47.24M | Scene, ViewLayer | Updating Lights | Computing tree
Fra:1 Mem:67.33M (Peak 77.86M) | Time:00:00.05 | Mem:45.47M, Peak:47.24M | Scene, ViewLayer | Updating Integrator
Fra:1 Mem:67.33M (Peak 77.86M) | Time:00:00.05 | Mem:45.47M, Peak:47.24M | Scene, ViewLayer | Updating Film
Fra:1 Mem:67.34M (Peak 77.86M) | Time:00:00.05 | Mem:45.39M, Peak:47.24M | Scene, ViewLayer | Updating Lookup Tables
Fra:1 Mem:67.34M (Peak 77.86M) | Time:00:00.05 | Mem:45.48M, Peak:47.24M | Scene, ViewLayer | Updating Baking
Fra:1 Mem:67.34M (Peak 77.86M) | Time:00:00.05 | Mem:45.48M, Peak:47.24M | Scene, ViewLayer | Updating Device | Writing constant memory
Fra:1 Mem:67.34M (Peak 77.86M) | Time:00:00.05 | Mem:45.48M, Peak:47.24M | Scene, ViewLayer | Loading denoising kernels (may take a few minutes the first time)
Fra:1 Mem:67.34M (Peak 77.86M) | Time:00:00.05 | Mem:45.48M, Peak:47.24M | Scene, ViewLayer | Sample 0/24
Fra:1 Mem:105.19M (Peak 105.19M) | Time:00:00.12 | Remaining:00:01.58 | Mem:83.05M, Peak:83.05M | Scene, ViewLayer | Sample 1/24
Fra:1 Mem:121.01M (Peak 144.75M) | Time:00:03.52 | Mem:83.05M, Peak:83.05M | Scene, ViewLayer | Sample 24/24
Fra:1 Mem:121.01M (Peak 144.75M) | Time:00:03.52 | Mem:83.05M, Peak:83.05M | Scene, ViewLayer | Finished
Saved: 'C:\Users\turbo08\findthem\apps\mobile\assets\avatar\references\paw-pad-rig\sole-rest.png'
Time: 00:03.59 (Saving: 00:00.05)

Fra:16 Mem:47.84M (Peak 50.53M) | Time:00:00.00 | Mem:0.00M, Peak:0.00M | Scene, ViewLayer | Synchronizing object | Seated_Haunch_With_V13_Toes
Fra:16 Mem:47.84M (Peak 50.53M) | Time:00:00.00 | Mem:0.00M, Peak:0.00M | Scene, ViewLayer | Synchronizing object | Area.001
Fra:16 Mem:47.84M (Peak 50.53M) | Time:00:00.00 | Mem:0.00M, Peak:0.00M | Scene, ViewLayer | Synchronizing object | DigitalPad_Toe_-1_5
Fra:16 Mem:47.84M (Peak 50.53M) | Time:00:00.00 | Mem:0.00M, Peak:0.00M | Scene, ViewLayer | Synchronizing object | DigitalPad_Toe_1_2
Fra:16 Mem:53.28M (Peak 53.28M) | Time:00:00.00 | Mem:0.00M, Peak:0.00M | Scene, ViewLayer | Synchronizing object | DigitalPad_Toe_1_4
Fra:16 Mem:53.34M (Peak 53.34M) | Time:00:00.00 | Mem:0.00M, Peak:0.00M | Scene, ViewLayer | Synchronizing object | Area.002
Fra:16 Mem:53.51M (Peak 53.51M) | Time:00:00.00 | Mem:0.00M, Peak:0.00M | Scene, ViewLayer | Synchronizing object | MetatarsalPad_-1
Fra:16 Mem:53.52M (Peak 53.52M) | Time:00:00.00 | Mem:0.00M, Peak:0.00M | Scene, ViewLayer | Synchronizing object | MetatarsalPad_1
Fra:16 Mem:74.26M (Peak 77.86M) | Time:00:00.01 | Mem:0.00M, Peak:0.00M | Scene, ViewLayer | Initializing
Fra:16 Mem:54.25M (Peak 77.86M) | Time:00:00.01 | Mem:0.00M, Peak:0.00M | Scene, ViewLayer | Waiting for render to start
Fra:16 Mem:54.25M (Peak 77.86M) | Time:00:00.01 | Mem:0.00M, Peak:0.00M | Scene, ViewLayer | Updating Scene
Fra:16 Mem:54.25M (Peak 77.86M) | Time:00:00.01 | Mem:0.00M, Peak:0.00M | Scene, ViewLayer | Updating Shaders
Fra:16 Mem:54.25M (Peak 77.86M) | Time:00:00.01 | Mem:0.00M, Peak:0.00M | Scene, ViewLayer | Loading render kernels (may take a few minutes the first time)
Fra:16 Mem:54.33M (Peak 77.86M) | Time:00:00.01 | Mem:0.00M, Peak:0.00M | Scene, ViewLayer | Updating Procedurals
Fra:16 Mem:54.33M (Peak 77.86M) | Time:00:00.01 | Mem:0.00M, Peak:0.00M | Scene, ViewLayer | Updating Background
Fra:16 Mem:54.33M (Peak 77.86M) | Time:00:00.01 | Mem:0.00M, Peak:0.00M | Scene, ViewLayer | Updating Camera
Fra:16 Mem:54.33M (Peak 77.86M) | Time:00:00.01 | Mem:0.00M, Peak:0.00M | Scene, ViewLayer | Updating Meshes Flags
Fra:16 Mem:54.33M (Peak 77.86M) | Time:00:00.01 | Mem:0.00M, Peak:0.00M | Scene, ViewLayer | Updating Objects
Fra:16 Mem:54.33M (Peak 77.86M) | Time:00:00.01 | Mem:0.00M, Peak:0.00M | Scene, ViewLayer | Updating Objects | Copying Transformations to device
Fra:16 Mem:54.33M (Peak 77.86M) | Time:00:00.01 | Mem:0.01M, Peak:0.01M | Scene, ViewLayer | Updating Particle Systems
Fra:16 Mem:54.33M (Peak 77.86M) | Time:00:00.01 | Mem:0.01M, Peak:0.01M | Scene, ViewLayer | Updating Particle Systems | Copying Particles to device
Fra:16 Mem:54.33M (Peak 77.86M) | Time:00:00.01 | Mem:0.01M, Peak:0.01M | Scene, ViewLayer | Updating Meshes
Fra:16 Mem:54.33M (Peak 77.86M) | Time:00:00.01 | Mem:0.01M, Peak:0.01M | Scene, ViewLayer | Updating Objects | Applying Static Transformations
Fra:16 Mem:54.33M (Peak 77.86M) | Time:00:00.01 | Mem:0.01M, Peak:0.01M | Scene, ViewLayer | Updating Mesh | Computing attributes
Fra:16 Mem:54.41M (Peak 77.86M) | Time:00:00.01 | Mem:0.01M, Peak:0.01M | Scene, ViewLayer | Updating Mesh | Copying Attributes to device
Fra:16 Mem:54.40M (Peak 77.86M) | Time:00:00.01 | Mem:0.08M, Peak:0.08M | Scene, ViewLayer | Updating Scene BVH | Building
Fra:16 Mem:54.40M (Peak 77.86M) | Time:00:00.01 | Mem:0.08M, Peak:0.08M | Scene, ViewLayer | Updating Scene BVH | Building BVH
Fra:16 Mem:54.40M (Peak 77.86M) | Time:00:00.01 | Mem:14.85M, Peak:14.85M | Scene, ViewLayer | Updating Scene BVH | Building BVH 0%
Fra:16 Mem:54.40M (Peak 77.86M) | Time:00:00.03 | Mem:32.46M, Peak:47.24M | Scene, ViewLayer | Updating Scene BVH | Copying BVH to device
Fra:16 Mem:54.40M (Peak 77.86M) | Time:00:00.03 | Mem:32.46M, Peak:47.24M | Scene, ViewLayer | Updating Mesh | Computing normals
Fra:16 Mem:67.33M (Peak 77.86M) | Time:00:00.04 | Mem:32.46M, Peak:47.24M | Scene, ViewLayer | Updating Mesh | Copying Mesh to device
Fra:16 Mem:67.33M (Peak 77.86M) | Time:00:00.04 | Mem:45.39M, Peak:47.24M | Scene, ViewLayer | Updating Objects Flags
Fra:16 Mem:67.33M (Peak 77.86M) | Time:00:00.04 | Mem:45.39M, Peak:47.24M | Scene, ViewLayer | Updating Primitive Offsets
Fra:16 Mem:67.33M (Peak 77.86M) | Time:00:00.04 | Mem:45.39M, Peak:47.24M | Scene, ViewLayer | Updating Images
Fra:16 Mem:67.33M (Peak 77.86M) | Time:00:00.04 | Mem:45.39M, Peak:47.24M | Scene, ViewLayer | Updating Camera Volume
Fra:16 Mem:67.33M (Peak 77.86M) | Time:00:00.04 | Mem:45.39M, Peak:47.24M | Scene, ViewLayer | Updating Lookup Tables
Fra:16 Mem:67.33M (Peak 77.86M) | Time:00:00.04 | Mem:45.47M, Peak:47.24M | Scene, ViewLayer | Updating Lights
Fra:16 Mem:67.33M (Peak 77.86M) | Time:00:00.04 | Mem:45.47M, Peak:47.24M | Scene, ViewLayer | Updating Lights | Computing tree
Fra:16 Mem:67.33M (Peak 77.86M) | Time:00:00.04 | Mem:45.47M, Peak:47.24M | Scene, ViewLayer | Updating Integrator
Fra:16 Mem:67.33M (Peak 77.86M) | Time:00:00.04 | Mem:45.47M, Peak:47.24M | Scene, ViewLayer | Updating Film
Fra:16 Mem:67.34M (Peak 77.86M) | Time:00:00.04 | Mem:45.39M, Peak:47.24M | Scene, ViewLayer | Updating Lookup Tables
Fra:16 Mem:67.34M (Peak 77.86M) | Time:00:00.04 | Mem:45.48M, Peak:47.24M | Scene, ViewLayer | Updating Baking
Fra:16 Mem:67.34M (Peak 77.86M) | Time:00:00.04 | Mem:45.48M, Peak:47.24M | Scene, ViewLayer | Updating Device | Writing constant memory
Fra:16 Mem:67.34M (Peak 77.86M) | Time:00:00.04 | Mem:45.48M, Peak:47.24M | Scene, ViewLayer | Loading denoising kernels (may take a few minutes the first time)
Fra:16 Mem:67.34M (Peak 77.86M) | Time:00:00.04 | Mem:45.48M, Peak:47.24M | Scene, ViewLayer | Sample 0/24
Fra:16 Mem:105.19M (Peak 105.19M) | Time:00:00.11 | Remaining:00:01.52 | Mem:83.05M, Peak:83.05M | Scene, ViewLayer | Sample 1/24
Fra:16 Mem:121.01M (Peak 144.75M) | Time:00:03.46 | Mem:83.05M, Peak:83.05M | Scene, ViewLayer | Sample 24/24
Fra:16 Mem:121.01M (Peak 144.75M) | Time:00:03.46 | Mem:83.05M, Peak:83.05M | Scene, ViewLayer | Finished
Saved: 'C:\Users\turbo08\findthem\apps\mobile\assets\avatar\references\paw-pad-rig\sole-spread.png'
Time: 00:03.52 (Saving: 00:00.05)

Fra:1 Mem:47.84M (Peak 50.51M) | Time:00:00.00 | Mem:0.00M, Peak:0.00M | Scene, ViewLayer | Synchronizing object | Seated_Haunch_With_V13_Toes
Fra:1 Mem:47.84M (Peak 50.51M) | Time:00:00.00 | Mem:0.00M, Peak:0.00M | Scene, ViewLayer | Synchronizing object | Area.001
Fra:1 Mem:53.24M (Peak 53.24M) | Time:00:00.00 | Mem:0.00M, Peak:0.00M | Scene, ViewLayer | Synchronizing object | DigitalPad_Toe_-1_3
Fra:1 Mem:53.24M (Peak 53.24M) | Time:00:00.00 | Mem:0.00M, Peak:0.00M | Scene, ViewLayer | Synchronizing object | DigitalPad_Toe_-1_5
Fra:1 Mem:64.57M (Peak 64.57M) | Time:00:00.00 | Mem:0.00M, Peak:0.00M | Scene, ViewLayer | Synchronizing object | DigitalPad_Toe_1_2
Fra:1 Mem:64.57M (Peak 64.57M) | Time:00:00.00 | Mem:0.00M, Peak:0.00M | Scene, ViewLayer | Synchronizing object | DigitalPad_Toe_1_4
Fra:1 Mem:64.65M (Peak 64.65M) | Time:00:00.00 | Mem:0.00M, Peak:0.00M | Scene, ViewLayer | Synchronizing object | DigitalPad_Toe_1_5
Fra:1 Mem:64.84M (Peak 64.84M) | Time:00:00.00 | Mem:0.00M, Peak:0.00M | Scene, ViewLayer | Synchronizing object | MetatarsalPad_-1
Fra:1 Mem:74.25M (Peak 77.86M) | Time:00:00.02 | Mem:0.00M, Peak:0.00M | Scene, ViewLayer | Initializing
Fra:1 Mem:54.23M (Peak 77.86M) | Time:00:00.02 | Mem:0.00M, Peak:0.00M | Scene, ViewLayer | Waiting for render to start
Fra:1 Mem:54.23M (Peak 77.86M) | Time:00:00.02 | Mem:0.00M, Peak:0.00M | Scene, ViewLayer | Updating Scene
Fra:1 Mem:54.23M (Peak 77.86M) | Time:00:00.02 | Mem:0.00M, Peak:0.00M | Scene, ViewLayer | Updating Shaders
Fra:1 Mem:54.23M (Peak 77.86M) | Time:00:00.02 | Mem:0.00M, Peak:0.00M | Scene, ViewLayer | Loading render kernels (may take a few minutes the first time)
Fra:1 Mem:54.31M (Peak 77.86M) | Time:00:00.02 | Mem:0.00M, Peak:0.00M | Scene, ViewLayer | Updating Procedurals
Fra:1 Mem:54.31M (Peak 77.86M) | Time:00:00.02 | Mem:0.00M, Peak:0.00M | Scene, ViewLayer | Updating Background
Fra:1 Mem:54.31M (Peak 77.86M) | Time:00:00.02 | Mem:0.00M, Peak:0.00M | Scene, ViewLayer | Updating Camera
Fra:1 Mem:54.31M (Peak 77.86M) | Time:00:00.02 | Mem:0.00M, Peak:0.00M | Scene, ViewLayer | Updating Meshes Flags
Fra:1 Mem:54.31M (Peak 77.86M) | Time:00:00.02 | Mem:0.00M, Peak:0.00M | Scene, ViewLayer | Updating Objects
Fra:1 Mem:54.31M (Peak 77.86M) | Time:00:00.02 | Mem:0.00M, Peak:0.00M | Scene, ViewLayer | Updating Objects | Copying Transformations to device
Fra:1 Mem:54.31M (Peak 77.86M) | Time:00:00.02 | Mem:0.01M, Peak:0.01M | Scene, ViewLayer | Updating Particle Systems
Fra:1 Mem:54.31M (Peak 77.86M) | Time:00:00.02 | Mem:0.01M, Peak:0.01M | Scene, ViewLayer | Updating Particle Systems | Copying Particles to device
Fra:1 Mem:54.31M (Peak 77.86M) | Time:00:00.02 | Mem:0.01M, Peak:0.01M | Scene, ViewLayer | Updating Meshes
Fra:1 Mem:54.31M (Peak 77.86M) | Time:00:00.02 | Mem:0.01M, Peak:0.01M | Scene, ViewLayer | Updating Objects | Applying Static Transformations
Fra:1 Mem:54.31M (Peak 77.86M) | Time:00:00.02 | Mem:0.01M, Peak:0.01M | Scene, ViewLayer | Updating Mesh | Computing attributes
Fra:1 Mem:54.38M (Peak 77.86M) | Time:00:00.02 | Mem:0.01M, Peak:0.01M | Scene, ViewLayer | Updating Mesh | Copying Attributes to device
Fra:1 Mem:54.38M (Peak 77.86M) | Time:00:00.02 | Mem:0.08M, Peak:0.08M | Scene, ViewLayer | Updating Scene BVH | Building
Fra:1 Mem:54.38M (Peak 77.86M) | Time:00:00.02 | Mem:0.08M, Peak:0.08M | Scene, ViewLayer | Updating Scene BVH | Building BVH
Fra:1 Mem:54.38M (Peak 77.86M) | Time:00:00.02 | Mem:14.85M, Peak:14.85M | Scene, ViewLayer | Updating Scene BVH | Building BVH 0%
Fra:1 Mem:54.38M (Peak 77.86M) | Time:00:00.05 | Mem:30.92M, Peak:45.69M | Scene, ViewLayer | Updating Scene BVH | Copying BVH to device
Fra:1 Mem:54.38M (Peak 77.86M) | Time:00:00.05 | Mem:30.92M, Peak:45.69M | Scene, ViewLayer | Updating Mesh | Computing normals
Fra:1 Mem:67.31M (Peak 77.86M) | Time:00:00.06 | Mem:30.92M, Peak:45.69M | Scene, ViewLayer | Updating Mesh | Copying Mesh to device
Fra:1 Mem:67.31M (Peak 77.86M) | Time:00:00.06 | Mem:43.85M, Peak:45.69M | Scene, ViewLayer | Updating Objects Flags
Fra:1 Mem:67.31M (Peak 77.86M) | Time:00:00.06 | Mem:43.85M, Peak:45.69M | Scene, ViewLayer | Updating Primitive Offsets
Fra:1 Mem:67.31M (Peak 77.86M) | Time:00:00.06 | Mem:43.85M, Peak:45.69M | Scene, ViewLayer | Updating Images
Fra:1 Mem:67.31M (Peak 77.86M) | Time:00:00.06 | Mem:43.85M, Peak:45.69M | Scene, ViewLayer | Updating Camera Volume
Fra:1 Mem:67.31M (Peak 77.86M) | Time:00:00.06 | Mem:43.85M, Peak:45.69M | Scene, ViewLayer | Updating Lookup Tables
Fra:1 Mem:67.31M (Peak 77.86M) | Time:00:00.06 | Mem:43.93M, Peak:45.69M | Scene, ViewLayer | Updating Lights
Fra:1 Mem:67.31M (Peak 77.86M) | Time:00:00.06 | Mem:43.93M, Peak:45.69M | Scene, ViewLayer | Updating Lights | Computing tree
Fra:1 Mem:67.31M (Peak 77.86M) | Time:00:00.06 | Mem:43.93M, Peak:45.69M | Scene, ViewLayer | Updating Integrator
Fra:1 Mem:67.31M (Peak 77.86M) | Time:00:00.06 | Mem:43.93M, Peak:45.69M | Scene, ViewLayer | Updating Film
Fra:1 Mem:67.32M (Peak 77.86M) | Time:00:00.06 | Mem:43.85M, Peak:45.69M | Scene, ViewLayer | Updating Lookup Tables
Fra:1 Mem:67.32M (Peak 77.86M) | Time:00:00.06 | Mem:43.93M, Peak:45.69M | Scene, ViewLayer | Updating Baking
Fra:1 Mem:67.32M (Peak 77.86M) | Time:00:00.06 | Mem:43.93M, Peak:45.69M | Scene, ViewLayer | Updating Device | Writing constant memory
Fra:1 Mem:67.32M (Peak 77.86M) | Time:00:00.06 | Mem:43.93M, Peak:45.69M | Scene, ViewLayer | Loading denoising kernels (may take a few minutes the first time)
Fra:1 Mem:67.32M (Peak 77.86M) | Time:00:00.06 | Mem:43.93M, Peak:45.69M | Scene, ViewLayer | Sample 0/24
Fra:1 Mem:105.17M (Peak 105.17M) | Time:00:00.20 | Remaining:00:03.17 | Mem:81.51M, Peak:81.51M | Scene, ViewLayer | Sample 1/24
Fra:1 Mem:120.99M (Peak 144.73M) | Time:00:04.96 | Mem:81.51M, Peak:81.51M | Scene, ViewLayer | Sample 24/24
Fra:1 Mem:120.99M (Peak 144.73M) | Time:00:04.96 | Mem:81.51M, Peak:81.51M | Scene, ViewLayer | Finished
Saved: 'C:\Users\turbo08\findthem\apps\mobile\assets\avatar\references\paw-pad-rig\side.png'
Time: 00:05.01 (Saving: 00:00.05)

BlenderMCP: cannot start server in background mode (blender -b) - commands would never execute
BlenderMCP: run Blender with a GUI, or use a virtual display: xvfb-run -a blender
BlenderMCP addon registered
Info: Saved as "paw-pads-toe-rig.blend"
INFO Draco mesh compression is available, use library at C:\Program Files\Blender Foundation\Blender 4.5\4.5\scripts\addons_core\io_scene_gltf2\extern_draco.dll
19:02:05 | INFO: Starting glTF 2.0 export
19:02:05 | WARNING: Armature must be the parent of skinned meshArmature is selected by its name, but may be false in case of instances
19:02:05 | WARNING: Armature must be the parent of skinned meshArmature is selected by its name, but may be false in case of instances
19:02:05 | WARNING: Armature must be the parent of skinned meshArmature is selected by its name, but may be false in case of instances
19:02:05 | WARNING: Armature must be the parent of skinned meshArmature is selected by its name, but may be false in case of instances
19:02:05 | WARNING: Armature must be the parent of skinned meshArmature is selected by its name, but may be false in case of instances
19:02:05 | WARNING: Armature must be the parent of skinned meshArmature is selected by its name, but may be false in case of instances
19:02:05 | WARNING: Armature must be the parent of skinned meshArmature is selected by its name, but may be false in case of instances
19:02:05 | WARNING: Armature must be the parent of skinned meshArmature is selected by its name, but may be false in case of instances
19:02:05 | WARNING: Armature must be the parent of skinned meshArmature is selected by its name, but may be false in case of instances
19:02:05 | WARNING: Armature must be the parent of skinned meshArmature is selected by its name, but may be false in case of instances
19:02:05 | WARNING: Armature must be the parent of skinned meshArmature is selected by its name, but may be false in case of instances
19:02:05 | INFO: Extracting primitive: Designed transverse rings
19:02:07 | INFO: Primitives created: 1
19:02:07 | WARNING: There are more than 4 joint vertex influences.The 4 with highest weight will be used (and normalized).
19:02:07 | INFO: Extracting primitive: Sphere
19:02:07 | INFO: Primitives created: 1
19:02:07 | INFO: Extracting primitive: Sphere.001
19:02:07 | INFO: Primitives created: 1
19:02:07 | INFO: Extracting primitive: Sphere.002
19:02:07 | INFO: Primitives created: 1
19:02:07 | INFO: Extracting primitive: Sphere.003
19:02:07 | INFO: Primitives created: 1
19:02:07 | INFO: Extracting primitive: Sphere.004
19:02:07 | INFO: Primitives created: 1
19:02:07 | INFO: Extracting primitive: Sphere.005
19:02:07 | INFO: Primitives created: 1
19:02:07 | INFO: Extracting primitive: Sphere.006
19:02:07 | INFO: Primitives created: 1
19:02:07 | INFO: Extracting primitive: Sphere.007
19:02:07 | INFO: Primitives created: 1
19:02:07 | INFO: Extracting primitive: Sphere.008
19:02:07 | INFO: Primitives created: 1
19:02:07 | INFO: Extracting primitive: Sphere.009
19:02:07 | INFO: Primitives created: 1
19:02:07 | INFO: Finished glTF 2.0 export in 2.204580545425415 s

PAW_PAD_RIG_COMPLETE {'toe_bones': 8, 'digital_pads': 8, 'central_pads': 2, 'max_splay_degrees': 4, 'animation_frames': [1, 46], 'linear_skinning': True, 'scope': 'small toe splay only; sitting/standing integration pending', '1': {'min_z': 0.01027336809784174, 'max_z': 0.6621112823486328}, '16': {'min_z': 0.01027336809784174, 'max_z': 0.6621112823486328}, '31': {'min_z': 0.01027336809784174, 'max_z': 0.6621112823486328}}
BlenderMCP server stopped
BlenderMCP addon unregistered

Blender quit
