Blender 4.5.10 LTS (hash 6dc0b208d1b5 built 2026-05-19 01:33:42)
Read blend: "C:\Users\turbo08\findthem\apps\mobile\assets\avatar\references\fullbody-weld\fullbody-weld.blend"
Fra:1 Mem:99.86M (Peak 99.86M) | Time:00:00.00 | Mem:0.00M, Peak:0.00M | Scene, ViewLayer | Synchronizing object | Joined_Cat_Body
Fra:1 Mem:99.86M (Peak 99.86M) | Time:00:00.00 | Mem:0.00M, Peak:0.00M | Scene, ViewLayer | Synchronizing object | V13_Upper_mesh_0
Fra:1 Mem:102.23M (Peak 102.23M) | Time:00:00.00 | Mem:0.00M, Peak:0.00M | Scene, ViewLayer | Synchronizing object | Area.001
Fra:1 Mem:126.38M (Peak 129.24M) | Time:00:00.01 | Mem:0.00M, Peak:0.00M | Scene, ViewLayer | Initializing
Fra:1 Mem:126.30M (Peak 129.24M) | Time:00:00.01 | Mem:0.00M, Peak:0.00M | Scene, ViewLayer | Updating Images | Loading Image_2
Fra:1 Mem:126.30M (Peak 129.24M) | Time:00:00.01 | Mem:0.00M, Peak:0.00M | Scene, ViewLayer | Updating Images | Loading Image_0
Fra:1 Mem:126.30M (Peak 129.24M) | Time:00:00.01 | Mem:0.00M, Peak:0.00M | Scene, ViewLayer | Updating Images | Loading Image_1
Fra:1 Mem:133.50M (Peak 138.32M) | Time:00:00.05 | Mem:8.00M, Peak:8.00M | Scene, ViewLayer | Waiting for render to start
Fra:1 Mem:133.50M (Peak 138.32M) | Time:00:00.05 | Mem:8.00M, Peak:8.00M | Scene, ViewLayer | Updating Scene
Fra:1 Mem:133.50M (Peak 138.32M) | Time:00:00.05 | Mem:8.00M, Peak:8.00M | Scene, ViewLayer | Updating Shaders
Fra:1 Mem:133.50M (Peak 138.32M) | Time:00:00.05 | Mem:8.00M, Peak:8.00M | Scene, ViewLayer | Loading render kernels (may take a few minutes the first time)
Fra:1 Mem:133.58M (Peak 138.32M) | Time:00:00.05 | Mem:8.00M, Peak:8.00M | Scene, ViewLayer | Updating Procedurals
Fra:1 Mem:133.58M (Peak 138.32M) | Time:00:00.05 | Mem:8.00M, Peak:8.00M | Scene, ViewLayer | Updating Background
Fra:1 Mem:133.58M (Peak 138.32M) | Time:00:00.05 | Mem:8.00M, Peak:8.00M | Scene, ViewLayer | Updating Camera
Fra:1 Mem:133.58M (Peak 138.32M) | Time:00:00.05 | Mem:8.00M, Peak:8.00M | Scene, ViewLayer | Updating Meshes Flags
Fra:1 Mem:133.58M (Peak 138.32M) | Time:00:00.05 | Mem:8.00M, Peak:8.00M | Scene, ViewLayer | Updating Objects
Fra:1 Mem:133.58M (Peak 138.32M) | Time:00:00.05 | Mem:8.00M, Peak:8.00M | Scene, ViewLayer | Updating Objects | Copying Transformations to device
Fra:1 Mem:133.59M (Peak 138.32M) | Time:00:00.05 | Mem:8.01M, Peak:8.01M | Scene, ViewLayer | Updating Particle Systems
Fra:1 Mem:133.59M (Peak 138.32M) | Time:00:00.05 | Mem:8.01M, Peak:8.01M | Scene, ViewLayer | Updating Particle Systems | Copying Particles to device
Fra:1 Mem:133.59M (Peak 138.32M) | Time:00:00.05 | Mem:8.01M, Peak:8.01M | Scene, ViewLayer | Updating Meshes
Fra:1 Mem:133.70M (Peak 138.32M) | Time:00:00.05 | Mem:8.01M, Peak:8.01M | Scene, ViewLayer | Updating Objects | Applying Static Transformations
Fra:1 Mem:133.70M (Peak 138.32M) | Time:00:00.05 | Mem:8.01M, Peak:8.01M | Scene, ViewLayer | Updating Mesh | Computing attributes
Fra:1 Mem:137.01M (Peak 138.32M) | Time:00:00.06 | Mem:8.01M, Peak:8.01M | Scene, ViewLayer | Updating Mesh | Copying Attributes to device
Fra:1 Mem:137.00M (Peak 138.32M) | Time:00:00.06 | Mem:11.31M, Peak:11.31M | Scene, ViewLayer | Updating Scene BVH | Building
Fra:1 Mem:137.00M (Peak 138.32M) | Time:00:00.06 | Mem:11.31M, Peak:11.31M | Scene, ViewLayer | Updating Scene BVH | Building BVH
Fra:1 Mem:137.00M (Peak 138.32M) | Time:00:00.06 | Mem:23.89M, Peak:23.89M | Scene, ViewLayer | Updating Scene BVH | Building BVH 0%
Fra:1 Mem:137.00M (Peak 138.32M) | Time:00:00.09 | Mem:38.88M, Peak:51.46M | Scene, ViewLayer | Updating Scene BVH | Copying BVH to device
Fra:1 Mem:137.00M (Peak 138.32M) | Time:00:00.09 | Mem:38.88M, Peak:51.46M | Scene, ViewLayer | Updating Mesh | Computing normals
Fra:1 Mem:148.02M (Peak 148.02M) | Time:00:00.09 | Mem:38.88M, Peak:51.46M | Scene, ViewLayer | Updating Mesh | Copying Mesh to device
Fra:1 Mem:148.02M (Peak 148.02M) | Time:00:00.09 | Mem:49.89M, Peak:51.46M | Scene, ViewLayer | Updating Objects Flags
Fra:1 Mem:148.02M (Peak 148.02M) | Time:00:00.10 | Mem:49.89M, Peak:51.46M | Scene, ViewLayer | Updating Primitive Offsets
Fra:1 Mem:148.02M (Peak 148.02M) | Time:00:00.10 | Mem:49.89M, Peak:51.46M | Scene, ViewLayer | Updating Images
Fra:1 Mem:148.02M (Peak 148.02M) | Time:00:00.10 | Mem:49.89M, Peak:51.46M | Scene, ViewLayer | Updating Camera Volume
Fra:1 Mem:148.02M (Peak 148.02M) | Time:00:00.10 | Mem:49.89M, Peak:51.46M | Scene, ViewLayer | Updating Lookup Tables
Fra:1 Mem:148.02M (Peak 148.02M) | Time:00:00.10 | Mem:49.98M, Peak:51.46M | Scene, ViewLayer | Updating Lights
Fra:1 Mem:148.02M (Peak 148.02M) | Time:00:00.10 | Mem:49.98M, Peak:51.46M | Scene, ViewLayer | Updating Lights | Computing tree
Fra:1 Mem:148.02M (Peak 148.02M) | Time:00:00.10 | Mem:49.98M, Peak:51.46M | Scene, ViewLayer | Updating Integrator
Fra:1 Mem:148.02M (Peak 148.02M) | Time:00:00.10 | Mem:49.98M, Peak:51.46M | Scene, ViewLayer | Updating Film
Fra:1 Mem:148.02M (Peak 148.02M) | Time:00:00.10 | Mem:49.89M, Peak:51.46M | Scene, ViewLayer | Updating Lookup Tables
Fra:1 Mem:148.02M (Peak 148.02M) | Time:00:00.10 | Mem:49.98M, Peak:51.46M | Scene, ViewLayer | Updating Baking
Fra:1 Mem:148.02M (Peak 148.02M) | Time:00:00.10 | Mem:49.98M, Peak:51.46M | Scene, ViewLayer | Updating Device | Writing constant memory
Fra:1 Mem:148.03M (Peak 148.03M) | Time:00:00.10 | Mem:49.98M, Peak:51.46M | Scene, ViewLayer | Loading denoising kernels (may take a few minutes the first time)
Fra:1 Mem:148.03M (Peak 148.03M) | Time:00:00.10 | Mem:49.98M, Peak:51.46M | Scene, ViewLayer | Sample 0/24
Fra:1 Mem:194.69M (Peak 194.69M) | Time:00:00.28 | Remaining:00:04.20 | Mem:96.38M, Peak:96.38M | Scene, ViewLayer | Sample 1/24
Fra:1 Mem:214.22M (Peak 243.52M) | Time:00:06.11 | Mem:96.38M, Peak:96.38M | Scene, ViewLayer | Sample 24/24
Fra:1 Mem:214.22M (Peak 243.52M) | Time:00:06.11 | Mem:96.38M, Peak:96.38M | Scene, ViewLayer | Finished
Saved: 'C:\Users\turbo08\findthem\apps\mobile\assets\avatar\references\fullbody-weld\side.png'
Time: 00:06.30 (Saving: 00:00.17)

Fra:1 Mem:109.40M (Peak 109.40M) | Time:00:00.00 | Mem:0.00M, Peak:0.00M | Scene, ViewLayer | Synchronizing object | Joined_Cat_Body
Fra:1 Mem:109.40M (Peak 109.40M) | Time:00:00.00 | Mem:0.00M, Peak:0.00M | Scene, ViewLayer | Synchronizing object | New_DigitalPad_Toe_1_3
Fra:1 Mem:109.77M (Peak 109.77M) | Time:00:00.00 | Mem:0.00M, Peak:0.00M | Scene, ViewLayer | Synchronizing object | New_DigitalPad_Toe_-1_4
Fra:1 Mem:109.82M (Peak 109.83M) | Time:00:00.00 | Mem:0.00M, Peak:0.00M | Scene, ViewLayer | Synchronizing object | V13_Upper_mesh_0
Fra:1 Mem:109.89M (Peak 109.89M) | Time:00:00.00 | Mem:0.00M, Peak:0.00M | Scene, ViewLayer | Synchronizing object | Area
Fra:1 Mem:109.89M (Peak 109.89M) | Time:00:00.00 | Mem:0.00M, Peak:0.00M | Scene, ViewLayer | Synchronizing object | Area.001
Fra:1 Mem:126.38M (Peak 129.24M) | Time:00:00.01 | Mem:0.00M, Peak:0.00M | Scene, ViewLayer | Initializing
Fra:1 Mem:126.30M (Peak 129.24M) | Time:00:00.01 | Mem:0.00M, Peak:0.00M | Scene, ViewLayer | Updating Images | Loading Image_2
Fra:1 Mem:126.30M (Peak 129.24M) | Time:00:00.01 | Mem:0.00M, Peak:0.00M | Scene, ViewLayer | Updating Images | Loading Image_1
Fra:1 Mem:133.50M (Peak 138.32M) | Time:00:00.03 | Mem:8.00M, Peak:8.00M | Scene, ViewLayer | Waiting for render to start
Fra:1 Mem:133.50M (Peak 138.32M) | Time:00:00.03 | Mem:8.00M, Peak:8.00M | Scene, ViewLayer | Updating Scene
Fra:1 Mem:133.50M (Peak 138.32M) | Time:00:00.03 | Mem:8.00M, Peak:8.00M | Scene, ViewLayer | Updating Shaders
Fra:1 Mem:133.50M (Peak 138.32M) | Time:00:00.03 | Mem:8.00M, Peak:8.00M | Scene, ViewLayer | Loading render kernels (may take a few minutes the first time)
Fra:1 Mem:133.58M (Peak 138.32M) | Time:00:00.03 | Mem:8.00M, Peak:8.00M | Scene, ViewLayer | Updating Procedurals
Fra:1 Mem:133.58M (Peak 138.32M) | Time:00:00.03 | Mem:8.00M, Peak:8.00M | Scene, ViewLayer | Updating Background
Fra:1 Mem:133.58M (Peak 138.32M) | Time:00:00.03 | Mem:8.00M, Peak:8.00M | Scene, ViewLayer | Updating Camera
Fra:1 Mem:133.58M (Peak 138.32M) | Time:00:00.03 | Mem:8.00M, Peak:8.00M | Scene, ViewLayer | Updating Meshes Flags
Fra:1 Mem:133.58M (Peak 138.32M) | Time:00:00.03 | Mem:8.00M, Peak:8.00M | Scene, ViewLayer | Updating Objects
Fra:1 Mem:133.58M (Peak 138.32M) | Time:00:00.03 | Mem:8.00M, Peak:8.00M | Scene, ViewLayer | Updating Objects | Copying Transformations to device
Fra:1 Mem:133.59M (Peak 138.32M) | Time:00:00.03 | Mem:8.01M, Peak:8.01M | Scene, ViewLayer | Updating Particle Systems
Fra:1 Mem:133.59M (Peak 138.32M) | Time:00:00.03 | Mem:8.01M, Peak:8.01M | Scene, ViewLayer | Updating Particle Systems | Copying Particles to device
Fra:1 Mem:133.59M (Peak 138.32M) | Time:00:00.03 | Mem:8.01M, Peak:8.01M | Scene, ViewLayer | Updating Meshes
Fra:1 Mem:133.70M (Peak 138.32M) | Time:00:00.03 | Mem:8.01M, Peak:8.01M | Scene, ViewLayer | Updating Objects | Applying Static Transformations
Fra:1 Mem:133.70M (Peak 138.32M) | Time:00:00.03 | Mem:8.01M, Peak:8.01M | Scene, ViewLayer | Updating Mesh | Computing attributes
Fra:1 Mem:137.01M (Peak 138.32M) | Time:00:00.03 | Mem:8.01M, Peak:8.01M | Scene, ViewLayer | Updating Mesh | Copying Attributes to device
Fra:1 Mem:137.00M (Peak 138.32M) | Time:00:00.03 | Mem:11.31M, Peak:11.31M | Scene, ViewLayer | Updating Scene BVH | Building
Fra:1 Mem:137.00M (Peak 138.32M) | Time:00:00.03 | Mem:11.31M, Peak:11.31M | Scene, ViewLayer | Updating Scene BVH | Building BVH
Fra:1 Mem:137.00M (Peak 138.32M) | Time:00:00.03 | Mem:23.89M, Peak:23.89M | Scene, ViewLayer | Updating Scene BVH | Building BVH 0%
Fra:1 Mem:137.00M (Peak 138.32M) | Time:00:00.05 | Mem:38.88M, Peak:51.46M | Scene, ViewLayer | Updating Scene BVH | Copying BVH to device
Fra:1 Mem:137.00M (Peak 138.32M) | Time:00:00.05 | Mem:38.88M, Peak:51.46M | Scene, ViewLayer | Updating Mesh | Computing normals
Fra:1 Mem:148.02M (Peak 148.02M) | Time:00:00.06 | Mem:38.88M, Peak:51.46M | Scene, ViewLayer | Updating Mesh | Copying Mesh to device
Fra:1 Mem:148.02M (Peak 148.02M) | Time:00:00.06 | Mem:49.89M, Peak:51.46M | Scene, ViewLayer | Updating Objects Flags
Fra:1 Mem:148.02M (Peak 148.02M) | Time:00:00.06 | Mem:49.89M, Peak:51.46M | Scene, ViewLayer | Updating Primitive Offsets
Fra:1 Mem:148.02M (Peak 148.02M) | Time:00:00.06 | Mem:49.89M, Peak:51.46M | Scene, ViewLayer | Updating Images
Fra:1 Mem:148.02M (Peak 148.02M) | Time:00:00.06 | Mem:49.89M, Peak:51.46M | Scene, ViewLayer | Updating Camera Volume
Fra:1 Mem:148.02M (Peak 148.02M) | Time:00:00.06 | Mem:49.89M, Peak:51.46M | Scene, ViewLayer | Updating Lookup Tables
Fra:1 Mem:148.02M (Peak 148.02M) | Time:00:00.06 | Mem:49.98M, Peak:51.46M | Scene, ViewLayer | Updating Lights
Fra:1 Mem:148.02M (Peak 148.02M) | Time:00:00.06 | Mem:49.98M, Peak:51.46M | Scene, ViewLayer | Updating Lights | Computing tree
Fra:1 Mem:148.02M (Peak 148.02M) | Time:00:00.06 | Mem:49.98M, Peak:51.46M | Scene, ViewLayer | Updating Integrator
Fra:1 Mem:148.02M (Peak 148.02M) | Time:00:00.06 | Mem:49.98M, Peak:51.46M | Scene, ViewLayer | Updating Film
Fra:1 Mem:148.02M (Peak 148.02M) | Time:00:00.06 | Mem:49.89M, Peak:51.46M | Scene, ViewLayer | Updating Lookup Tables
Fra:1 Mem:148.02M (Peak 148.02M) | Time:00:00.06 | Mem:49.98M, Peak:51.46M | Scene, ViewLayer | Updating Baking
Fra:1 Mem:148.02M (Peak 148.02M) | Time:00:00.06 | Mem:49.98M, Peak:51.46M | Scene, ViewLayer | Updating Device | Writing constant memory
Fra:1 Mem:148.03M (Peak 148.03M) | Time:00:00.06 | Mem:49.98M, Peak:51.46M | Scene, ViewLayer | Loading denoising kernels (may take a few minutes the first time)
Fra:1 Mem:148.03M (Peak 148.03M) | Time:00:00.06 | Mem:49.98M, Peak:51.46M | Scene, ViewLayer | Sample 0/24
Fra:1 Mem:194.69M (Peak 194.69M) | Time:00:00.20 | Remaining:00:03.31 | Mem:96.38M, Peak:96.38M | Scene, ViewLayer | Sample 1/24
Fra:1 Mem:214.22M (Peak 243.52M) | Time:00:06.54 | Mem:96.38M, Peak:96.38M | Scene, ViewLayer | Sample 24/24
Fra:1 Mem:214.22M (Peak 243.52M) | Time:00:06.54 | Mem:96.38M, Peak:96.38M | Scene, ViewLayer | Finished
Saved: 'C:\Users\turbo08\findthem\apps\mobile\assets\avatar\references\fullbody-weld\front.png'
Time: 00:06.61 (Saving: 00:00.07)

Fra:1 Mem:109.40M (Peak 109.40M) | Time:00:00.00 | Mem:0.00M, Peak:0.00M | Scene, ViewLayer | Synchronizing object | Joined_Cat_Body
Fra:1 Mem:109.41M (Peak 109.41M) | Time:00:00.00 | Mem:0.00M, Peak:0.00M | Scene, ViewLayer | Synchronizing object | New_MetatarsalPad_1
Fra:1 Mem:109.77M (Peak 109.77M) | Time:00:00.00 | Mem:0.00M, Peak:0.00M | Scene, ViewLayer | Synchronizing object | New_DigitalPad_Toe_1_4
Fra:1 Mem:109.82M (Peak 109.82M) | Time:00:00.00 | Mem:0.00M, Peak:0.00M | Scene, ViewLayer | Synchronizing object | Area
Fra:1 Mem:126.38M (Peak 129.24M) | Time:00:00.01 | Mem:0.00M, Peak:0.00M | Scene, ViewLayer | Initializing
Fra:1 Mem:126.30M (Peak 129.24M) | Time:00:00.01 | Mem:0.00M, Peak:0.00M | Scene, ViewLayer | Updating Images | Loading Image_2
Fra:1 Mem:126.30M (Peak 129.24M) | Time:00:00.01 | Mem:0.00M, Peak:0.00M | Scene, ViewLayer | Updating Images | Loading Image_0
Fra:1 Mem:126.30M (Peak 129.24M) | Time:00:00.01 | Mem:0.00M, Peak:0.00M | Scene, ViewLayer | Updating Images | Loading Image_1
Fra:1 Mem:133.50M (Peak 138.33M) | Time:00:00.03 | Mem:8.00M, Peak:8.00M | Scene, ViewLayer | Waiting for render to start
Fra:1 Mem:133.50M (Peak 138.33M) | Time:00:00.03 | Mem:8.00M, Peak:8.00M | Scene, ViewLayer | Updating Scene
Fra:1 Mem:133.50M (Peak 138.33M) | Time:00:00.03 | Mem:8.00M, Peak:8.00M | Scene, ViewLayer | Updating Shaders
Fra:1 Mem:133.50M (Peak 138.33M) | Time:00:00.03 | Mem:8.00M, Peak:8.00M | Scene, ViewLayer | Loading render kernels (may take a few minutes the first time)
Fra:1 Mem:133.58M (Peak 138.33M) | Time:00:00.03 | Mem:8.00M, Peak:8.00M | Scene, ViewLayer | Updating Procedurals
Fra:1 Mem:133.58M (Peak 138.33M) | Time:00:00.03 | Mem:8.00M, Peak:8.00M | Scene, ViewLayer | Updating Background
Fra:1 Mem:133.58M (Peak 138.33M) | Time:00:00.03 | Mem:8.00M, Peak:8.00M | Scene, ViewLayer | Updating Camera
Fra:1 Mem:133.58M (Peak 138.33M) | Time:00:00.03 | Mem:8.00M, Peak:8.00M | Scene, ViewLayer | Updating Meshes Flags
Fra:1 Mem:133.58M (Peak 138.33M) | Time:00:00.03 | Mem:8.00M, Peak:8.00M | Scene, ViewLayer | Updating Objects
Fra:1 Mem:133.58M (Peak 138.33M) | Time:00:00.03 | Mem:8.00M, Peak:8.00M | Scene, ViewLayer | Updating Objects | Copying Transformations to device
Fra:1 Mem:133.59M (Peak 138.33M) | Time:00:00.03 | Mem:8.01M, Peak:8.01M | Scene, ViewLayer | Updating Particle Systems
Fra:1 Mem:133.59M (Peak 138.33M) | Time:00:00.03 | Mem:8.01M, Peak:8.01M | Scene, ViewLayer | Updating Particle Systems | Copying Particles to device
Fra:1 Mem:133.59M (Peak 138.33M) | Time:00:00.03 | Mem:8.01M, Peak:8.01M | Scene, ViewLayer | Updating Meshes
Fra:1 Mem:133.71M (Peak 138.33M) | Time:00:00.03 | Mem:8.01M, Peak:8.01M | Scene, ViewLayer | Updating Objects | Applying Static Transformations
Fra:1 Mem:133.71M (Peak 138.33M) | Time:00:00.03 | Mem:8.01M, Peak:8.01M | Scene, ViewLayer | Updating Mesh | Computing attributes
Fra:1 Mem:137.01M (Peak 138.33M) | Time:00:00.03 | Mem:8.01M, Peak:8.01M | Scene, ViewLayer | Updating Mesh | Copying Attributes to device
Fra:1 Mem:137.00M (Peak 138.33M) | Time:00:00.03 | Mem:11.31M, Peak:11.31M | Scene, ViewLayer | Updating Scene BVH | Building
Fra:1 Mem:137.00M (Peak 138.33M) | Time:00:00.03 | Mem:11.31M, Peak:11.31M | Scene, ViewLayer | Updating Scene BVH | Building BVH
Fra:1 Mem:137.00M (Peak 138.33M) | Time:00:00.03 | Mem:23.89M, Peak:23.89M | Scene, ViewLayer | Updating Scene BVH | Building BVH 0%
Fra:1 Mem:137.00M (Peak 138.33M) | Time:00:00.06 | Mem:38.88M, Peak:51.46M | Scene, ViewLayer | Updating Scene BVH | Copying BVH to device
Fra:1 Mem:137.00M (Peak 138.33M) | Time:00:00.06 | Mem:38.88M, Peak:51.46M | Scene, ViewLayer | Updating Mesh | Computing normals
Fra:1 Mem:148.02M (Peak 148.02M) | Time:00:00.07 | Mem:38.88M, Peak:51.46M | Scene, ViewLayer | Updating Mesh | Copying Mesh to device
Fra:1 Mem:148.02M (Peak 148.02M) | Time:00:00.07 | Mem:49.89M, Peak:51.46M | Scene, ViewLayer | Updating Objects Flags
Fra:1 Mem:148.02M (Peak 148.02M) | Time:00:00.07 | Mem:49.89M, Peak:51.46M | Scene, ViewLayer | Updating Primitive Offsets
Fra:1 Mem:148.02M (Peak 148.02M) | Time:00:00.07 | Mem:49.89M, Peak:51.46M | Scene, ViewLayer | Updating Images
Fra:1 Mem:148.02M (Peak 148.02M) | Time:00:00.07 | Mem:49.89M, Peak:51.46M | Scene, ViewLayer | Updating Camera Volume
Fra:1 Mem:148.02M (Peak 148.02M) | Time:00:00.07 | Mem:49.89M, Peak:51.46M | Scene, ViewLayer | Updating Lookup Tables
Fra:1 Mem:148.02M (Peak 148.02M) | Time:00:00.07 | Mem:49.98M, Peak:51.46M | Scene, ViewLayer | Updating Lights
Fra:1 Mem:148.02M (Peak 148.02M) | Time:00:00.07 | Mem:49.98M, Peak:51.46M | Scene, ViewLayer | Updating Lights | Computing tree
Fra:1 Mem:148.02M (Peak 148.02M) | Time:00:00.07 | Mem:49.98M, Peak:51.46M | Scene, ViewLayer | Updating Integrator
Fra:1 Mem:148.02M (Peak 148.02M) | Time:00:00.07 | Mem:49.98M, Peak:51.46M | Scene, ViewLayer | Updating Film
Fra:1 Mem:148.02M (Peak 148.02M) | Time:00:00.07 | Mem:49.89M, Peak:51.46M | Scene, ViewLayer | Updating Lookup Tables
Fra:1 Mem:148.02M (Peak 148.02M) | Time:00:00.07 | Mem:49.98M, Peak:51.46M | Scene, ViewLayer | Updating Baking
Fra:1 Mem:148.02M (Peak 148.02M) | Time:00:00.07 | Mem:49.98M, Peak:51.46M | Scene, ViewLayer | Updating Device | Writing constant memory
Fra:1 Mem:148.03M (Peak 148.03M) | Time:00:00.07 | Mem:49.98M, Peak:51.46M | Scene, ViewLayer | Loading denoising kernels (may take a few minutes the first time)
Fra:1 Mem:148.03M (Peak 148.03M) | Time:00:00.07 | Mem:49.98M, Peak:51.46M | Scene, ViewLayer | Sample 0/24
Fra:1 Mem:194.69M (Peak 194.69M) | Time:00:00.21 | Remaining:00:03.36 | Mem:96.38M, Peak:96.38M | Scene, ViewLayer | Sample 1/24
Fra:1 Mem:214.22M (Peak 243.52M) | Time:00:07.02 | Mem:96.38M, Peak:96.38M | Scene, ViewLayer | Sample 24/24
Fra:1 Mem:214.22M (Peak 243.52M) | Time:00:07.02 | Mem:96.38M, Peak:96.38M | Scene, ViewLayer | Finished
Saved: 'C:\Users\turbo08\findthem\apps\mobile\assets\avatar\references\fullbody-weld\back.png'
Time: 00:07.12 (Saving: 00:00.09)

Fra:1 Mem:109.40M (Peak 109.40M) | Time:00:00.00 | Mem:0.00M, Peak:0.00M | Scene, ViewLayer | Synchronizing object | Joined_Cat_Body
Fra:1 Mem:109.40M (Peak 109.40M) | Time:00:00.00 | Mem:0.00M, Peak:0.00M | Scene, ViewLayer | Synchronizing object | New_DigitalPad_Toe_1_5
Fra:1 Mem:109.77M (Peak 109.77M) | Time:00:00.00 | Mem:0.00M, Peak:0.00M | Scene, ViewLayer | Synchronizing object | New_DigitalPad_Toe_-1_2
Fra:1 Mem:109.81M (Peak 109.81M) | Time:00:00.00 | Mem:0.00M, Peak:0.00M | Scene, ViewLayer | Synchronizing object | Ground
Fra:1 Mem:109.87M (Peak 109.87M) | Time:00:00.00 | Mem:0.00M, Peak:0.00M | Scene, ViewLayer | Synchronizing object | Area
Fra:1 Mem:126.38M (Peak 129.24M) | Time:00:00.01 | Mem:0.00M, Peak:0.00M | Scene, ViewLayer | Initializing
Fra:1 Mem:126.30M (Peak 129.24M) | Time:00:00.01 | Mem:0.00M, Peak:0.00M | Scene, ViewLayer | Updating Images | Loading Image_2
Fra:1 Mem:126.30M (Peak 129.24M) | Time:00:00.01 | Mem:0.00M, Peak:0.00M | Scene, ViewLayer | Updating Images | Loading Image_1
Fra:1 Mem:133.50M (Peak 138.32M) | Time:00:00.03 | Mem:8.00M, Peak:8.00M | Scene, ViewLayer | Waiting for render to start
Fra:1 Mem:133.50M (Peak 138.32M) | Time:00:00.03 | Mem:8.00M, Peak:8.00M | Scene, ViewLayer | Updating Scene
Fra:1 Mem:133.50M (Peak 138.32M) | Time:00:00.03 | Mem:8.00M, Peak:8.00M | Scene, ViewLayer | Updating Shaders
Fra:1 Mem:133.50M (Peak 138.32M) | Time:00:00.03 | Mem:8.00M, Peak:8.00M | Scene, ViewLayer | Loading render kernels (may take a few minutes the first time)
Fra:1 Mem:133.58M (Peak 138.32M) | Time:00:00.03 | Mem:8.00M, Peak:8.00M | Scene, ViewLayer | Updating Procedurals
Fra:1 Mem:133.58M (Peak 138.32M) | Time:00:00.03 | Mem:8.00M, Peak:8.00M | Scene, ViewLayer | Updating Background
Fra:1 Mem:133.58M (Peak 138.32M) | Time:00:00.03 | Mem:8.00M, Peak:8.00M | Scene, ViewLayer | Updating Camera
Fra:1 Mem:133.58M (Peak 138.32M) | Time:00:00.03 | Mem:8.00M, Peak:8.00M | Scene, ViewLayer | Updating Meshes Flags
Fra:1 Mem:133.58M (Peak 138.32M) | Time:00:00.03 | Mem:8.00M, Peak:8.00M | Scene, ViewLayer | Updating Objects
Fra:1 Mem:133.58M (Peak 138.32M) | Time:00:00.03 | Mem:8.00M, Peak:8.00M | Scene, ViewLayer | Updating Objects | Copying Transformations to device
Fra:1 Mem:133.59M (Peak 138.32M) | Time:00:00.03 | Mem:8.01M, Peak:8.01M | Scene, ViewLayer | Updating Particle Systems
Fra:1 Mem:133.59M (Peak 138.32M) | Time:00:00.03 | Mem:8.01M, Peak:8.01M | Scene, ViewLayer | Updating Particle Systems | Copying Particles to device
Fra:1 Mem:133.59M (Peak 138.32M) | Time:00:00.03 | Mem:8.01M, Peak:8.01M | Scene, ViewLayer | Updating Meshes
Fra:1 Mem:133.71M (Peak 138.32M) | Time:00:00.04 | Mem:8.01M, Peak:8.01M | Scene, ViewLayer | Updating Objects | Applying Static Transformations
Fra:1 Mem:133.71M (Peak 138.32M) | Time:00:00.04 | Mem:8.01M, Peak:8.01M | Scene, ViewLayer | Updating Mesh | Computing attributes
Fra:1 Mem:137.01M (Peak 138.32M) | Time:00:00.04 | Mem:8.01M, Peak:8.01M | Scene, ViewLayer | Updating Mesh | Copying Attributes to device
Fra:1 Mem:137.00M (Peak 138.32M) | Time:00:00.04 | Mem:11.31M, Peak:11.31M | Scene, ViewLayer | Updating Scene BVH | Building
Fra:1 Mem:137.00M (Peak 138.32M) | Time:00:00.04 | Mem:11.31M, Peak:11.31M | Scene, ViewLayer | Updating Scene BVH | Building BVH
Fra:1 Mem:137.00M (Peak 138.32M) | Time:00:00.04 | Mem:23.89M, Peak:23.89M | Scene, ViewLayer | Updating Scene BVH | Building BVH 0%
Fra:1 Mem:137.00M (Peak 138.32M) | Time:00:00.07 | Mem:38.88M, Peak:51.46M | Scene, ViewLayer | Updating Scene BVH | Copying BVH to device
Fra:1 Mem:137.00M (Peak 138.32M) | Time:00:00.07 | Mem:38.88M, Peak:51.46M | Scene, ViewLayer | Updating Mesh | Computing normals
Fra:1 Mem:148.02M (Peak 148.02M) | Time:00:00.08 | Mem:38.88M, Peak:51.46M | Scene, ViewLayer | Updating Mesh | Copying Mesh to device
Fra:1 Mem:148.02M (Peak 148.02M) | Time:00:00.08 | Mem:49.89M, Peak:51.46M | Scene, ViewLayer | Updating Objects Flags
Fra:1 Mem:148.02M (Peak 148.02M) | Time:00:00.08 | Mem:49.89M, Peak:51.46M | Scene, ViewLayer | Updating Primitive Offsets
Fra:1 Mem:148.02M (Peak 148.02M) | Time:00:00.08 | Mem:49.89M, Peak:51.46M | Scene, ViewLayer | Updating Images
Fra:1 Mem:148.02M (Peak 148.02M) | Time:00:00.08 | Mem:49.89M, Peak:51.46M | Scene, ViewLayer | Updating Camera Volume
Fra:1 Mem:148.02M (Peak 148.02M) | Time:00:00.08 | Mem:49.89M, Peak:51.46M | Scene, ViewLayer | Updating Lookup Tables
Fra:1 Mem:148.02M (Peak 148.02M) | Time:00:00.08 | Mem:49.98M, Peak:51.46M | Scene, ViewLayer | Updating Lights
Fra:1 Mem:148.02M (Peak 148.02M) | Time:00:00.08 | Mem:49.98M, Peak:51.46M | Scene, ViewLayer | Updating Lights | Computing tree
Fra:1 Mem:148.02M (Peak 148.02M) | Time:00:00.08 | Mem:49.98M, Peak:51.46M | Scene, ViewLayer | Updating Integrator
Fra:1 Mem:148.02M (Peak 148.02M) | Time:00:00.08 | Mem:49.98M, Peak:51.46M | Scene, ViewLayer | Updating Film
Fra:1 Mem:148.02M (Peak 148.02M) | Time:00:00.08 | Mem:49.89M, Peak:51.46M | Scene, ViewLayer | Updating Lookup Tables
Fra:1 Mem:148.02M (Peak 148.02M) | Time:00:00.08 | Mem:49.98M, Peak:51.46M | Scene, ViewLayer | Updating Baking
Fra:1 Mem:148.02M (Peak 148.02M) | Time:00:00.08 | Mem:49.98M, Peak:51.46M | Scene, ViewLayer | Updating Device | Writing constant memory
Fra:1 Mem:148.03M (Peak 148.03M) | Time:00:00.08 | Mem:49.98M, Peak:51.46M | Scene, ViewLayer | Loading denoising kernels (may take a few minutes the first time)
Fra:1 Mem:148.03M (Peak 148.03M) | Time:00:00.08 | Mem:49.98M, Peak:51.46M | Scene, ViewLayer | Sample 0/24
Fra:1 Mem:194.69M (Peak 194.69M) | Time:00:00.28 | Remaining:00:04.72 | Mem:96.38M, Peak:96.38M | Scene, ViewLayer | Sample 1/24
Fra:1 Mem:214.22M (Peak 243.52M) | Time:00:07.57 | Mem:96.38M, Peak:96.38M | Scene, ViewLayer | Sample 24/24
Fra:1 Mem:214.22M (Peak 243.52M) | Time:00:07.57 | Mem:96.38M, Peak:96.38M | Scene, ViewLayer | Finished
Saved: 'C:\Users\turbo08\findthem\apps\mobile\assets\avatar\references\fullbody-weld\quarter.png'
Time: 00:07.66 (Saving: 00:00.08)

BlenderMCP: cannot start server in background mode (blender -b) - commands would never execute
BlenderMCP: run Blender with a GUI, or use a virtual display: xvfb-run -a blender
BlenderMCP addon registered
Info: Saved as "fullbody-weld-finished.blend"
INFO Draco mesh compression is available, use library at C:\Program Files\Blender Foundation\Blender 4.5\4.5\scripts\addons_core\io_scene_gltf2\extern_draco.dll
20:27:21 | INFO: Starting glTF 2.0 export
20:27:21 | INFO: Extracting primitive: Designed transverse rings.001
20:27:22 | INFO: Primitives created: 1
20:27:22 | INFO: Extracting primitive: Sphere.010
20:27:22 | INFO: Primitives created: 1
20:27:22 | INFO: Extracting primitive: Sphere.011
20:27:22 | INFO: Primitives created: 1
20:27:22 | INFO: Extracting primitive: Sphere.012
20:27:22 | INFO: Primitives created: 1
20:27:22 | INFO: Extracting primitive: Sphere.013
20:27:22 | INFO: Primitives created: 1
20:27:22 | INFO: Extracting primitive: Sphere.014
20:27:22 | INFO: Primitives created: 1
20:27:22 | INFO: Extracting primitive: Sphere.015
20:27:22 | INFO: Primitives created: 1
20:27:22 | INFO: Extracting primitive: Sphere.016
20:27:22 | INFO: Primitives created: 1
20:27:22 | INFO: Extracting primitive: Sphere.017
20:27:22 | INFO: Primitives created: 1
20:27:22 | INFO: Extracting primitive: Sphere.018
20:27:22 | INFO: Primitives created: 1
20:27:22 | INFO: Extracting primitive: Sphere.019
20:27:22 | INFO: Primitives created: 1
20:27:22 | INFO: Extracting primitive: Mesh.005
20:27:22 | WARNING: The active Vertex Color will not be exported, as it is not used in the node tree of the material
20:27:22 | INFO: Primitives created: 2
20:27:22 | INFO: Extracting primitive: Object_2.002
20:27:22 | WARNING: More than one shader node tex image used for a texture. The resulting glTF sampler will behave like the first shader node tex image.
20:27:22 | INFO: Primitives created: 1
20:27:22 | INFO: Finished glTF 2.0 export in 1.5057532787322998 s

WELD_FINISH_COMPLETE
BlenderMCP server stopped
BlenderMCP addon unregistered

Blender quit
