Blender 4.5.10 LTS (hash 6dc0b208d1b5 built 2026-05-19 01:33:42)
Read blend: "C:\Users\turbo08\findthem\apps\mobile\assets\avatar\references\paw-stand-weights\paw-stand-rig.blend"
Fra:1 Mem:79.78M (Peak 82.47M) | Time:00:00.02 | Mem:0.00M, Peak:0.00M | Scene, ViewLayer | Synchronizing object | Seated_Haunch_With_V13_Toes
Fra:1 Mem:85.18M (Peak 85.18M) | Time:00:00.03 | Mem:0.00M, Peak:0.00M | Scene, ViewLayer | Synchronizing object | Ground
Fra:1 Mem:96.44M (Peak 96.44M) | Time:00:00.03 | Mem:0.00M, Peak:0.00M | Scene, ViewLayer | Synchronizing object | Area.001
Fra:1 Mem:96.44M (Peak 96.44M) | Time:00:00.03 | Mem:0.00M, Peak:0.00M | Scene, ViewLayer | Synchronizing object | DigitalPad_Toe_-1_2
Fra:1 Mem:96.44M (Peak 96.44M) | Time:00:00.03 | Mem:0.00M, Peak:0.00M | Scene, ViewLayer | Synchronizing object | DigitalPad_Toe_-1_3
Fra:1 Mem:96.48M (Peak 96.48M) | Time:00:00.03 | Mem:0.00M, Peak:0.00M | Scene, ViewLayer | Synchronizing object | DigitalPad_Toe_-1_4
Fra:1 Mem:96.53M (Peak 96.53M) | Time:00:00.03 | Mem:0.00M, Peak:0.00M | Scene, ViewLayer | Synchronizing object | DigitalPad_Toe_-1_5
Fra:1 Mem:96.65M (Peak 96.65M) | Time:00:00.03 | Mem:0.00M, Peak:0.00M | Scene, ViewLayer | Synchronizing object | DigitalPad_Toe_1_2
Fra:1 Mem:96.68M (Peak 96.68M) | Time:00:00.03 | Mem:0.00M, Peak:0.00M | Scene, ViewLayer | Synchronizing object | MetatarsalPad_1
Fra:1 Mem:96.88M (Peak 96.88M) | Time:00:00.03 | Mem:0.00M, Peak:0.00M | Scene, ViewLayer | Synchronizing object | DigitalPad_Toe_1_5
Fra:1 Mem:97.02M (Peak 97.02M) | Time:00:00.03 | Mem:0.00M, Peak:0.00M | Scene, ViewLayer | Synchronizing object | MetatarsalPad_-1
Fra:1 Mem:112.67M (Peak 116.27M) | Time:00:00.05 | Mem:0.00M, Peak:0.00M | Scene, ViewLayer | Initializing
Fra:1 Mem:82.76M (Peak 116.27M) | Time:00:00.05 | Mem:0.00M, Peak:0.00M | Scene, ViewLayer | Waiting for render to start
Fra:1 Mem:82.76M (Peak 116.27M) | Time:00:00.05 | Mem:0.00M, Peak:0.00M | Scene, ViewLayer | Updating Scene
Fra:1 Mem:82.76M (Peak 116.27M) | Time:00:00.05 | Mem:0.00M, Peak:0.00M | Scene, ViewLayer | Updating Shaders
Fra:1 Mem:82.76M (Peak 116.27M) | Time:00:00.05 | Mem:0.00M, Peak:0.00M | Scene, ViewLayer | Loading render kernels (may take a few minutes the first time)
Fra:1 Mem:82.85M (Peak 116.27M) | Time:00:00.05 | Mem:0.00M, Peak:0.00M | Scene, ViewLayer | Updating Procedurals
Fra:1 Mem:82.85M (Peak 116.27M) | Time:00:00.05 | Mem:0.00M, Peak:0.00M | Scene, ViewLayer | Updating Background
Fra:1 Mem:82.85M (Peak 116.27M) | Time:00:00.05 | Mem:0.00M, Peak:0.00M | Scene, ViewLayer | Updating Camera
Fra:1 Mem:82.85M (Peak 116.27M) | Time:00:00.05 | Mem:0.00M, Peak:0.00M | Scene, ViewLayer | Updating Meshes Flags
Fra:1 Mem:82.85M (Peak 116.27M) | Time:00:00.05 | Mem:0.00M, Peak:0.00M | Scene, ViewLayer | Updating Objects
Fra:1 Mem:82.85M (Peak 116.27M) | Time:00:00.05 | Mem:0.00M, Peak:0.00M | Scene, ViewLayer | Updating Objects | Copying Transformations to device
Fra:1 Mem:82.85M (Peak 116.27M) | Time:00:00.05 | Mem:0.01M, Peak:0.01M | Scene, ViewLayer | Updating Particle Systems
Fra:1 Mem:82.85M (Peak 116.27M) | Time:00:00.05 | Mem:0.01M, Peak:0.01M | Scene, ViewLayer | Updating Particle Systems | Copying Particles to device
Fra:1 Mem:82.85M (Peak 116.27M) | Time:00:00.05 | Mem:0.01M, Peak:0.01M | Scene, ViewLayer | Updating Meshes
Fra:1 Mem:82.85M (Peak 116.27M) | Time:00:00.05 | Mem:0.01M, Peak:0.01M | Scene, ViewLayer | Updating Objects | Applying Static Transformations
Fra:1 Mem:82.85M (Peak 116.27M) | Time:00:00.05 | Mem:0.01M, Peak:0.01M | Scene, ViewLayer | Updating Mesh | Computing attributes
Fra:1 Mem:82.92M (Peak 116.27M) | Time:00:00.05 | Mem:0.01M, Peak:0.01M | Scene, ViewLayer | Updating Mesh | Copying Attributes to device
Fra:1 Mem:82.92M (Peak 116.27M) | Time:00:00.05 | Mem:0.08M, Peak:0.08M | Scene, ViewLayer | Updating Scene BVH | Building
Fra:1 Mem:82.92M (Peak 116.27M) | Time:00:00.05 | Mem:0.08M, Peak:0.08M | Scene, ViewLayer | Updating Scene BVH | Building BVH
Fra:1 Mem:82.92M (Peak 116.27M) | Time:00:00.05 | Mem:14.85M, Peak:14.85M | Scene, ViewLayer | Updating Scene BVH | Building BVH 0%
Fra:1 Mem:82.92M (Peak 116.27M) | Time:00:00.09 | Mem:30.92M, Peak:45.69M | Scene, ViewLayer | Updating Scene BVH | Copying BVH to device
Fra:1 Mem:82.92M (Peak 116.27M) | Time:00:00.09 | Mem:30.92M, Peak:45.69M | Scene, ViewLayer | Updating Mesh | Computing normals
Fra:1 Mem:95.85M (Peak 116.27M) | Time:00:00.10 | Mem:30.92M, Peak:45.69M | Scene, ViewLayer | Updating Mesh | Copying Mesh to device
Fra:1 Mem:95.85M (Peak 116.27M) | Time:00:00.10 | Mem:43.85M, Peak:45.69M | Scene, ViewLayer | Updating Objects Flags
Fra:1 Mem:95.85M (Peak 116.27M) | Time:00:00.10 | Mem:43.85M, Peak:45.69M | Scene, ViewLayer | Updating Primitive Offsets
Fra:1 Mem:95.85M (Peak 116.27M) | Time:00:00.10 | Mem:43.85M, Peak:45.69M | Scene, ViewLayer | Updating Images
Fra:1 Mem:95.85M (Peak 116.27M) | Time:00:00.10 | Mem:43.85M, Peak:45.69M | Scene, ViewLayer | Updating Camera Volume
Fra:1 Mem:95.85M (Peak 116.27M) | Time:00:00.10 | Mem:43.85M, Peak:45.69M | Scene, ViewLayer | Updating Lookup Tables
Fra:1 Mem:95.85M (Peak 116.27M) | Time:00:00.10 | Mem:43.93M, Peak:45.69M | Scene, ViewLayer | Updating Lights
Fra:1 Mem:95.85M (Peak 116.27M) | Time:00:00.10 | Mem:43.93M, Peak:45.69M | Scene, ViewLayer | Updating Lights | Computing tree
Fra:1 Mem:95.85M (Peak 116.27M) | Time:00:00.10 | Mem:43.93M, Peak:45.69M | Scene, ViewLayer | Updating Integrator
Fra:1 Mem:95.85M (Peak 116.27M) | Time:00:00.10 | Mem:43.93M, Peak:45.69M | Scene, ViewLayer | Updating Film
Fra:1 Mem:95.85M (Peak 116.27M) | Time:00:00.10 | Mem:43.85M, Peak:45.69M | Scene, ViewLayer | Updating Lookup Tables
Fra:1 Mem:95.85M (Peak 116.27M) | Time:00:00.10 | Mem:43.93M, Peak:45.69M | Scene, ViewLayer | Updating Baking
Fra:1 Mem:95.85M (Peak 116.27M) | Time:00:00.10 | Mem:43.93M, Peak:45.69M | Scene, ViewLayer | Updating Device | Writing constant memory
Fra:1 Mem:95.86M (Peak 116.27M) | Time:00:00.10 | Mem:43.93M, Peak:45.69M | Scene, ViewLayer | Loading denoising kernels (may take a few minutes the first time)
Fra:1 Mem:95.86M (Peak 116.27M) | Time:00:00.10 | Mem:43.93M, Peak:45.69M | Scene, ViewLayer | Sample 0/16
Fra:1 Mem:125.82M (Peak 125.82M) | Time:00:00.27 | Remaining:00:02.52 | Mem:73.62M, Peak:73.62M | Scene, ViewLayer | Sample 1/16
Fra:1 Mem:138.32M (Peak 157.08M) | Time:00:05.66 | Mem:73.62M, Peak:73.62M | Scene, ViewLayer | Sample 16/16
Fra:1 Mem:138.32M (Peak 157.08M) | Time:00:05.66 | Mem:73.62M, Peak:73.62M | Scene, ViewLayer | Finished
Saved: 'C:\Users\turbo08\findthem\apps\mobile\assets\avatar\references\paw-stand-weights-finished\side-sit.png'
Time: 00:05.90 (Saving: 00:00.24)

Fra:39 Mem:86.25M (Peak 88.94M) | Time:00:00.01 | Mem:0.00M, Peak:0.00M | Scene, ViewLayer | Synchronizing object | Seated_Haunch_With_V13_Toes
Fra:39 Mem:86.25M (Peak 88.94M) | Time:00:00.01 | Mem:0.00M, Peak:0.00M | Scene, ViewLayer | Synchronizing object | Area
Fra:39 Mem:91.65M (Peak 91.65M) | Time:00:00.01 | Mem:0.00M, Peak:0.00M | Scene, ViewLayer | Synchronizing object | DigitalPad_Toe_-1_3
Fra:39 Mem:91.65M (Peak 91.65M) | Time:00:00.01 | Mem:0.00M, Peak:0.00M | Scene, ViewLayer | Synchronizing object | DigitalPad_Toe_-1_5
Fra:39 Mem:91.80M (Peak 91.80M) | Time:00:00.01 | Mem:0.00M, Peak:0.00M | Scene, ViewLayer | Synchronizing object | DigitalPad_Toe_1_2
Fra:39 Mem:91.81M (Peak 91.80M) | Time:00:00.01 | Mem:0.00M, Peak:0.00M | Scene, ViewLayer | Synchronizing object | DigitalPad_Toe_1_3
Fra:39 Mem:91.88M (Peak 91.88M) | Time:00:00.01 | Mem:0.00M, Peak:0.00M | Scene, ViewLayer | Synchronizing object | DigitalPad_Toe_1_4
Fra:39 Mem:91.98M (Peak 91.98M) | Time:00:00.01 | Mem:0.00M, Peak:0.00M | Scene, ViewLayer | Synchronizing object | MetatarsalPad_-1
Fra:39 Mem:112.67M (Peak 116.27M) | Time:00:00.03 | Mem:0.00M, Peak:0.00M | Scene, ViewLayer | Initializing
Fra:39 Mem:82.76M (Peak 116.27M) | Time:00:00.03 | Mem:0.00M, Peak:0.00M | Scene, ViewLayer | Waiting for render to start
Fra:39 Mem:82.76M (Peak 116.27M) | Time:00:00.03 | Mem:0.00M, Peak:0.00M | Scene, ViewLayer | Updating Scene
Fra:39 Mem:82.76M (Peak 116.27M) | Time:00:00.03 | Mem:0.00M, Peak:0.00M | Scene, ViewLayer | Updating Shaders
Fra:39 Mem:82.76M (Peak 116.27M) | Time:00:00.03 | Mem:0.00M, Peak:0.00M | Scene, ViewLayer | Loading render kernels (may take a few minutes the first time)
Fra:39 Mem:82.85M (Peak 116.27M) | Time:00:00.03 | Mem:0.00M, Peak:0.00M | Scene, ViewLayer | Updating Procedurals
Fra:39 Mem:82.85M (Peak 116.27M) | Time:00:00.03 | Mem:0.00M, Peak:0.00M | Scene, ViewLayer | Updating Background
Fra:39 Mem:82.85M (Peak 116.27M) | Time:00:00.03 | Mem:0.00M, Peak:0.00M | Scene, ViewLayer | Updating Camera
Fra:39 Mem:82.85M (Peak 116.27M) | Time:00:00.03 | Mem:0.00M, Peak:0.00M | Scene, ViewLayer | Updating Meshes Flags
Fra:39 Mem:82.85M (Peak 116.27M) | Time:00:00.03 | Mem:0.00M, Peak:0.00M | Scene, ViewLayer | Updating Objects
Fra:39 Mem:82.85M (Peak 116.27M) | Time:00:00.03 | Mem:0.00M, Peak:0.00M | Scene, ViewLayer | Updating Objects | Copying Transformations to device
Fra:39 Mem:82.85M (Peak 116.27M) | Time:00:00.03 | Mem:0.01M, Peak:0.01M | Scene, ViewLayer | Updating Particle Systems
Fra:39 Mem:82.85M (Peak 116.27M) | Time:00:00.03 | Mem:0.01M, Peak:0.01M | Scene, ViewLayer | Updating Particle Systems | Copying Particles to device
Fra:39 Mem:82.85M (Peak 116.27M) | Time:00:00.03 | Mem:0.01M, Peak:0.01M | Scene, ViewLayer | Updating Meshes
Fra:39 Mem:82.85M (Peak 116.27M) | Time:00:00.03 | Mem:0.01M, Peak:0.01M | Scene, ViewLayer | Updating Objects | Applying Static Transformations
Fra:39 Mem:82.85M (Peak 116.27M) | Time:00:00.03 | Mem:0.01M, Peak:0.01M | Scene, ViewLayer | Updating Mesh | Computing attributes
Fra:39 Mem:82.92M (Peak 116.27M) | Time:00:00.03 | Mem:0.01M, Peak:0.01M | Scene, ViewLayer | Updating Mesh | Copying Attributes to device
Fra:39 Mem:82.92M (Peak 116.27M) | Time:00:00.03 | Mem:0.08M, Peak:0.08M | Scene, ViewLayer | Updating Scene BVH | Building
Fra:39 Mem:82.92M (Peak 116.27M) | Time:00:00.03 | Mem:0.08M, Peak:0.08M | Scene, ViewLayer | Updating Scene BVH | Building BVH
Fra:39 Mem:82.92M (Peak 116.27M) | Time:00:00.03 | Mem:14.85M, Peak:14.85M | Scene, ViewLayer | Updating Scene BVH | Building BVH 0%
Fra:39 Mem:82.92M (Peak 116.27M) | Time:00:00.07 | Mem:30.92M, Peak:45.69M | Scene, ViewLayer | Updating Scene BVH | Copying BVH to device
Fra:39 Mem:82.92M (Peak 116.27M) | Time:00:00.07 | Mem:30.92M, Peak:45.69M | Scene, ViewLayer | Updating Mesh | Computing normals
Fra:39 Mem:95.85M (Peak 116.27M) | Time:00:00.08 | Mem:30.92M, Peak:45.69M | Scene, ViewLayer | Updating Mesh | Copying Mesh to device
Fra:39 Mem:95.85M (Peak 116.27M) | Time:00:00.08 | Mem:43.85M, Peak:45.69M | Scene, ViewLayer | Updating Objects Flags
Fra:39 Mem:95.85M (Peak 116.27M) | Time:00:00.08 | Mem:43.85M, Peak:45.69M | Scene, ViewLayer | Updating Primitive Offsets
Fra:39 Mem:95.85M (Peak 116.27M) | Time:00:00.08 | Mem:43.85M, Peak:45.69M | Scene, ViewLayer | Updating Images
Fra:39 Mem:95.85M (Peak 116.27M) | Time:00:00.08 | Mem:43.85M, Peak:45.69M | Scene, ViewLayer | Updating Camera Volume
Fra:39 Mem:95.85M (Peak 116.27M) | Time:00:00.08 | Mem:43.85M, Peak:45.69M | Scene, ViewLayer | Updating Lookup Tables
Fra:39 Mem:95.85M (Peak 116.27M) | Time:00:00.08 | Mem:43.93M, Peak:45.69M | Scene, ViewLayer | Updating Lights
Fra:39 Mem:95.85M (Peak 116.27M) | Time:00:00.08 | Mem:43.93M, Peak:45.69M | Scene, ViewLayer | Updating Lights | Computing tree
Fra:39 Mem:95.85M (Peak 116.27M) | Time:00:00.08 | Mem:43.93M, Peak:45.69M | Scene, ViewLayer | Updating Integrator
Fra:39 Mem:95.85M (Peak 116.27M) | Time:00:00.08 | Mem:43.93M, Peak:45.69M | Scene, ViewLayer | Updating Film
Fra:39 Mem:95.85M (Peak 116.27M) | Time:00:00.08 | Mem:43.85M, Peak:45.69M | Scene, ViewLayer | Updating Lookup Tables
Fra:39 Mem:95.85M (Peak 116.27M) | Time:00:00.08 | Mem:43.93M, Peak:45.69M | Scene, ViewLayer | Updating Baking
Fra:39 Mem:95.85M (Peak 116.27M) | Time:00:00.08 | Mem:43.93M, Peak:45.69M | Scene, ViewLayer | Updating Device | Writing constant memory
Fra:39 Mem:95.86M (Peak 116.27M) | Time:00:00.08 | Mem:43.93M, Peak:45.69M | Scene, ViewLayer | Loading denoising kernels (may take a few minutes the first time)
Fra:39 Mem:95.86M (Peak 116.27M) | Time:00:00.08 | Mem:43.93M, Peak:45.69M | Scene, ViewLayer | Sample 0/16
Fra:39 Mem:125.82M (Peak 125.82M) | Time:00:00.26 | Remaining:00:02.68 | Mem:73.62M, Peak:73.62M | Scene, ViewLayer | Sample 1/16
Fra:39 Mem:138.32M (Peak 157.08M) | Time:00:05.62 | Mem:73.62M, Peak:73.62M | Scene, ViewLayer | Sample 16/16
Fra:39 Mem:138.32M (Peak 157.08M) | Time:00:05.62 | Mem:73.62M, Peak:73.62M | Scene, ViewLayer | Finished
Saved: 'C:\Users\turbo08\findthem\apps\mobile\assets\avatar\references\paw-stand-weights-finished\side-half.png'
Time: 00:05.68 (Saving: 00:00.05)

Fra:61 Mem:86.25M (Peak 88.94M) | Time:00:00.01 | Mem:0.00M, Peak:0.00M | Scene, ViewLayer | Synchronizing object | Seated_Haunch_With_V13_Toes
Fra:61 Mem:86.25M (Peak 88.94M) | Time:00:00.01 | Mem:0.00M, Peak:0.00M | Scene, ViewLayer | Synchronizing object | Area
Fra:61 Mem:91.65M (Peak 91.65M) | Time:00:00.01 | Mem:0.00M, Peak:0.00M | Scene, ViewLayer | Synchronizing object | DigitalPad_Toe_-1_3
Fra:61 Mem:91.72M (Peak 91.72M) | Time:00:00.01 | Mem:0.00M, Peak:0.00M | Scene, ViewLayer | Synchronizing object | DigitalPad_Toe_-1_4
Fra:61 Mem:91.88M (Peak 91.88M) | Time:00:00.01 | Mem:0.00M, Peak:0.00M | Scene, ViewLayer | Synchronizing object | DigitalPad_Toe_-1_5
Fra:61 Mem:91.89M (Peak 91.89M) | Time:00:00.01 | Mem:0.00M, Peak:0.00M | Scene, ViewLayer | Synchronizing object | DigitalPad_Toe_1_2
Fra:61 Mem:91.95M (Peak 91.95M) | Time:00:00.01 | Mem:0.00M, Peak:0.00M | Scene, ViewLayer | Synchronizing object | DigitalPad_Toe_1_3
Fra:61 Mem:92.07M (Peak 92.07M) | Time:00:00.01 | Mem:0.00M, Peak:0.00M | Scene, ViewLayer | Synchronizing object | DigitalPad_Toe_1_4
Fra:61 Mem:92.09M (Peak 92.09M) | Time:00:00.01 | Mem:0.00M, Peak:0.00M | Scene, ViewLayer | Synchronizing object | MetatarsalPad_1
Fra:61 Mem:92.17M (Peak 92.17M) | Time:00:00.01 | Mem:0.00M, Peak:0.00M | Scene, ViewLayer | Synchronizing object | DigitalPad_Toe_1_5
Fra:61 Mem:92.29M (Peak 92.29M) | Time:00:00.01 | Mem:0.00M, Peak:0.00M | Scene, ViewLayer | Synchronizing object | MetatarsalPad_-1
Fra:61 Mem:112.67M (Peak 116.27M) | Time:00:00.02 | Mem:0.00M, Peak:0.00M | Scene, ViewLayer | Initializing
Fra:61 Mem:82.76M (Peak 116.27M) | Time:00:00.03 | Mem:0.00M, Peak:0.00M | Scene, ViewLayer | Waiting for render to start
Fra:61 Mem:82.76M (Peak 116.27M) | Time:00:00.03 | Mem:0.00M, Peak:0.00M | Scene, ViewLayer | Updating Scene
Fra:61 Mem:82.76M (Peak 116.27M) | Time:00:00.03 | Mem:0.00M, Peak:0.00M | Scene, ViewLayer | Updating Shaders
Fra:61 Mem:82.76M (Peak 116.27M) | Time:00:00.03 | Mem:0.00M, Peak:0.00M | Scene, ViewLayer | Loading render kernels (may take a few minutes the first time)
Fra:61 Mem:82.85M (Peak 116.27M) | Time:00:00.03 | Mem:0.00M, Peak:0.00M | Scene, ViewLayer | Updating Procedurals
Fra:61 Mem:82.85M (Peak 116.27M) | Time:00:00.03 | Mem:0.00M, Peak:0.00M | Scene, ViewLayer | Updating Background
Fra:61 Mem:82.85M (Peak 116.27M) | Time:00:00.03 | Mem:0.00M, Peak:0.00M | Scene, ViewLayer | Updating Camera
Fra:61 Mem:82.85M (Peak 116.27M) | Time:00:00.03 | Mem:0.00M, Peak:0.00M | Scene, ViewLayer | Updating Meshes Flags
Fra:61 Mem:82.85M (Peak 116.27M) | Time:00:00.03 | Mem:0.00M, Peak:0.00M | Scene, ViewLayer | Updating Objects
Fra:61 Mem:82.85M (Peak 116.27M) | Time:00:00.03 | Mem:0.00M, Peak:0.00M | Scene, ViewLayer | Updating Objects | Copying Transformations to device
Fra:61 Mem:82.85M (Peak 116.27M) | Time:00:00.03 | Mem:0.01M, Peak:0.01M | Scene, ViewLayer | Updating Particle Systems
Fra:61 Mem:82.85M (Peak 116.27M) | Time:00:00.03 | Mem:0.01M, Peak:0.01M | Scene, ViewLayer | Updating Particle Systems | Copying Particles to device
Fra:61 Mem:82.85M (Peak 116.27M) | Time:00:00.03 | Mem:0.01M, Peak:0.01M | Scene, ViewLayer | Updating Meshes
Fra:61 Mem:82.85M (Peak 116.27M) | Time:00:00.03 | Mem:0.01M, Peak:0.01M | Scene, ViewLayer | Updating Objects | Applying Static Transformations
Fra:61 Mem:82.85M (Peak 116.27M) | Time:00:00.03 | Mem:0.01M, Peak:0.01M | Scene, ViewLayer | Updating Mesh | Computing attributes
Fra:61 Mem:82.92M (Peak 116.27M) | Time:00:00.03 | Mem:0.01M, Peak:0.01M | Scene, ViewLayer | Updating Mesh | Copying Attributes to device
Fra:61 Mem:82.92M (Peak 116.27M) | Time:00:00.03 | Mem:0.08M, Peak:0.08M | Scene, ViewLayer | Updating Scene BVH | Building
Fra:61 Mem:82.92M (Peak 116.27M) | Time:00:00.03 | Mem:0.08M, Peak:0.08M | Scene, ViewLayer | Updating Scene BVH | Building BVH
Fra:61 Mem:82.92M (Peak 116.27M) | Time:00:00.03 | Mem:14.85M, Peak:14.85M | Scene, ViewLayer | Updating Scene BVH | Building BVH 0%
Fra:61 Mem:82.92M (Peak 116.27M) | Time:00:00.06 | Mem:30.92M, Peak:45.69M | Scene, ViewLayer | Updating Scene BVH | Copying BVH to device
Fra:61 Mem:82.92M (Peak 116.27M) | Time:00:00.06 | Mem:30.92M, Peak:45.69M | Scene, ViewLayer | Updating Mesh | Computing normals
Fra:61 Mem:95.85M (Peak 116.27M) | Time:00:00.07 | Mem:30.92M, Peak:45.69M | Scene, ViewLayer | Updating Mesh | Copying Mesh to device
Fra:61 Mem:95.85M (Peak 116.27M) | Time:00:00.07 | Mem:43.85M, Peak:45.69M | Scene, ViewLayer | Updating Objects Flags
Fra:61 Mem:95.85M (Peak 116.27M) | Time:00:00.07 | Mem:43.85M, Peak:45.69M | Scene, ViewLayer | Updating Primitive Offsets
Fra:61 Mem:95.85M (Peak 116.27M) | Time:00:00.07 | Mem:43.85M, Peak:45.69M | Scene, ViewLayer | Updating Images
Fra:61 Mem:95.85M (Peak 116.27M) | Time:00:00.07 | Mem:43.85M, Peak:45.69M | Scene, ViewLayer | Updating Camera Volume
Fra:61 Mem:95.85M (Peak 116.27M) | Time:00:00.07 | Mem:43.85M, Peak:45.69M | Scene, ViewLayer | Updating Lookup Tables
Fra:61 Mem:95.85M (Peak 116.27M) | Time:00:00.07 | Mem:43.93M, Peak:45.69M | Scene, ViewLayer | Updating Lights
Fra:61 Mem:95.85M (Peak 116.27M) | Time:00:00.07 | Mem:43.93M, Peak:45.69M | Scene, ViewLayer | Updating Lights | Computing tree
Fra:61 Mem:95.85M (Peak 116.27M) | Time:00:00.07 | Mem:43.93M, Peak:45.69M | Scene, ViewLayer | Updating Integrator
Fra:61 Mem:95.85M (Peak 116.27M) | Time:00:00.07 | Mem:43.93M, Peak:45.69M | Scene, ViewLayer | Updating Film
Fra:61 Mem:95.85M (Peak 116.27M) | Time:00:00.07 | Mem:43.85M, Peak:45.69M | Scene, ViewLayer | Updating Lookup Tables
Fra:61 Mem:95.85M (Peak 116.27M) | Time:00:00.07 | Mem:43.93M, Peak:45.69M | Scene, ViewLayer | Updating Baking
Fra:61 Mem:95.85M (Peak 116.27M) | Time:00:00.07 | Mem:43.93M, Peak:45.69M | Scene, ViewLayer | Updating Device | Writing constant memory
Fra:61 Mem:95.86M (Peak 116.27M) | Time:00:00.07 | Mem:43.93M, Peak:45.69M | Scene, ViewLayer | Loading denoising kernels (may take a few minutes the first time)
Fra:61 Mem:95.86M (Peak 116.27M) | Time:00:00.07 | Mem:43.93M, Peak:45.69M | Scene, ViewLayer | Sample 0/16
Fra:61 Mem:125.82M (Peak 125.82M) | Time:00:00.25 | Remaining:00:02.68 | Mem:73.62M, Peak:73.62M | Scene, ViewLayer | Sample 1/16
Fra:61 Mem:138.32M (Peak 157.08M) | Time:00:05.84 | Mem:73.62M, Peak:73.62M | Scene, ViewLayer | Sample 16/16
Fra:61 Mem:138.32M (Peak 157.08M) | Time:00:05.84 | Mem:73.62M, Peak:73.62M | Scene, ViewLayer | Finished
Saved: 'C:\Users\turbo08\findthem\apps\mobile\assets\avatar\references\paw-stand-weights-finished\side-stand.png'
Time: 00:05.90 (Saving: 00:00.05)

Fra:1 Mem:86.25M (Peak 88.94M) | Time:00:00.01 | Mem:0.00M, Peak:0.00M | Scene, ViewLayer | Synchronizing object | Seated_Haunch_With_V13_Toes
Fra:1 Mem:91.65M (Peak 91.65M) | Time:00:00.01 | Mem:0.00M, Peak:0.00M | Scene, ViewLayer | Synchronizing object | Ground
Fra:1 Mem:91.65M (Peak 91.65M) | Time:00:00.01 | Mem:0.00M, Peak:0.00M | Scene, ViewLayer | Synchronizing object | Area.001
Fra:1 Mem:91.65M (Peak 91.65M) | Time:00:00.01 | Mem:0.00M, Peak:0.00M | Scene, ViewLayer | Synchronizing object | MetatarsalPad_1
Fra:1 Mem:91.67M (Peak 91.67M) | Time:00:00.01 | Mem:0.00M, Peak:0.00M | Scene, ViewLayer | Synchronizing object | DigitalPad_Toe_-1_2
Fra:1 Mem:91.80M (Peak 91.80M) | Time:00:00.01 | Mem:0.00M, Peak:0.00M | Scene, ViewLayer | Synchronizing object | DigitalPad_Toe_-1_3
Fra:1 Mem:91.86M (Peak 91.86M) | Time:00:00.01 | Mem:0.00M, Peak:0.00M | Scene, ViewLayer | Synchronizing object | DigitalPad_Toe_-1_4
Fra:1 Mem:91.94M (Peak 91.94M) | Time:00:00.01 | Mem:0.00M, Peak:0.00M | Scene, ViewLayer | Synchronizing object | DigitalPad_Toe_-1_5
Fra:1 Mem:92.00M (Peak 92.00M) | Time:00:00.01 | Mem:0.00M, Peak:0.00M | Scene, ViewLayer | Synchronizing object | DigitalPad_Toe_1_2
Fra:1 Mem:92.01M (Peak 92.01M) | Time:00:00.01 | Mem:0.00M, Peak:0.00M | Scene, ViewLayer | Synchronizing object | DigitalPad_Toe_1_3
Fra:1 Mem:92.09M (Peak 92.09M) | Time:00:00.01 | Mem:0.00M, Peak:0.00M | Scene, ViewLayer | Synchronizing object | DigitalPad_Toe_1_4
Fra:1 Mem:92.15M (Peak 92.15M) | Time:00:00.01 | Mem:0.00M, Peak:0.00M | Scene, ViewLayer | Synchronizing object | DigitalPad_Toe_1_5
Fra:1 Mem:92.19M (Peak 92.19M) | Time:00:00.01 | Mem:0.00M, Peak:0.00M | Scene, ViewLayer | Synchronizing object | MetatarsalPad_-1
Fra:1 Mem:112.67M (Peak 116.27M) | Time:00:00.02 | Mem:0.00M, Peak:0.00M | Scene, ViewLayer | Initializing
Fra:1 Mem:82.76M (Peak 116.27M) | Time:00:00.02 | Mem:0.00M, Peak:0.00M | Scene, ViewLayer | Waiting for render to start
Fra:1 Mem:82.76M (Peak 116.27M) | Time:00:00.02 | Mem:0.00M, Peak:0.00M | Scene, ViewLayer | Updating Scene
Fra:1 Mem:82.76M (Peak 116.27M) | Time:00:00.02 | Mem:0.00M, Peak:0.00M | Scene, ViewLayer | Updating Shaders
Fra:1 Mem:82.76M (Peak 116.27M) | Time:00:00.02 | Mem:0.00M, Peak:0.00M | Scene, ViewLayer | Loading render kernels (may take a few minutes the first time)
Fra:1 Mem:82.85M (Peak 116.27M) | Time:00:00.02 | Mem:0.00M, Peak:0.00M | Scene, ViewLayer | Updating Procedurals
Fra:1 Mem:82.85M (Peak 116.27M) | Time:00:00.02 | Mem:0.00M, Peak:0.00M | Scene, ViewLayer | Updating Background
Fra:1 Mem:82.85M (Peak 116.27M) | Time:00:00.02 | Mem:0.00M, Peak:0.00M | Scene, ViewLayer | Updating Camera
Fra:1 Mem:82.85M (Peak 116.27M) | Time:00:00.02 | Mem:0.00M, Peak:0.00M | Scene, ViewLayer | Updating Meshes Flags
Fra:1 Mem:82.85M (Peak 116.27M) | Time:00:00.02 | Mem:0.00M, Peak:0.00M | Scene, ViewLayer | Updating Objects
Fra:1 Mem:82.85M (Peak 116.27M) | Time:00:00.02 | Mem:0.00M, Peak:0.00M | Scene, ViewLayer | Updating Objects | Copying Transformations to device
Fra:1 Mem:82.85M (Peak 116.27M) | Time:00:00.02 | Mem:0.01M, Peak:0.01M | Scene, ViewLayer | Updating Particle Systems
Fra:1 Mem:82.85M (Peak 116.27M) | Time:00:00.02 | Mem:0.01M, Peak:0.01M | Scene, ViewLayer | Updating Particle Systems | Copying Particles to device
Fra:1 Mem:82.85M (Peak 116.27M) | Time:00:00.02 | Mem:0.01M, Peak:0.01M | Scene, ViewLayer | Updating Meshes
Fra:1 Mem:82.85M (Peak 116.27M) | Time:00:00.02 | Mem:0.01M, Peak:0.01M | Scene, ViewLayer | Updating Objects | Applying Static Transformations
Fra:1 Mem:82.85M (Peak 116.27M) | Time:00:00.02 | Mem:0.01M, Peak:0.01M | Scene, ViewLayer | Updating Mesh | Computing attributes
Fra:1 Mem:82.92M (Peak 116.27M) | Time:00:00.02 | Mem:0.01M, Peak:0.01M | Scene, ViewLayer | Updating Mesh | Copying Attributes to device
Fra:1 Mem:82.92M (Peak 116.27M) | Time:00:00.02 | Mem:0.08M, Peak:0.08M | Scene, ViewLayer | Updating Scene BVH | Building
Fra:1 Mem:82.92M (Peak 116.27M) | Time:00:00.02 | Mem:0.08M, Peak:0.08M | Scene, ViewLayer | Updating Scene BVH | Building BVH
Fra:1 Mem:82.92M (Peak 116.27M) | Time:00:00.02 | Mem:14.85M, Peak:14.85M | Scene, ViewLayer | Updating Scene BVH | Building BVH 0%
Fra:1 Mem:82.92M (Peak 116.27M) | Time:00:00.06 | Mem:30.92M, Peak:45.69M | Scene, ViewLayer | Updating Scene BVH | Copying BVH to device
Fra:1 Mem:82.92M (Peak 116.27M) | Time:00:00.06 | Mem:30.92M, Peak:45.69M | Scene, ViewLayer | Updating Mesh | Computing normals
Fra:1 Mem:95.85M (Peak 116.27M) | Time:00:00.06 | Mem:30.92M, Peak:45.69M | Scene, ViewLayer | Updating Mesh | Copying Mesh to device
Fra:1 Mem:95.85M (Peak 116.27M) | Time:00:00.06 | Mem:43.85M, Peak:45.69M | Scene, ViewLayer | Updating Objects Flags
Fra:1 Mem:95.85M (Peak 116.27M) | Time:00:00.06 | Mem:43.85M, Peak:45.69M | Scene, ViewLayer | Updating Primitive Offsets
Fra:1 Mem:95.85M (Peak 116.27M) | Time:00:00.06 | Mem:43.85M, Peak:45.69M | Scene, ViewLayer | Updating Images
Fra:1 Mem:95.85M (Peak 116.27M) | Time:00:00.06 | Mem:43.85M, Peak:45.69M | Scene, ViewLayer | Updating Camera Volume
Fra:1 Mem:95.85M (Peak 116.27M) | Time:00:00.06 | Mem:43.85M, Peak:45.69M | Scene, ViewLayer | Updating Lookup Tables
Fra:1 Mem:95.85M (Peak 116.27M) | Time:00:00.06 | Mem:43.93M, Peak:45.69M | Scene, ViewLayer | Updating Lights
Fra:1 Mem:95.85M (Peak 116.27M) | Time:00:00.06 | Mem:43.93M, Peak:45.69M | Scene, ViewLayer | Updating Lights | Computing tree
Fra:1 Mem:95.85M (Peak 116.27M) | Time:00:00.06 | Mem:43.93M, Peak:45.69M | Scene, ViewLayer | Updating Integrator
Fra:1 Mem:95.85M (Peak 116.27M) | Time:00:00.06 | Mem:43.93M, Peak:45.69M | Scene, ViewLayer | Updating Film
Fra:1 Mem:95.85M (Peak 116.27M) | Time:00:00.06 | Mem:43.85M, Peak:45.69M | Scene, ViewLayer | Updating Lookup Tables
Fra:1 Mem:95.85M (Peak 116.27M) | Time:00:00.06 | Mem:43.93M, Peak:45.69M | Scene, ViewLayer | Updating Baking
Fra:1 Mem:95.85M (Peak 116.27M) | Time:00:00.06 | Mem:43.93M, Peak:45.69M | Scene, ViewLayer | Updating Device | Writing constant memory
Fra:1 Mem:95.86M (Peak 116.27M) | Time:00:00.06 | Mem:43.93M, Peak:45.69M | Scene, ViewLayer | Loading denoising kernels (may take a few minutes the first time)
Fra:1 Mem:95.86M (Peak 116.27M) | Time:00:00.06 | Mem:43.93M, Peak:45.69M | Scene, ViewLayer | Sample 0/16
Fra:1 Mem:125.82M (Peak 125.82M) | Time:00:00.26 | Remaining:00:02.90 | Mem:73.62M, Peak:73.62M | Scene, ViewLayer | Sample 1/16
Fra:1 Mem:138.32M (Peak 157.08M) | Time:00:05.49 | Mem:73.62M, Peak:73.62M | Scene, ViewLayer | Sample 16/16
Fra:1 Mem:138.32M (Peak 157.08M) | Time:00:05.49 | Mem:73.62M, Peak:73.62M | Scene, ViewLayer | Finished
Saved: 'C:\Users\turbo08\findthem\apps\mobile\assets\avatar\references\paw-stand-weights-finished\back-sit.png'
Time: 00:05.56 (Saving: 00:00.06)

Fra:39 Mem:86.25M (Peak 88.94M) | Time:00:00.01 | Mem:0.00M, Peak:0.00M | Scene, ViewLayer | Synchronizing object | Seated_Haunch_With_V13_Toes
Fra:39 Mem:91.65M (Peak 91.65M) | Time:00:00.01 | Mem:0.00M, Peak:0.00M | Scene, ViewLayer | Synchronizing object | Ground
Fra:39 Mem:91.65M (Peak 91.65M) | Time:00:00.01 | Mem:0.00M, Peak:0.00M | Scene, ViewLayer | Synchronizing object | MetatarsalPad_1
Fra:39 Mem:91.73M (Peak 91.73M) | Time:00:00.01 | Mem:0.00M, Peak:0.00M | Scene, ViewLayer | Synchronizing object | MetatarsalPad_-1
Fra:39 Mem:91.79M (Peak 91.79M) | Time:00:00.01 | Mem:0.00M, Peak:0.00M | Scene, ViewLayer | Synchronizing object | Area
Fra:39 Mem:91.80M (Peak 91.80M) | Time:00:00.01 | Mem:0.00M, Peak:0.00M | Scene, ViewLayer | Synchronizing object | DigitalPad_Toe_1_5
Fra:39 Mem:91.80M (Peak 91.81M) | Time:00:00.01 | Mem:0.00M, Peak:0.00M | Scene, ViewLayer | Synchronizing object | Area.001
Fra:39 Mem:103.12M (Peak 103.12M) | Time:00:00.01 | Mem:0.00M, Peak:0.00M | Scene, ViewLayer | Synchronizing object | DigitalPad_Toe_1_3
Fra:39 Mem:103.12M (Peak 103.12M) | Time:00:00.01 | Mem:0.00M, Peak:0.00M | Scene, ViewLayer | Synchronizing object | DigitalPad_Toe_1_4
Fra:39 Mem:112.67M (Peak 116.27M) | Time:00:00.02 | Mem:0.00M, Peak:0.00M | Scene, ViewLayer | Initializing
Fra:39 Mem:82.76M (Peak 116.27M) | Time:00:00.02 | Mem:0.00M, Peak:0.00M | Scene, ViewLayer | Waiting for render to start
Fra:39 Mem:82.76M (Peak 116.27M) | Time:00:00.02 | Mem:0.00M, Peak:0.00M | Scene, ViewLayer | Updating Scene
Fra:39 Mem:82.76M (Peak 116.27M) | Time:00:00.02 | Mem:0.00M, Peak:0.00M | Scene, ViewLayer | Updating Shaders
Fra:39 Mem:82.76M (Peak 116.27M) | Time:00:00.02 | Mem:0.00M, Peak:0.00M | Scene, ViewLayer | Loading render kernels (may take a few minutes the first time)
Fra:39 Mem:82.85M (Peak 116.27M) | Time:00:00.02 | Mem:0.00M, Peak:0.00M | Scene, ViewLayer | Updating Procedurals
Fra:39 Mem:82.85M (Peak 116.27M) | Time:00:00.02 | Mem:0.00M, Peak:0.00M | Scene, ViewLayer | Updating Background
Fra:39 Mem:82.85M (Peak 116.27M) | Time:00:00.02 | Mem:0.00M, Peak:0.00M | Scene, ViewLayer | Updating Camera
Fra:39 Mem:82.85M (Peak 116.27M) | Time:00:00.02 | Mem:0.00M, Peak:0.00M | Scene, ViewLayer | Updating Meshes Flags
Fra:39 Mem:82.85M (Peak 116.27M) | Time:00:00.02 | Mem:0.00M, Peak:0.00M | Scene, ViewLayer | Updating Objects
Fra:39 Mem:82.85M (Peak 116.27M) | Time:00:00.02 | Mem:0.00M, Peak:0.00M | Scene, ViewLayer | Updating Objects | Copying Transformations to device
Fra:39 Mem:82.85M (Peak 116.27M) | Time:00:00.02 | Mem:0.01M, Peak:0.01M | Scene, ViewLayer | Updating Particle Systems
Fra:39 Mem:82.85M (Peak 116.27M) | Time:00:00.02 | Mem:0.01M, Peak:0.01M | Scene, ViewLayer | Updating Particle Systems | Copying Particles to device
Fra:39 Mem:82.85M (Peak 116.27M) | Time:00:00.02 | Mem:0.01M, Peak:0.01M | Scene, ViewLayer | Updating Meshes
Fra:39 Mem:82.85M (Peak 116.27M) | Time:00:00.02 | Mem:0.01M, Peak:0.01M | Scene, ViewLayer | Updating Objects | Applying Static Transformations
Fra:39 Mem:82.85M (Peak 116.27M) | Time:00:00.02 | Mem:0.01M, Peak:0.01M | Scene, ViewLayer | Updating Mesh | Computing attributes
Fra:39 Mem:82.92M (Peak 116.27M) | Time:00:00.02 | Mem:0.01M, Peak:0.01M | Scene, ViewLayer | Updating Mesh | Copying Attributes to device
Fra:39 Mem:82.92M (Peak 116.27M) | Time:00:00.02 | Mem:0.08M, Peak:0.08M | Scene, ViewLayer | Updating Scene BVH | Building
Fra:39 Mem:82.92M (Peak 116.27M) | Time:00:00.02 | Mem:0.08M, Peak:0.08M | Scene, ViewLayer | Updating Scene BVH | Building BVH
Fra:39 Mem:82.92M (Peak 116.27M) | Time:00:00.02 | Mem:14.85M, Peak:14.85M | Scene, ViewLayer | Updating Scene BVH | Building BVH 0%
Fra:39 Mem:82.92M (Peak 116.27M) | Time:00:00.06 | Mem:30.92M, Peak:45.69M | Scene, ViewLayer | Updating Scene BVH | Copying BVH to device
Fra:39 Mem:82.92M (Peak 116.27M) | Time:00:00.06 | Mem:30.92M, Peak:45.69M | Scene, ViewLayer | Updating Mesh | Computing normals
Fra:39 Mem:95.85M (Peak 116.27M) | Time:00:00.06 | Mem:30.92M, Peak:45.69M | Scene, ViewLayer | Updating Mesh | Copying Mesh to device
Fra:39 Mem:95.85M (Peak 116.27M) | Time:00:00.07 | Mem:43.85M, Peak:45.69M | Scene, ViewLayer | Updating Objects Flags
Fra:39 Mem:95.85M (Peak 116.27M) | Time:00:00.07 | Mem:43.85M, Peak:45.69M | Scene, ViewLayer | Updating Primitive Offsets
Fra:39 Mem:95.85M (Peak 116.27M) | Time:00:00.07 | Mem:43.85M, Peak:45.69M | Scene, ViewLayer | Updating Images
Fra:39 Mem:95.85M (Peak 116.27M) | Time:00:00.07 | Mem:43.85M, Peak:45.69M | Scene, ViewLayer | Updating Camera Volume
Fra:39 Mem:95.85M (Peak 116.27M) | Time:00:00.07 | Mem:43.85M, Peak:45.69M | Scene, ViewLayer | Updating Lookup Tables
Fra:39 Mem:95.85M (Peak 116.27M) | Time:00:00.07 | Mem:43.93M, Peak:45.69M | Scene, ViewLayer | Updating Lights
Fra:39 Mem:95.85M (Peak 116.27M) | Time:00:00.07 | Mem:43.93M, Peak:45.69M | Scene, ViewLayer | Updating Lights | Computing tree
Fra:39 Mem:95.85M (Peak 116.27M) | Time:00:00.07 | Mem:43.93M, Peak:45.69M | Scene, ViewLayer | Updating Integrator
Fra:39 Mem:95.85M (Peak 116.27M) | Time:00:00.07 | Mem:43.93M, Peak:45.69M | Scene, ViewLayer | Updating Film
Fra:39 Mem:95.85M (Peak 116.27M) | Time:00:00.07 | Mem:43.85M, Peak:45.69M | Scene, ViewLayer | Updating Lookup Tables
Fra:39 Mem:95.85M (Peak 116.27M) | Time:00:00.07 | Mem:43.93M, Peak:45.69M | Scene, ViewLayer | Updating Baking
Fra:39 Mem:95.85M (Peak 116.27M) | Time:00:00.07 | Mem:43.93M, Peak:45.69M | Scene, ViewLayer | Updating Device | Writing constant memory
Fra:39 Mem:95.86M (Peak 116.27M) | Time:00:00.07 | Mem:43.93M, Peak:45.69M | Scene, ViewLayer | Loading denoising kernels (may take a few minutes the first time)
Fra:39 Mem:95.86M (Peak 116.27M) | Time:00:00.07 | Mem:43.93M, Peak:45.69M | Scene, ViewLayer | Sample 0/16
Fra:39 Mem:125.82M (Peak 125.82M) | Time:00:00.23 | Remaining:00:02.45 | Mem:73.62M, Peak:73.62M | Scene, ViewLayer | Sample 1/16
Fra:39 Mem:138.32M (Peak 157.08M) | Time:00:05.43 | Mem:73.62M, Peak:73.62M | Scene, ViewLayer | Sample 16/16
Fra:39 Mem:138.32M (Peak 157.08M) | Time:00:05.43 | Mem:73.62M, Peak:73.62M | Scene, ViewLayer | Finished
Saved: 'C:\Users\turbo08\findthem\apps\mobile\assets\avatar\references\paw-stand-weights-finished\back-half.png'
Time: 00:05.48 (Saving: 00:00.05)

Fra:61 Mem:86.25M (Peak 88.94M) | Time:00:00.01 | Mem:0.00M, Peak:0.00M | Scene, ViewLayer | Synchronizing object | Seated_Haunch_With_V13_Toes
Fra:61 Mem:91.65M (Peak 91.65M) | Time:00:00.01 | Mem:0.00M, Peak:0.00M | Scene, ViewLayer | Synchronizing object | Ground
Fra:61 Mem:91.65M (Peak 91.65M) | Time:00:00.01 | Mem:0.00M, Peak:0.00M | Scene, ViewLayer | Synchronizing object | MetatarsalPad_1
Fra:61 Mem:91.65M (Peak 91.65M) | Time:00:00.01 | Mem:0.00M, Peak:0.00M | Scene, ViewLayer | Synchronizing object | Area.001
Fra:61 Mem:91.67M (Peak 91.67M) | Time:00:00.01 | Mem:0.00M, Peak:0.00M | Scene, ViewLayer | Synchronizing object | DigitalPad_Toe_-1_2
Fra:61 Mem:91.79M (Peak 91.79M) | Time:00:00.01 | Mem:0.00M, Peak:0.00M | Scene, ViewLayer | Synchronizing object | DigitalPad_Toe_-1_3
Fra:61 Mem:91.79M (Peak 91.79M) | Time:00:00.01 | Mem:0.00M, Peak:0.00M | Scene, ViewLayer | Synchronizing object | DigitalPad_Toe_-1_4
Fra:61 Mem:91.93M (Peak 91.93M) | Time:00:00.01 | Mem:0.00M, Peak:0.00M | Scene, ViewLayer | Synchronizing object | DigitalPad_Toe_-1_5
Fra:61 Mem:92.01M (Peak 92.01M) | Time:00:00.02 | Mem:0.00M, Peak:0.00M | Scene, ViewLayer | Synchronizing object | DigitalPad_Toe_1_2
Fra:61 Mem:92.03M (Peak 92.03M) | Time:00:00.02 | Mem:0.00M, Peak:0.00M | Scene, ViewLayer | Synchronizing object | DigitalPad_Toe_1_3
Fra:61 Mem:92.16M (Peak 92.16M) | Time:00:00.02 | Mem:0.00M, Peak:0.00M | Scene, ViewLayer | Synchronizing object | DigitalPad_Toe_1_4
Fra:61 Mem:92.16M (Peak 92.16M) | Time:00:00.02 | Mem:0.00M, Peak:0.00M | Scene, ViewLayer | Synchronizing object | MetatarsalPad_-1
Fra:61 Mem:112.67M (Peak 116.27M) | Time:00:00.03 | Mem:0.00M, Peak:0.00M | Scene, ViewLayer | Initializing
Fra:61 Mem:82.76M (Peak 116.27M) | Time:00:00.03 | Mem:0.00M, Peak:0.00M | Scene, ViewLayer | Waiting for render to start
Fra:61 Mem:82.76M (Peak 116.27M) | Time:00:00.03 | Mem:0.00M, Peak:0.00M | Scene, ViewLayer | Updating Scene
Fra:61 Mem:82.76M (Peak 116.27M) | Time:00:00.03 | Mem:0.00M, Peak:0.00M | Scene, ViewLayer | Updating Shaders
Fra:61 Mem:82.76M (Peak 116.27M) | Time:00:00.03 | Mem:0.00M, Peak:0.00M | Scene, ViewLayer | Loading render kernels (may take a few minutes the first time)
Fra:61 Mem:82.85M (Peak 116.27M) | Time:00:00.03 | Mem:0.00M, Peak:0.00M | Scene, ViewLayer | Updating Procedurals
Fra:61 Mem:82.85M (Peak 116.27M) | Time:00:00.03 | Mem:0.00M, Peak:0.00M | Scene, ViewLayer | Updating Background
Fra:61 Mem:82.85M (Peak 116.27M) | Time:00:00.03 | Mem:0.00M, Peak:0.00M | Scene, ViewLayer | Updating Camera
Fra:61 Mem:82.85M (Peak 116.27M) | Time:00:00.03 | Mem:0.00M, Peak:0.00M | Scene, ViewLayer | Updating Meshes Flags
Fra:61 Mem:82.85M (Peak 116.27M) | Time:00:00.03 | Mem:0.00M, Peak:0.00M | Scene, ViewLayer | Updating Objects
Fra:61 Mem:82.85M (Peak 116.27M) | Time:00:00.03 | Mem:0.00M, Peak:0.00M | Scene, ViewLayer | Updating Objects | Copying Transformations to device
Fra:61 Mem:82.85M (Peak 116.27M) | Time:00:00.03 | Mem:0.01M, Peak:0.01M | Scene, ViewLayer | Updating Particle Systems
Fra:61 Mem:82.85M (Peak 116.27M) | Time:00:00.03 | Mem:0.01M, Peak:0.01M | Scene, ViewLayer | Updating Particle Systems | Copying Particles to device
Fra:61 Mem:82.85M (Peak 116.27M) | Time:00:00.03 | Mem:0.01M, Peak:0.01M | Scene, ViewLayer | Updating Meshes
Fra:61 Mem:82.85M (Peak 116.27M) | Time:00:00.03 | Mem:0.01M, Peak:0.01M | Scene, ViewLayer | Updating Objects | Applying Static Transformations
Fra:61 Mem:82.85M (Peak 116.27M) | Time:00:00.03 | Mem:0.01M, Peak:0.01M | Scene, ViewLayer | Updating Mesh | Computing attributes
Fra:61 Mem:82.92M (Peak 116.27M) | Time:00:00.03 | Mem:0.01M, Peak:0.01M | Scene, ViewLayer | Updating Mesh | Copying Attributes to device
Fra:61 Mem:82.92M (Peak 116.27M) | Time:00:00.03 | Mem:0.08M, Peak:0.08M | Scene, ViewLayer | Updating Scene BVH | Building
Fra:61 Mem:82.92M (Peak 116.27M) | Time:00:00.03 | Mem:0.08M, Peak:0.08M | Scene, ViewLayer | Updating Scene BVH | Building BVH
Fra:61 Mem:82.92M (Peak 116.27M) | Time:00:00.03 | Mem:14.85M, Peak:14.85M | Scene, ViewLayer | Updating Scene BVH | Building BVH 0%
Fra:61 Mem:82.92M (Peak 116.27M) | Time:00:00.06 | Mem:30.92M, Peak:45.69M | Scene, ViewLayer | Updating Scene BVH | Copying BVH to device
Fra:61 Mem:82.92M (Peak 116.27M) | Time:00:00.06 | Mem:30.92M, Peak:45.69M | Scene, ViewLayer | Updating Mesh | Computing normals
Fra:61 Mem:95.85M (Peak 116.27M) | Time:00:00.07 | Mem:30.92M, Peak:45.69M | Scene, ViewLayer | Updating Mesh | Copying Mesh to device
Fra:61 Mem:95.85M (Peak 116.27M) | Time:00:00.07 | Mem:43.85M, Peak:45.69M | Scene, ViewLayer | Updating Objects Flags
Fra:61 Mem:95.85M (Peak 116.27M) | Time:00:00.07 | Mem:43.85M, Peak:45.69M | Scene, ViewLayer | Updating Primitive Offsets
Fra:61 Mem:95.85M (Peak 116.27M) | Time:00:00.07 | Mem:43.85M, Peak:45.69M | Scene, ViewLayer | Updating Images
Fra:61 Mem:95.85M (Peak 116.27M) | Time:00:00.07 | Mem:43.85M, Peak:45.69M | Scene, ViewLayer | Updating Camera Volume
Fra:61 Mem:95.85M (Peak 116.27M) | Time:00:00.07 | Mem:43.85M, Peak:45.69M | Scene, ViewLayer | Updating Lookup Tables
Fra:61 Mem:95.85M (Peak 116.27M) | Time:00:00.07 | Mem:43.93M, Peak:45.69M | Scene, ViewLayer | Updating Lights
Fra:61 Mem:95.85M (Peak 116.27M) | Time:00:00.07 | Mem:43.93M, Peak:45.69M | Scene, ViewLayer | Updating Lights | Computing tree
Fra:61 Mem:95.85M (Peak 116.27M) | Time:00:00.07 | Mem:43.93M, Peak:45.69M | Scene, ViewLayer | Updating Integrator
Fra:61 Mem:95.85M (Peak 116.27M) | Time:00:00.07 | Mem:43.93M, Peak:45.69M | Scene, ViewLayer | Updating Film
Fra:61 Mem:95.85M (Peak 116.27M) | Time:00:00.07 | Mem:43.85M, Peak:45.69M | Scene, ViewLayer | Updating Lookup Tables
Fra:61 Mem:95.85M (Peak 116.27M) | Time:00:00.07 | Mem:43.93M, Peak:45.69M | Scene, ViewLayer | Updating Baking
Fra:61 Mem:95.85M (Peak 116.27M) | Time:00:00.07 | Mem:43.93M, Peak:45.69M | Scene, ViewLayer | Updating Device | Writing constant memory
Fra:61 Mem:95.86M (Peak 116.27M) | Time:00:00.07 | Mem:43.93M, Peak:45.69M | Scene, ViewLayer | Loading denoising kernels (may take a few minutes the first time)
Fra:61 Mem:95.86M (Peak 116.27M) | Time:00:00.07 | Mem:43.93M, Peak:45.69M | Scene, ViewLayer | Sample 0/16
Fra:61 Mem:125.82M (Peak 125.82M) | Time:00:00.25 | Remaining:00:02.62 | Mem:73.62M, Peak:73.62M | Scene, ViewLayer | Sample 1/16
Fra:61 Mem:138.32M (Peak 157.08M) | Time:00:05.74 | Mem:73.62M, Peak:73.62M | Scene, ViewLayer | Sample 16/16
Fra:61 Mem:138.32M (Peak 157.08M) | Time:00:05.74 | Mem:73.62M, Peak:73.62M | Scene, ViewLayer | Finished
Saved: 'C:\Users\turbo08\findthem\apps\mobile\assets\avatar\references\paw-stand-weights-finished\back-stand.png'
Time: 00:05.80 (Saving: 00:00.05)

Fra:1 Mem:86.25M (Peak 88.94M) | Time:00:00.01 | Mem:0.00M, Peak:0.00M | Scene, ViewLayer | Synchronizing object | Seated_Haunch_With_V13_Toes
Fra:1 Mem:102.90M (Peak 102.90M) | Time:00:00.01 | Mem:0.00M, Peak:0.00M | Scene, ViewLayer | Synchronizing object | Ground
Fra:1 Mem:102.90M (Peak 102.90M) | Time:00:00.01 | Mem:0.00M, Peak:0.00M | Scene, ViewLayer | Synchronizing object | Area
Fra:1 Mem:102.90M (Peak 102.90M) | Time:00:00.01 | Mem:0.00M, Peak:0.00M | Scene, ViewLayer | Synchronizing object | Area.001
Fra:1 Mem:102.90M (Peak 102.90M) | Time:00:00.01 | Mem:0.00M, Peak:0.00M | Scene, ViewLayer | Synchronizing object | DigitalPad_Toe_-1_4
Fra:1 Mem:102.90M (Peak 102.90M) | Time:00:00.01 | Mem:0.00M, Peak:0.00M | Scene, ViewLayer | Synchronizing object | DigitalPad_Toe_1_4
Fra:1 Mem:102.93M (Peak 102.93M) | Time:00:00.01 | Mem:0.00M, Peak:0.00M | Scene, ViewLayer | Synchronizing object | DigitalPad_Toe_1_5
Fra:1 Mem:103.04M (Peak 103.04M) | Time:00:00.01 | Mem:0.00M, Peak:0.00M | Scene, ViewLayer | Synchronizing object | MetatarsalPad_-1
Fra:1 Mem:112.67M (Peak 116.27M) | Time:00:00.02 | Mem:0.00M, Peak:0.00M | Scene, ViewLayer | Initializing
Fra:1 Mem:82.76M (Peak 116.27M) | Time:00:00.02 | Mem:0.00M, Peak:0.00M | Scene, ViewLayer | Waiting for render to start
Fra:1 Mem:82.76M (Peak 116.27M) | Time:00:00.02 | Mem:0.00M, Peak:0.00M | Scene, ViewLayer | Updating Scene
Fra:1 Mem:82.76M (Peak 116.27M) | Time:00:00.02 | Mem:0.00M, Peak:0.00M | Scene, ViewLayer | Updating Shaders
Fra:1 Mem:82.76M (Peak 116.27M) | Time:00:00.02 | Mem:0.00M, Peak:0.00M | Scene, ViewLayer | Loading render kernels (may take a few minutes the first time)
Fra:1 Mem:82.85M (Peak 116.27M) | Time:00:00.03 | Mem:0.00M, Peak:0.00M | Scene, ViewLayer | Updating Procedurals
Fra:1 Mem:82.85M (Peak 116.27M) | Time:00:00.03 | Mem:0.00M, Peak:0.00M | Scene, ViewLayer | Updating Background
Fra:1 Mem:82.85M (Peak 116.27M) | Time:00:00.03 | Mem:0.00M, Peak:0.00M | Scene, ViewLayer | Updating Camera
Fra:1 Mem:82.85M (Peak 116.27M) | Time:00:00.03 | Mem:0.00M, Peak:0.00M | Scene, ViewLayer | Updating Meshes Flags
Fra:1 Mem:82.85M (Peak 116.27M) | Time:00:00.03 | Mem:0.00M, Peak:0.00M | Scene, ViewLayer | Updating Objects
Fra:1 Mem:82.85M (Peak 116.27M) | Time:00:00.03 | Mem:0.00M, Peak:0.00M | Scene, ViewLayer | Updating Objects | Copying Transformations to device
Fra:1 Mem:82.85M (Peak 116.27M) | Time:00:00.03 | Mem:0.01M, Peak:0.01M | Scene, ViewLayer | Updating Particle Systems
Fra:1 Mem:82.85M (Peak 116.27M) | Time:00:00.03 | Mem:0.01M, Peak:0.01M | Scene, ViewLayer | Updating Particle Systems | Copying Particles to device
Fra:1 Mem:82.85M (Peak 116.27M) | Time:00:00.03 | Mem:0.01M, Peak:0.01M | Scene, ViewLayer | Updating Meshes
Fra:1 Mem:82.85M (Peak 116.27M) | Time:00:00.03 | Mem:0.01M, Peak:0.01M | Scene, ViewLayer | Updating Objects | Applying Static Transformations
Fra:1 Mem:82.85M (Peak 116.27M) | Time:00:00.03 | Mem:0.01M, Peak:0.01M | Scene, ViewLayer | Updating Mesh | Computing attributes
Fra:1 Mem:82.92M (Peak 116.27M) | Time:00:00.03 | Mem:0.01M, Peak:0.01M | Scene, ViewLayer | Updating Mesh | Copying Attributes to device
Fra:1 Mem:82.92M (Peak 116.27M) | Time:00:00.03 | Mem:0.08M, Peak:0.08M | Scene, ViewLayer | Updating Scene BVH | Building
Fra:1 Mem:82.92M (Peak 116.27M) | Time:00:00.03 | Mem:0.08M, Peak:0.08M | Scene, ViewLayer | Updating Scene BVH | Building BVH
Fra:1 Mem:82.92M (Peak 116.27M) | Time:00:00.03 | Mem:14.85M, Peak:14.85M | Scene, ViewLayer | Updating Scene BVH | Building BVH 0%
Fra:1 Mem:82.92M (Peak 116.27M) | Time:00:00.06 | Mem:30.92M, Peak:45.69M | Scene, ViewLayer | Updating Scene BVH | Copying BVH to device
Fra:1 Mem:82.92M (Peak 116.27M) | Time:00:00.06 | Mem:30.92M, Peak:45.69M | Scene, ViewLayer | Updating Mesh | Computing normals
Fra:1 Mem:95.85M (Peak 116.27M) | Time:00:00.07 | Mem:30.92M, Peak:45.69M | Scene, ViewLayer | Updating Mesh | Copying Mesh to device
Fra:1 Mem:95.85M (Peak 116.27M) | Time:00:00.07 | Mem:43.85M, Peak:45.69M | Scene, ViewLayer | Updating Objects Flags
Fra:1 Mem:95.85M (Peak 116.27M) | Time:00:00.07 | Mem:43.85M, Peak:45.69M | Scene, ViewLayer | Updating Primitive Offsets
Fra:1 Mem:95.85M (Peak 116.27M) | Time:00:00.07 | Mem:43.85M, Peak:45.69M | Scene, ViewLayer | Updating Images
Fra:1 Mem:95.85M (Peak 116.27M) | Time:00:00.07 | Mem:43.85M, Peak:45.69M | Scene, ViewLayer | Updating Camera Volume
Fra:1 Mem:95.85M (Peak 116.27M) | Time:00:00.07 | Mem:43.85M, Peak:45.69M | Scene, ViewLayer | Updating Lookup Tables
Fra:1 Mem:95.85M (Peak 116.27M) | Time:00:00.07 | Mem:43.93M, Peak:45.69M | Scene, ViewLayer | Updating Lights
Fra:1 Mem:95.85M (Peak 116.27M) | Time:00:00.07 | Mem:43.93M, Peak:45.69M | Scene, ViewLayer | Updating Lights | Computing tree
Fra:1 Mem:95.85M (Peak 116.27M) | Time:00:00.07 | Mem:43.93M, Peak:45.69M | Scene, ViewLayer | Updating Integrator
Fra:1 Mem:95.85M (Peak 116.27M) | Time:00:00.07 | Mem:43.93M, Peak:45.69M | Scene, ViewLayer | Updating Film
Fra:1 Mem:95.85M (Peak 116.27M) | Time:00:00.07 | Mem:43.85M, Peak:45.69M | Scene, ViewLayer | Updating Lookup Tables
Fra:1 Mem:95.85M (Peak 116.27M) | Time:00:00.07 | Mem:43.93M, Peak:45.69M | Scene, ViewLayer | Updating Baking
Fra:1 Mem:95.85M (Peak 116.27M) | Time:00:00.07 | Mem:43.93M, Peak:45.69M | Scene, ViewLayer | Updating Device | Writing constant memory
Fra:1 Mem:95.86M (Peak 116.27M) | Time:00:00.07 | Mem:43.93M, Peak:45.69M | Scene, ViewLayer | Loading denoising kernels (may take a few minutes the first time)
Fra:1 Mem:95.86M (Peak 116.27M) | Time:00:00.07 | Mem:43.93M, Peak:45.69M | Scene, ViewLayer | Sample 0/16
Fra:1 Mem:125.82M (Peak 125.82M) | Time:00:00.27 | Remaining:00:02.97 | Mem:73.62M, Peak:73.62M | Scene, ViewLayer | Sample 1/16
Fra:1 Mem:138.32M (Peak 157.08M) | Time:00:05.67 | Mem:73.62M, Peak:73.62M | Scene, ViewLayer | Sample 16/16
Fra:1 Mem:138.32M (Peak 157.08M) | Time:00:05.67 | Mem:73.62M, Peak:73.62M | Scene, ViewLayer | Finished
Saved: 'C:\Users\turbo08\findthem\apps\mobile\assets\avatar\references\paw-stand-weights-finished\quarter-sit.png'
Time: 00:05.73 (Saving: 00:00.05)

Fra:39 Mem:86.25M (Peak 88.94M) | Time:00:00.01 | Mem:0.00M, Peak:0.00M | Scene, ViewLayer | Synchronizing object | Seated_Haunch_With_V13_Toes
Fra:39 Mem:86.25M (Peak 88.94M) | Time:00:00.01 | Mem:0.00M, Peak:0.00M | Scene, ViewLayer | Synchronizing object | Area
Fra:39 Mem:91.65M (Peak 91.65M) | Time:00:00.01 | Mem:0.00M, Peak:0.00M | Scene, ViewLayer | Synchronizing object | DigitalPad_Toe_-1_2
Fra:39 Mem:91.65M (Peak 91.65M) | Time:00:00.01 | Mem:0.00M, Peak:0.00M | Scene, ViewLayer | Synchronizing object | DigitalPad_Toe_-1_3
Fra:39 Mem:91.67M (Peak 91.67M) | Time:00:00.01 | Mem:0.00M, Peak:0.00M | Scene, ViewLayer | Synchronizing object | DigitalPad_Toe_-1_5
Fra:39 Mem:91.72M (Peak 91.72M) | Time:00:00.01 | Mem:0.00M, Peak:0.00M | Scene, ViewLayer | Synchronizing object | MetatarsalPad_1
Fra:39 Mem:91.95M (Peak 91.95M) | Time:00:00.01 | Mem:0.00M, Peak:0.00M | Scene, ViewLayer | Synchronizing object | DigitalPad_Toe_1_2
Fra:39 Mem:92.02M (Peak 92.02M) | Time:00:00.01 | Mem:0.00M, Peak:0.00M | Scene, ViewLayer | Synchronizing object | DigitalPad_Toe_1_3
Fra:39 Mem:92.05M (Peak 92.05M) | Time:00:00.01 | Mem:0.00M, Peak:0.00M | Scene, ViewLayer | Synchronizing object | DigitalPad_Toe_1_5
Fra:39 Mem:92.11M (Peak 92.11M) | Time:00:00.01 | Mem:0.00M, Peak:0.00M | Scene, ViewLayer | Synchronizing object | MetatarsalPad_-1
Fra:39 Mem:112.67M (Peak 116.27M) | Time:00:00.02 | Mem:0.00M, Peak:0.00M | Scene, ViewLayer | Initializing
Fra:39 Mem:82.76M (Peak 116.27M) | Time:00:00.02 | Mem:0.00M, Peak:0.00M | Scene, ViewLayer | Waiting for render to start
Fra:39 Mem:82.76M (Peak 116.27M) | Time:00:00.02 | Mem:0.00M, Peak:0.00M | Scene, ViewLayer | Updating Scene
Fra:39 Mem:82.76M (Peak 116.27M) | Time:00:00.02 | Mem:0.00M, Peak:0.00M | Scene, ViewLayer | Updating Shaders
Fra:39 Mem:82.76M (Peak 116.27M) | Time:00:00.02 | Mem:0.00M, Peak:0.00M | Scene, ViewLayer | Loading render kernels (may take a few minutes the first time)
Fra:39 Mem:82.85M (Peak 116.27M) | Time:00:00.02 | Mem:0.00M, Peak:0.00M | Scene, ViewLayer | Updating Procedurals
Fra:39 Mem:82.85M (Peak 116.27M) | Time:00:00.02 | Mem:0.00M, Peak:0.00M | Scene, ViewLayer | Updating Background
Fra:39 Mem:82.85M (Peak 116.27M) | Time:00:00.02 | Mem:0.00M, Peak:0.00M | Scene, ViewLayer | Updating Camera
Fra:39 Mem:82.85M (Peak 116.27M) | Time:00:00.02 | Mem:0.00M, Peak:0.00M | Scene, ViewLayer | Updating Meshes Flags
Fra:39 Mem:82.85M (Peak 116.27M) | Time:00:00.02 | Mem:0.00M, Peak:0.00M | Scene, ViewLayer | Updating Objects
Fra:39 Mem:82.85M (Peak 116.27M) | Time:00:00.02 | Mem:0.00M, Peak:0.00M | Scene, ViewLayer | Updating Objects | Copying Transformations to device
Fra:39 Mem:82.85M (Peak 116.27M) | Time:00:00.02 | Mem:0.01M, Peak:0.01M | Scene, ViewLayer | Updating Particle Systems
Fra:39 Mem:82.85M (Peak 116.27M) | Time:00:00.02 | Mem:0.01M, Peak:0.01M | Scene, ViewLayer | Updating Particle Systems | Copying Particles to device
Fra:39 Mem:82.85M (Peak 116.27M) | Time:00:00.02 | Mem:0.01M, Peak:0.01M | Scene, ViewLayer | Updating Meshes
Fra:39 Mem:82.85M (Peak 116.27M) | Time:00:00.02 | Mem:0.01M, Peak:0.01M | Scene, ViewLayer | Updating Objects | Applying Static Transformations
Fra:39 Mem:82.85M (Peak 116.27M) | Time:00:00.02 | Mem:0.01M, Peak:0.01M | Scene, ViewLayer | Updating Mesh | Computing attributes
Fra:39 Mem:82.92M (Peak 116.27M) | Time:00:00.02 | Mem:0.01M, Peak:0.01M | Scene, ViewLayer | Updating Mesh | Copying Attributes to device
Fra:39 Mem:82.92M (Peak 116.27M) | Time:00:00.02 | Mem:0.08M, Peak:0.08M | Scene, ViewLayer | Updating Scene BVH | Building
Fra:39 Mem:82.92M (Peak 116.27M) | Time:00:00.02 | Mem:0.08M, Peak:0.08M | Scene, ViewLayer | Updating Scene BVH | Building BVH
Fra:39 Mem:82.92M (Peak 116.27M) | Time:00:00.02 | Mem:14.85M, Peak:14.85M | Scene, ViewLayer | Updating Scene BVH | Building BVH 0%
Fra:39 Mem:82.92M (Peak 116.27M) | Time:00:00.05 | Mem:30.92M, Peak:45.69M | Scene, ViewLayer | Updating Scene BVH | Copying BVH to device
Fra:39 Mem:82.92M (Peak 116.27M) | Time:00:00.05 | Mem:30.92M, Peak:45.69M | Scene, ViewLayer | Updating Mesh | Computing normals
Fra:39 Mem:95.85M (Peak 116.27M) | Time:00:00.06 | Mem:30.92M, Peak:45.69M | Scene, ViewLayer | Updating Mesh | Copying Mesh to device
Fra:39 Mem:95.85M (Peak 116.27M) | Time:00:00.06 | Mem:43.85M, Peak:45.69M | Scene, ViewLayer | Updating Objects Flags
Fra:39 Mem:95.85M (Peak 116.27M) | Time:00:00.06 | Mem:43.85M, Peak:45.69M | Scene, ViewLayer | Updating Primitive Offsets
Fra:39 Mem:95.85M (Peak 116.27M) | Time:00:00.06 | Mem:43.85M, Peak:45.69M | Scene, ViewLayer | Updating Images
Fra:39 Mem:95.85M (Peak 116.27M) | Time:00:00.06 | Mem:43.85M, Peak:45.69M | Scene, ViewLayer | Updating Camera Volume
Fra:39 Mem:95.85M (Peak 116.27M) | Time:00:00.06 | Mem:43.85M, Peak:45.69M | Scene, ViewLayer | Updating Lookup Tables
Fra:39 Mem:95.85M (Peak 116.27M) | Time:00:00.06 | Mem:43.93M, Peak:45.69M | Scene, ViewLayer | Updating Lights
Fra:39 Mem:95.85M (Peak 116.27M) | Time:00:00.06 | Mem:43.93M, Peak:45.69M | Scene, ViewLayer | Updating Lights | Computing tree
Fra:39 Mem:95.85M (Peak 116.27M) | Time:00:00.06 | Mem:43.93M, Peak:45.69M | Scene, ViewLayer | Updating Integrator
Fra:39 Mem:95.85M (Peak 116.27M) | Time:00:00.06 | Mem:43.93M, Peak:45.69M | Scene, ViewLayer | Updating Film
Fra:39 Mem:95.85M (Peak 116.27M) | Time:00:00.06 | Mem:43.85M, Peak:45.69M | Scene, ViewLayer | Updating Lookup Tables
Fra:39 Mem:95.85M (Peak 116.27M) | Time:00:00.06 | Mem:43.93M, Peak:45.69M | Scene, ViewLayer | Updating Baking
Fra:39 Mem:95.85M (Peak 116.27M) | Time:00:00.06 | Mem:43.93M, Peak:45.69M | Scene, ViewLayer | Updating Device | Writing constant memory
Fra:39 Mem:95.86M (Peak 116.27M) | Time:00:00.06 | Mem:43.93M, Peak:45.69M | Scene, ViewLayer | Loading denoising kernels (may take a few minutes the first time)
Fra:39 Mem:95.86M (Peak 116.27M) | Time:00:00.06 | Mem:43.93M, Peak:45.69M | Scene, ViewLayer | Sample 0/16
Fra:39 Mem:125.82M (Peak 125.82M) | Time:00:00.25 | Remaining:00:02.80 | Mem:73.62M, Peak:73.62M | Scene, ViewLayer | Sample 1/16
Fra:39 Mem:138.32M (Peak 157.08M) | Time:00:06.45 | Mem:73.62M, Peak:73.62M | Scene, ViewLayer | Sample 16/16
Fra:39 Mem:138.32M (Peak 157.08M) | Time:00:06.45 | Mem:73.62M, Peak:73.62M | Scene, ViewLayer | Finished
Saved: 'C:\Users\turbo08\findthem\apps\mobile\assets\avatar\references\paw-stand-weights-finished\quarter-half.png'
Time: 00:06.50 (Saving: 00:00.05)

Fra:61 Mem:86.25M (Peak 88.94M) | Time:00:00.01 | Mem:0.00M, Peak:0.00M | Scene, ViewLayer | Synchronizing object | Seated_Haunch_With_V13_Toes
Fra:61 Mem:86.25M (Peak 88.94M) | Time:00:00.01 | Mem:0.00M, Peak:0.00M | Scene, ViewLayer | Synchronizing object | DigitalPad_Toe_-1_2
Fra:61 Mem:91.65M (Peak 91.65M) | Time:00:00.01 | Mem:0.00M, Peak:0.00M | Scene, ViewLayer | Synchronizing object | DigitalPad_Toe_-1_5
Fra:61 Mem:91.72M (Peak 91.72M) | Time:00:00.01 | Mem:0.00M, Peak:0.00M | Scene, ViewLayer | Synchronizing object | DigitalPad_Toe_1_2
Fra:61 Mem:91.86M (Peak 91.86M) | Time:00:00.01 | Mem:0.00M, Peak:0.00M | Scene, ViewLayer | Synchronizing object | DigitalPad_Toe_1_3
Fra:61 Mem:91.96M (Peak 91.96M) | Time:00:00.01 | Mem:0.00M, Peak:0.00M | Scene, ViewLayer | Synchronizing object | DigitalPad_Toe_1_4
Fra:61 Mem:91.97M (Peak 91.97M) | Time:00:00.01 | Mem:0.00M, Peak:0.00M | Scene, ViewLayer | Synchronizing object | DigitalPad_Toe_1_5
Fra:61 Mem:92.11M (Peak 92.11M) | Time:00:00.01 | Mem:0.00M, Peak:0.00M | Scene, ViewLayer | Synchronizing object | MetatarsalPad_-1
Fra:61 Mem:112.67M (Peak 116.27M) | Time:00:00.03 | Mem:0.00M, Peak:0.00M | Scene, ViewLayer | Initializing
Fra:61 Mem:82.76M (Peak 116.27M) | Time:00:00.03 | Mem:0.00M, Peak:0.00M | Scene, ViewLayer | Waiting for render to start
Fra:61 Mem:82.76M (Peak 116.27M) | Time:00:00.03 | Mem:0.00M, Peak:0.00M | Scene, ViewLayer | Updating Scene
Fra:61 Mem:82.76M (Peak 116.27M) | Time:00:00.03 | Mem:0.00M, Peak:0.00M | Scene, ViewLayer | Updating Shaders
Fra:61 Mem:82.76M (Peak 116.27M) | Time:00:00.03 | Mem:0.00M, Peak:0.00M | Scene, ViewLayer | Loading render kernels (may take a few minutes the first time)
Fra:61 Mem:82.85M (Peak 116.27M) | Time:00:00.03 | Mem:0.00M, Peak:0.00M | Scene, ViewLayer | Updating Procedurals
Fra:61 Mem:82.85M (Peak 116.27M) | Time:00:00.03 | Mem:0.00M, Peak:0.00M | Scene, ViewLayer | Updating Background
Fra:61 Mem:82.85M (Peak 116.27M) | Time:00:00.03 | Mem:0.00M, Peak:0.00M | Scene, ViewLayer | Updating Camera
Fra:61 Mem:82.85M (Peak 116.27M) | Time:00:00.03 | Mem:0.00M, Peak:0.00M | Scene, ViewLayer | Updating Meshes Flags
Fra:61 Mem:82.85M (Peak 116.27M) | Time:00:00.03 | Mem:0.00M, Peak:0.00M | Scene, ViewLayer | Updating Objects
Fra:61 Mem:82.85M (Peak 116.27M) | Time:00:00.03 | Mem:0.00M, Peak:0.00M | Scene, ViewLayer | Updating Objects | Copying Transformations to device
Fra:61 Mem:82.85M (Peak 116.27M) | Time:00:00.03 | Mem:0.01M, Peak:0.01M | Scene, ViewLayer | Updating Particle Systems
Fra:61 Mem:82.85M (Peak 116.27M) | Time:00:00.03 | Mem:0.01M, Peak:0.01M | Scene, ViewLayer | Updating Particle Systems | Copying Particles to device
Fra:61 Mem:82.85M (Peak 116.27M) | Time:00:00.03 | Mem:0.01M, Peak:0.01M | Scene, ViewLayer | Updating Meshes
Fra:61 Mem:82.85M (Peak 116.27M) | Time:00:00.03 | Mem:0.01M, Peak:0.01M | Scene, ViewLayer | Updating Objects | Applying Static Transformations
Fra:61 Mem:82.85M (Peak 116.27M) | Time:00:00.03 | Mem:0.01M, Peak:0.01M | Scene, ViewLayer | Updating Mesh | Computing attributes
Fra:61 Mem:82.92M (Peak 116.27M) | Time:00:00.03 | Mem:0.01M, Peak:0.01M | Scene, ViewLayer | Updating Mesh | Copying Attributes to device
Fra:61 Mem:82.92M (Peak 116.27M) | Time:00:00.03 | Mem:0.08M, Peak:0.08M | Scene, ViewLayer | Updating Scene BVH | Building
Fra:61 Mem:82.92M (Peak 116.27M) | Time:00:00.03 | Mem:0.08M, Peak:0.08M | Scene, ViewLayer | Updating Scene BVH | Building BVH
Fra:61 Mem:82.92M (Peak 116.27M) | Time:00:00.03 | Mem:14.85M, Peak:14.85M | Scene, ViewLayer | Updating Scene BVH | Building BVH 0%
Fra:61 Mem:82.92M (Peak 116.27M) | Time:00:00.07 | Mem:30.92M, Peak:45.69M | Scene, ViewLayer | Updating Scene BVH | Copying BVH to device
Fra:61 Mem:82.92M (Peak 116.27M) | Time:00:00.07 | Mem:30.92M, Peak:45.69M | Scene, ViewLayer | Updating Mesh | Computing normals
Fra:61 Mem:95.85M (Peak 116.27M) | Time:00:00.07 | Mem:30.92M, Peak:45.69M | Scene, ViewLayer | Updating Mesh | Copying Mesh to device
Fra:61 Mem:95.85M (Peak 116.27M) | Time:00:00.07 | Mem:43.85M, Peak:45.69M | Scene, ViewLayer | Updating Objects Flags
Fra:61 Mem:95.85M (Peak 116.27M) | Time:00:00.07 | Mem:43.85M, Peak:45.69M | Scene, ViewLayer | Updating Primitive Offsets
Fra:61 Mem:95.85M (Peak 116.27M) | Time:00:00.08 | Mem:43.85M, Peak:45.69M | Scene, ViewLayer | Updating Images
Fra:61 Mem:95.85M (Peak 116.27M) | Time:00:00.08 | Mem:43.85M, Peak:45.69M | Scene, ViewLayer | Updating Camera Volume
Fra:61 Mem:95.85M (Peak 116.27M) | Time:00:00.08 | Mem:43.85M, Peak:45.69M | Scene, ViewLayer | Updating Lookup Tables
Fra:61 Mem:95.85M (Peak 116.27M) | Time:00:00.08 | Mem:43.93M, Peak:45.69M | Scene, ViewLayer | Updating Lights
Fra:61 Mem:95.85M (Peak 116.27M) | Time:00:00.08 | Mem:43.93M, Peak:45.69M | Scene, ViewLayer | Updating Lights | Computing tree
Fra:61 Mem:95.85M (Peak 116.27M) | Time:00:00.08 | Mem:43.93M, Peak:45.69M | Scene, ViewLayer | Updating Integrator
Fra:61 Mem:95.85M (Peak 116.27M) | Time:00:00.08 | Mem:43.93M, Peak:45.69M | Scene, ViewLayer | Updating Film
Fra:61 Mem:95.85M (Peak 116.27M) | Time:00:00.08 | Mem:43.85M, Peak:45.69M | Scene, ViewLayer | Updating Lookup Tables
Fra:61 Mem:95.85M (Peak 116.27M) | Time:00:00.08 | Mem:43.93M, Peak:45.69M | Scene, ViewLayer | Updating Baking
Fra:61 Mem:95.85M (Peak 116.27M) | Time:00:00.08 | Mem:43.93M, Peak:45.69M | Scene, ViewLayer | Updating Device | Writing constant memory
Fra:61 Mem:95.86M (Peak 116.27M) | Time:00:00.08 | Mem:43.93M, Peak:45.69M | Scene, ViewLayer | Loading denoising kernels (may take a few minutes the first time)
Fra:61 Mem:95.86M (Peak 116.27M) | Time:00:00.08 | Mem:43.93M, Peak:45.69M | Scene, ViewLayer | Sample 0/16
Fra:61 Mem:125.82M (Peak 125.82M) | Time:00:00.28 | Remaining:00:03.12 | Mem:73.62M, Peak:73.62M | Scene, ViewLayer | Sample 1/16
Fra:61 Mem:138.32M (Peak 157.08M) | Time:00:06.20 | Mem:73.62M, Peak:73.62M | Scene, ViewLayer | Sample 16/16
Fra:61 Mem:138.32M (Peak 157.08M) | Time:00:06.20 | Mem:73.62M, Peak:73.62M | Scene, ViewLayer | Finished
Saved: 'C:\Users\turbo08\findthem\apps\mobile\assets\avatar\references\paw-stand-weights-finished\quarter-stand.png'
Time: 00:06.26 (Saving: 00:00.05)

BlenderMCP: cannot start server in background mode (blender -b) - commands would never execute
BlenderMCP: run Blender with a GUI, or use a virtual display: xvfb-run -a blender
BlenderMCP addon registered
Info: Saved as "paw-stand-finished.blend"
INFO Draco mesh compression is available, use library at C:\Program Files\Blender Foundation\Blender 4.5\4.5\scripts\addons_core\io_scene_gltf2\extern_draco.dll
20:03:27 | INFO: Starting glTF 2.0 export
20:03:27 | WARNING: Armature must be the parent of skinned meshArmature is selected by its name, but may be false in case of instances
20:03:27 | WARNING: Armature must be the parent of skinned meshArmature is selected by its name, but may be false in case of instances
20:03:27 | WARNING: Armature must be the parent of skinned meshArmature is selected by its name, but may be false in case of instances
20:03:27 | WARNING: Armature must be the parent of skinned meshArmature is selected by its name, but may be false in case of instances
20:03:27 | WARNING: Armature must be the parent of skinned meshArmature is selected by its name, but may be false in case of instances
20:03:27 | WARNING: Armature must be the parent of skinned meshArmature is selected by its name, but may be false in case of instances
20:03:27 | WARNING: Armature must be the parent of skinned meshArmature is selected by its name, but may be false in case of instances
20:03:27 | WARNING: Armature must be the parent of skinned meshArmature is selected by its name, but may be false in case of instances
20:03:27 | WARNING: Armature must be the parent of skinned meshArmature is selected by its name, but may be false in case of instances
20:03:27 | WARNING: Armature must be the parent of skinned meshArmature is selected by its name, but may be false in case of instances
20:03:27 | WARNING: Armature must be the parent of skinned meshArmature is selected by its name, but may be false in case of instances
20:03:27 | INFO: Extracting primitive: Designed transverse rings
20:03:32 | INFO: Primitives created: 1
20:03:32 | WARNING: There are more than 4 joint vertex influences.The 4 with highest weight will be used (and normalized).
20:03:32 | INFO: Extracting primitive: Sphere
20:03:32 | INFO: Primitives created: 1
20:03:32 | INFO: Extracting primitive: Sphere.001
20:03:32 | INFO: Primitives created: 1
20:03:32 | INFO: Extracting primitive: Sphere.002
20:03:32 | INFO: Primitives created: 1
20:03:32 | INFO: Extracting primitive: Sphere.003
20:03:32 | INFO: Primitives created: 1
20:03:32 | INFO: Extracting primitive: Sphere.004
20:03:32 | INFO: Primitives created: 1
20:03:32 | INFO: Extracting primitive: Sphere.005
20:03:32 | INFO: Primitives created: 1
20:03:32 | INFO: Extracting primitive: Sphere.006
20:03:32 | INFO: Primitives created: 1
20:03:32 | INFO: Extracting primitive: Sphere.007
20:03:32 | INFO: Primitives created: 1
20:03:32 | INFO: Extracting primitive: Sphere.008
20:03:32 | INFO: Primitives created: 1
20:03:32 | INFO: Extracting primitive: Sphere.009
20:03:32 | INFO: Primitives created: 1
20:03:34 | INFO: Finished glTF 2.0 export in 7.343329191207886 s

WEIGHTS_FINISH_COMPLETE
BlenderMCP server stopped
BlenderMCP addon unregistered

Blender quit
