Blender 4.5.10 LTS (hash 6dc0b208d1b5 built 2026-05-19 01:33:42)
Read blend: "C:\Users\turbo08\findthem\apps\mobile\assets\avatar\references\seated-haunch-toes\seated-haunch-v13-toes.blend"
Fra:1 Mem:39.83M (Peak 39.83M) | Time:00:00.00 | Mem:0.00M, Peak:0.00M | Scene, ViewLayer | Synchronizing object | Seated_Haunch_With_V13_Toes
Fra:1 Mem:39.83M (Peak 39.83M) | Time:00:00.00 | Mem:0.00M, Peak:0.00M | Scene, ViewLayer | Synchronizing object | Area.001
Fra:1 Mem:62.25M (Peak 65.91M) | Time:00:00.01 | Mem:0.00M, Peak:0.00M | Scene, ViewLayer | Initializing
Fra:1 Mem:62.07M (Peak 65.91M) | Time:00:00.01 | Mem:0.00M, Peak:0.00M | Scene, ViewLayer | Waiting for render to start
Fra:1 Mem:62.07M (Peak 65.91M) | Time:00:00.01 | Mem:0.00M, Peak:0.00M | Scene, ViewLayer | Updating Scene
Fra:1 Mem:62.07M (Peak 65.91M) | Time:00:00.01 | Mem:0.00M, Peak:0.00M | Scene, ViewLayer | Updating Shaders
Fra:1 Mem:62.07M (Peak 65.91M) | Time:00:00.01 | Mem:0.00M, Peak:0.00M | Scene, ViewLayer | Loading render kernels (may take a few minutes the first time)
Fra:1 Mem:62.16M (Peak 65.91M) | Time:00:00.01 | Mem:0.00M, Peak:0.00M | Scene, ViewLayer | Updating Procedurals
Fra:1 Mem:62.16M (Peak 65.91M) | Time:00:00.01 | Mem:0.00M, Peak:0.00M | Scene, ViewLayer | Updating Background
Fra:1 Mem:62.16M (Peak 65.91M) | Time:00:00.01 | Mem:0.00M, Peak:0.00M | Scene, ViewLayer | Updating Camera
Fra:1 Mem:62.16M (Peak 65.91M) | Time:00:00.01 | Mem:0.00M, Peak:0.00M | Scene, ViewLayer | Updating Meshes Flags
Fra:1 Mem:62.16M (Peak 65.91M) | Time:00:00.01 | Mem:0.00M, Peak:0.00M | Scene, ViewLayer | Updating Objects
Fra:1 Mem:62.16M (Peak 65.91M) | Time:00:00.01 | Mem:0.00M, Peak:0.00M | Scene, ViewLayer | Updating Objects | Copying Transformations to device
Fra:1 Mem:62.16M (Peak 65.91M) | Time:00:00.01 | Mem:0.00M, Peak:0.00M | Scene, ViewLayer | Updating Particle Systems
Fra:1 Mem:62.16M (Peak 65.91M) | Time:00:00.01 | Mem:0.00M, Peak:0.00M | Scene, ViewLayer | Updating Particle Systems | Copying Particles to device
Fra:1 Mem:62.16M (Peak 65.91M) | Time:00:00.01 | Mem:0.00M, Peak:0.00M | Scene, ViewLayer | Updating Meshes
Fra:1 Mem:62.16M (Peak 65.91M) | Time:00:00.01 | Mem:0.00M, Peak:0.00M | Scene, ViewLayer | Updating Objects | Applying Static Transformations
Fra:1 Mem:62.16M (Peak 65.91M) | Time:00:00.01 | Mem:0.00M, Peak:0.00M | Scene, ViewLayer | Updating Mesh | Computing attributes
Fra:1 Mem:62.16M (Peak 65.91M) | Time:00:00.01 | Mem:0.00M, Peak:0.00M | Scene, ViewLayer | Updating Mesh | Copying Attributes to device
Fra:1 Mem:62.16M (Peak 65.91M) | Time:00:00.01 | Mem:0.00M, Peak:0.00M | Scene, ViewLayer | Updating Scene BVH | Building
Fra:1 Mem:62.16M (Peak 65.91M) | Time:00:00.01 | Mem:0.00M, Peak:0.00M | Scene, ViewLayer | Updating Scene BVH | Building BVH
Fra:1 Mem:62.16M (Peak 65.91M) | Time:00:00.01 | Mem:14.64M, Peak:14.64M | Scene, ViewLayer | Updating Scene BVH | Building BVH 0%
Fra:1 Mem:62.16M (Peak 65.91M) | Time:00:00.07 | Mem:30.57M, Peak:45.21M | Scene, ViewLayer | Updating Scene BVH | Copying BVH to device
Fra:1 Mem:62.16M (Peak 65.91M) | Time:00:00.07 | Mem:30.57M, Peak:45.21M | Scene, ViewLayer | Updating Mesh | Computing normals
Fra:1 Mem:74.97M (Peak 74.97M) | Time:00:00.09 | Mem:30.57M, Peak:45.21M | Scene, ViewLayer | Updating Mesh | Copying Mesh to device
Fra:1 Mem:74.97M (Peak 74.97M) | Time:00:00.09 | Mem:43.38M, Peak:45.21M | Scene, ViewLayer | Updating Objects Flags
Fra:1 Mem:74.97M (Peak 74.97M) | Time:00:00.09 | Mem:43.38M, Peak:45.21M | Scene, ViewLayer | Updating Primitive Offsets
Fra:1 Mem:74.97M (Peak 74.97M) | Time:00:00.09 | Mem:43.38M, Peak:45.21M | Scene, ViewLayer | Updating Images
Fra:1 Mem:74.97M (Peak 74.97M) | Time:00:00.09 | Mem:43.38M, Peak:45.21M | Scene, ViewLayer | Updating Camera Volume
Fra:1 Mem:74.97M (Peak 74.97M) | Time:00:00.09 | Mem:43.38M, Peak:45.21M | Scene, ViewLayer | Updating Lookup Tables
Fra:1 Mem:74.97M (Peak 74.97M) | Time:00:00.09 | Mem:43.46M, Peak:45.21M | Scene, ViewLayer | Updating Lights
Fra:1 Mem:74.97M (Peak 74.97M) | Time:00:00.09 | Mem:43.46M, Peak:45.21M | Scene, ViewLayer | Updating Lights | Computing tree
Fra:1 Mem:74.97M (Peak 74.97M) | Time:00:00.09 | Mem:43.46M, Peak:45.21M | Scene, ViewLayer | Updating Integrator
Fra:1 Mem:74.97M (Peak 74.97M) | Time:00:00.09 | Mem:43.46M, Peak:45.21M | Scene, ViewLayer | Updating Film
Fra:1 Mem:74.97M (Peak 74.97M) | Time:00:00.09 | Mem:43.38M, Peak:45.21M | Scene, ViewLayer | Updating Lookup Tables
Fra:1 Mem:74.97M (Peak 74.97M) | Time:00:00.09 | Mem:43.47M, Peak:45.21M | Scene, ViewLayer | Updating Baking
Fra:1 Mem:74.97M (Peak 74.97M) | Time:00:00.09 | Mem:43.47M, Peak:45.21M | Scene, ViewLayer | Updating Device | Writing constant memory
Fra:1 Mem:74.98M (Peak 74.98M) | Time:00:00.09 | Mem:43.47M, Peak:45.21M | Scene, ViewLayer | Loading denoising kernels (may take a few minutes the first time)
Fra:1 Mem:74.98M (Peak 74.98M) | Time:00:00.09 | Mem:43.47M, Peak:45.21M | Scene, ViewLayer | Sample 0/24
Fra:1 Mem:112.83M (Peak 112.83M) | Time:00:00.22 | Remaining:00:03.00 | Mem:81.04M, Peak:81.04M | Scene, ViewLayer | Sample 1/24
Fra:1 Mem:128.65M (Peak 152.38M) | Time:00:04.63 | Mem:81.04M, Peak:81.04M | Scene, ViewLayer | Sample 24/24
Fra:1 Mem:128.65M (Peak 152.38M) | Time:00:04.63 | Mem:81.04M, Peak:81.04M | Scene, ViewLayer | Finished
Saved: 'C:\Users\turbo08\findthem\apps\mobile\assets\avatar\references\seated-haunch-toes-finished\side.png'
Time: 00:04.86 (Saving: 00:00.23)

Fra:1 Mem:47.15M (Peak 47.15M) | Time:00:00.00 | Mem:0.00M, Peak:0.00M | Scene, ViewLayer | Synchronizing object | Seated_Haunch_With_V13_Toes
Fra:1 Mem:47.15M (Peak 47.15M) | Time:00:00.00 | Mem:0.00M, Peak:0.00M | Scene, ViewLayer | Synchronizing object | Area
Fra:1 Mem:62.25M (Peak 65.91M) | Time:00:00.00 | Mem:0.00M, Peak:0.00M | Scene, ViewLayer | Initializing
Fra:1 Mem:62.07M (Peak 65.91M) | Time:00:00.00 | Mem:0.00M, Peak:0.00M | Scene, ViewLayer | Waiting for render to start
Fra:1 Mem:62.07M (Peak 65.91M) | Time:00:00.00 | Mem:0.00M, Peak:0.00M | Scene, ViewLayer | Updating Scene
Fra:1 Mem:62.07M (Peak 65.91M) | Time:00:00.00 | Mem:0.00M, Peak:0.00M | Scene, ViewLayer | Updating Shaders
Fra:1 Mem:62.07M (Peak 65.91M) | Time:00:00.00 | Mem:0.00M, Peak:0.00M | Scene, ViewLayer | Loading render kernels (may take a few minutes the first time)
Fra:1 Mem:62.16M (Peak 65.91M) | Time:00:00.00 | Mem:0.00M, Peak:0.00M | Scene, ViewLayer | Updating Procedurals
Fra:1 Mem:62.16M (Peak 65.91M) | Time:00:00.00 | Mem:0.00M, Peak:0.00M | Scene, ViewLayer | Updating Background
Fra:1 Mem:62.16M (Peak 65.91M) | Time:00:00.00 | Mem:0.00M, Peak:0.00M | Scene, ViewLayer | Updating Camera
Fra:1 Mem:62.16M (Peak 65.91M) | Time:00:00.00 | Mem:0.00M, Peak:0.00M | Scene, ViewLayer | Updating Meshes Flags
Fra:1 Mem:62.16M (Peak 65.91M) | Time:00:00.00 | Mem:0.00M, Peak:0.00M | Scene, ViewLayer | Updating Objects
Fra:1 Mem:62.16M (Peak 65.91M) | Time:00:00.00 | Mem:0.00M, Peak:0.00M | Scene, ViewLayer | Updating Objects | Copying Transformations to device
Fra:1 Mem:62.16M (Peak 65.91M) | Time:00:00.00 | Mem:0.00M, Peak:0.00M | Scene, ViewLayer | Updating Particle Systems
Fra:1 Mem:62.16M (Peak 65.91M) | Time:00:00.00 | Mem:0.00M, Peak:0.00M | Scene, ViewLayer | Updating Particle Systems | Copying Particles to device
Fra:1 Mem:62.16M (Peak 65.91M) | Time:00:00.00 | Mem:0.00M, Peak:0.00M | Scene, ViewLayer | Updating Meshes
Fra:1 Mem:62.16M (Peak 65.91M) | Time:00:00.00 | Mem:0.00M, Peak:0.00M | Scene, ViewLayer | Updating Objects | Applying Static Transformations
Fra:1 Mem:62.16M (Peak 65.91M) | Time:00:00.00 | Mem:0.00M, Peak:0.00M | Scene, ViewLayer | Updating Mesh | Computing attributes
Fra:1 Mem:62.16M (Peak 65.91M) | Time:00:00.00 | Mem:0.00M, Peak:0.00M | Scene, ViewLayer | Updating Mesh | Copying Attributes to device
Fra:1 Mem:62.16M (Peak 65.91M) | Time:00:00.00 | Mem:0.00M, Peak:0.00M | Scene, ViewLayer | Updating Scene BVH | Building
Fra:1 Mem:62.16M (Peak 65.91M) | Time:00:00.00 | Mem:0.00M, Peak:0.00M | Scene, ViewLayer | Updating Scene BVH | Building BVH
Fra:1 Mem:62.16M (Peak 65.91M) | Time:00:00.01 | Mem:14.64M, Peak:14.64M | Scene, ViewLayer | Updating Scene BVH | Building BVH 0%
Fra:1 Mem:62.16M (Peak 65.91M) | Time:00:00.04 | Mem:30.57M, Peak:45.21M | Scene, ViewLayer | Updating Scene BVH | Copying BVH to device
Fra:1 Mem:62.16M (Peak 65.91M) | Time:00:00.04 | Mem:30.57M, Peak:45.21M | Scene, ViewLayer | Updating Mesh | Computing normals
Fra:1 Mem:74.97M (Peak 74.97M) | Time:00:00.04 | Mem:30.57M, Peak:45.21M | Scene, ViewLayer | Updating Mesh | Copying Mesh to device
Fra:1 Mem:74.97M (Peak 74.97M) | Time:00:00.04 | Mem:43.38M, Peak:45.21M | Scene, ViewLayer | Updating Objects Flags
Fra:1 Mem:74.97M (Peak 74.97M) | Time:00:00.04 | Mem:43.38M, Peak:45.21M | Scene, ViewLayer | Updating Primitive Offsets
Fra:1 Mem:74.97M (Peak 74.97M) | Time:00:00.04 | Mem:43.38M, Peak:45.21M | Scene, ViewLayer | Updating Images
Fra:1 Mem:74.97M (Peak 74.97M) | Time:00:00.04 | Mem:43.38M, Peak:45.21M | Scene, ViewLayer | Updating Camera Volume
Fra:1 Mem:74.97M (Peak 74.97M) | Time:00:00.04 | Mem:43.38M, Peak:45.21M | Scene, ViewLayer | Updating Lookup Tables
Fra:1 Mem:74.97M (Peak 74.97M) | Time:00:00.04 | Mem:43.46M, Peak:45.21M | Scene, ViewLayer | Updating Lights
Fra:1 Mem:74.97M (Peak 74.97M) | Time:00:00.04 | Mem:43.46M, Peak:45.21M | Scene, ViewLayer | Updating Lights | Computing tree
Fra:1 Mem:74.97M (Peak 74.97M) | Time:00:00.04 | Mem:43.46M, Peak:45.21M | Scene, ViewLayer | Updating Integrator
Fra:1 Mem:74.97M (Peak 74.97M) | Time:00:00.04 | Mem:43.46M, Peak:45.21M | Scene, ViewLayer | Updating Film
Fra:1 Mem:74.97M (Peak 74.97M) | Time:00:00.04 | Mem:43.38M, Peak:45.21M | Scene, ViewLayer | Updating Lookup Tables
Fra:1 Mem:74.97M (Peak 74.97M) | Time:00:00.04 | Mem:43.47M, Peak:45.21M | Scene, ViewLayer | Updating Baking
Fra:1 Mem:74.97M (Peak 74.97M) | Time:00:00.04 | Mem:43.47M, Peak:45.21M | Scene, ViewLayer | Updating Device | Writing constant memory
Fra:1 Mem:74.98M (Peak 74.98M) | Time:00:00.04 | Mem:43.47M, Peak:45.21M | Scene, ViewLayer | Loading denoising kernels (may take a few minutes the first time)
Fra:1 Mem:74.98M (Peak 74.98M) | Time:00:00.04 | Mem:43.47M, Peak:45.21M | Scene, ViewLayer | Sample 0/24
Fra:1 Mem:112.83M (Peak 112.83M) | Time:00:00.20 | Remaining:00:03.63 | Mem:81.04M, Peak:81.04M | Scene, ViewLayer | Sample 1/24
Fra:1 Mem:128.65M (Peak 152.38M) | Time:00:04.79 | Mem:81.04M, Peak:81.04M | Scene, ViewLayer | Sample 24/24
Fra:1 Mem:128.65M (Peak 152.38M) | Time:00:04.79 | Mem:81.04M, Peak:81.04M | Scene, ViewLayer | Finished
Saved: 'C:\Users\turbo08\findthem\apps\mobile\assets\avatar\references\seated-haunch-toes-finished\back.png'
Time: 00:04.86 (Saving: 00:00.07)

Fra:1 Mem:47.15M (Peak 47.15M) | Time:00:00.00 | Mem:0.00M, Peak:0.00M | Scene, ViewLayer | Synchronizing object | Seated_Haunch_With_V13_Toes
Fra:1 Mem:56.30M (Peak 56.30M) | Time:00:00.00 | Mem:0.00M, Peak:0.00M | Scene, ViewLayer | Synchronizing object | Area.001
Fra:1 Mem:62.25M (Peak 65.91M) | Time:00:00.00 | Mem:0.00M, Peak:0.00M | Scene, ViewLayer | Initializing
Fra:1 Mem:62.07M (Peak 65.91M) | Time:00:00.00 | Mem:0.00M, Peak:0.00M | Scene, ViewLayer | Waiting for render to start
Fra:1 Mem:62.07M (Peak 65.91M) | Time:00:00.00 | Mem:0.00M, Peak:0.00M | Scene, ViewLayer | Updating Scene
Fra:1 Mem:62.07M (Peak 65.91M) | Time:00:00.00 | Mem:0.00M, Peak:0.00M | Scene, ViewLayer | Updating Shaders
Fra:1 Mem:62.07M (Peak 65.91M) | Time:00:00.00 | Mem:0.00M, Peak:0.00M | Scene, ViewLayer | Loading render kernels (may take a few minutes the first time)
Fra:1 Mem:62.16M (Peak 65.91M) | Time:00:00.00 | Mem:0.00M, Peak:0.00M | Scene, ViewLayer | Updating Procedurals
Fra:1 Mem:62.16M (Peak 65.91M) | Time:00:00.00 | Mem:0.00M, Peak:0.00M | Scene, ViewLayer | Updating Background
Fra:1 Mem:62.16M (Peak 65.91M) | Time:00:00.00 | Mem:0.00M, Peak:0.00M | Scene, ViewLayer | Updating Camera
Fra:1 Mem:62.16M (Peak 65.91M) | Time:00:00.00 | Mem:0.00M, Peak:0.00M | Scene, ViewLayer | Updating Meshes Flags
Fra:1 Mem:62.16M (Peak 65.91M) | Time:00:00.00 | Mem:0.00M, Peak:0.00M | Scene, ViewLayer | Updating Objects
Fra:1 Mem:62.16M (Peak 65.91M) | Time:00:00.00 | Mem:0.00M, Peak:0.00M | Scene, ViewLayer | Updating Objects | Copying Transformations to device
Fra:1 Mem:62.16M (Peak 65.91M) | Time:00:00.00 | Mem:0.00M, Peak:0.00M | Scene, ViewLayer | Updating Particle Systems
Fra:1 Mem:62.16M (Peak 65.91M) | Time:00:00.00 | Mem:0.00M, Peak:0.00M | Scene, ViewLayer | Updating Particle Systems | Copying Particles to device
Fra:1 Mem:62.16M (Peak 65.91M) | Time:00:00.00 | Mem:0.00M, Peak:0.00M | Scene, ViewLayer | Updating Meshes
Fra:1 Mem:62.16M (Peak 65.91M) | Time:00:00.00 | Mem:0.00M, Peak:0.00M | Scene, ViewLayer | Updating Objects | Applying Static Transformations
Fra:1 Mem:62.16M (Peak 65.91M) | Time:00:00.00 | Mem:0.00M, Peak:0.00M | Scene, ViewLayer | Updating Mesh | Computing attributes
Fra:1 Mem:62.16M (Peak 65.91M) | Time:00:00.00 | Mem:0.00M, Peak:0.00M | Scene, ViewLayer | Updating Mesh | Copying Attributes to device
Fra:1 Mem:62.16M (Peak 65.91M) | Time:00:00.00 | Mem:0.00M, Peak:0.00M | Scene, ViewLayer | Updating Scene BVH | Building
Fra:1 Mem:62.16M (Peak 65.91M) | Time:00:00.00 | Mem:0.00M, Peak:0.00M | Scene, ViewLayer | Updating Scene BVH | Building BVH
Fra:1 Mem:62.16M (Peak 65.91M) | Time:00:00.00 | Mem:14.64M, Peak:14.64M | Scene, ViewLayer | Updating Scene BVH | Building BVH 0%
Fra:1 Mem:62.16M (Peak 65.91M) | Time:00:00.03 | Mem:30.57M, Peak:45.21M | Scene, ViewLayer | Updating Scene BVH | Copying BVH to device
Fra:1 Mem:62.16M (Peak 65.91M) | Time:00:00.03 | Mem:30.57M, Peak:45.21M | Scene, ViewLayer | Updating Mesh | Computing normals
Fra:1 Mem:74.97M (Peak 74.97M) | Time:00:00.03 | Mem:30.57M, Peak:45.21M | Scene, ViewLayer | Updating Mesh | Copying Mesh to device
Fra:1 Mem:74.97M (Peak 74.97M) | Time:00:00.03 | Mem:43.38M, Peak:45.21M | Scene, ViewLayer | Updating Objects Flags
Fra:1 Mem:74.97M (Peak 74.97M) | Time:00:00.03 | Mem:43.38M, Peak:45.21M | Scene, ViewLayer | Updating Primitive Offsets
Fra:1 Mem:74.97M (Peak 74.97M) | Time:00:00.03 | Mem:43.38M, Peak:45.21M | Scene, ViewLayer | Updating Images
Fra:1 Mem:74.97M (Peak 74.97M) | Time:00:00.03 | Mem:43.38M, Peak:45.21M | Scene, ViewLayer | Updating Camera Volume
Fra:1 Mem:74.97M (Peak 74.97M) | Time:00:00.03 | Mem:43.38M, Peak:45.21M | Scene, ViewLayer | Updating Lookup Tables
Fra:1 Mem:74.97M (Peak 74.97M) | Time:00:00.03 | Mem:43.46M, Peak:45.21M | Scene, ViewLayer | Updating Lights
Fra:1 Mem:74.97M (Peak 74.97M) | Time:00:00.03 | Mem:43.46M, Peak:45.21M | Scene, ViewLayer | Updating Lights | Computing tree
Fra:1 Mem:74.97M (Peak 74.97M) | Time:00:00.03 | Mem:43.46M, Peak:45.21M | Scene, ViewLayer | Updating Integrator
Fra:1 Mem:74.97M (Peak 74.97M) | Time:00:00.03 | Mem:43.46M, Peak:45.21M | Scene, ViewLayer | Updating Film
Fra:1 Mem:74.97M (Peak 74.97M) | Time:00:00.03 | Mem:43.38M, Peak:45.21M | Scene, ViewLayer | Updating Lookup Tables
Fra:1 Mem:74.97M (Peak 74.97M) | Time:00:00.03 | Mem:43.47M, Peak:45.21M | Scene, ViewLayer | Updating Baking
Fra:1 Mem:74.97M (Peak 74.97M) | Time:00:00.03 | Mem:43.47M, Peak:45.21M | Scene, ViewLayer | Updating Device | Writing constant memory
Fra:1 Mem:74.98M (Peak 74.98M) | Time:00:00.03 | Mem:43.47M, Peak:45.21M | Scene, ViewLayer | Loading denoising kernels (may take a few minutes the first time)
Fra:1 Mem:74.98M (Peak 74.98M) | Time:00:00.03 | Mem:43.47M, Peak:45.21M | Scene, ViewLayer | Sample 0/24
Fra:1 Mem:112.83M (Peak 112.83M) | Time:00:00.19 | Remaining:00:03.67 | Mem:81.04M, Peak:81.04M | Scene, ViewLayer | Sample 1/24
Fra:1 Mem:128.65M (Peak 152.38M) | Time:00:06.31 | Mem:81.04M, Peak:81.04M | Scene, ViewLayer | Sample 24/24
Fra:1 Mem:128.65M (Peak 152.38M) | Time:00:06.31 | Mem:81.04M, Peak:81.04M | Scene, ViewLayer | Finished
Saved: 'C:\Users\turbo08\findthem\apps\mobile\assets\avatar\references\seated-haunch-toes-finished\quarter.png'
Time: 00:06.38 (Saving: 00:00.07)

Fra:1 Mem:47.15M (Peak 47.15M) | Time:00:00.00 | Mem:0.00M, Peak:0.00M | Scene, ViewLayer | Synchronizing object | Seated_Haunch_With_V13_Toes
Fra:1 Mem:47.15M (Peak 47.15M) | Time:00:00.00 | Mem:0.00M, Peak:0.00M | Scene, ViewLayer | Synchronizing object | Area
Fra:1 Mem:62.25M (Peak 65.91M) | Time:00:00.00 | Mem:0.00M, Peak:0.00M | Scene, ViewLayer | Initializing
Fra:1 Mem:62.07M (Peak 65.91M) | Time:00:00.00 | Mem:0.00M, Peak:0.00M | Scene, ViewLayer | Waiting for render to start
Fra:1 Mem:62.07M (Peak 65.91M) | Time:00:00.00 | Mem:0.00M, Peak:0.00M | Scene, ViewLayer | Updating Scene
Fra:1 Mem:62.07M (Peak 65.91M) | Time:00:00.00 | Mem:0.00M, Peak:0.00M | Scene, ViewLayer | Updating Shaders
Fra:1 Mem:62.07M (Peak 65.91M) | Time:00:00.00 | Mem:0.00M, Peak:0.00M | Scene, ViewLayer | Loading render kernels (may take a few minutes the first time)
Fra:1 Mem:62.16M (Peak 65.91M) | Time:00:00.00 | Mem:0.00M, Peak:0.00M | Scene, ViewLayer | Updating Procedurals
Fra:1 Mem:62.16M (Peak 65.91M) | Time:00:00.00 | Mem:0.00M, Peak:0.00M | Scene, ViewLayer | Updating Background
Fra:1 Mem:62.16M (Peak 65.91M) | Time:00:00.00 | Mem:0.00M, Peak:0.00M | Scene, ViewLayer | Updating Camera
Fra:1 Mem:62.16M (Peak 65.91M) | Time:00:00.00 | Mem:0.00M, Peak:0.00M | Scene, ViewLayer | Updating Meshes Flags
Fra:1 Mem:62.16M (Peak 65.91M) | Time:00:00.00 | Mem:0.00M, Peak:0.00M | Scene, ViewLayer | Updating Objects
Fra:1 Mem:62.16M (Peak 65.91M) | Time:00:00.00 | Mem:0.00M, Peak:0.00M | Scene, ViewLayer | Updating Objects | Copying Transformations to device
Fra:1 Mem:62.16M (Peak 65.91M) | Time:00:00.00 | Mem:0.00M, Peak:0.00M | Scene, ViewLayer | Updating Particle Systems
Fra:1 Mem:62.16M (Peak 65.91M) | Time:00:00.00 | Mem:0.00M, Peak:0.00M | Scene, ViewLayer | Updating Particle Systems | Copying Particles to device
Fra:1 Mem:62.16M (Peak 65.91M) | Time:00:00.00 | Mem:0.00M, Peak:0.00M | Scene, ViewLayer | Updating Meshes
Fra:1 Mem:62.16M (Peak 65.91M) | Time:00:00.00 | Mem:0.00M, Peak:0.00M | Scene, ViewLayer | Updating Objects | Applying Static Transformations
Fra:1 Mem:62.16M (Peak 65.91M) | Time:00:00.00 | Mem:0.00M, Peak:0.00M | Scene, ViewLayer | Updating Mesh | Computing attributes
Fra:1 Mem:62.16M (Peak 65.91M) | Time:00:00.00 | Mem:0.00M, Peak:0.00M | Scene, ViewLayer | Updating Mesh | Copying Attributes to device
Fra:1 Mem:62.16M (Peak 65.91M) | Time:00:00.00 | Mem:0.00M, Peak:0.00M | Scene, ViewLayer | Updating Scene BVH | Building
Fra:1 Mem:62.16M (Peak 65.91M) | Time:00:00.00 | Mem:0.00M, Peak:0.00M | Scene, ViewLayer | Updating Scene BVH | Building BVH
Fra:1 Mem:62.16M (Peak 65.91M) | Time:00:00.00 | Mem:14.64M, Peak:14.64M | Scene, ViewLayer | Updating Scene BVH | Building BVH 0%
Fra:1 Mem:62.16M (Peak 65.91M) | Time:00:00.03 | Mem:30.57M, Peak:45.21M | Scene, ViewLayer | Updating Scene BVH | Copying BVH to device
Fra:1 Mem:62.16M (Peak 65.91M) | Time:00:00.03 | Mem:30.57M, Peak:45.21M | Scene, ViewLayer | Updating Mesh | Computing normals
Fra:1 Mem:74.97M (Peak 74.97M) | Time:00:00.04 | Mem:30.57M, Peak:45.21M | Scene, ViewLayer | Updating Mesh | Copying Mesh to device
Fra:1 Mem:74.97M (Peak 74.97M) | Time:00:00.04 | Mem:43.38M, Peak:45.21M | Scene, ViewLayer | Updating Objects Flags
Fra:1 Mem:74.97M (Peak 74.97M) | Time:00:00.04 | Mem:43.38M, Peak:45.21M | Scene, ViewLayer | Updating Primitive Offsets
Fra:1 Mem:74.97M (Peak 74.97M) | Time:00:00.04 | Mem:43.38M, Peak:45.21M | Scene, ViewLayer | Updating Images
Fra:1 Mem:74.97M (Peak 74.97M) | Time:00:00.04 | Mem:43.38M, Peak:45.21M | Scene, ViewLayer | Updating Camera Volume
Fra:1 Mem:74.97M (Peak 74.97M) | Time:00:00.04 | Mem:43.38M, Peak:45.21M | Scene, ViewLayer | Updating Lookup Tables
Fra:1 Mem:74.97M (Peak 74.97M) | Time:00:00.04 | Mem:43.46M, Peak:45.21M | Scene, ViewLayer | Updating Lights
Fra:1 Mem:74.97M (Peak 74.97M) | Time:00:00.04 | Mem:43.46M, Peak:45.21M | Scene, ViewLayer | Updating Lights | Computing tree
Fra:1 Mem:74.97M (Peak 74.97M) | Time:00:00.04 | Mem:43.46M, Peak:45.21M | Scene, ViewLayer | Updating Integrator
Fra:1 Mem:74.97M (Peak 74.97M) | Time:00:00.04 | Mem:43.46M, Peak:45.21M | Scene, ViewLayer | Updating Film
Fra:1 Mem:74.97M (Peak 74.97M) | Time:00:00.04 | Mem:43.38M, Peak:45.21M | Scene, ViewLayer | Updating Lookup Tables
Fra:1 Mem:74.97M (Peak 74.97M) | Time:00:00.04 | Mem:43.47M, Peak:45.21M | Scene, ViewLayer | Updating Baking
Fra:1 Mem:74.97M (Peak 74.97M) | Time:00:00.04 | Mem:43.47M, Peak:45.21M | Scene, ViewLayer | Updating Device | Writing constant memory
Fra:1 Mem:74.98M (Peak 74.98M) | Time:00:00.04 | Mem:43.47M, Peak:45.21M | Scene, ViewLayer | Loading denoising kernels (may take a few minutes the first time)
Fra:1 Mem:74.98M (Peak 74.98M) | Time:00:00.04 | Mem:43.47M, Peak:45.21M | Scene, ViewLayer | Sample 0/24
Fra:1 Mem:112.83M (Peak 112.83M) | Time:00:00.13 | Remaining:00:02.10 | Mem:81.04M, Peak:81.04M | Scene, ViewLayer | Sample 1/24
Fra:1 Mem:128.65M (Peak 152.38M) | Time:00:04.52 | Mem:81.04M, Peak:81.04M | Scene, ViewLayer | Sample 24/24
Fra:1 Mem:128.65M (Peak 152.38M) | Time:00:04.52 | Mem:81.04M, Peak:81.04M | Scene, ViewLayer | Finished
Saved: 'C:\Users\turbo08\findthem\apps\mobile\assets\avatar\references\seated-haunch-toes-finished\low-quarter.png'
Time: 00:04.60 (Saving: 00:00.07)

Fra:1 Mem:47.15M (Peak 47.15M) | Time:00:00.00 | Mem:0.00M, Peak:0.00M | Scene, ViewLayer | Synchronizing object | Seated_Haunch_With_V13_Toes
Fra:1 Mem:58.59M (Peak 58.59M) | Time:00:00.00 | Mem:0.00M, Peak:0.00M | Scene, ViewLayer | Synchronizing object | Area.001
Fra:1 Mem:58.59M (Peak 58.59M) | Time:00:00.00 | Mem:0.00M, Peak:0.00M | Scene, ViewLayer | Synchronizing object | Area
Fra:1 Mem:62.25M (Peak 65.91M) | Time:00:00.00 | Mem:0.00M, Peak:0.00M | Scene, ViewLayer | Initializing
Fra:1 Mem:62.07M (Peak 65.91M) | Time:00:00.00 | Mem:0.00M, Peak:0.00M | Scene, ViewLayer | Waiting for render to start
Fra:1 Mem:62.07M (Peak 65.91M) | Time:00:00.00 | Mem:0.00M, Peak:0.00M | Scene, ViewLayer | Updating Scene
Fra:1 Mem:62.07M (Peak 65.91M) | Time:00:00.00 | Mem:0.00M, Peak:0.00M | Scene, ViewLayer | Updating Shaders
Fra:1 Mem:62.07M (Peak 65.91M) | Time:00:00.00 | Mem:0.00M, Peak:0.00M | Scene, ViewLayer | Loading render kernels (may take a few minutes the first time)
Fra:1 Mem:62.16M (Peak 65.91M) | Time:00:00.00 | Mem:0.00M, Peak:0.00M | Scene, ViewLayer | Updating Procedurals
Fra:1 Mem:62.16M (Peak 65.91M) | Time:00:00.00 | Mem:0.00M, Peak:0.00M | Scene, ViewLayer | Updating Background
Fra:1 Mem:62.16M (Peak 65.91M) | Time:00:00.00 | Mem:0.00M, Peak:0.00M | Scene, ViewLayer | Updating Camera
Fra:1 Mem:62.16M (Peak 65.91M) | Time:00:00.00 | Mem:0.00M, Peak:0.00M | Scene, ViewLayer | Updating Meshes Flags
Fra:1 Mem:62.16M (Peak 65.91M) | Time:00:00.00 | Mem:0.00M, Peak:0.00M | Scene, ViewLayer | Updating Objects
Fra:1 Mem:62.16M (Peak 65.91M) | Time:00:00.00 | Mem:0.00M, Peak:0.00M | Scene, ViewLayer | Updating Objects | Copying Transformations to device
Fra:1 Mem:62.16M (Peak 65.91M) | Time:00:00.00 | Mem:0.00M, Peak:0.00M | Scene, ViewLayer | Updating Particle Systems
Fra:1 Mem:62.16M (Peak 65.91M) | Time:00:00.00 | Mem:0.00M, Peak:0.00M | Scene, ViewLayer | Updating Particle Systems | Copying Particles to device
Fra:1 Mem:62.16M (Peak 65.91M) | Time:00:00.00 | Mem:0.00M, Peak:0.00M | Scene, ViewLayer | Updating Meshes
Fra:1 Mem:62.16M (Peak 65.91M) | Time:00:00.00 | Mem:0.00M, Peak:0.00M | Scene, ViewLayer | Updating Objects | Applying Static Transformations
Fra:1 Mem:62.16M (Peak 65.91M) | Time:00:00.00 | Mem:0.00M, Peak:0.00M | Scene, ViewLayer | Updating Mesh | Computing attributes
Fra:1 Mem:62.16M (Peak 65.91M) | Time:00:00.00 | Mem:0.00M, Peak:0.00M | Scene, ViewLayer | Updating Mesh | Copying Attributes to device
Fra:1 Mem:62.16M (Peak 65.91M) | Time:00:00.00 | Mem:0.00M, Peak:0.00M | Scene, ViewLayer | Updating Scene BVH | Building
Fra:1 Mem:62.16M (Peak 65.91M) | Time:00:00.00 | Mem:0.00M, Peak:0.00M | Scene, ViewLayer | Updating Scene BVH | Building BVH
Fra:1 Mem:62.16M (Peak 65.91M) | Time:00:00.01 | Mem:14.64M, Peak:14.64M | Scene, ViewLayer | Updating Scene BVH | Building BVH 0%
Fra:1 Mem:62.16M (Peak 65.91M) | Time:00:00.04 | Mem:30.57M, Peak:45.21M | Scene, ViewLayer | Updating Scene BVH | Copying BVH to device
Fra:1 Mem:62.16M (Peak 65.91M) | Time:00:00.04 | Mem:30.57M, Peak:45.21M | Scene, ViewLayer | Updating Mesh | Computing normals
Fra:1 Mem:74.97M (Peak 74.97M) | Time:00:00.05 | Mem:30.57M, Peak:45.21M | Scene, ViewLayer | Updating Mesh | Copying Mesh to device
Fra:1 Mem:74.97M (Peak 74.97M) | Time:00:00.05 | Mem:43.38M, Peak:45.21M | Scene, ViewLayer | Updating Objects Flags
Fra:1 Mem:74.97M (Peak 74.97M) | Time:00:00.05 | Mem:43.38M, Peak:45.21M | Scene, ViewLayer | Updating Primitive Offsets
Fra:1 Mem:74.97M (Peak 74.97M) | Time:00:00.05 | Mem:43.38M, Peak:45.21M | Scene, ViewLayer | Updating Images
Fra:1 Mem:74.97M (Peak 74.97M) | Time:00:00.05 | Mem:43.38M, Peak:45.21M | Scene, ViewLayer | Updating Camera Volume
Fra:1 Mem:74.97M (Peak 74.97M) | Time:00:00.05 | Mem:43.38M, Peak:45.21M | Scene, ViewLayer | Updating Lookup Tables
Fra:1 Mem:74.97M (Peak 74.97M) | Time:00:00.05 | Mem:43.46M, Peak:45.21M | Scene, ViewLayer | Updating Lights
Fra:1 Mem:74.97M (Peak 74.97M) | Time:00:00.05 | Mem:43.46M, Peak:45.21M | Scene, ViewLayer | Updating Lights | Computing tree
Fra:1 Mem:74.97M (Peak 74.97M) | Time:00:00.05 | Mem:43.46M, Peak:45.21M | Scene, ViewLayer | Updating Integrator
Fra:1 Mem:74.97M (Peak 74.97M) | Time:00:00.05 | Mem:43.46M, Peak:45.21M | Scene, ViewLayer | Updating Film
Fra:1 Mem:74.97M (Peak 74.97M) | Time:00:00.05 | Mem:43.38M, Peak:45.21M | Scene, ViewLayer | Updating Lookup Tables
Fra:1 Mem:74.97M (Peak 74.97M) | Time:00:00.05 | Mem:43.47M, Peak:45.21M | Scene, ViewLayer | Updating Baking
Fra:1 Mem:74.97M (Peak 74.97M) | Time:00:00.05 | Mem:43.47M, Peak:45.21M | Scene, ViewLayer | Updating Device | Writing constant memory
Fra:1 Mem:74.98M (Peak 74.98M) | Time:00:00.05 | Mem:43.47M, Peak:45.21M | Scene, ViewLayer | Loading denoising kernels (may take a few minutes the first time)
Fra:1 Mem:74.98M (Peak 74.98M) | Time:00:00.05 | Mem:43.47M, Peak:45.21M | Scene, ViewLayer | Sample 0/24
Fra:1 Mem:112.83M (Peak 112.83M) | Time:00:00.24 | Remaining:00:04.35 | Mem:81.04M, Peak:81.04M | Scene, ViewLayer | Sample 1/24
Fra:1 Mem:128.65M (Peak 152.38M) | Time:00:07.65 | Mem:81.04M, Peak:81.04M | Scene, ViewLayer | Sample 24/24
Fra:1 Mem:128.65M (Peak 152.38M) | Time:00:07.65 | Mem:81.04M, Peak:81.04M | Scene, ViewLayer | Finished
Saved: 'C:\Users\turbo08\findthem\apps\mobile\assets\avatar\references\seated-haunch-toes-finished\toe-close.png'
Time: 00:07.72 (Saving: 00:00.07)

BlenderMCP: cannot start server in background mode (blender -b) - commands would never execute
BlenderMCP: run Blender with a GUI, or use a virtual display: xvfb-run -a blender
BlenderMCP addon registered
Info: Saved as "seated-haunch-v13-toes-finished.blend"
TOE_FINISH_COMPLETE {'nonmanifold_edges': 0, 'max_anterior_toe_displacement': 0.0, 'max_sole_displacement': 0.0, 'max_displacement': 0.009917391229486924, 'scope': 'static surface finishing only; no rig or UV transfer'}
BlenderMCP server stopped
BlenderMCP addon unregistered

Blender quit
