Blender 4.5.10 LTS (hash 6dc0b208d1b5 built 2026-05-19 01:33:42)
Read blend: "C:\Users\turbo08\findthem\apps\mobile\assets\avatar\references\paw-pad-rig\paw-pads-toe-rig.blend"
Fra:1 Mem:127.41M (Peak 130.10M) | Time:00:00.00 | Mem:0.00M, Peak:0.00M | Scene, ViewLayer | Synchronizing object | Seated_Haunch_With_V13_Toes
Fra:1 Mem:127.41M (Peak 130.10M) | Time:00:00.00 | Mem:0.00M, Peak:0.00M | Scene, ViewLayer | Synchronizing object | DigitalPad_Toe_-1_5
Fra:1 Mem:127.41M (Peak 130.10M) | Time:00:00.00 | Mem:0.00M, Peak:0.00M | Scene, ViewLayer | Synchronizing object | DigitalPad_Toe_1_3
Fra:1 Mem:132.86M (Peak 132.86M) | Time:00:00.00 | Mem:0.00M, Peak:0.00M | Scene, ViewLayer | Synchronizing object | MetatarsalPad_1
Fra:1 Mem:160.29M (Peak 163.89M) | Time:00:00.02 | Mem:0.00M, Peak:0.00M | Scene, ViewLayer | Initializing
Fra:1 Mem:140.24M (Peak 163.89M) | Time:00:00.02 | Mem:0.00M, Peak:0.00M | Scene, ViewLayer | Waiting for render to start
Fra:1 Mem:140.24M (Peak 163.89M) | Time:00:00.02 | Mem:0.00M, Peak:0.00M | Scene, ViewLayer | Updating Scene
Fra:1 Mem:140.24M (Peak 163.89M) | Time:00:00.02 | Mem:0.00M, Peak:0.00M | Scene, ViewLayer | Updating Shaders
Fra:1 Mem:140.24M (Peak 163.89M) | Time:00:00.02 | Mem:0.00M, Peak:0.00M | Scene, ViewLayer | Loading render kernels (may take a few minutes the first time)
Fra:1 Mem:140.32M (Peak 163.89M) | Time:00:00.02 | Mem:0.00M, Peak:0.00M | Scene, ViewLayer | Updating Procedurals
Fra:1 Mem:140.32M (Peak 163.89M) | Time:00:00.02 | Mem:0.00M, Peak:0.00M | Scene, ViewLayer | Updating Background
Fra:1 Mem:140.32M (Peak 163.89M) | Time:00:00.02 | Mem:0.00M, Peak:0.00M | Scene, ViewLayer | Updating Camera
Fra:1 Mem:140.32M (Peak 163.89M) | Time:00:00.02 | Mem:0.00M, Peak:0.00M | Scene, ViewLayer | Updating Meshes Flags
Fra:1 Mem:140.32M (Peak 163.89M) | Time:00:00.02 | Mem:0.00M, Peak:0.00M | Scene, ViewLayer | Updating Objects
Fra:1 Mem:140.32M (Peak 163.89M) | Time:00:00.02 | Mem:0.00M, Peak:0.00M | Scene, ViewLayer | Updating Objects | Copying Transformations to device
Fra:1 Mem:140.32M (Peak 163.89M) | Time:00:00.02 | Mem:0.01M, Peak:0.01M | Scene, ViewLayer | Updating Particle Systems
Fra:1 Mem:140.32M (Peak 163.89M) | Time:00:00.02 | Mem:0.01M, Peak:0.01M | Scene, ViewLayer | Updating Particle Systems | Copying Particles to device
Fra:1 Mem:140.32M (Peak 163.89M) | Time:00:00.02 | Mem:0.01M, Peak:0.01M | Scene, ViewLayer | Updating Meshes
Fra:1 Mem:140.32M (Peak 163.89M) | Time:00:00.02 | Mem:0.01M, Peak:0.01M | Scene, ViewLayer | Updating Objects | Applying Static Transformations
Fra:1 Mem:140.32M (Peak 163.89M) | Time:00:00.02 | Mem:0.01M, Peak:0.01M | Scene, ViewLayer | Updating Mesh | Computing attributes
Fra:1 Mem:140.39M (Peak 163.89M) | Time:00:00.02 | Mem:0.01M, Peak:0.01M | Scene, ViewLayer | Updating Mesh | Copying Attributes to device
Fra:1 Mem:140.39M (Peak 163.89M) | Time:00:00.02 | Mem:0.08M, Peak:0.08M | Scene, ViewLayer | Updating Scene BVH | Building
Fra:1 Mem:140.39M (Peak 163.89M) | Time:00:00.02 | Mem:0.08M, Peak:0.08M | Scene, ViewLayer | Updating Scene BVH | Building BVH
Fra:1 Mem:140.39M (Peak 163.89M) | Time:00:00.02 | Mem:14.85M, Peak:14.85M | Scene, ViewLayer | Updating Scene BVH | Building BVH 0%
Fra:1 Mem:140.39M (Peak 163.89M) | Time:00:00.04 | Mem:30.92M, Peak:45.69M | Scene, ViewLayer | Updating Scene BVH | Copying BVH to device
Fra:1 Mem:140.39M (Peak 163.89M) | Time:00:00.04 | Mem:30.92M, Peak:45.69M | Scene, ViewLayer | Updating Mesh | Computing normals
Fra:1 Mem:153.32M (Peak 163.89M) | Time:00:00.05 | Mem:30.92M, Peak:45.69M | Scene, ViewLayer | Updating Mesh | Copying Mesh to device
Fra:1 Mem:153.32M (Peak 163.89M) | Time:00:00.05 | Mem:43.85M, Peak:45.69M | Scene, ViewLayer | Updating Objects Flags
Fra:1 Mem:153.32M (Peak 163.89M) | Time:00:00.05 | Mem:43.85M, Peak:45.69M | Scene, ViewLayer | Updating Primitive Offsets
Fra:1 Mem:153.32M (Peak 163.89M) | Time:00:00.05 | Mem:43.85M, Peak:45.69M | Scene, ViewLayer | Updating Images
Fra:1 Mem:153.32M (Peak 163.89M) | Time:00:00.05 | Mem:43.85M, Peak:45.69M | Scene, ViewLayer | Updating Camera Volume
Fra:1 Mem:153.32M (Peak 163.89M) | Time:00:00.05 | Mem:43.85M, Peak:45.69M | Scene, ViewLayer | Updating Lookup Tables
Fra:1 Mem:153.32M (Peak 163.89M) | Time:00:00.05 | Mem:43.93M, Peak:45.69M | Scene, ViewLayer | Updating Lights
Fra:1 Mem:153.32M (Peak 163.89M) | Time:00:00.05 | Mem:43.93M, Peak:45.69M | Scene, ViewLayer | Updating Lights | Computing tree
Fra:1 Mem:153.32M (Peak 163.89M) | Time:00:00.05 | Mem:43.93M, Peak:45.69M | Scene, ViewLayer | Updating Integrator
Fra:1 Mem:153.32M (Peak 163.89M) | Time:00:00.05 | Mem:43.93M, Peak:45.69M | Scene, ViewLayer | Updating Film
Fra:1 Mem:153.33M (Peak 163.89M) | Time:00:00.05 | Mem:43.85M, Peak:45.69M | Scene, ViewLayer | Updating Lookup Tables
Fra:1 Mem:153.33M (Peak 163.89M) | Time:00:00.05 | Mem:43.93M, Peak:45.69M | Scene, ViewLayer | Updating Baking
Fra:1 Mem:153.33M (Peak 163.89M) | Time:00:00.05 | Mem:43.93M, Peak:45.69M | Scene, ViewLayer | Updating Device | Writing constant memory
Fra:1 Mem:153.33M (Peak 163.89M) | Time:00:00.05 | Mem:43.93M, Peak:45.69M | Scene, ViewLayer | Loading denoising kernels (may take a few minutes the first time)
Fra:1 Mem:153.33M (Peak 163.89M) | Time:00:00.05 | Mem:43.93M, Peak:45.69M | Scene, ViewLayer | Sample 0/24
Fra:1 Mem:191.18M (Peak 191.18M) | Time:00:00.19 | Remaining:00:03.37 | Mem:81.51M, Peak:81.51M | Scene, ViewLayer | Sample 1/24
Fra:1 Mem:207.00M (Peak 230.73M) | Time:00:09.74 | Mem:81.51M, Peak:81.51M | Scene, ViewLayer | Sample 24/24
Fra:1 Mem:207.00M (Peak 230.73M) | Time:00:09.74 | Mem:81.51M, Peak:81.51M | Scene, ViewLayer | Finished
Saved: 'C:\Users\turbo08\findthem\apps\mobile\assets\avatar\references\paw-pad-fit\top-rest.png'
Time: 00:09.98 (Saving: 00:00.23)

Fra:16 Mem:133.87M (Peak 136.56M) | Time:00:00.01 | Mem:0.00M, Peak:0.00M | Scene, ViewLayer | Synchronizing object | Seated_Haunch_With_V13_Toes
Fra:16 Mem:133.87M (Peak 136.56M) | Time:00:00.01 | Mem:0.00M, Peak:0.00M | Scene, ViewLayer | Synchronizing object | DigitalPad_Toe_-1_2
Fra:16 Mem:142.95M (Peak 142.95M) | Time:00:00.01 | Mem:0.00M, Peak:0.00M | Scene, ViewLayer | Synchronizing object | DigitalPad_Toe_-1_3
Fra:16 Mem:150.62M (Peak 150.62M) | Time:00:00.01 | Mem:0.00M, Peak:0.00M | Scene, ViewLayer | Synchronizing object | DigitalPad_Toe_-1_4
Fra:16 Mem:150.66M (Peak 150.66M) | Time:00:00.01 | Mem:0.00M, Peak:0.00M | Scene, ViewLayer | Synchronizing object | DigitalPad_Toe_-1_5
Fra:16 Mem:150.81M (Peak 150.81M) | Time:00:00.01 | Mem:0.00M, Peak:0.00M | Scene, ViewLayer | Synchronizing object | MetatarsalPad_1
Fra:16 Mem:150.88M (Peak 150.88M) | Time:00:00.01 | Mem:0.00M, Peak:0.00M | Scene, ViewLayer | Synchronizing object | DigitalPad_Toe_1_2
Fra:16 Mem:150.92M (Peak 150.92M) | Time:00:00.01 | Mem:0.00M, Peak:0.00M | Scene, ViewLayer | Synchronizing object | DigitalPad_Toe_1_3
Fra:16 Mem:150.97M (Peak 150.97M) | Time:00:00.01 | Mem:0.00M, Peak:0.00M | Scene, ViewLayer | Synchronizing object | DigitalPad_Toe_1_4
Fra:16 Mem:151.12M (Peak 151.12M) | Time:00:00.01 | Mem:0.00M, Peak:0.00M | Scene, ViewLayer | Synchronizing object | MetatarsalPad_-1
Fra:16 Mem:151.13M (Peak 151.13M) | Time:00:00.01 | Mem:0.00M, Peak:0.00M | Scene, ViewLayer | Synchronizing object | DigitalPad_Toe_1_5
Fra:16 Mem:160.29M (Peak 163.89M) | Time:00:00.02 | Mem:0.00M, Peak:0.00M | Scene, ViewLayer | Initializing
Fra:16 Mem:140.24M (Peak 163.89M) | Time:00:00.02 | Mem:0.00M, Peak:0.00M | Scene, ViewLayer | Waiting for render to start
Fra:16 Mem:140.24M (Peak 163.89M) | Time:00:00.02 | Mem:0.00M, Peak:0.00M | Scene, ViewLayer | Updating Scene
Fra:16 Mem:140.24M (Peak 163.89M) | Time:00:00.02 | Mem:0.00M, Peak:0.00M | Scene, ViewLayer | Updating Shaders
Fra:16 Mem:140.24M (Peak 163.89M) | Time:00:00.02 | Mem:0.00M, Peak:0.00M | Scene, ViewLayer | Loading render kernels (may take a few minutes the first time)
Fra:16 Mem:140.32M (Peak 163.89M) | Time:00:00.02 | Mem:0.00M, Peak:0.00M | Scene, ViewLayer | Updating Procedurals
Fra:16 Mem:140.32M (Peak 163.89M) | Time:00:00.02 | Mem:0.00M, Peak:0.00M | Scene, ViewLayer | Updating Background
Fra:16 Mem:140.32M (Peak 163.89M) | Time:00:00.02 | Mem:0.00M, Peak:0.00M | Scene, ViewLayer | Updating Camera
Fra:16 Mem:140.32M (Peak 163.89M) | Time:00:00.02 | Mem:0.00M, Peak:0.00M | Scene, ViewLayer | Updating Meshes Flags
Fra:16 Mem:140.32M (Peak 163.89M) | Time:00:00.02 | Mem:0.00M, Peak:0.00M | Scene, ViewLayer | Updating Objects
Fra:16 Mem:140.32M (Peak 163.89M) | Time:00:00.02 | Mem:0.00M, Peak:0.00M | Scene, ViewLayer | Updating Objects | Copying Transformations to device
Fra:16 Mem:140.32M (Peak 163.89M) | Time:00:00.02 | Mem:0.01M, Peak:0.01M | Scene, ViewLayer | Updating Particle Systems
Fra:16 Mem:140.32M (Peak 163.89M) | Time:00:00.02 | Mem:0.01M, Peak:0.01M | Scene, ViewLayer | Updating Particle Systems | Copying Particles to device
Fra:16 Mem:140.32M (Peak 163.89M) | Time:00:00.02 | Mem:0.01M, Peak:0.01M | Scene, ViewLayer | Updating Meshes
Fra:16 Mem:140.32M (Peak 163.89M) | Time:00:00.02 | Mem:0.01M, Peak:0.01M | Scene, ViewLayer | Updating Objects | Applying Static Transformations
Fra:16 Mem:140.32M (Peak 163.89M) | Time:00:00.02 | Mem:0.01M, Peak:0.01M | Scene, ViewLayer | Updating Mesh | Computing attributes
Fra:16 Mem:140.39M (Peak 163.89M) | Time:00:00.02 | Mem:0.01M, Peak:0.01M | Scene, ViewLayer | Updating Mesh | Copying Attributes to device
Fra:16 Mem:140.39M (Peak 163.89M) | Time:00:00.02 | Mem:0.08M, Peak:0.08M | Scene, ViewLayer | Updating Scene BVH | Building
Fra:16 Mem:140.39M (Peak 163.89M) | Time:00:00.02 | Mem:0.08M, Peak:0.08M | Scene, ViewLayer | Updating Scene BVH | Building BVH
Fra:16 Mem:140.39M (Peak 163.89M) | Time:00:00.02 | Mem:14.85M, Peak:14.85M | Scene, ViewLayer | Updating Scene BVH | Building BVH 0%
Fra:16 Mem:140.39M (Peak 163.89M) | Time:00:00.06 | Mem:30.92M, Peak:45.69M | Scene, ViewLayer | Updating Scene BVH | Copying BVH to device
Fra:16 Mem:140.39M (Peak 163.89M) | Time:00:00.06 | Mem:30.92M, Peak:45.69M | Scene, ViewLayer | Updating Mesh | Computing normals
Fra:16 Mem:153.32M (Peak 163.89M) | Time:00:00.07 | Mem:30.92M, Peak:45.69M | Scene, ViewLayer | Updating Mesh | Copying Mesh to device
Fra:16 Mem:153.32M (Peak 163.89M) | Time:00:00.07 | Mem:43.85M, Peak:45.69M | Scene, ViewLayer | Updating Objects Flags
Fra:16 Mem:153.32M (Peak 163.89M) | Time:00:00.07 | Mem:43.85M, Peak:45.69M | Scene, ViewLayer | Updating Primitive Offsets
Fra:16 Mem:153.32M (Peak 163.89M) | Time:00:00.07 | Mem:43.85M, Peak:45.69M | Scene, ViewLayer | Updating Images
Fra:16 Mem:153.32M (Peak 163.89M) | Time:00:00.07 | Mem:43.85M, Peak:45.69M | Scene, ViewLayer | Updating Camera Volume
Fra:16 Mem:153.32M (Peak 163.89M) | Time:00:00.07 | Mem:43.85M, Peak:45.69M | Scene, ViewLayer | Updating Lookup Tables
Fra:16 Mem:153.32M (Peak 163.89M) | Time:00:00.07 | Mem:43.93M, Peak:45.69M | Scene, ViewLayer | Updating Lights
Fra:16 Mem:153.32M (Peak 163.89M) | Time:00:00.07 | Mem:43.93M, Peak:45.69M | Scene, ViewLayer | Updating Lights | Computing tree
Fra:16 Mem:153.32M (Peak 163.89M) | Time:00:00.07 | Mem:43.93M, Peak:45.69M | Scene, ViewLayer | Updating Integrator
Fra:16 Mem:153.32M (Peak 163.89M) | Time:00:00.07 | Mem:43.93M, Peak:45.69M | Scene, ViewLayer | Updating Film
Fra:16 Mem:153.33M (Peak 163.89M) | Time:00:00.07 | Mem:43.85M, Peak:45.69M | Scene, ViewLayer | Updating Lookup Tables
Fra:16 Mem:153.33M (Peak 163.89M) | Time:00:00.07 | Mem:43.93M, Peak:45.69M | Scene, ViewLayer | Updating Baking
Fra:16 Mem:153.33M (Peak 163.89M) | Time:00:00.07 | Mem:43.93M, Peak:45.69M | Scene, ViewLayer | Updating Device | Writing constant memory
Fra:16 Mem:153.33M (Peak 163.89M) | Time:00:00.07 | Mem:43.93M, Peak:45.69M | Scene, ViewLayer | Loading denoising kernels (may take a few minutes the first time)
Fra:16 Mem:153.33M (Peak 163.89M) | Time:00:00.07 | Mem:43.93M, Peak:45.69M | Scene, ViewLayer | Sample 0/24
Fra:16 Mem:191.18M (Peak 191.18M) | Time:00:00.38 | Remaining:00:07.09 | Mem:81.51M, Peak:81.51M | Scene, ViewLayer | Sample 1/24
Fra:16 Mem:207.00M (Peak 230.73M) | Time:00:09.91 | Mem:81.51M, Peak:81.51M | Scene, ViewLayer | Sample 24/24
Fra:16 Mem:207.00M (Peak 230.73M) | Time:00:09.91 | Mem:81.51M, Peak:81.51M | Scene, ViewLayer | Finished
Saved: 'C:\Users\turbo08\findthem\apps\mobile\assets\avatar\references\paw-pad-fit\top-spread.png'
Time: 00:09.98 (Saving: 00:00.06)

Fra:1 Mem:133.88M (Peak 136.57M) | Time:00:00.01 | Mem:0.00M, Peak:0.00M | Scene, ViewLayer | Synchronizing object | Area
Fra:1 Mem:133.88M (Peak 136.57M) | Time:00:00.01 | Mem:0.00M, Peak:0.00M | Scene, ViewLayer | Synchronizing object | DigitalPad_Toe_1_2
Fra:1 Mem:133.88M (Peak 136.57M) | Time:00:00.01 | Mem:0.00M, Peak:0.00M | Scene, ViewLayer | Synchronizing object | MetatarsalPad_-1
Fra:1 Mem:133.88M (Peak 136.57M) | Time:00:00.01 | Mem:0.00M, Peak:0.00M | Scene, ViewLayer | Synchronizing object | Area.002
Fra:1 Mem:160.30M (Peak 163.90M) | Time:00:00.02 | Mem:0.00M, Peak:0.00M | Scene, ViewLayer | Initializing
Fra:1 Mem:140.26M (Peak 163.90M) | Time:00:00.02 | Mem:0.00M, Peak:0.00M | Scene, ViewLayer | Waiting for render to start
Fra:1 Mem:140.26M (Peak 163.90M) | Time:00:00.02 | Mem:0.00M, Peak:0.00M | Scene, ViewLayer | Updating Scene
Fra:1 Mem:140.26M (Peak 163.90M) | Time:00:00.02 | Mem:0.00M, Peak:0.00M | Scene, ViewLayer | Updating Shaders
Fra:1 Mem:140.26M (Peak 163.90M) | Time:00:00.02 | Mem:0.00M, Peak:0.00M | Scene, ViewLayer | Loading render kernels (may take a few minutes the first time)
Fra:1 Mem:140.34M (Peak 163.90M) | Time:00:00.02 | Mem:0.00M, Peak:0.00M | Scene, ViewLayer | Updating Procedurals
Fra:1 Mem:140.34M (Peak 163.90M) | Time:00:00.02 | Mem:0.00M, Peak:0.00M | Scene, ViewLayer | Updating Background
Fra:1 Mem:140.34M (Peak 163.90M) | Time:00:00.02 | Mem:0.00M, Peak:0.00M | Scene, ViewLayer | Updating Camera
Fra:1 Mem:140.34M (Peak 163.90M) | Time:00:00.02 | Mem:0.00M, Peak:0.00M | Scene, ViewLayer | Updating Meshes Flags
Fra:1 Mem:140.34M (Peak 163.90M) | Time:00:00.02 | Mem:0.00M, Peak:0.00M | Scene, ViewLayer | Updating Objects
Fra:1 Mem:140.34M (Peak 163.90M) | Time:00:00.02 | Mem:0.00M, Peak:0.00M | Scene, ViewLayer | Updating Objects | Copying Transformations to device
Fra:1 Mem:140.34M (Peak 163.90M) | Time:00:00.02 | Mem:0.01M, Peak:0.01M | Scene, ViewLayer | Updating Particle Systems
Fra:1 Mem:140.34M (Peak 163.90M) | Time:00:00.02 | Mem:0.01M, Peak:0.01M | Scene, ViewLayer | Updating Particle Systems | Copying Particles to device
Fra:1 Mem:140.34M (Peak 163.90M) | Time:00:00.02 | Mem:0.01M, Peak:0.01M | Scene, ViewLayer | Updating Meshes
Fra:1 Mem:140.34M (Peak 163.90M) | Time:00:00.02 | Mem:0.01M, Peak:0.01M | Scene, ViewLayer | Updating Objects | Applying Static Transformations
Fra:1 Mem:140.34M (Peak 163.90M) | Time:00:00.02 | Mem:0.01M, Peak:0.01M | Scene, ViewLayer | Updating Mesh | Computing attributes
Fra:1 Mem:140.42M (Peak 163.90M) | Time:00:00.02 | Mem:0.01M, Peak:0.01M | Scene, ViewLayer | Updating Mesh | Copying Attributes to device
Fra:1 Mem:140.41M (Peak 163.90M) | Time:00:00.02 | Mem:0.08M, Peak:0.08M | Scene, ViewLayer | Updating Scene BVH | Building
Fra:1 Mem:140.41M (Peak 163.90M) | Time:00:00.02 | Mem:0.08M, Peak:0.08M | Scene, ViewLayer | Updating Scene BVH | Building BVH
Fra:1 Mem:140.41M (Peak 163.90M) | Time:00:00.02 | Mem:14.85M, Peak:14.85M | Scene, ViewLayer | Updating Scene BVH | Building BVH 0%
Fra:1 Mem:140.41M (Peak 163.90M) | Time:00:00.05 | Mem:32.46M, Peak:47.24M | Scene, ViewLayer | Updating Scene BVH | Copying BVH to device
Fra:1 Mem:140.41M (Peak 163.90M) | Time:00:00.05 | Mem:32.46M, Peak:47.24M | Scene, ViewLayer | Updating Mesh | Computing normals
Fra:1 Mem:153.34M (Peak 163.90M) | Time:00:00.06 | Mem:32.46M, Peak:47.24M | Scene, ViewLayer | Updating Mesh | Copying Mesh to device
Fra:1 Mem:153.34M (Peak 163.90M) | Time:00:00.06 | Mem:45.39M, Peak:47.24M | Scene, ViewLayer | Updating Objects Flags
Fra:1 Mem:153.34M (Peak 163.90M) | Time:00:00.06 | Mem:45.39M, Peak:47.24M | Scene, ViewLayer | Updating Primitive Offsets
Fra:1 Mem:153.34M (Peak 163.90M) | Time:00:00.06 | Mem:45.39M, Peak:47.24M | Scene, ViewLayer | Updating Images
Fra:1 Mem:153.34M (Peak 163.90M) | Time:00:00.06 | Mem:45.39M, Peak:47.24M | Scene, ViewLayer | Updating Camera Volume
Fra:1 Mem:153.34M (Peak 163.90M) | Time:00:00.06 | Mem:45.39M, Peak:47.24M | Scene, ViewLayer | Updating Lookup Tables
Fra:1 Mem:153.34M (Peak 163.90M) | Time:00:00.06 | Mem:45.47M, Peak:47.24M | Scene, ViewLayer | Updating Lights
Fra:1 Mem:153.34M (Peak 163.90M) | Time:00:00.06 | Mem:45.47M, Peak:47.24M | Scene, ViewLayer | Updating Lights | Computing tree
Fra:1 Mem:153.34M (Peak 163.90M) | Time:00:00.06 | Mem:45.47M, Peak:47.24M | Scene, ViewLayer | Updating Integrator
Fra:1 Mem:153.34M (Peak 163.90M) | Time:00:00.06 | Mem:45.47M, Peak:47.24M | Scene, ViewLayer | Updating Film
Fra:1 Mem:153.35M (Peak 163.90M) | Time:00:00.06 | Mem:45.39M, Peak:47.24M | Scene, ViewLayer | Updating Lookup Tables
Fra:1 Mem:153.35M (Peak 163.90M) | Time:00:00.06 | Mem:45.48M, Peak:47.24M | Scene, ViewLayer | Updating Baking
Fra:1 Mem:153.35M (Peak 163.90M) | Time:00:00.06 | Mem:45.48M, Peak:47.24M | Scene, ViewLayer | Updating Device | Writing constant memory
Fra:1 Mem:153.35M (Peak 163.90M) | Time:00:00.06 | Mem:45.48M, Peak:47.24M | Scene, ViewLayer | Loading denoising kernels (may take a few minutes the first time)
Fra:1 Mem:153.35M (Peak 163.90M) | Time:00:00.06 | Mem:45.48M, Peak:47.24M | Scene, ViewLayer | Sample 0/24
Fra:1 Mem:191.20M (Peak 191.20M) | Time:00:00.15 | Remaining:00:02.20 | Mem:83.05M, Peak:83.05M | Scene, ViewLayer | Sample 1/24
Fra:1 Mem:207.02M (Peak 230.76M) | Time:00:05.69 | Mem:83.05M, Peak:83.05M | Scene, ViewLayer | Sample 24/24
Fra:1 Mem:207.02M (Peak 230.76M) | Time:00:05.69 | Mem:83.05M, Peak:83.05M | Scene, ViewLayer | Finished
Saved: 'C:\Users\turbo08\findthem\apps\mobile\assets\avatar\references\paw-pad-fit\sole-rest.png'
Time: 00:05.76 (Saving: 00:00.06)

Fra:16 Mem:133.88M (Peak 136.57M) | Time:00:00.00 | Mem:0.00M, Peak:0.00M | Scene, ViewLayer | Synchronizing object | Seated_Haunch_With_V13_Toes
Fra:16 Mem:133.88M (Peak 136.57M) | Time:00:00.00 | Mem:0.00M, Peak:0.00M | Scene, ViewLayer | Synchronizing object | DigitalPad_Toe_-1_2
Fra:16 Mem:139.28M (Peak 139.28M) | Time:00:00.00 | Mem:0.00M, Peak:0.00M | Scene, ViewLayer | Synchronizing object | DigitalPad_Toe_-1_4
Fra:16 Mem:139.42M (Peak 139.42M) | Time:00:00.00 | Mem:0.00M, Peak:0.00M | Scene, ViewLayer | Synchronizing object | Area.002
Fra:16 Mem:139.42M (Peak 139.42M) | Time:00:00.00 | Mem:0.00M, Peak:0.00M | Scene, ViewLayer | Synchronizing object | MetatarsalPad_1
Fra:16 Mem:139.58M (Peak 139.58M) | Time:00:00.00 | Mem:0.00M, Peak:0.00M | Scene, ViewLayer | Synchronizing object | MetatarsalPad_-1
Fra:16 Mem:139.65M (Peak 139.65M) | Time:00:00.00 | Mem:0.00M, Peak:0.00M | Scene, ViewLayer | Synchronizing object | DigitalPad_Toe_1_2
Fra:16 Mem:139.73M (Peak 139.73M) | Time:00:00.00 | Mem:0.00M, Peak:0.00M | Scene, ViewLayer | Synchronizing object | DigitalPad_Toe_1_3
Fra:16 Mem:139.80M (Peak 139.80M) | Time:00:00.00 | Mem:0.00M, Peak:0.00M | Scene, ViewLayer | Synchronizing object | DigitalPad_Toe_1_4
Fra:16 Mem:139.81M (Peak 139.81M) | Time:00:00.00 | Mem:0.00M, Peak:0.00M | Scene, ViewLayer | Synchronizing object | DigitalPad_Toe_1_5
Fra:16 Mem:160.30M (Peak 163.90M) | Time:00:00.01 | Mem:0.00M, Peak:0.00M | Scene, ViewLayer | Initializing
Fra:16 Mem:140.26M (Peak 163.90M) | Time:00:00.02 | Mem:0.00M, Peak:0.00M | Scene, ViewLayer | Waiting for render to start
Fra:16 Mem:140.26M (Peak 163.90M) | Time:00:00.02 | Mem:0.00M, Peak:0.00M | Scene, ViewLayer | Updating Scene
Fra:16 Mem:140.26M (Peak 163.90M) | Time:00:00.02 | Mem:0.00M, Peak:0.00M | Scene, ViewLayer | Updating Shaders
Fra:16 Mem:140.26M (Peak 163.90M) | Time:00:00.02 | Mem:0.00M, Peak:0.00M | Scene, ViewLayer | Loading render kernels (may take a few minutes the first time)
Fra:16 Mem:140.34M (Peak 163.90M) | Time:00:00.02 | Mem:0.00M, Peak:0.00M | Scene, ViewLayer | Updating Procedurals
Fra:16 Mem:140.34M (Peak 163.90M) | Time:00:00.02 | Mem:0.00M, Peak:0.00M | Scene, ViewLayer | Updating Background
Fra:16 Mem:140.34M (Peak 163.90M) | Time:00:00.02 | Mem:0.00M, Peak:0.00M | Scene, ViewLayer | Updating Camera
Fra:16 Mem:140.34M (Peak 163.90M) | Time:00:00.02 | Mem:0.00M, Peak:0.00M | Scene, ViewLayer | Updating Meshes Flags
Fra:16 Mem:140.34M (Peak 163.90M) | Time:00:00.02 | Mem:0.00M, Peak:0.00M | Scene, ViewLayer | Updating Objects
Fra:16 Mem:140.34M (Peak 163.90M) | Time:00:00.02 | Mem:0.00M, Peak:0.00M | Scene, ViewLayer | Updating Objects | Copying Transformations to device
Fra:16 Mem:140.34M (Peak 163.90M) | Time:00:00.02 | Mem:0.01M, Peak:0.01M | Scene, ViewLayer | Updating Particle Systems
Fra:16 Mem:140.34M (Peak 163.90M) | Time:00:00.02 | Mem:0.01M, Peak:0.01M | Scene, ViewLayer | Updating Particle Systems | Copying Particles to device
Fra:16 Mem:140.34M (Peak 163.90M) | Time:00:00.02 | Mem:0.01M, Peak:0.01M | Scene, ViewLayer | Updating Meshes
Fra:16 Mem:140.34M (Peak 163.90M) | Time:00:00.02 | Mem:0.01M, Peak:0.01M | Scene, ViewLayer | Updating Objects | Applying Static Transformations
Fra:16 Mem:140.34M (Peak 163.90M) | Time:00:00.02 | Mem:0.01M, Peak:0.01M | Scene, ViewLayer | Updating Mesh | Computing attributes
Fra:16 Mem:140.42M (Peak 163.90M) | Time:00:00.02 | Mem:0.01M, Peak:0.01M | Scene, ViewLayer | Updating Mesh | Copying Attributes to device
Fra:16 Mem:140.41M (Peak 163.90M) | Time:00:00.02 | Mem:0.08M, Peak:0.08M | Scene, ViewLayer | Updating Scene BVH | Building
Fra:16 Mem:140.41M (Peak 163.90M) | Time:00:00.02 | Mem:0.08M, Peak:0.08M | Scene, ViewLayer | Updating Scene BVH | Building BVH
Fra:16 Mem:140.41M (Peak 163.90M) | Time:00:00.02 | Mem:14.85M, Peak:14.85M | Scene, ViewLayer | Updating Scene BVH | Building BVH 0%
Fra:16 Mem:140.41M (Peak 163.90M) | Time:00:00.05 | Mem:32.46M, Peak:47.24M | Scene, ViewLayer | Updating Scene BVH | Copying BVH to device
Fra:16 Mem:140.41M (Peak 163.90M) | Time:00:00.05 | Mem:32.46M, Peak:47.24M | Scene, ViewLayer | Updating Mesh | Computing normals
Fra:16 Mem:153.34M (Peak 163.90M) | Time:00:00.05 | Mem:32.46M, Peak:47.24M | Scene, ViewLayer | Updating Mesh | Copying Mesh to device
Fra:16 Mem:153.34M (Peak 163.90M) | Time:00:00.05 | Mem:45.39M, Peak:47.24M | Scene, ViewLayer | Updating Objects Flags
Fra:16 Mem:153.34M (Peak 163.90M) | Time:00:00.05 | Mem:45.39M, Peak:47.24M | Scene, ViewLayer | Updating Primitive Offsets
Fra:16 Mem:153.34M (Peak 163.90M) | Time:00:00.05 | Mem:45.39M, Peak:47.24M | Scene, ViewLayer | Updating Images
Fra:16 Mem:153.34M (Peak 163.90M) | Time:00:00.05 | Mem:45.39M, Peak:47.24M | Scene, ViewLayer | Updating Camera Volume
Fra:16 Mem:153.34M (Peak 163.90M) | Time:00:00.05 | Mem:45.39M, Peak:47.24M | Scene, ViewLayer | Updating Lookup Tables
Fra:16 Mem:153.34M (Peak 163.90M) | Time:00:00.05 | Mem:45.47M, Peak:47.24M | Scene, ViewLayer | Updating Lights
Fra:16 Mem:153.34M (Peak 163.90M) | Time:00:00.06 | Mem:45.47M, Peak:47.24M | Scene, ViewLayer | Updating Lights | Computing tree
Fra:16 Mem:153.34M (Peak 163.90M) | Time:00:00.06 | Mem:45.47M, Peak:47.24M | Scene, ViewLayer | Updating Integrator
Fra:16 Mem:153.34M (Peak 163.90M) | Time:00:00.06 | Mem:45.47M, Peak:47.24M | Scene, ViewLayer | Updating Film
Fra:16 Mem:153.35M (Peak 163.90M) | Time:00:00.06 | Mem:45.39M, Peak:47.24M | Scene, ViewLayer | Updating Lookup Tables
Fra:16 Mem:153.35M (Peak 163.90M) | Time:00:00.06 | Mem:45.48M, Peak:47.24M | Scene, ViewLayer | Updating Baking
Fra:16 Mem:153.35M (Peak 163.90M) | Time:00:00.06 | Mem:45.48M, Peak:47.24M | Scene, ViewLayer | Updating Device | Writing constant memory
Fra:16 Mem:153.35M (Peak 163.90M) | Time:00:00.06 | Mem:45.48M, Peak:47.24M | Scene, ViewLayer | Loading denoising kernels (may take a few minutes the first time)
Fra:16 Mem:153.35M (Peak 163.90M) | Time:00:00.06 | Mem:45.48M, Peak:47.24M | Scene, ViewLayer | Sample 0/24
Fra:16 Mem:191.20M (Peak 191.20M) | Time:00:00.14 | Remaining:00:02.01 | Mem:83.05M, Peak:83.05M | Scene, ViewLayer | Sample 1/24
Fra:16 Mem:207.02M (Peak 230.76M) | Time:00:05.49 | Mem:83.05M, Peak:83.05M | Scene, ViewLayer | Sample 24/24
Fra:16 Mem:207.02M (Peak 230.76M) | Time:00:05.49 | Mem:83.05M, Peak:83.05M | Scene, ViewLayer | Finished
Saved: 'C:\Users\turbo08\findthem\apps\mobile\assets\avatar\references\paw-pad-fit\sole-spread.png'
Time: 00:05.56 (Saving: 00:00.06)

Fra:1 Mem:133.88M (Peak 136.57M) | Time:00:00.00 | Mem:0.00M, Peak:0.00M | Scene, ViewLayer | Synchronizing object | Seated_Haunch_With_V13_Toes
Fra:1 Mem:133.88M (Peak 136.57M) | Time:00:00.00 | Mem:0.00M, Peak:0.00M | Scene, ViewLayer | Synchronizing object | Area.001
Fra:1 Mem:139.28M (Peak 139.28M) | Time:00:00.00 | Mem:0.00M, Peak:0.00M | Scene, ViewLayer | Synchronizing object | DigitalPad_Toe_-1_5
Fra:1 Mem:139.28M (Peak 139.28M) | Time:00:00.00 | Mem:0.00M, Peak:0.00M | Scene, ViewLayer | Synchronizing object | MetatarsalPad_1
Fra:1 Mem:139.43M (Peak 139.43M) | Time:00:00.00 | Mem:0.00M, Peak:0.00M | Scene, ViewLayer | Synchronizing object | DigitalPad_Toe_1_2
Fra:1 Mem:139.50M (Peak 139.50M) | Time:00:00.00 | Mem:0.00M, Peak:0.00M | Scene, ViewLayer | Synchronizing object | DigitalPad_Toe_1_3
Fra:1 Mem:139.58M (Peak 139.58M) | Time:00:00.00 | Mem:0.00M, Peak:0.00M | Scene, ViewLayer | Synchronizing object | DigitalPad_Toe_1_4
Fra:1 Mem:139.62M (Peak 139.62M) | Time:00:00.00 | Mem:0.00M, Peak:0.00M | Scene, ViewLayer | Synchronizing object | DigitalPad_Toe_1_5
Fra:1 Mem:160.29M (Peak 163.90M) | Time:00:00.02 | Mem:0.00M, Peak:0.00M | Scene, ViewLayer | Initializing
Fra:1 Mem:140.24M (Peak 163.90M) | Time:00:00.02 | Mem:0.00M, Peak:0.00M | Scene, ViewLayer | Waiting for render to start
Fra:1 Mem:140.24M (Peak 163.90M) | Time:00:00.02 | Mem:0.00M, Peak:0.00M | Scene, ViewLayer | Updating Scene
Fra:1 Mem:140.24M (Peak 163.90M) | Time:00:00.02 | Mem:0.00M, Peak:0.00M | Scene, ViewLayer | Updating Shaders
Fra:1 Mem:140.24M (Peak 163.90M) | Time:00:00.02 | Mem:0.00M, Peak:0.00M | Scene, ViewLayer | Loading render kernels (may take a few minutes the first time)
Fra:1 Mem:140.32M (Peak 163.90M) | Time:00:00.02 | Mem:0.00M, Peak:0.00M | Scene, ViewLayer | Updating Procedurals
Fra:1 Mem:140.32M (Peak 163.90M) | Time:00:00.02 | Mem:0.00M, Peak:0.00M | Scene, ViewLayer | Updating Background
Fra:1 Mem:140.32M (Peak 163.90M) | Time:00:00.02 | Mem:0.00M, Peak:0.00M | Scene, ViewLayer | Updating Camera
Fra:1 Mem:140.32M (Peak 163.90M) | Time:00:00.02 | Mem:0.00M, Peak:0.00M | Scene, ViewLayer | Updating Meshes Flags
Fra:1 Mem:140.32M (Peak 163.90M) | Time:00:00.02 | Mem:0.00M, Peak:0.00M | Scene, ViewLayer | Updating Objects
Fra:1 Mem:140.32M (Peak 163.90M) | Time:00:00.02 | Mem:0.00M, Peak:0.00M | Scene, ViewLayer | Updating Objects | Copying Transformations to device
Fra:1 Mem:140.33M (Peak 163.90M) | Time:00:00.02 | Mem:0.01M, Peak:0.01M | Scene, ViewLayer | Updating Particle Systems
Fra:1 Mem:140.33M (Peak 163.90M) | Time:00:00.02 | Mem:0.01M, Peak:0.01M | Scene, ViewLayer | Updating Particle Systems | Copying Particles to device
Fra:1 Mem:140.33M (Peak 163.90M) | Time:00:00.02 | Mem:0.01M, Peak:0.01M | Scene, ViewLayer | Updating Meshes
Fra:1 Mem:140.33M (Peak 163.90M) | Time:00:00.02 | Mem:0.01M, Peak:0.01M | Scene, ViewLayer | Updating Objects | Applying Static Transformations
Fra:1 Mem:140.33M (Peak 163.90M) | Time:00:00.02 | Mem:0.01M, Peak:0.01M | Scene, ViewLayer | Updating Mesh | Computing attributes
Fra:1 Mem:140.40M (Peak 163.90M) | Time:00:00.02 | Mem:0.01M, Peak:0.01M | Scene, ViewLayer | Updating Mesh | Copying Attributes to device
Fra:1 Mem:140.40M (Peak 163.90M) | Time:00:00.02 | Mem:0.08M, Peak:0.08M | Scene, ViewLayer | Updating Scene BVH | Building
Fra:1 Mem:140.40M (Peak 163.90M) | Time:00:00.02 | Mem:0.08M, Peak:0.08M | Scene, ViewLayer | Updating Scene BVH | Building BVH
Fra:1 Mem:140.40M (Peak 163.90M) | Time:00:00.02 | Mem:14.85M, Peak:14.85M | Scene, ViewLayer | Updating Scene BVH | Building BVH 0%
Fra:1 Mem:140.40M (Peak 163.90M) | Time:00:00.05 | Mem:30.92M, Peak:45.69M | Scene, ViewLayer | Updating Scene BVH | Copying BVH to device
Fra:1 Mem:140.40M (Peak 163.90M) | Time:00:00.05 | Mem:30.92M, Peak:45.69M | Scene, ViewLayer | Updating Mesh | Computing normals
Fra:1 Mem:153.33M (Peak 163.90M) | Time:00:00.06 | Mem:30.92M, Peak:45.69M | Scene, ViewLayer | Updating Mesh | Copying Mesh to device
Fra:1 Mem:153.33M (Peak 163.90M) | Time:00:00.06 | Mem:43.85M, Peak:45.69M | Scene, ViewLayer | Updating Objects Flags
Fra:1 Mem:153.33M (Peak 163.90M) | Time:00:00.06 | Mem:43.85M, Peak:45.69M | Scene, ViewLayer | Updating Primitive Offsets
Fra:1 Mem:153.33M (Peak 163.90M) | Time:00:00.06 | Mem:43.85M, Peak:45.69M | Scene, ViewLayer | Updating Images
Fra:1 Mem:153.33M (Peak 163.90M) | Time:00:00.06 | Mem:43.85M, Peak:45.69M | Scene, ViewLayer | Updating Camera Volume
Fra:1 Mem:153.33M (Peak 163.90M) | Time:00:00.06 | Mem:43.85M, Peak:45.69M | Scene, ViewLayer | Updating Lookup Tables
Fra:1 Mem:153.33M (Peak 163.90M) | Time:00:00.06 | Mem:43.93M, Peak:45.69M | Scene, ViewLayer | Updating Lights
Fra:1 Mem:153.33M (Peak 163.90M) | Time:00:00.06 | Mem:43.93M, Peak:45.69M | Scene, ViewLayer | Updating Lights | Computing tree
Fra:1 Mem:153.33M (Peak 163.90M) | Time:00:00.06 | Mem:43.93M, Peak:45.69M | Scene, ViewLayer | Updating Integrator
Fra:1 Mem:153.33M (Peak 163.90M) | Time:00:00.06 | Mem:43.93M, Peak:45.69M | Scene, ViewLayer | Updating Film
Fra:1 Mem:153.33M (Peak 163.90M) | Time:00:00.06 | Mem:43.85M, Peak:45.69M | Scene, ViewLayer | Updating Lookup Tables
Fra:1 Mem:153.33M (Peak 163.90M) | Time:00:00.06 | Mem:43.93M, Peak:45.69M | Scene, ViewLayer | Updating Baking
Fra:1 Mem:153.33M (Peak 163.90M) | Time:00:00.06 | Mem:43.93M, Peak:45.69M | Scene, ViewLayer | Updating Device | Writing constant memory
Fra:1 Mem:153.33M (Peak 163.90M) | Time:00:00.06 | Mem:43.93M, Peak:45.69M | Scene, ViewLayer | Loading denoising kernels (may take a few minutes the first time)
Fra:1 Mem:153.33M (Peak 163.90M) | Time:00:00.06 | Mem:43.93M, Peak:45.69M | Scene, ViewLayer | Sample 0/24
Fra:1 Mem:191.18M (Peak 191.18M) | Time:00:00.28 | Remaining:00:05.02 | Mem:81.51M, Peak:81.51M | Scene, ViewLayer | Sample 1/24
Fra:1 Mem:207.01M (Peak 230.74M) | Time:00:07.91 | Mem:81.51M, Peak:81.51M | Scene, ViewLayer | Sample 24/24
Fra:1 Mem:207.01M (Peak 230.74M) | Time:00:07.91 | Mem:81.51M, Peak:81.51M | Scene, ViewLayer | Finished
Saved: 'C:\Users\turbo08\findthem\apps\mobile\assets\avatar\references\paw-pad-fit\side.png'
Time: 00:07.98 (Saving: 00:00.06)

BlenderMCP: cannot start server in background mode (blender -b) - commands would never execute
BlenderMCP: run Blender with a GUI, or use a virtual display: xvfb-run -a blender
BlenderMCP addon registered
Info: Saved as "paw-pads-fitted.blend"
INFO Draco mesh compression is available, use library at C:\Program Files\Blender Foundation\Blender 4.5\4.5\scripts\addons_core\io_scene_gltf2\extern_draco.dll
19:11:12 | INFO: Starting glTF 2.0 export
19:11:12 | WARNING: Armature must be the parent of skinned meshArmature is selected by its name, but may be false in case of instances
19:11:12 | WARNING: Armature must be the parent of skinned meshArmature is selected by its name, but may be false in case of instances
19:11:12 | WARNING: Armature must be the parent of skinned meshArmature is selected by its name, but may be false in case of instances
19:11:12 | WARNING: Armature must be the parent of skinned meshArmature is selected by its name, but may be false in case of instances
19:11:12 | WARNING: Armature must be the parent of skinned meshArmature is selected by its name, but may be false in case of instances
19:11:12 | WARNING: Armature must be the parent of skinned meshArmature is selected by its name, but may be false in case of instances
19:11:12 | WARNING: Armature must be the parent of skinned meshArmature is selected by its name, but may be false in case of instances
19:11:12 | WARNING: Armature must be the parent of skinned meshArmature is selected by its name, but may be false in case of instances
19:11:12 | WARNING: Armature must be the parent of skinned meshArmature is selected by its name, but may be false in case of instances
19:11:12 | WARNING: Armature must be the parent of skinned meshArmature is selected by its name, but may be false in case of instances
19:11:12 | WARNING: Armature must be the parent of skinned meshArmature is selected by its name, but may be false in case of instances
19:11:12 | INFO: Extracting primitive: Designed transverse rings
19:11:15 | INFO: Primitives created: 1
19:11:15 | WARNING: There are more than 4 joint vertex influences.The 4 with highest weight will be used (and normalized).
19:11:15 | INFO: Extracting primitive: Sphere
19:11:15 | INFO: Primitives created: 1
19:11:15 | INFO: Extracting primitive: Sphere.001
19:11:15 | INFO: Primitives created: 1
19:11:15 | INFO: Extracting primitive: Sphere.002
19:11:15 | INFO: Primitives created: 1
19:11:15 | INFO: Extracting primitive: Sphere.003
19:11:15 | INFO: Primitives created: 1
19:11:15 | INFO: Extracting primitive: Sphere.004
19:11:15 | INFO: Primitives created: 1
19:11:15 | INFO: Extracting primitive: Sphere.005
19:11:15 | INFO: Primitives created: 1
19:11:15 | INFO: Extracting primitive: Sphere.006
19:11:15 | INFO: Primitives created: 1
19:11:15 | INFO: Extracting primitive: Sphere.007
19:11:15 | INFO: Primitives created: 1
19:11:15 | INFO: Extracting primitive: Sphere.008
19:11:15 | INFO: Primitives created: 1
19:11:15 | INFO: Extracting primitive: Sphere.009
19:11:15 | INFO: Primitives created: 1
19:11:15 | INFO: Finished glTF 2.0 export in 3.0414061546325684 s

PAD_FIT_COMPLETE
BlenderMCP server stopped
BlenderMCP addon unregistered

Blender quit
