Blender 4.5.10 LTS (hash 6dc0b208d1b5 built 2026-05-19 01:33:42)
Fra:1 Mem:31.56M (Peak 31.56M) | Time:00:00.74 | Mem:0.00M, Peak:0.00M | Scene, ViewLayer | Synchronizing object | Continuous_Hindquarter_Clay
Fra:1 Mem:31.56M (Peak 31.56M) | Time:00:00.74 | Mem:0.00M, Peak:0.00M | Scene, ViewLayer | Synchronizing object | Floor
Fra:1 Mem:31.56M (Peak 31.56M) | Time:00:00.74 | Mem:0.00M, Peak:0.00M | Scene, ViewLayer | Synchronizing object | Area
Fra:1 Mem:35.17M (Peak 35.17M) | Time:00:00.74 | Mem:0.00M, Peak:0.00M | Scene, ViewLayer | Synchronizing object | Area.001
Fra:1 Mem:52.91M (Peak 55.32M) | Time:00:00.76 | Mem:0.00M, Peak:0.00M | Scene, ViewLayer | Initializing
Fra:1 Mem:23.15M (Peak 55.32M) | Time:00:00.77 | Mem:0.00M, Peak:0.00M | Scene, ViewLayer | Waiting for render to start
Fra:1 Mem:23.15M (Peak 55.32M) | Time:00:00.77 | Mem:0.00M, Peak:0.00M | Scene, ViewLayer | Updating Scene
Fra:1 Mem:23.15M (Peak 55.32M) | Time:00:00.77 | Mem:0.00M, Peak:0.00M | Scene, ViewLayer | Updating Shaders
Fra:1 Mem:23.15M (Peak 55.32M) | Time:00:00.77 | Mem:0.00M, Peak:0.00M | Scene, ViewLayer | Loading render kernels (may take a few minutes the first time)
Fra:1 Mem:23.24M (Peak 55.32M) | Time:00:00.77 | Mem:0.00M, Peak:0.00M | Scene, ViewLayer | Updating Procedurals
Fra:1 Mem:23.24M (Peak 55.32M) | Time:00:00.77 | Mem:0.00M, Peak:0.00M | Scene, ViewLayer | Updating Background
Fra:1 Mem:23.24M (Peak 55.32M) | Time:00:00.77 | Mem:0.00M, Peak:0.00M | Scene, ViewLayer | Updating Camera
Fra:1 Mem:23.24M (Peak 55.32M) | Time:00:00.77 | Mem:0.00M, Peak:0.00M | Scene, ViewLayer | Updating Meshes Flags
Fra:1 Mem:23.24M (Peak 55.32M) | Time:00:00.77 | Mem:0.00M, Peak:0.00M | Scene, ViewLayer | Updating Objects
Fra:1 Mem:23.24M (Peak 55.32M) | Time:00:00.77 | Mem:0.00M, Peak:0.00M | Scene, ViewLayer | Updating Objects | Copying Transformations to device
Fra:1 Mem:23.24M (Peak 55.32M) | Time:00:00.77 | Mem:0.00M, Peak:0.00M | Scene, ViewLayer | Updating Particle Systems
Fra:1 Mem:23.24M (Peak 55.32M) | Time:00:00.77 | Mem:0.00M, Peak:0.00M | Scene, ViewLayer | Updating Particle Systems | Copying Particles to device
Fra:1 Mem:23.24M (Peak 55.32M) | Time:00:00.77 | Mem:0.00M, Peak:0.00M | Scene, ViewLayer | Updating Meshes
Fra:1 Mem:23.24M (Peak 55.32M) | Time:00:00.77 | Mem:0.00M, Peak:0.00M | Scene, ViewLayer | Updating Objects | Applying Static Transformations
Fra:1 Mem:23.24M (Peak 55.32M) | Time:00:00.77 | Mem:0.00M, Peak:0.00M | Scene, ViewLayer | Updating Mesh | Computing attributes
Fra:1 Mem:23.24M (Peak 55.32M) | Time:00:00.77 | Mem:0.00M, Peak:0.00M | Scene, ViewLayer | Updating Mesh | Copying Attributes to device
Fra:1 Mem:23.24M (Peak 55.32M) | Time:00:00.77 | Mem:0.00M, Peak:0.00M | Scene, ViewLayer | Updating Scene BVH | Building
Fra:1 Mem:23.24M (Peak 55.32M) | Time:00:00.77 | Mem:0.00M, Peak:0.00M | Scene, ViewLayer | Updating Scene BVH | Building BVH
Fra:1 Mem:23.24M (Peak 55.32M) | Time:00:00.78 | Mem:9.63M, Peak:9.63M | Scene, ViewLayer | Updating Scene BVH | Building BVH 0%
Fra:1 Mem:23.24M (Peak 55.32M) | Time:00:00.79 | Mem:21.10M, Peak:30.72M | Scene, ViewLayer | Updating Scene BVH | Copying BVH to device
Fra:1 Mem:23.24M (Peak 55.32M) | Time:00:00.79 | Mem:21.10M, Peak:30.72M | Scene, ViewLayer | Updating Mesh | Computing normals
Fra:1 Mem:31.66M (Peak 55.32M) | Time:00:00.80 | Mem:21.10M, Peak:30.72M | Scene, ViewLayer | Updating Mesh | Copying Mesh to device
Fra:1 Mem:31.66M (Peak 55.32M) | Time:00:00.80 | Mem:29.52M, Peak:30.72M | Scene, ViewLayer | Updating Objects Flags
Fra:1 Mem:31.66M (Peak 55.32M) | Time:00:00.80 | Mem:29.52M, Peak:30.72M | Scene, ViewLayer | Updating Primitive Offsets
Fra:1 Mem:31.66M (Peak 55.32M) | Time:00:00.80 | Mem:29.52M, Peak:30.72M | Scene, ViewLayer | Updating Images
Fra:1 Mem:31.66M (Peak 55.32M) | Time:00:00.80 | Mem:29.52M, Peak:30.72M | Scene, ViewLayer | Updating Camera Volume
Fra:1 Mem:31.66M (Peak 55.32M) | Time:00:00.80 | Mem:29.52M, Peak:30.72M | Scene, ViewLayer | Updating Lookup Tables
Fra:1 Mem:31.66M (Peak 55.32M) | Time:00:00.80 | Mem:29.60M, Peak:30.72M | Scene, ViewLayer | Updating Lights
Fra:1 Mem:31.66M (Peak 55.32M) | Time:00:00.80 | Mem:29.60M, Peak:30.72M | Scene, ViewLayer | Updating Lights | Computing tree
Fra:1 Mem:31.66M (Peak 55.32M) | Time:00:00.80 | Mem:29.60M, Peak:30.72M | Scene, ViewLayer | Updating Integrator
Fra:1 Mem:31.66M (Peak 55.32M) | Time:00:00.80 | Mem:29.60M, Peak:30.72M | Scene, ViewLayer | Updating Film
Fra:1 Mem:31.66M (Peak 55.32M) | Time:00:00.80 | Mem:29.52M, Peak:30.72M | Scene, ViewLayer | Updating Lookup Tables
Fra:1 Mem:31.66M (Peak 55.32M) | Time:00:00.80 | Mem:29.61M, Peak:30.72M | Scene, ViewLayer | Updating Baking
Fra:1 Mem:31.66M (Peak 55.32M) | Time:00:00.80 | Mem:29.61M, Peak:30.72M | Scene, ViewLayer | Updating Device | Writing constant memory
Fra:1 Mem:31.66M (Peak 55.32M) | Time:00:00.80 | Mem:29.61M, Peak:30.72M | Scene, ViewLayer | Loading denoising kernels (may take a few minutes the first time)
Fra:1 Mem:31.66M (Peak 55.32M) | Time:00:00.80 | Mem:29.61M, Peak:30.72M | Scene, ViewLayer | Sample 0/16
Fra:1 Mem:61.63M (Peak 61.63M) | Time:00:00.90 | Remaining:00:01.44 | Mem:59.29M, Peak:59.29M | Scene, ViewLayer | Sample 1/16
Fra:1 Mem:74.13M (Peak 92.88M) | Time:00:03.73 | Mem:59.29M, Peak:59.29M | Scene, ViewLayer | Sample 16/16
Fra:1 Mem:74.13M (Peak 92.88M) | Time:00:03.73 | Mem:59.29M, Peak:59.29M | Scene, ViewLayer | Finished
Saved: 'C:\Users\turbo08\findthem\apps\mobile\assets\avatar\references\hind-rig-study\side-sit.png'
Time: 00:03.95 (Saving: 00:00.21)

Fra:31 Mem:31.56M (Peak 31.56M) | Time:00:00.76 | Mem:0.00M, Peak:0.00M | Scene, ViewLayer | Synchronizing object | Continuous_Hindquarter_Clay
Fra:31 Mem:31.56M (Peak 31.56M) | Time:00:00.76 | Mem:0.00M, Peak:0.00M | Scene, ViewLayer | Synchronizing object | Area.001
Fra:31 Mem:52.91M (Peak 55.32M) | Time:00:00.78 | Mem:0.00M, Peak:0.00M | Scene, ViewLayer | Initializing
Fra:31 Mem:23.15M (Peak 55.32M) | Time:00:00.79 | Mem:0.00M, Peak:0.00M | Scene, ViewLayer | Waiting for render to start
Fra:31 Mem:23.15M (Peak 55.32M) | Time:00:00.79 | Mem:0.00M, Peak:0.00M | Scene, ViewLayer | Updating Scene
Fra:31 Mem:23.15M (Peak 55.32M) | Time:00:00.79 | Mem:0.00M, Peak:0.00M | Scene, ViewLayer | Updating Shaders
Fra:31 Mem:23.15M (Peak 55.32M) | Time:00:00.79 | Mem:0.00M, Peak:0.00M | Scene, ViewLayer | Loading render kernels (may take a few minutes the first time)
Fra:31 Mem:23.24M (Peak 55.32M) | Time:00:00.79 | Mem:0.00M, Peak:0.00M | Scene, ViewLayer | Updating Procedurals
Fra:31 Mem:23.24M (Peak 55.32M) | Time:00:00.79 | Mem:0.00M, Peak:0.00M | Scene, ViewLayer | Updating Background
Fra:31 Mem:23.24M (Peak 55.32M) | Time:00:00.79 | Mem:0.00M, Peak:0.00M | Scene, ViewLayer | Updating Camera
Fra:31 Mem:23.24M (Peak 55.32M) | Time:00:00.79 | Mem:0.00M, Peak:0.00M | Scene, ViewLayer | Updating Meshes Flags
Fra:31 Mem:23.24M (Peak 55.32M) | Time:00:00.79 | Mem:0.00M, Peak:0.00M | Scene, ViewLayer | Updating Objects
Fra:31 Mem:23.24M (Peak 55.32M) | Time:00:00.79 | Mem:0.00M, Peak:0.00M | Scene, ViewLayer | Updating Objects | Copying Transformations to device
Fra:31 Mem:23.24M (Peak 55.32M) | Time:00:00.79 | Mem:0.00M, Peak:0.00M | Scene, ViewLayer | Updating Particle Systems
Fra:31 Mem:23.24M (Peak 55.32M) | Time:00:00.79 | Mem:0.00M, Peak:0.00M | Scene, ViewLayer | Updating Particle Systems | Copying Particles to device
Fra:31 Mem:23.24M (Peak 55.32M) | Time:00:00.79 | Mem:0.00M, Peak:0.00M | Scene, ViewLayer | Updating Meshes
Fra:31 Mem:23.24M (Peak 55.32M) | Time:00:00.79 | Mem:0.00M, Peak:0.00M | Scene, ViewLayer | Updating Objects | Applying Static Transformations
Fra:31 Mem:23.24M (Peak 55.32M) | Time:00:00.79 | Mem:0.00M, Peak:0.00M | Scene, ViewLayer | Updating Mesh | Computing attributes
Fra:31 Mem:23.24M (Peak 55.32M) | Time:00:00.79 | Mem:0.00M, Peak:0.00M | Scene, ViewLayer | Updating Mesh | Copying Attributes to device
Fra:31 Mem:23.24M (Peak 55.32M) | Time:00:00.80 | Mem:0.00M, Peak:0.00M | Scene, ViewLayer | Updating Scene BVH | Building
Fra:31 Mem:23.24M (Peak 55.32M) | Time:00:00.80 | Mem:0.00M, Peak:0.00M | Scene, ViewLayer | Updating Scene BVH | Building BVH
Fra:31 Mem:23.24M (Peak 55.32M) | Time:00:00.80 | Mem:9.63M, Peak:9.63M | Scene, ViewLayer | Updating Scene BVH | Building BVH 0%
Fra:31 Mem:23.24M (Peak 55.32M) | Time:00:00.82 | Mem:21.10M, Peak:30.72M | Scene, ViewLayer | Updating Scene BVH | Copying BVH to device
Fra:31 Mem:23.24M (Peak 55.32M) | Time:00:00.82 | Mem:21.10M, Peak:30.72M | Scene, ViewLayer | Updating Mesh | Computing normals
Fra:31 Mem:31.66M (Peak 55.32M) | Time:00:00.83 | Mem:21.10M, Peak:30.72M | Scene, ViewLayer | Updating Mesh | Copying Mesh to device
Fra:31 Mem:31.66M (Peak 55.32M) | Time:00:00.83 | Mem:29.52M, Peak:30.72M | Scene, ViewLayer | Updating Objects Flags
Fra:31 Mem:31.66M (Peak 55.32M) | Time:00:00.83 | Mem:29.52M, Peak:30.72M | Scene, ViewLayer | Updating Primitive Offsets
Fra:31 Mem:31.66M (Peak 55.32M) | Time:00:00.83 | Mem:29.52M, Peak:30.72M | Scene, ViewLayer | Updating Images
Fra:31 Mem:31.66M (Peak 55.32M) | Time:00:00.83 | Mem:29.52M, Peak:30.72M | Scene, ViewLayer | Updating Camera Volume
Fra:31 Mem:31.66M (Peak 55.32M) | Time:00:00.83 | Mem:29.52M, Peak:30.72M | Scene, ViewLayer | Updating Lookup Tables
Fra:31 Mem:31.66M (Peak 55.32M) | Time:00:00.83 | Mem:29.60M, Peak:30.72M | Scene, ViewLayer | Updating Lights
Fra:31 Mem:31.66M (Peak 55.32M) | Time:00:00.83 | Mem:29.60M, Peak:30.72M | Scene, ViewLayer | Updating Lights | Computing tree
Fra:31 Mem:31.66M (Peak 55.32M) | Time:00:00.83 | Mem:29.60M, Peak:30.72M | Scene, ViewLayer | Updating Integrator
Fra:31 Mem:31.66M (Peak 55.32M) | Time:00:00.83 | Mem:29.60M, Peak:30.72M | Scene, ViewLayer | Updating Film
Fra:31 Mem:31.66M (Peak 55.32M) | Time:00:00.83 | Mem:29.52M, Peak:30.72M | Scene, ViewLayer | Updating Lookup Tables
Fra:31 Mem:31.66M (Peak 55.32M) | Time:00:00.83 | Mem:29.61M, Peak:30.72M | Scene, ViewLayer | Updating Baking
Fra:31 Mem:31.66M (Peak 55.32M) | Time:00:00.83 | Mem:29.61M, Peak:30.72M | Scene, ViewLayer | Updating Device | Writing constant memory
Fra:31 Mem:31.66M (Peak 55.32M) | Time:00:00.83 | Mem:29.61M, Peak:30.72M | Scene, ViewLayer | Loading denoising kernels (may take a few minutes the first time)
Fra:31 Mem:31.66M (Peak 55.32M) | Time:00:00.83 | Mem:29.61M, Peak:30.72M | Scene, ViewLayer | Sample 0/16
Fra:31 Mem:61.63M (Peak 61.63M) | Time:00:00.93 | Remaining:00:01.55 | Mem:59.29M, Peak:59.29M | Scene, ViewLayer | Sample 1/16
Fra:31 Mem:74.13M (Peak 92.88M) | Time:00:04.02 | Mem:59.29M, Peak:59.29M | Scene, ViewLayer | Sample 16/16
Fra:31 Mem:74.13M (Peak 92.88M) | Time:00:04.02 | Mem:59.29M, Peak:59.29M | Scene, ViewLayer | Finished
Saved: 'C:\Users\turbo08\findthem\apps\mobile\assets\avatar\references\hind-rig-study\side-half.png'
Time: 00:04.07 (Saving: 00:00.04)

Fra:61 Mem:31.56M (Peak 31.56M) | Time:00:00.81 | Mem:0.00M, Peak:0.00M | Scene, ViewLayer | Synchronizing object | Continuous_Hindquarter_Clay
Fra:61 Mem:31.56M (Peak 31.56M) | Time:00:00.81 | Mem:0.00M, Peak:0.00M | Scene, ViewLayer | Synchronizing object | Area
Fra:61 Mem:52.91M (Peak 55.32M) | Time:00:00.82 | Mem:0.00M, Peak:0.00M | Scene, ViewLayer | Initializing
Fra:61 Mem:23.15M (Peak 55.32M) | Time:00:00.84 | Mem:0.00M, Peak:0.00M | Scene, ViewLayer | Waiting for render to start
Fra:61 Mem:23.15M (Peak 55.32M) | Time:00:00.84 | Mem:0.00M, Peak:0.00M | Scene, ViewLayer | Updating Scene
Fra:61 Mem:23.15M (Peak 55.32M) | Time:00:00.84 | Mem:0.00M, Peak:0.00M | Scene, ViewLayer | Updating Shaders
Fra:61 Mem:23.15M (Peak 55.32M) | Time:00:00.84 | Mem:0.00M, Peak:0.00M | Scene, ViewLayer | Loading render kernels (may take a few minutes the first time)
Fra:61 Mem:23.24M (Peak 55.32M) | Time:00:00.84 | Mem:0.00M, Peak:0.00M | Scene, ViewLayer | Updating Procedurals
Fra:61 Mem:23.24M (Peak 55.32M) | Time:00:00.84 | Mem:0.00M, Peak:0.00M | Scene, ViewLayer | Updating Background
Fra:61 Mem:23.24M (Peak 55.32M) | Time:00:00.84 | Mem:0.00M, Peak:0.00M | Scene, ViewLayer | Updating Camera
Fra:61 Mem:23.24M (Peak 55.32M) | Time:00:00.84 | Mem:0.00M, Peak:0.00M | Scene, ViewLayer | Updating Meshes Flags
Fra:61 Mem:23.24M (Peak 55.32M) | Time:00:00.84 | Mem:0.00M, Peak:0.00M | Scene, ViewLayer | Updating Objects
Fra:61 Mem:23.24M (Peak 55.32M) | Time:00:00.84 | Mem:0.00M, Peak:0.00M | Scene, ViewLayer | Updating Objects | Copying Transformations to device
Fra:61 Mem:23.24M (Peak 55.32M) | Time:00:00.84 | Mem:0.00M, Peak:0.00M | Scene, ViewLayer | Updating Particle Systems
Fra:61 Mem:23.24M (Peak 55.32M) | Time:00:00.84 | Mem:0.00M, Peak:0.00M | Scene, ViewLayer | Updating Particle Systems | Copying Particles to device
Fra:61 Mem:23.24M (Peak 55.32M) | Time:00:00.84 | Mem:0.00M, Peak:0.00M | Scene, ViewLayer | Updating Meshes
Fra:61 Mem:23.24M (Peak 55.32M) | Time:00:00.84 | Mem:0.00M, Peak:0.00M | Scene, ViewLayer | Updating Objects | Applying Static Transformations
Fra:61 Mem:23.24M (Peak 55.32M) | Time:00:00.84 | Mem:0.00M, Peak:0.00M | Scene, ViewLayer | Updating Mesh | Computing attributes
Fra:61 Mem:23.24M (Peak 55.32M) | Time:00:00.84 | Mem:0.00M, Peak:0.00M | Scene, ViewLayer | Updating Mesh | Copying Attributes to device
Fra:61 Mem:23.24M (Peak 55.32M) | Time:00:00.84 | Mem:0.00M, Peak:0.00M | Scene, ViewLayer | Updating Scene BVH | Building
Fra:61 Mem:23.24M (Peak 55.32M) | Time:00:00.84 | Mem:0.00M, Peak:0.00M | Scene, ViewLayer | Updating Scene BVH | Building BVH
Fra:61 Mem:23.24M (Peak 55.32M) | Time:00:00.84 | Mem:9.63M, Peak:9.63M | Scene, ViewLayer | Updating Scene BVH | Building BVH 0%
Fra:61 Mem:23.24M (Peak 55.32M) | Time:00:00.85 | Mem:21.10M, Peak:30.72M | Scene, ViewLayer | Updating Scene BVH | Copying BVH to device
Fra:61 Mem:23.24M (Peak 55.32M) | Time:00:00.86 | Mem:21.10M, Peak:30.72M | Scene, ViewLayer | Updating Mesh | Computing normals
Fra:61 Mem:31.66M (Peak 55.32M) | Time:00:00.86 | Mem:21.10M, Peak:30.72M | Scene, ViewLayer | Updating Mesh | Copying Mesh to device
Fra:61 Mem:31.66M (Peak 55.32M) | Time:00:00.86 | Mem:29.52M, Peak:30.72M | Scene, ViewLayer | Updating Objects Flags
Fra:61 Mem:31.66M (Peak 55.32M) | Time:00:00.86 | Mem:29.52M, Peak:30.72M | Scene, ViewLayer | Updating Primitive Offsets
Fra:61 Mem:31.66M (Peak 55.32M) | Time:00:00.86 | Mem:29.52M, Peak:30.72M | Scene, ViewLayer | Updating Images
Fra:61 Mem:31.66M (Peak 55.32M) | Time:00:00.86 | Mem:29.52M, Peak:30.72M | Scene, ViewLayer | Updating Camera Volume
Fra:61 Mem:31.66M (Peak 55.32M) | Time:00:00.86 | Mem:29.52M, Peak:30.72M | Scene, ViewLayer | Updating Lookup Tables
Fra:61 Mem:31.66M (Peak 55.32M) | Time:00:00.86 | Mem:29.60M, Peak:30.72M | Scene, ViewLayer | Updating Lights
Fra:61 Mem:31.66M (Peak 55.32M) | Time:00:00.86 | Mem:29.60M, Peak:30.72M | Scene, ViewLayer | Updating Lights | Computing tree
Fra:61 Mem:31.66M (Peak 55.32M) | Time:00:00.86 | Mem:29.60M, Peak:30.72M | Scene, ViewLayer | Updating Integrator
Fra:61 Mem:31.66M (Peak 55.32M) | Time:00:00.86 | Mem:29.60M, Peak:30.72M | Scene, ViewLayer | Updating Film
Fra:61 Mem:31.66M (Peak 55.32M) | Time:00:00.86 | Mem:29.52M, Peak:30.72M | Scene, ViewLayer | Updating Lookup Tables
Fra:61 Mem:31.66M (Peak 55.32M) | Time:00:00.86 | Mem:29.61M, Peak:30.72M | Scene, ViewLayer | Updating Baking
Fra:61 Mem:31.66M (Peak 55.32M) | Time:00:00.86 | Mem:29.61M, Peak:30.72M | Scene, ViewLayer | Updating Device | Writing constant memory
Fra:61 Mem:31.66M (Peak 55.32M) | Time:00:00.86 | Mem:29.61M, Peak:30.72M | Scene, ViewLayer | Loading denoising kernels (may take a few minutes the first time)
Fra:61 Mem:31.66M (Peak 55.32M) | Time:00:00.86 | Mem:29.61M, Peak:30.72M | Scene, ViewLayer | Sample 0/16
Fra:61 Mem:61.63M (Peak 61.63M) | Time:00:00.96 | Remaining:00:01.42 | Mem:59.29M, Peak:59.29M | Scene, ViewLayer | Sample 1/16
Fra:61 Mem:74.13M (Peak 92.88M) | Time:00:03.93 | Mem:59.29M, Peak:59.29M | Scene, ViewLayer | Sample 16/16
Fra:61 Mem:74.13M (Peak 92.88M) | Time:00:03.93 | Mem:59.29M, Peak:59.29M | Scene, ViewLayer | Finished
Saved: 'C:\Users\turbo08\findthem\apps\mobile\assets\avatar\references\hind-rig-study\side-stand.png'
Time: 00:03.99 (Saving: 00:00.05)

Fra:1 Mem:31.56M (Peak 31.56M) | Time:00:00.85 | Mem:0.00M, Peak:0.00M | Scene, ViewLayer | Synchronizing object | Continuous_Hindquarter_Clay
Fra:1 Mem:31.56M (Peak 31.56M) | Time:00:00.85 | Mem:0.00M, Peak:0.00M | Scene, ViewLayer | Synchronizing object | Area.001
Fra:1 Mem:52.91M (Peak 55.32M) | Time:00:00.86 | Mem:0.00M, Peak:0.00M | Scene, ViewLayer | Initializing
Fra:1 Mem:23.15M (Peak 55.32M) | Time:00:00.88 | Mem:0.00M, Peak:0.00M | Scene, ViewLayer | Waiting for render to start
Fra:1 Mem:23.15M (Peak 55.32M) | Time:00:00.88 | Mem:0.00M, Peak:0.00M | Scene, ViewLayer | Updating Scene
Fra:1 Mem:23.15M (Peak 55.32M) | Time:00:00.88 | Mem:0.00M, Peak:0.00M | Scene, ViewLayer | Updating Shaders
Fra:1 Mem:23.15M (Peak 55.32M) | Time:00:00.88 | Mem:0.00M, Peak:0.00M | Scene, ViewLayer | Loading render kernels (may take a few minutes the first time)
Fra:1 Mem:23.24M (Peak 55.32M) | Time:00:00.88 | Mem:0.00M, Peak:0.00M | Scene, ViewLayer | Updating Procedurals
Fra:1 Mem:23.24M (Peak 55.32M) | Time:00:00.88 | Mem:0.00M, Peak:0.00M | Scene, ViewLayer | Updating Background
Fra:1 Mem:23.24M (Peak 55.32M) | Time:00:00.88 | Mem:0.00M, Peak:0.00M | Scene, ViewLayer | Updating Camera
Fra:1 Mem:23.24M (Peak 55.32M) | Time:00:00.88 | Mem:0.00M, Peak:0.00M | Scene, ViewLayer | Updating Meshes Flags
Fra:1 Mem:23.24M (Peak 55.32M) | Time:00:00.88 | Mem:0.00M, Peak:0.00M | Scene, ViewLayer | Updating Objects
Fra:1 Mem:23.24M (Peak 55.32M) | Time:00:00.88 | Mem:0.00M, Peak:0.00M | Scene, ViewLayer | Updating Objects | Copying Transformations to device
Fra:1 Mem:23.24M (Peak 55.32M) | Time:00:00.88 | Mem:0.00M, Peak:0.00M | Scene, ViewLayer | Updating Particle Systems
Fra:1 Mem:23.24M (Peak 55.32M) | Time:00:00.88 | Mem:0.00M, Peak:0.00M | Scene, ViewLayer | Updating Particle Systems | Copying Particles to device
Fra:1 Mem:23.24M (Peak 55.32M) | Time:00:00.88 | Mem:0.00M, Peak:0.00M | Scene, ViewLayer | Updating Meshes
Fra:1 Mem:23.24M (Peak 55.32M) | Time:00:00.88 | Mem:0.00M, Peak:0.00M | Scene, ViewLayer | Updating Objects | Applying Static Transformations
Fra:1 Mem:23.24M (Peak 55.32M) | Time:00:00.88 | Mem:0.00M, Peak:0.00M | Scene, ViewLayer | Updating Mesh | Computing attributes
Fra:1 Mem:23.24M (Peak 55.32M) | Time:00:00.88 | Mem:0.00M, Peak:0.00M | Scene, ViewLayer | Updating Mesh | Copying Attributes to device
Fra:1 Mem:23.24M (Peak 55.32M) | Time:00:00.88 | Mem:0.00M, Peak:0.00M | Scene, ViewLayer | Updating Scene BVH | Building
Fra:1 Mem:23.24M (Peak 55.32M) | Time:00:00.88 | Mem:0.00M, Peak:0.00M | Scene, ViewLayer | Updating Scene BVH | Building BVH
Fra:1 Mem:23.24M (Peak 55.32M) | Time:00:00.88 | Mem:9.63M, Peak:9.63M | Scene, ViewLayer | Updating Scene BVH | Building BVH 0%
Fra:1 Mem:23.24M (Peak 55.32M) | Time:00:00.89 | Mem:21.10M, Peak:30.72M | Scene, ViewLayer | Updating Scene BVH | Copying BVH to device
Fra:1 Mem:23.24M (Peak 55.32M) | Time:00:00.89 | Mem:21.10M, Peak:30.72M | Scene, ViewLayer | Updating Mesh | Computing normals
Fra:1 Mem:31.66M (Peak 55.32M) | Time:00:00.90 | Mem:21.10M, Peak:30.72M | Scene, ViewLayer | Updating Mesh | Copying Mesh to device
Fra:1 Mem:31.66M (Peak 55.32M) | Time:00:00.90 | Mem:29.52M, Peak:30.72M | Scene, ViewLayer | Updating Objects Flags
Fra:1 Mem:31.66M (Peak 55.32M) | Time:00:00.90 | Mem:29.52M, Peak:30.72M | Scene, ViewLayer | Updating Primitive Offsets
Fra:1 Mem:31.66M (Peak 55.32M) | Time:00:00.90 | Mem:29.52M, Peak:30.72M | Scene, ViewLayer | Updating Images
Fra:1 Mem:31.66M (Peak 55.32M) | Time:00:00.90 | Mem:29.52M, Peak:30.72M | Scene, ViewLayer | Updating Camera Volume
Fra:1 Mem:31.66M (Peak 55.32M) | Time:00:00.90 | Mem:29.52M, Peak:30.72M | Scene, ViewLayer | Updating Lookup Tables
Fra:1 Mem:31.66M (Peak 55.32M) | Time:00:00.90 | Mem:29.60M, Peak:30.72M | Scene, ViewLayer | Updating Lights
Fra:1 Mem:31.66M (Peak 55.32M) | Time:00:00.90 | Mem:29.60M, Peak:30.72M | Scene, ViewLayer | Updating Lights | Computing tree
Fra:1 Mem:31.66M (Peak 55.32M) | Time:00:00.90 | Mem:29.60M, Peak:30.72M | Scene, ViewLayer | Updating Integrator
Fra:1 Mem:31.66M (Peak 55.32M) | Time:00:00.90 | Mem:29.60M, Peak:30.72M | Scene, ViewLayer | Updating Film
Fra:1 Mem:31.66M (Peak 55.32M) | Time:00:00.90 | Mem:29.52M, Peak:30.72M | Scene, ViewLayer | Updating Lookup Tables
Fra:1 Mem:31.66M (Peak 55.32M) | Time:00:00.90 | Mem:29.61M, Peak:30.72M | Scene, ViewLayer | Updating Baking
Fra:1 Mem:31.66M (Peak 55.32M) | Time:00:00.90 | Mem:29.61M, Peak:30.72M | Scene, ViewLayer | Updating Device | Writing constant memory
Fra:1 Mem:31.66M (Peak 55.32M) | Time:00:00.90 | Mem:29.61M, Peak:30.72M | Scene, ViewLayer | Loading denoising kernels (may take a few minutes the first time)
Fra:1 Mem:31.66M (Peak 55.32M) | Time:00:00.90 | Mem:29.61M, Peak:30.72M | Scene, ViewLayer | Sample 0/16
Fra:1 Mem:61.63M (Peak 61.63M) | Time:00:01.01 | Remaining:00:01.68 | Mem:59.29M, Peak:59.29M | Scene, ViewLayer | Sample 1/16
Fra:1 Mem:74.13M (Peak 92.88M) | Time:00:04.08 | Mem:59.29M, Peak:59.29M | Scene, ViewLayer | Sample 16/16
Fra:1 Mem:74.13M (Peak 92.88M) | Time:00:04.08 | Mem:59.29M, Peak:59.29M | Scene, ViewLayer | Finished
Saved: 'C:\Users\turbo08\findthem\apps\mobile\assets\avatar\references\hind-rig-study\back-sit.png'
Time: 00:04.13 (Saving: 00:00.04)

Fra:31 Mem:31.56M (Peak 31.56M) | Time:00:00.78 | Mem:0.00M, Peak:0.00M | Scene, ViewLayer | Synchronizing object | Continuous_Hindquarter_Clay
Fra:31 Mem:31.56M (Peak 31.56M) | Time:00:00.78 | Mem:0.00M, Peak:0.00M | Scene, ViewLayer | Synchronizing object | Area
Fra:31 Mem:52.91M (Peak 55.32M) | Time:00:00.80 | Mem:0.00M, Peak:0.00M | Scene, ViewLayer | Initializing
Fra:31 Mem:23.15M (Peak 55.32M) | Time:00:00.81 | Mem:0.00M, Peak:0.00M | Scene, ViewLayer | Waiting for render to start
Fra:31 Mem:23.15M (Peak 55.32M) | Time:00:00.81 | Mem:0.00M, Peak:0.00M | Scene, ViewLayer | Updating Scene
Fra:31 Mem:23.15M (Peak 55.32M) | Time:00:00.81 | Mem:0.00M, Peak:0.00M | Scene, ViewLayer | Updating Shaders
Fra:31 Mem:23.15M (Peak 55.32M) | Time:00:00.81 | Mem:0.00M, Peak:0.00M | Scene, ViewLayer | Loading render kernels (may take a few minutes the first time)
Fra:31 Mem:23.24M (Peak 55.32M) | Time:00:00.81 | Mem:0.00M, Peak:0.00M | Scene, ViewLayer | Updating Procedurals
Fra:31 Mem:23.24M (Peak 55.32M) | Time:00:00.81 | Mem:0.00M, Peak:0.00M | Scene, ViewLayer | Updating Background
Fra:31 Mem:23.24M (Peak 55.32M) | Time:00:00.81 | Mem:0.00M, Peak:0.00M | Scene, ViewLayer | Updating Camera
Fra:31 Mem:23.24M (Peak 55.32M) | Time:00:00.81 | Mem:0.00M, Peak:0.00M | Scene, ViewLayer | Updating Meshes Flags
Fra:31 Mem:23.24M (Peak 55.32M) | Time:00:00.81 | Mem:0.00M, Peak:0.00M | Scene, ViewLayer | Updating Objects
Fra:31 Mem:23.24M (Peak 55.32M) | Time:00:00.81 | Mem:0.00M, Peak:0.00M | Scene, ViewLayer | Updating Objects | Copying Transformations to device
Fra:31 Mem:23.24M (Peak 55.32M) | Time:00:00.81 | Mem:0.00M, Peak:0.00M | Scene, ViewLayer | Updating Particle Systems
Fra:31 Mem:23.24M (Peak 55.32M) | Time:00:00.81 | Mem:0.00M, Peak:0.00M | Scene, ViewLayer | Updating Particle Systems | Copying Particles to device
Fra:31 Mem:23.24M (Peak 55.32M) | Time:00:00.81 | Mem:0.00M, Peak:0.00M | Scene, ViewLayer | Updating Meshes
Fra:31 Mem:23.24M (Peak 55.32M) | Time:00:00.81 | Mem:0.00M, Peak:0.00M | Scene, ViewLayer | Updating Objects | Applying Static Transformations
Fra:31 Mem:23.24M (Peak 55.32M) | Time:00:00.81 | Mem:0.00M, Peak:0.00M | Scene, ViewLayer | Updating Mesh | Computing attributes
Fra:31 Mem:23.24M (Peak 55.32M) | Time:00:00.81 | Mem:0.00M, Peak:0.00M | Scene, ViewLayer | Updating Mesh | Copying Attributes to device
Fra:31 Mem:23.24M (Peak 55.32M) | Time:00:00.81 | Mem:0.00M, Peak:0.00M | Scene, ViewLayer | Updating Scene BVH | Building
Fra:31 Mem:23.24M (Peak 55.32M) | Time:00:00.81 | Mem:0.00M, Peak:0.00M | Scene, ViewLayer | Updating Scene BVH | Building BVH
Fra:31 Mem:23.24M (Peak 55.32M) | Time:00:00.81 | Mem:9.63M, Peak:9.63M | Scene, ViewLayer | Updating Scene BVH | Building BVH 0%
Fra:31 Mem:23.24M (Peak 55.32M) | Time:00:00.83 | Mem:21.10M, Peak:30.72M | Scene, ViewLayer | Updating Scene BVH | Copying BVH to device
Fra:31 Mem:23.24M (Peak 55.32M) | Time:00:00.83 | Mem:21.10M, Peak:30.72M | Scene, ViewLayer | Updating Mesh | Computing normals
Fra:31 Mem:31.66M (Peak 55.32M) | Time:00:00.84 | Mem:21.10M, Peak:30.72M | Scene, ViewLayer | Updating Mesh | Copying Mesh to device
Fra:31 Mem:31.66M (Peak 55.32M) | Time:00:00.84 | Mem:29.52M, Peak:30.72M | Scene, ViewLayer | Updating Objects Flags
Fra:31 Mem:31.66M (Peak 55.32M) | Time:00:00.84 | Mem:29.52M, Peak:30.72M | Scene, ViewLayer | Updating Primitive Offsets
Fra:31 Mem:31.66M (Peak 55.32M) | Time:00:00.84 | Mem:29.52M, Peak:30.72M | Scene, ViewLayer | Updating Images
Fra:31 Mem:31.66M (Peak 55.32M) | Time:00:00.84 | Mem:29.52M, Peak:30.72M | Scene, ViewLayer | Updating Camera Volume
Fra:31 Mem:31.66M (Peak 55.32M) | Time:00:00.84 | Mem:29.52M, Peak:30.72M | Scene, ViewLayer | Updating Lookup Tables
Fra:31 Mem:31.66M (Peak 55.32M) | Time:00:00.84 | Mem:29.60M, Peak:30.72M | Scene, ViewLayer | Updating Lights
Fra:31 Mem:31.66M (Peak 55.32M) | Time:00:00.84 | Mem:29.60M, Peak:30.72M | Scene, ViewLayer | Updating Lights | Computing tree
Fra:31 Mem:31.66M (Peak 55.32M) | Time:00:00.84 | Mem:29.60M, Peak:30.72M | Scene, ViewLayer | Updating Integrator
Fra:31 Mem:31.66M (Peak 55.32M) | Time:00:00.84 | Mem:29.60M, Peak:30.72M | Scene, ViewLayer | Updating Film
Fra:31 Mem:31.66M (Peak 55.32M) | Time:00:00.84 | Mem:29.52M, Peak:30.72M | Scene, ViewLayer | Updating Lookup Tables
Fra:31 Mem:31.66M (Peak 55.32M) | Time:00:00.84 | Mem:29.61M, Peak:30.72M | Scene, ViewLayer | Updating Baking
Fra:31 Mem:31.66M (Peak 55.32M) | Time:00:00.84 | Mem:29.61M, Peak:30.72M | Scene, ViewLayer | Updating Device | Writing constant memory
Fra:31 Mem:31.66M (Peak 55.32M) | Time:00:00.84 | Mem:29.61M, Peak:30.72M | Scene, ViewLayer | Loading denoising kernels (may take a few minutes the first time)
Fra:31 Mem:31.66M (Peak 55.32M) | Time:00:00.84 | Mem:29.61M, Peak:30.72M | Scene, ViewLayer | Sample 0/16
Fra:31 Mem:61.63M (Peak 61.63M) | Time:00:00.95 | Remaining:00:01.78 | Mem:59.29M, Peak:59.29M | Scene, ViewLayer | Sample 1/16
Fra:31 Mem:74.13M (Peak 92.88M) | Time:00:04.16 | Mem:59.29M, Peak:59.29M | Scene, ViewLayer | Sample 16/16
Fra:31 Mem:74.13M (Peak 92.88M) | Time:00:04.16 | Mem:59.29M, Peak:59.29M | Scene, ViewLayer | Finished
Saved: 'C:\Users\turbo08\findthem\apps\mobile\assets\avatar\references\hind-rig-study\back-half.png'
Time: 00:04.22 (Saving: 00:00.04)

Fra:61 Mem:31.56M (Peak 31.56M) | Time:00:00.82 | Mem:0.00M, Peak:0.00M | Scene, ViewLayer | Synchronizing object | Continuous_Hindquarter_Clay
Fra:61 Mem:31.56M (Peak 31.56M) | Time:00:00.82 | Mem:0.00M, Peak:0.00M | Scene, ViewLayer | Synchronizing object | Floor
Fra:61 Mem:31.56M (Peak 31.56M) | Time:00:00.82 | Mem:0.00M, Peak:0.00M | Scene, ViewLayer | Synchronizing object | Area.001
Fra:61 Mem:52.91M (Peak 55.32M) | Time:00:00.83 | Mem:0.00M, Peak:0.00M | Scene, ViewLayer | Initializing
Fra:61 Mem:23.15M (Peak 55.32M) | Time:00:00.84 | Mem:0.00M, Peak:0.00M | Scene, ViewLayer | Waiting for render to start
Fra:61 Mem:23.15M (Peak 55.32M) | Time:00:00.84 | Mem:0.00M, Peak:0.00M | Scene, ViewLayer | Updating Scene
Fra:61 Mem:23.15M (Peak 55.32M) | Time:00:00.84 | Mem:0.00M, Peak:0.00M | Scene, ViewLayer | Updating Shaders
Fra:61 Mem:23.15M (Peak 55.32M) | Time:00:00.84 | Mem:0.00M, Peak:0.00M | Scene, ViewLayer | Loading render kernels (may take a few minutes the first time)
Fra:61 Mem:23.24M (Peak 55.32M) | Time:00:00.84 | Mem:0.00M, Peak:0.00M | Scene, ViewLayer | Updating Procedurals
Fra:61 Mem:23.24M (Peak 55.32M) | Time:00:00.84 | Mem:0.00M, Peak:0.00M | Scene, ViewLayer | Updating Background
Fra:61 Mem:23.24M (Peak 55.32M) | Time:00:00.84 | Mem:0.00M, Peak:0.00M | Scene, ViewLayer | Updating Camera
Fra:61 Mem:23.24M (Peak 55.32M) | Time:00:00.84 | Mem:0.00M, Peak:0.00M | Scene, ViewLayer | Updating Meshes Flags
Fra:61 Mem:23.24M (Peak 55.32M) | Time:00:00.84 | Mem:0.00M, Peak:0.00M | Scene, ViewLayer | Updating Objects
Fra:61 Mem:23.24M (Peak 55.32M) | Time:00:00.84 | Mem:0.00M, Peak:0.00M | Scene, ViewLayer | Updating Objects | Copying Transformations to device
Fra:61 Mem:23.24M (Peak 55.32M) | Time:00:00.84 | Mem:0.00M, Peak:0.00M | Scene, ViewLayer | Updating Particle Systems
Fra:61 Mem:23.24M (Peak 55.32M) | Time:00:00.84 | Mem:0.00M, Peak:0.00M | Scene, ViewLayer | Updating Particle Systems | Copying Particles to device
Fra:61 Mem:23.24M (Peak 55.32M) | Time:00:00.84 | Mem:0.00M, Peak:0.00M | Scene, ViewLayer | Updating Meshes
Fra:61 Mem:23.24M (Peak 55.32M) | Time:00:00.84 | Mem:0.00M, Peak:0.00M | Scene, ViewLayer | Updating Objects | Applying Static Transformations
Fra:61 Mem:23.24M (Peak 55.32M) | Time:00:00.84 | Mem:0.00M, Peak:0.00M | Scene, ViewLayer | Updating Mesh | Computing attributes
Fra:61 Mem:23.24M (Peak 55.32M) | Time:00:00.84 | Mem:0.00M, Peak:0.00M | Scene, ViewLayer | Updating Mesh | Copying Attributes to device
Fra:61 Mem:23.24M (Peak 55.32M) | Time:00:00.84 | Mem:0.00M, Peak:0.00M | Scene, ViewLayer | Updating Scene BVH | Building
Fra:61 Mem:23.24M (Peak 55.32M) | Time:00:00.84 | Mem:0.00M, Peak:0.00M | Scene, ViewLayer | Updating Scene BVH | Building BVH
Fra:61 Mem:23.24M (Peak 55.32M) | Time:00:00.85 | Mem:9.63M, Peak:9.63M | Scene, ViewLayer | Updating Scene BVH | Building BVH 0%
Fra:61 Mem:23.24M (Peak 55.32M) | Time:00:00.86 | Mem:21.10M, Peak:30.72M | Scene, ViewLayer | Updating Scene BVH | Copying BVH to device
Fra:61 Mem:23.24M (Peak 55.32M) | Time:00:00.86 | Mem:21.10M, Peak:30.72M | Scene, ViewLayer | Updating Mesh | Computing normals
Fra:61 Mem:31.66M (Peak 55.32M) | Time:00:00.86 | Mem:21.10M, Peak:30.72M | Scene, ViewLayer | Updating Mesh | Copying Mesh to device
Fra:61 Mem:31.66M (Peak 55.32M) | Time:00:00.86 | Mem:29.52M, Peak:30.72M | Scene, ViewLayer | Updating Objects Flags
Fra:61 Mem:31.66M (Peak 55.32M) | Time:00:00.86 | Mem:29.52M, Peak:30.72M | Scene, ViewLayer | Updating Primitive Offsets
Fra:61 Mem:31.66M (Peak 55.32M) | Time:00:00.86 | Mem:29.52M, Peak:30.72M | Scene, ViewLayer | Updating Images
Fra:61 Mem:31.66M (Peak 55.32M) | Time:00:00.86 | Mem:29.52M, Peak:30.72M | Scene, ViewLayer | Updating Camera Volume
Fra:61 Mem:31.66M (Peak 55.32M) | Time:00:00.86 | Mem:29.52M, Peak:30.72M | Scene, ViewLayer | Updating Lookup Tables
Fra:61 Mem:31.66M (Peak 55.32M) | Time:00:00.86 | Mem:29.60M, Peak:30.72M | Scene, ViewLayer | Updating Lights
Fra:61 Mem:31.66M (Peak 55.32M) | Time:00:00.86 | Mem:29.60M, Peak:30.72M | Scene, ViewLayer | Updating Lights | Computing tree
Fra:61 Mem:31.66M (Peak 55.32M) | Time:00:00.86 | Mem:29.60M, Peak:30.72M | Scene, ViewLayer | Updating Integrator
Fra:61 Mem:31.66M (Peak 55.32M) | Time:00:00.86 | Mem:29.60M, Peak:30.72M | Scene, ViewLayer | Updating Film
Fra:61 Mem:31.66M (Peak 55.32M) | Time:00:00.86 | Mem:29.52M, Peak:30.72M | Scene, ViewLayer | Updating Lookup Tables
Fra:61 Mem:31.66M (Peak 55.32M) | Time:00:00.86 | Mem:29.61M, Peak:30.72M | Scene, ViewLayer | Updating Baking
Fra:61 Mem:31.66M (Peak 55.32M) | Time:00:00.86 | Mem:29.61M, Peak:30.72M | Scene, ViewLayer | Updating Device | Writing constant memory
Fra:61 Mem:31.66M (Peak 55.32M) | Time:00:00.86 | Mem:29.61M, Peak:30.72M | Scene, ViewLayer | Loading denoising kernels (may take a few minutes the first time)
Fra:61 Mem:31.66M (Peak 55.32M) | Time:00:00.86 | Mem:29.61M, Peak:30.72M | Scene, ViewLayer | Sample 0/16
Fra:61 Mem:61.63M (Peak 61.63M) | Time:00:00.96 | Remaining:00:01.45 | Mem:59.29M, Peak:59.29M | Scene, ViewLayer | Sample 1/16
Fra:61 Mem:74.13M (Peak 92.88M) | Time:00:04.20 | Mem:59.29M, Peak:59.29M | Scene, ViewLayer | Sample 16/16
Fra:61 Mem:74.13M (Peak 92.88M) | Time:00:04.20 | Mem:59.29M, Peak:59.29M | Scene, ViewLayer | Finished
Saved: 'C:\Users\turbo08\findthem\apps\mobile\assets\avatar\references\hind-rig-study\back-stand.png'
Time: 00:04.26 (Saving: 00:00.05)

Fra:1 Mem:31.56M (Peak 31.56M) | Time:00:00.82 | Mem:0.00M, Peak:0.00M | Scene, ViewLayer | Synchronizing object | Continuous_Hindquarter_Clay
Fra:1 Mem:31.56M (Peak 31.56M) | Time:00:00.82 | Mem:0.00M, Peak:0.00M | Scene, ViewLayer | Synchronizing object | Area
Fra:1 Mem:31.56M (Peak 31.56M) | Time:00:00.82 | Mem:0.00M, Peak:0.00M | Scene, ViewLayer | Synchronizing object | Area.001
Fra:1 Mem:52.91M (Peak 55.32M) | Time:00:00.83 | Mem:0.00M, Peak:0.00M | Scene, ViewLayer | Initializing
Fra:1 Mem:23.15M (Peak 55.32M) | Time:00:00.84 | Mem:0.00M, Peak:0.00M | Scene, ViewLayer | Waiting for render to start
Fra:1 Mem:23.15M (Peak 55.32M) | Time:00:00.84 | Mem:0.00M, Peak:0.00M | Scene, ViewLayer | Updating Scene
Fra:1 Mem:23.15M (Peak 55.32M) | Time:00:00.84 | Mem:0.00M, Peak:0.00M | Scene, ViewLayer | Updating Shaders
Fra:1 Mem:23.15M (Peak 55.32M) | Time:00:00.84 | Mem:0.00M, Peak:0.00M | Scene, ViewLayer | Loading render kernels (may take a few minutes the first time)
Fra:1 Mem:23.24M (Peak 55.32M) | Time:00:00.84 | Mem:0.00M, Peak:0.00M | Scene, ViewLayer | Updating Procedurals
Fra:1 Mem:23.24M (Peak 55.32M) | Time:00:00.84 | Mem:0.00M, Peak:0.00M | Scene, ViewLayer | Updating Background
Fra:1 Mem:23.24M (Peak 55.32M) | Time:00:00.84 | Mem:0.00M, Peak:0.00M | Scene, ViewLayer | Updating Camera
Fra:1 Mem:23.24M (Peak 55.32M) | Time:00:00.84 | Mem:0.00M, Peak:0.00M | Scene, ViewLayer | Updating Meshes Flags
Fra:1 Mem:23.24M (Peak 55.32M) | Time:00:00.84 | Mem:0.00M, Peak:0.00M | Scene, ViewLayer | Updating Objects
Fra:1 Mem:23.24M (Peak 55.32M) | Time:00:00.84 | Mem:0.00M, Peak:0.00M | Scene, ViewLayer | Updating Objects | Copying Transformations to device
Fra:1 Mem:23.24M (Peak 55.32M) | Time:00:00.84 | Mem:0.00M, Peak:0.00M | Scene, ViewLayer | Updating Particle Systems
Fra:1 Mem:23.24M (Peak 55.32M) | Time:00:00.84 | Mem:0.00M, Peak:0.00M | Scene, ViewLayer | Updating Particle Systems | Copying Particles to device
Fra:1 Mem:23.24M (Peak 55.32M) | Time:00:00.84 | Mem:0.00M, Peak:0.00M | Scene, ViewLayer | Updating Meshes
Fra:1 Mem:23.24M (Peak 55.32M) | Time:00:00.84 | Mem:0.00M, Peak:0.00M | Scene, ViewLayer | Updating Objects | Applying Static Transformations
Fra:1 Mem:23.24M (Peak 55.32M) | Time:00:00.84 | Mem:0.00M, Peak:0.00M | Scene, ViewLayer | Updating Mesh | Computing attributes
Fra:1 Mem:23.24M (Peak 55.32M) | Time:00:00.84 | Mem:0.00M, Peak:0.00M | Scene, ViewLayer | Updating Mesh | Copying Attributes to device
Fra:1 Mem:23.24M (Peak 55.32M) | Time:00:00.84 | Mem:0.00M, Peak:0.00M | Scene, ViewLayer | Updating Scene BVH | Building
Fra:1 Mem:23.24M (Peak 55.32M) | Time:00:00.84 | Mem:0.00M, Peak:0.00M | Scene, ViewLayer | Updating Scene BVH | Building BVH
Fra:1 Mem:23.24M (Peak 55.32M) | Time:00:00.84 | Mem:9.63M, Peak:9.63M | Scene, ViewLayer | Updating Scene BVH | Building BVH 0%
Fra:1 Mem:23.24M (Peak 55.32M) | Time:00:00.86 | Mem:21.10M, Peak:30.72M | Scene, ViewLayer | Updating Scene BVH | Copying BVH to device
Fra:1 Mem:23.24M (Peak 55.32M) | Time:00:00.86 | Mem:21.10M, Peak:30.72M | Scene, ViewLayer | Updating Mesh | Computing normals
Fra:1 Mem:31.66M (Peak 55.32M) | Time:00:00.86 | Mem:21.10M, Peak:30.72M | Scene, ViewLayer | Updating Mesh | Copying Mesh to device
Fra:1 Mem:31.66M (Peak 55.32M) | Time:00:00.86 | Mem:29.52M, Peak:30.72M | Scene, ViewLayer | Updating Objects Flags
Fra:1 Mem:31.66M (Peak 55.32M) | Time:00:00.86 | Mem:29.52M, Peak:30.72M | Scene, ViewLayer | Updating Primitive Offsets
Fra:1 Mem:31.66M (Peak 55.32M) | Time:00:00.86 | Mem:29.52M, Peak:30.72M | Scene, ViewLayer | Updating Images
Fra:1 Mem:31.66M (Peak 55.32M) | Time:00:00.86 | Mem:29.52M, Peak:30.72M | Scene, ViewLayer | Updating Camera Volume
Fra:1 Mem:31.66M (Peak 55.32M) | Time:00:00.86 | Mem:29.52M, Peak:30.72M | Scene, ViewLayer | Updating Lookup Tables
Fra:1 Mem:31.66M (Peak 55.32M) | Time:00:00.86 | Mem:29.60M, Peak:30.72M | Scene, ViewLayer | Updating Lights
Fra:1 Mem:31.66M (Peak 55.32M) | Time:00:00.86 | Mem:29.60M, Peak:30.72M | Scene, ViewLayer | Updating Lights | Computing tree
Fra:1 Mem:31.66M (Peak 55.32M) | Time:00:00.86 | Mem:29.60M, Peak:30.72M | Scene, ViewLayer | Updating Integrator
Fra:1 Mem:31.66M (Peak 55.32M) | Time:00:00.86 | Mem:29.60M, Peak:30.72M | Scene, ViewLayer | Updating Film
Fra:1 Mem:31.66M (Peak 55.32M) | Time:00:00.86 | Mem:29.52M, Peak:30.72M | Scene, ViewLayer | Updating Lookup Tables
Fra:1 Mem:31.66M (Peak 55.32M) | Time:00:00.86 | Mem:29.61M, Peak:30.72M | Scene, ViewLayer | Updating Baking
Fra:1 Mem:31.66M (Peak 55.32M) | Time:00:00.86 | Mem:29.61M, Peak:30.72M | Scene, ViewLayer | Updating Device | Writing constant memory
Fra:1 Mem:31.66M (Peak 55.32M) | Time:00:00.86 | Mem:29.61M, Peak:30.72M | Scene, ViewLayer | Loading denoising kernels (may take a few minutes the first time)
Fra:1 Mem:31.66M (Peak 55.32M) | Time:00:00.86 | Mem:29.61M, Peak:30.72M | Scene, ViewLayer | Sample 0/16
Fra:1 Mem:61.63M (Peak 61.63M) | Time:00:00.98 | Remaining:00:01.80 | Mem:59.29M, Peak:59.29M | Scene, ViewLayer | Sample 1/16
Fra:1 Mem:74.13M (Peak 92.88M) | Time:00:04.21 | Mem:59.29M, Peak:59.29M | Scene, ViewLayer | Sample 16/16
Fra:1 Mem:74.13M (Peak 92.88M) | Time:00:04.21 | Mem:59.29M, Peak:59.29M | Scene, ViewLayer | Finished
Saved: 'C:\Users\turbo08\findthem\apps\mobile\assets\avatar\references\hind-rig-study\quarter-sit.png'
Time: 00:04.26 (Saving: 00:00.04)

Fra:31 Mem:31.56M (Peak 31.56M) | Time:00:00.87 | Mem:0.00M, Peak:0.00M | Scene, ViewLayer | Synchronizing object | Continuous_Hindquarter_Clay
Fra:31 Mem:35.17M (Peak 35.17M) | Time:00:00.87 | Mem:0.00M, Peak:0.00M | Scene, ViewLayer | Synchronizing object | Area.001
Fra:31 Mem:35.17M (Peak 35.17M) | Time:00:00.87 | Mem:0.00M, Peak:0.00M | Scene, ViewLayer | Synchronizing object | Area
Fra:31 Mem:35.17M (Peak 35.17M) | Time:00:00.87 | Mem:0.00M, Peak:0.00M | Scene, ViewLayer | Synchronizing object | Floor
Fra:31 Mem:52.91M (Peak 55.32M) | Time:00:00.88 | Mem:0.00M, Peak:0.00M | Scene, ViewLayer | Initializing
Fra:31 Mem:23.15M (Peak 55.32M) | Time:00:00.89 | Mem:0.00M, Peak:0.00M | Scene, ViewLayer | Waiting for render to start
Fra:31 Mem:23.15M (Peak 55.32M) | Time:00:00.89 | Mem:0.00M, Peak:0.00M | Scene, ViewLayer | Updating Scene
Fra:31 Mem:23.15M (Peak 55.32M) | Time:00:00.89 | Mem:0.00M, Peak:0.00M | Scene, ViewLayer | Updating Shaders
Fra:31 Mem:23.15M (Peak 55.32M) | Time:00:00.89 | Mem:0.00M, Peak:0.00M | Scene, ViewLayer | Loading render kernels (may take a few minutes the first time)
Fra:31 Mem:23.24M (Peak 55.32M) | Time:00:00.89 | Mem:0.00M, Peak:0.00M | Scene, ViewLayer | Updating Procedurals
Fra:31 Mem:23.24M (Peak 55.32M) | Time:00:00.89 | Mem:0.00M, Peak:0.00M | Scene, ViewLayer | Updating Background
Fra:31 Mem:23.24M (Peak 55.32M) | Time:00:00.89 | Mem:0.00M, Peak:0.00M | Scene, ViewLayer | Updating Camera
Fra:31 Mem:23.24M (Peak 55.32M) | Time:00:00.89 | Mem:0.00M, Peak:0.00M | Scene, ViewLayer | Updating Meshes Flags
Fra:31 Mem:23.24M (Peak 55.32M) | Time:00:00.89 | Mem:0.00M, Peak:0.00M | Scene, ViewLayer | Updating Objects
Fra:31 Mem:23.24M (Peak 55.32M) | Time:00:00.89 | Mem:0.00M, Peak:0.00M | Scene, ViewLayer | Updating Objects | Copying Transformations to device
Fra:31 Mem:23.24M (Peak 55.32M) | Time:00:00.89 | Mem:0.00M, Peak:0.00M | Scene, ViewLayer | Updating Particle Systems
Fra:31 Mem:23.24M (Peak 55.32M) | Time:00:00.89 | Mem:0.00M, Peak:0.00M | Scene, ViewLayer | Updating Particle Systems | Copying Particles to device
Fra:31 Mem:23.24M (Peak 55.32M) | Time:00:00.89 | Mem:0.00M, Peak:0.00M | Scene, ViewLayer | Updating Meshes
Fra:31 Mem:23.24M (Peak 55.32M) | Time:00:00.89 | Mem:0.00M, Peak:0.00M | Scene, ViewLayer | Updating Objects | Applying Static Transformations
Fra:31 Mem:23.24M (Peak 55.32M) | Time:00:00.89 | Mem:0.00M, Peak:0.00M | Scene, ViewLayer | Updating Mesh | Computing attributes
Fra:31 Mem:23.24M (Peak 55.32M) | Time:00:00.89 | Mem:0.00M, Peak:0.00M | Scene, ViewLayer | Updating Mesh | Copying Attributes to device
Fra:31 Mem:23.24M (Peak 55.32M) | Time:00:00.89 | Mem:0.00M, Peak:0.00M | Scene, ViewLayer | Updating Scene BVH | Building
Fra:31 Mem:23.24M (Peak 55.32M) | Time:00:00.89 | Mem:0.00M, Peak:0.00M | Scene, ViewLayer | Updating Scene BVH | Building BVH
Fra:31 Mem:23.24M (Peak 55.32M) | Time:00:00.89 | Mem:9.63M, Peak:9.63M | Scene, ViewLayer | Updating Scene BVH | Building BVH 0%
Fra:31 Mem:23.24M (Peak 55.32M) | Time:00:00.91 | Mem:21.10M, Peak:30.72M | Scene, ViewLayer | Updating Scene BVH | Copying BVH to device
Fra:31 Mem:23.24M (Peak 55.32M) | Time:00:00.91 | Mem:21.10M, Peak:30.72M | Scene, ViewLayer | Updating Mesh | Computing normals
Fra:31 Mem:31.66M (Peak 55.32M) | Time:00:00.91 | Mem:21.10M, Peak:30.72M | Scene, ViewLayer | Updating Mesh | Copying Mesh to device
Fra:31 Mem:31.66M (Peak 55.32M) | Time:00:00.91 | Mem:29.52M, Peak:30.72M | Scene, ViewLayer | Updating Objects Flags
Fra:31 Mem:31.66M (Peak 55.32M) | Time:00:00.91 | Mem:29.52M, Peak:30.72M | Scene, ViewLayer | Updating Primitive Offsets
Fra:31 Mem:31.66M (Peak 55.32M) | Time:00:00.91 | Mem:29.52M, Peak:30.72M | Scene, ViewLayer | Updating Images
Fra:31 Mem:31.66M (Peak 55.32M) | Time:00:00.91 | Mem:29.52M, Peak:30.72M | Scene, ViewLayer | Updating Camera Volume
Fra:31 Mem:31.66M (Peak 55.32M) | Time:00:00.91 | Mem:29.52M, Peak:30.72M | Scene, ViewLayer | Updating Lookup Tables
Fra:31 Mem:31.66M (Peak 55.32M) | Time:00:00.91 | Mem:29.60M, Peak:30.72M | Scene, ViewLayer | Updating Lights
Fra:31 Mem:31.66M (Peak 55.32M) | Time:00:00.91 | Mem:29.60M, Peak:30.72M | Scene, ViewLayer | Updating Lights | Computing tree
Fra:31 Mem:31.66M (Peak 55.32M) | Time:00:00.91 | Mem:29.60M, Peak:30.72M | Scene, ViewLayer | Updating Integrator
Fra:31 Mem:31.66M (Peak 55.32M) | Time:00:00.91 | Mem:29.60M, Peak:30.72M | Scene, ViewLayer | Updating Film
Fra:31 Mem:31.66M (Peak 55.32M) | Time:00:00.91 | Mem:29.52M, Peak:30.72M | Scene, ViewLayer | Updating Lookup Tables
Fra:31 Mem:31.66M (Peak 55.32M) | Time:00:00.91 | Mem:29.61M, Peak:30.72M | Scene, ViewLayer | Updating Baking
Fra:31 Mem:31.66M (Peak 55.32M) | Time:00:00.91 | Mem:29.61M, Peak:30.72M | Scene, ViewLayer | Updating Device | Writing constant memory
Fra:31 Mem:31.66M (Peak 55.32M) | Time:00:00.91 | Mem:29.61M, Peak:30.72M | Scene, ViewLayer | Loading denoising kernels (may take a few minutes the first time)
Fra:31 Mem:31.66M (Peak 55.32M) | Time:00:00.91 | Mem:29.61M, Peak:30.72M | Scene, ViewLayer | Sample 0/16
Fra:31 Mem:61.63M (Peak 61.63M) | Time:00:01.03 | Remaining:00:01.72 | Mem:59.29M, Peak:59.29M | Scene, ViewLayer | Sample 1/16
Fra:31 Mem:74.13M (Peak 92.88M) | Time:00:04.53 | Mem:59.29M, Peak:59.29M | Scene, ViewLayer | Sample 16/16
Fra:31 Mem:74.13M (Peak 92.88M) | Time:00:04.53 | Mem:59.29M, Peak:59.29M | Scene, ViewLayer | Finished
Saved: 'C:\Users\turbo08\findthem\apps\mobile\assets\avatar\references\hind-rig-study\quarter-half.png'
Time: 00:04.57 (Saving: 00:00.04)

Fra:61 Mem:31.56M (Peak 31.56M) | Time:00:00.83 | Mem:0.00M, Peak:0.00M | Scene, ViewLayer | Synchronizing object | Continuous_Hindquarter_Clay
Fra:61 Mem:35.17M (Peak 35.17M) | Time:00:00.83 | Mem:0.00M, Peak:0.00M | Scene, ViewLayer | Synchronizing object | Area
Fra:61 Mem:52.91M (Peak 55.32M) | Time:00:00.85 | Mem:0.00M, Peak:0.00M | Scene, ViewLayer | Initializing
Fra:61 Mem:23.15M (Peak 55.32M) | Time:00:00.86 | Mem:0.00M, Peak:0.00M | Scene, ViewLayer | Waiting for render to start
Fra:61 Mem:23.15M (Peak 55.32M) | Time:00:00.86 | Mem:0.00M, Peak:0.00M | Scene, ViewLayer | Updating Scene
Fra:61 Mem:23.15M (Peak 55.32M) | Time:00:00.86 | Mem:0.00M, Peak:0.00M | Scene, ViewLayer | Updating Shaders
Fra:61 Mem:23.15M (Peak 55.32M) | Time:00:00.86 | Mem:0.00M, Peak:0.00M | Scene, ViewLayer | Loading render kernels (may take a few minutes the first time)
Fra:61 Mem:23.24M (Peak 55.32M) | Time:00:00.86 | Mem:0.00M, Peak:0.00M | Scene, ViewLayer | Updating Procedurals
Fra:61 Mem:23.24M (Peak 55.32M) | Time:00:00.86 | Mem:0.00M, Peak:0.00M | Scene, ViewLayer | Updating Background
Fra:61 Mem:23.24M (Peak 55.32M) | Time:00:00.86 | Mem:0.00M, Peak:0.00M | Scene, ViewLayer | Updating Camera
Fra:61 Mem:23.24M (Peak 55.32M) | Time:00:00.86 | Mem:0.00M, Peak:0.00M | Scene, ViewLayer | Updating Meshes Flags
Fra:61 Mem:23.24M (Peak 55.32M) | Time:00:00.86 | Mem:0.00M, Peak:0.00M | Scene, ViewLayer | Updating Objects
Fra:61 Mem:23.24M (Peak 55.32M) | Time:00:00.86 | Mem:0.00M, Peak:0.00M | Scene, ViewLayer | Updating Objects | Copying Transformations to device
Fra:61 Mem:23.24M (Peak 55.32M) | Time:00:00.86 | Mem:0.00M, Peak:0.00M | Scene, ViewLayer | Updating Particle Systems
Fra:61 Mem:23.24M (Peak 55.32M) | Time:00:00.86 | Mem:0.00M, Peak:0.00M | Scene, ViewLayer | Updating Particle Systems | Copying Particles to device
Fra:61 Mem:23.24M (Peak 55.32M) | Time:00:00.86 | Mem:0.00M, Peak:0.00M | Scene, ViewLayer | Updating Meshes
Fra:61 Mem:23.24M (Peak 55.32M) | Time:00:00.86 | Mem:0.00M, Peak:0.00M | Scene, ViewLayer | Updating Objects | Applying Static Transformations
Fra:61 Mem:23.24M (Peak 55.32M) | Time:00:00.86 | Mem:0.00M, Peak:0.00M | Scene, ViewLayer | Updating Mesh | Computing attributes
Fra:61 Mem:23.24M (Peak 55.32M) | Time:00:00.86 | Mem:0.00M, Peak:0.00M | Scene, ViewLayer | Updating Mesh | Copying Attributes to device
Fra:61 Mem:23.24M (Peak 55.32M) | Time:00:00.86 | Mem:0.00M, Peak:0.00M | Scene, ViewLayer | Updating Scene BVH | Building
Fra:61 Mem:23.24M (Peak 55.32M) | Time:00:00.86 | Mem:0.00M, Peak:0.00M | Scene, ViewLayer | Updating Scene BVH | Building BVH
Fra:61 Mem:23.24M (Peak 55.32M) | Time:00:00.86 | Mem:9.63M, Peak:9.63M | Scene, ViewLayer | Updating Scene BVH | Building BVH 0%
Fra:61 Mem:23.24M (Peak 55.32M) | Time:00:00.88 | Mem:21.10M, Peak:30.72M | Scene, ViewLayer | Updating Scene BVH | Copying BVH to device
Fra:61 Mem:23.24M (Peak 55.32M) | Time:00:00.88 | Mem:21.10M, Peak:30.72M | Scene, ViewLayer | Updating Mesh | Computing normals
Fra:61 Mem:31.66M (Peak 55.32M) | Time:00:00.89 | Mem:21.10M, Peak:30.72M | Scene, ViewLayer | Updating Mesh | Copying Mesh to device
Fra:61 Mem:31.66M (Peak 55.32M) | Time:00:00.89 | Mem:29.52M, Peak:30.72M | Scene, ViewLayer | Updating Objects Flags
Fra:61 Mem:31.66M (Peak 55.32M) | Time:00:00.89 | Mem:29.52M, Peak:30.72M | Scene, ViewLayer | Updating Primitive Offsets
Fra:61 Mem:31.66M (Peak 55.32M) | Time:00:00.89 | Mem:29.52M, Peak:30.72M | Scene, ViewLayer | Updating Images
Fra:61 Mem:31.66M (Peak 55.32M) | Time:00:00.89 | Mem:29.52M, Peak:30.72M | Scene, ViewLayer | Updating Camera Volume
Fra:61 Mem:31.66M (Peak 55.32M) | Time:00:00.89 | Mem:29.52M, Peak:30.72M | Scene, ViewLayer | Updating Lookup Tables
Fra:61 Mem:31.66M (Peak 55.32M) | Time:00:00.89 | Mem:29.60M, Peak:30.72M | Scene, ViewLayer | Updating Lights
Fra:61 Mem:31.66M (Peak 55.32M) | Time:00:00.89 | Mem:29.60M, Peak:30.72M | Scene, ViewLayer | Updating Lights | Computing tree
Fra:61 Mem:31.66M (Peak 55.32M) | Time:00:00.89 | Mem:29.60M, Peak:30.72M | Scene, ViewLayer | Updating Integrator
Fra:61 Mem:31.66M (Peak 55.32M) | Time:00:00.89 | Mem:29.60M, Peak:30.72M | Scene, ViewLayer | Updating Film
Fra:61 Mem:31.66M (Peak 55.32M) | Time:00:00.89 | Mem:29.52M, Peak:30.72M | Scene, ViewLayer | Updating Lookup Tables
Fra:61 Mem:31.66M (Peak 55.32M) | Time:00:00.89 | Mem:29.61M, Peak:30.72M | Scene, ViewLayer | Updating Baking
Fra:61 Mem:31.66M (Peak 55.32M) | Time:00:00.89 | Mem:29.61M, Peak:30.72M | Scene, ViewLayer | Updating Device | Writing constant memory
Fra:61 Mem:31.66M (Peak 55.32M) | Time:00:00.89 | Mem:29.61M, Peak:30.72M | Scene, ViewLayer | Loading denoising kernels (may take a few minutes the first time)
Fra:61 Mem:31.66M (Peak 55.32M) | Time:00:00.89 | Mem:29.61M, Peak:30.72M | Scene, ViewLayer | Sample 0/16
Fra:61 Mem:61.63M (Peak 61.63M) | Time:00:01.01 | Remaining:00:01.87 | Mem:59.29M, Peak:59.29M | Scene, ViewLayer | Sample 1/16
Fra:61 Mem:74.13M (Peak 92.88M) | Time:00:04.44 | Mem:59.29M, Peak:59.29M | Scene, ViewLayer | Sample 16/16
Fra:61 Mem:74.13M (Peak 92.88M) | Time:00:04.44 | Mem:59.29M, Peak:59.29M | Scene, ViewLayer | Finished
Saved: 'C:\Users\turbo08\findthem\apps\mobile\assets\avatar\references\hind-rig-study\quarter-stand.png'
Time: 00:04.49 (Saving: 00:00.04)

BlenderMCP: cannot start server in background mode (blender -b) - commands would never execute
BlenderMCP: run Blender with a GUI, or use a virtual display: xvfb-run -a blender
BlenderMCP addon registered
BlenderMCP server stopped
BlenderMCP addon unregistered
Extensions: writing cache failed ([WinError 5] 액세스가 거부되었습니다: 'C:\\Users\\turbo08\\AppData\\Roaming\\Blender Foundation\\Blender\\4.5\\extensions').
Info: Saved as "hind-rig-study.blend"
HIND_STUDY_COMPLETE

Blender quit
