Blender 4.5.10 LTS (hash 6dc0b208d1b5 built 2026-05-19 01:33:42)
Read blend: "C:\Users\turbo08\findthem\apps\mobile\assets\avatar\realistic\rework\bicolor-a-v13.blend"
Fra:1 Mem:34.03M (Peak 34.03M) | Time:00:00.00 | Mem:0.00M, Peak:0.00M | Scene, ViewLayer | Synchronizing object | WholeBody_Retopology_Start
Fra:1 Mem:34.03M (Peak 34.03M) | Time:00:00.00 | Mem:0.00M, Peak:0.00M | Scene, ViewLayer | Synchronizing object | Area.001
Fra:1 Mem:41.64M (Peak 42.71M) | Time:00:00.00 | Mem:0.00M, Peak:0.00M | Scene, ViewLayer | Initializing
Fra:1 Mem:41.42M (Peak 42.71M) | Time:00:00.00 | Mem:0.00M, Peak:0.00M | Scene, ViewLayer | Waiting for render to start
Fra:1 Mem:41.42M (Peak 42.71M) | Time:00:00.00 | Mem:0.00M, Peak:0.00M | Scene, ViewLayer | Updating Scene
Fra:1 Mem:41.42M (Peak 42.71M) | Time:00:00.00 | Mem:0.00M, Peak:0.00M | Scene, ViewLayer | Updating Shaders
Fra:1 Mem:41.42M (Peak 42.71M) | Time:00:00.00 | Mem:0.00M, Peak:0.00M | Scene, ViewLayer | Loading render kernels (may take a few minutes the first time)
Fra:1 Mem:41.50M (Peak 42.71M) | Time:00:00.00 | Mem:0.00M, Peak:0.00M | Scene, ViewLayer | Updating Procedurals
Fra:1 Mem:41.50M (Peak 42.71M) | Time:00:00.00 | Mem:0.00M, Peak:0.00M | Scene, ViewLayer | Updating Background
Fra:1 Mem:41.50M (Peak 42.71M) | Time:00:00.00 | Mem:0.00M, Peak:0.00M | Scene, ViewLayer | Updating Camera
Fra:1 Mem:41.50M (Peak 42.71M) | Time:00:00.00 | Mem:0.00M, Peak:0.00M | Scene, ViewLayer | Updating Meshes Flags
Fra:1 Mem:41.50M (Peak 42.71M) | Time:00:00.00 | Mem:0.00M, Peak:0.00M | Scene, ViewLayer | Updating Objects
Fra:1 Mem:41.50M (Peak 42.71M) | Time:00:00.00 | Mem:0.00M, Peak:0.00M | Scene, ViewLayer | Updating Objects | Copying Transformations to device
Fra:1 Mem:41.50M (Peak 42.71M) | Time:00:00.00 | Mem:0.00M, Peak:0.00M | Scene, ViewLayer | Updating Particle Systems
Fra:1 Mem:41.50M (Peak 42.71M) | Time:00:00.00 | Mem:0.00M, Peak:0.00M | Scene, ViewLayer | Updating Particle Systems | Copying Particles to device
Fra:1 Mem:41.50M (Peak 42.71M) | Time:00:00.00 | Mem:0.00M, Peak:0.00M | Scene, ViewLayer | Updating Meshes
Fra:1 Mem:41.50M (Peak 42.71M) | Time:00:00.00 | Mem:0.00M, Peak:0.00M | Scene, ViewLayer | Updating Objects | Applying Static Transformations
Fra:1 Mem:41.50M (Peak 42.71M) | Time:00:00.00 | Mem:0.00M, Peak:0.00M | Scene, ViewLayer | Updating Mesh | Computing attributes
Fra:1 Mem:42.30M (Peak 42.71M) | Time:00:00.00 | Mem:0.00M, Peak:0.00M | Scene, ViewLayer | Updating Mesh | Copying Attributes to device
Fra:1 Mem:42.30M (Peak 42.71M) | Time:00:00.00 | Mem:0.80M, Peak:0.80M | Scene, ViewLayer | Updating Scene BVH | Building
Fra:1 Mem:42.30M (Peak 42.71M) | Time:00:00.00 | Mem:0.80M, Peak:0.80M | Scene, ViewLayer | Updating Scene BVH | Building BVH
Fra:1 Mem:42.30M (Peak 42.71M) | Time:00:00.00 | Mem:5.08M, Peak:5.08M | Scene, ViewLayer | Updating Scene BVH | Building BVH 0%
Fra:1 Mem:42.30M (Peak 42.71M) | Time:00:00.01 | Mem:10.17M, Peak:14.45M | Scene, ViewLayer | Updating Scene BVH | Copying BVH to device
Fra:1 Mem:42.30M (Peak 42.71M) | Time:00:00.01 | Mem:10.17M, Peak:14.45M | Scene, ViewLayer | Updating Mesh | Computing normals
Fra:1 Mem:46.04M (Peak 46.04M) | Time:00:00.01 | Mem:10.17M, Peak:14.45M | Scene, ViewLayer | Updating Mesh | Copying Mesh to device
Fra:1 Mem:46.04M (Peak 46.04M) | Time:00:00.01 | Mem:13.91M, Peak:14.45M | Scene, ViewLayer | Updating Objects Flags
Fra:1 Mem:46.04M (Peak 46.04M) | Time:00:00.01 | Mem:13.91M, Peak:14.45M | Scene, ViewLayer | Updating Primitive Offsets
Fra:1 Mem:46.04M (Peak 46.04M) | Time:00:00.01 | Mem:13.91M, Peak:14.45M | Scene, ViewLayer | Updating Images
Fra:1 Mem:46.04M (Peak 46.04M) | Time:00:00.01 | Mem:13.91M, Peak:14.45M | Scene, ViewLayer | Updating Camera Volume
Fra:1 Mem:46.04M (Peak 46.04M) | Time:00:00.01 | Mem:13.91M, Peak:14.45M | Scene, ViewLayer | Updating Lookup Tables
Fra:1 Mem:46.04M (Peak 46.04M) | Time:00:00.01 | Mem:13.99M, Peak:14.45M | Scene, ViewLayer | Updating Lights
Fra:1 Mem:46.04M (Peak 46.04M) | Time:00:00.01 | Mem:13.99M, Peak:14.45M | Scene, ViewLayer | Updating Lights | Computing tree
Fra:1 Mem:46.04M (Peak 46.04M) | Time:00:00.01 | Mem:13.99M, Peak:14.45M | Scene, ViewLayer | Updating Integrator
Fra:1 Mem:46.04M (Peak 46.04M) | Time:00:00.01 | Mem:13.99M, Peak:14.45M | Scene, ViewLayer | Updating Film
Fra:1 Mem:46.05M (Peak 46.05M) | Time:00:00.01 | Mem:13.91M, Peak:14.45M | Scene, ViewLayer | Updating Lookup Tables
Fra:1 Mem:46.05M (Peak 46.05M) | Time:00:00.01 | Mem:14.00M, Peak:14.45M | Scene, ViewLayer | Updating Baking
Fra:1 Mem:46.05M (Peak 46.05M) | Time:00:00.01 | Mem:14.00M, Peak:14.45M | Scene, ViewLayer | Updating Device | Writing constant memory
Fra:1 Mem:46.05M (Peak 46.05M) | Time:00:00.01 | Mem:14.00M, Peak:14.45M | Scene, ViewLayer | Loading denoising kernels (may take a few minutes the first time)
Fra:1 Mem:46.05M (Peak 46.05M) | Time:00:00.01 | Mem:14.00M, Peak:14.45M | Scene, ViewLayer | Sample 0/16
Fra:1 Mem:84.02M (Peak 84.02M) | Time:00:00.11 | Remaining:00:01.42 | Mem:51.69M, Peak:51.69M | Scene, ViewLayer | Sample 1/16
Fra:1 Mem:99.89M (Peak 123.69M) | Time:00:04.06 | Mem:51.69M, Peak:51.69M | Scene, ViewLayer | Sample 16/16
Fra:1 Mem:99.89M (Peak 123.69M) | Time:00:04.06 | Mem:51.69M, Peak:51.69M | Scene, ViewLayer | Finished
Saved: 'C:\Users\turbo08\findthem\apps\mobile\assets\avatar\rebuild-v2\front.png'
Time: 00:04.25 (Saving: 00:00.19)

Fra:1 Mem:36.16M (Peak 36.16M) | Time:00:00.00 | Mem:0.00M, Peak:0.00M | Scene, ViewLayer | Synchronizing object | WholeBody_Retopology_Start
Fra:1 Mem:36.17M (Peak 36.17M) | Time:00:00.00 | Mem:0.00M, Peak:0.00M | Scene, ViewLayer | Synchronizing object | Restart Floor
Fra:1 Mem:40.57M (Peak 40.57M) | Time:00:00.00 | Mem:0.00M, Peak:0.00M | Scene, ViewLayer | Synchronizing object | Area
Fra:1 Mem:40.57M (Peak 40.57M) | Time:00:00.00 | Mem:0.00M, Peak:0.00M | Scene, ViewLayer | Synchronizing object | Area.001
Fra:1 Mem:41.64M (Peak 42.71M) | Time:00:00.00 | Mem:0.00M, Peak:0.00M | Scene, ViewLayer | Initializing
Fra:1 Mem:41.42M (Peak 42.71M) | Time:00:00.00 | Mem:0.00M, Peak:0.00M | Scene, ViewLayer | Waiting for render to start
Fra:1 Mem:41.42M (Peak 42.71M) | Time:00:00.00 | Mem:0.00M, Peak:0.00M | Scene, ViewLayer | Updating Scene
Fra:1 Mem:41.42M (Peak 42.71M) | Time:00:00.00 | Mem:0.00M, Peak:0.00M | Scene, ViewLayer | Updating Shaders
Fra:1 Mem:41.42M (Peak 42.71M) | Time:00:00.00 | Mem:0.00M, Peak:0.00M | Scene, ViewLayer | Loading render kernels (may take a few minutes the first time)
Fra:1 Mem:41.50M (Peak 42.71M) | Time:00:00.00 | Mem:0.00M, Peak:0.00M | Scene, ViewLayer | Updating Procedurals
Fra:1 Mem:41.50M (Peak 42.71M) | Time:00:00.00 | Mem:0.00M, Peak:0.00M | Scene, ViewLayer | Updating Background
Fra:1 Mem:41.50M (Peak 42.71M) | Time:00:00.00 | Mem:0.00M, Peak:0.00M | Scene, ViewLayer | Updating Camera
Fra:1 Mem:41.50M (Peak 42.71M) | Time:00:00.00 | Mem:0.00M, Peak:0.00M | Scene, ViewLayer | Updating Meshes Flags
Fra:1 Mem:41.50M (Peak 42.71M) | Time:00:00.00 | Mem:0.00M, Peak:0.00M | Scene, ViewLayer | Updating Objects
Fra:1 Mem:41.50M (Peak 42.71M) | Time:00:00.00 | Mem:0.00M, Peak:0.00M | Scene, ViewLayer | Updating Objects | Copying Transformations to device
Fra:1 Mem:41.50M (Peak 42.71M) | Time:00:00.00 | Mem:0.00M, Peak:0.00M | Scene, ViewLayer | Updating Particle Systems
Fra:1 Mem:41.50M (Peak 42.71M) | Time:00:00.00 | Mem:0.00M, Peak:0.00M | Scene, ViewLayer | Updating Particle Systems | Copying Particles to device
Fra:1 Mem:41.50M (Peak 42.71M) | Time:00:00.00 | Mem:0.00M, Peak:0.00M | Scene, ViewLayer | Updating Meshes
Fra:1 Mem:41.50M (Peak 42.71M) | Time:00:00.00 | Mem:0.00M, Peak:0.00M | Scene, ViewLayer | Updating Objects | Applying Static Transformations
Fra:1 Mem:41.50M (Peak 42.71M) | Time:00:00.00 | Mem:0.00M, Peak:0.00M | Scene, ViewLayer | Updating Mesh | Computing attributes
Fra:1 Mem:42.30M (Peak 42.71M) | Time:00:00.00 | Mem:0.00M, Peak:0.00M | Scene, ViewLayer | Updating Mesh | Copying Attributes to device
Fra:1 Mem:42.30M (Peak 42.71M) | Time:00:00.00 | Mem:0.80M, Peak:0.80M | Scene, ViewLayer | Updating Scene BVH | Building
Fra:1 Mem:42.30M (Peak 42.71M) | Time:00:00.00 | Mem:0.80M, Peak:0.80M | Scene, ViewLayer | Updating Scene BVH | Building BVH
Fra:1 Mem:42.30M (Peak 42.71M) | Time:00:00.00 | Mem:5.08M, Peak:5.08M | Scene, ViewLayer | Updating Scene BVH | Building BVH 0%
Fra:1 Mem:42.30M (Peak 42.71M) | Time:00:00.01 | Mem:10.17M, Peak:14.45M | Scene, ViewLayer | Updating Scene BVH | Copying BVH to device
Fra:1 Mem:42.30M (Peak 42.71M) | Time:00:00.01 | Mem:10.17M, Peak:14.45M | Scene, ViewLayer | Updating Mesh | Computing normals
Fra:1 Mem:46.04M (Peak 46.04M) | Time:00:00.01 | Mem:10.17M, Peak:14.45M | Scene, ViewLayer | Updating Mesh | Copying Mesh to device
Fra:1 Mem:46.04M (Peak 46.04M) | Time:00:00.01 | Mem:13.91M, Peak:14.45M | Scene, ViewLayer | Updating Objects Flags
Fra:1 Mem:46.04M (Peak 46.04M) | Time:00:00.01 | Mem:13.91M, Peak:14.45M | Scene, ViewLayer | Updating Primitive Offsets
Fra:1 Mem:46.04M (Peak 46.04M) | Time:00:00.01 | Mem:13.91M, Peak:14.45M | Scene, ViewLayer | Updating Images
Fra:1 Mem:46.04M (Peak 46.04M) | Time:00:00.01 | Mem:13.91M, Peak:14.45M | Scene, ViewLayer | Updating Camera Volume
Fra:1 Mem:46.04M (Peak 46.04M) | Time:00:00.01 | Mem:13.91M, Peak:14.45M | Scene, ViewLayer | Updating Lookup Tables
Fra:1 Mem:46.04M (Peak 46.04M) | Time:00:00.01 | Mem:13.99M, Peak:14.45M | Scene, ViewLayer | Updating Lights
Fra:1 Mem:46.04M (Peak 46.04M) | Time:00:00.01 | Mem:13.99M, Peak:14.45M | Scene, ViewLayer | Updating Lights | Computing tree
Fra:1 Mem:46.04M (Peak 46.04M) | Time:00:00.01 | Mem:13.99M, Peak:14.45M | Scene, ViewLayer | Updating Integrator
Fra:1 Mem:46.04M (Peak 46.04M) | Time:00:00.01 | Mem:13.99M, Peak:14.45M | Scene, ViewLayer | Updating Film
Fra:1 Mem:46.05M (Peak 46.05M) | Time:00:00.01 | Mem:13.91M, Peak:14.45M | Scene, ViewLayer | Updating Lookup Tables
Fra:1 Mem:46.05M (Peak 46.05M) | Time:00:00.01 | Mem:14.00M, Peak:14.45M | Scene, ViewLayer | Updating Baking
Fra:1 Mem:46.05M (Peak 46.05M) | Time:00:00.01 | Mem:14.00M, Peak:14.45M | Scene, ViewLayer | Updating Device | Writing constant memory
Fra:1 Mem:46.05M (Peak 46.05M) | Time:00:00.01 | Mem:14.00M, Peak:14.45M | Scene, ViewLayer | Loading denoising kernels (may take a few minutes the first time)
Fra:1 Mem:46.05M (Peak 46.05M) | Time:00:00.01 | Mem:14.00M, Peak:14.45M | Scene, ViewLayer | Sample 0/16
Fra:1 Mem:84.02M (Peak 84.02M) | Time:00:00.12 | Remaining:00:01.62 | Mem:51.69M, Peak:51.69M | Scene, ViewLayer | Sample 1/16
Fra:1 Mem:99.89M (Peak 123.69M) | Time:00:04.12 | Mem:51.69M, Peak:51.69M | Scene, ViewLayer | Sample 16/16
Fra:1 Mem:99.89M (Peak 123.69M) | Time:00:04.12 | Mem:51.69M, Peak:51.69M | Scene, ViewLayer | Finished
Saved: 'C:\Users\turbo08\findthem\apps\mobile\assets\avatar\rebuild-v2\side.png'
Time: 00:04.20 (Saving: 00:00.07)

Fra:1 Mem:36.16M (Peak 36.16M) | Time:00:00.00 | Mem:0.00M, Peak:0.00M | Scene, ViewLayer | Synchronizing object | WholeBody_Retopology_Start
Fra:1 Mem:36.16M (Peak 36.16M) | Time:00:00.00 | Mem:0.00M, Peak:0.00M | Scene, ViewLayer | Synchronizing object | Area.001
Fra:1 Mem:36.17M (Peak 36.17M) | Time:00:00.00 | Mem:0.00M, Peak:0.00M | Scene, ViewLayer | Synchronizing object | Area
Fra:1 Mem:41.64M (Peak 42.71M) | Time:00:00.00 | Mem:0.00M, Peak:0.00M | Scene, ViewLayer | Initializing
Fra:1 Mem:41.42M (Peak 42.71M) | Time:00:00.00 | Mem:0.00M, Peak:0.00M | Scene, ViewLayer | Waiting for render to start
Fra:1 Mem:41.42M (Peak 42.71M) | Time:00:00.00 | Mem:0.00M, Peak:0.00M | Scene, ViewLayer | Updating Scene
Fra:1 Mem:41.42M (Peak 42.71M) | Time:00:00.00 | Mem:0.00M, Peak:0.00M | Scene, ViewLayer | Updating Shaders
Fra:1 Mem:41.42M (Peak 42.71M) | Time:00:00.00 | Mem:0.00M, Peak:0.00M | Scene, ViewLayer | Loading render kernels (may take a few minutes the first time)
Fra:1 Mem:41.50M (Peak 42.71M) | Time:00:00.00 | Mem:0.00M, Peak:0.00M | Scene, ViewLayer | Updating Procedurals
Fra:1 Mem:41.50M (Peak 42.71M) | Time:00:00.00 | Mem:0.00M, Peak:0.00M | Scene, ViewLayer | Updating Background
Fra:1 Mem:41.50M (Peak 42.71M) | Time:00:00.00 | Mem:0.00M, Peak:0.00M | Scene, ViewLayer | Updating Camera
Fra:1 Mem:41.50M (Peak 42.71M) | Time:00:00.00 | Mem:0.00M, Peak:0.00M | Scene, ViewLayer | Updating Meshes Flags
Fra:1 Mem:41.50M (Peak 42.71M) | Time:00:00.00 | Mem:0.00M, Peak:0.00M | Scene, ViewLayer | Updating Objects
Fra:1 Mem:41.50M (Peak 42.71M) | Time:00:00.00 | Mem:0.00M, Peak:0.00M | Scene, ViewLayer | Updating Objects | Copying Transformations to device
Fra:1 Mem:41.50M (Peak 42.71M) | Time:00:00.00 | Mem:0.00M, Peak:0.00M | Scene, ViewLayer | Updating Particle Systems
Fra:1 Mem:41.50M (Peak 42.71M) | Time:00:00.00 | Mem:0.00M, Peak:0.00M | Scene, ViewLayer | Updating Particle Systems | Copying Particles to device
Fra:1 Mem:41.50M (Peak 42.71M) | Time:00:00.00 | Mem:0.00M, Peak:0.00M | Scene, ViewLayer | Updating Meshes
Fra:1 Mem:41.50M (Peak 42.71M) | Time:00:00.00 | Mem:0.00M, Peak:0.00M | Scene, ViewLayer | Updating Objects | Applying Static Transformations
Fra:1 Mem:41.50M (Peak 42.71M) | Time:00:00.00 | Mem:0.00M, Peak:0.00M | Scene, ViewLayer | Updating Mesh | Computing attributes
Fra:1 Mem:42.30M (Peak 42.71M) | Time:00:00.00 | Mem:0.00M, Peak:0.00M | Scene, ViewLayer | Updating Mesh | Copying Attributes to device
Fra:1 Mem:42.30M (Peak 42.71M) | Time:00:00.00 | Mem:0.80M, Peak:0.80M | Scene, ViewLayer | Updating Scene BVH | Building
Fra:1 Mem:42.30M (Peak 42.71M) | Time:00:00.00 | Mem:0.80M, Peak:0.80M | Scene, ViewLayer | Updating Scene BVH | Building BVH
Fra:1 Mem:42.30M (Peak 42.71M) | Time:00:00.00 | Mem:5.08M, Peak:5.08M | Scene, ViewLayer | Updating Scene BVH | Building BVH 0%
Fra:1 Mem:42.30M (Peak 42.71M) | Time:00:00.01 | Mem:10.17M, Peak:14.45M | Scene, ViewLayer | Updating Scene BVH | Copying BVH to device
Fra:1 Mem:42.30M (Peak 42.71M) | Time:00:00.01 | Mem:10.17M, Peak:14.45M | Scene, ViewLayer | Updating Mesh | Computing normals
Fra:1 Mem:46.04M (Peak 46.04M) | Time:00:00.01 | Mem:10.17M, Peak:14.45M | Scene, ViewLayer | Updating Mesh | Copying Mesh to device
Fra:1 Mem:46.04M (Peak 46.04M) | Time:00:00.01 | Mem:13.91M, Peak:14.45M | Scene, ViewLayer | Updating Objects Flags
Fra:1 Mem:46.04M (Peak 46.04M) | Time:00:00.01 | Mem:13.91M, Peak:14.45M | Scene, ViewLayer | Updating Primitive Offsets
Fra:1 Mem:46.04M (Peak 46.04M) | Time:00:00.01 | Mem:13.91M, Peak:14.45M | Scene, ViewLayer | Updating Images
Fra:1 Mem:46.04M (Peak 46.04M) | Time:00:00.01 | Mem:13.91M, Peak:14.45M | Scene, ViewLayer | Updating Camera Volume
Fra:1 Mem:46.04M (Peak 46.04M) | Time:00:00.01 | Mem:13.91M, Peak:14.45M | Scene, ViewLayer | Updating Lookup Tables
Fra:1 Mem:46.04M (Peak 46.04M) | Time:00:00.01 | Mem:13.99M, Peak:14.45M | Scene, ViewLayer | Updating Lights
Fra:1 Mem:46.04M (Peak 46.04M) | Time:00:00.01 | Mem:13.99M, Peak:14.45M | Scene, ViewLayer | Updating Lights | Computing tree
Fra:1 Mem:46.04M (Peak 46.04M) | Time:00:00.01 | Mem:13.99M, Peak:14.45M | Scene, ViewLayer | Updating Integrator
Fra:1 Mem:46.04M (Peak 46.04M) | Time:00:00.01 | Mem:13.99M, Peak:14.45M | Scene, ViewLayer | Updating Film
Fra:1 Mem:46.05M (Peak 46.05M) | Time:00:00.01 | Mem:13.91M, Peak:14.45M | Scene, ViewLayer | Updating Lookup Tables
Fra:1 Mem:46.05M (Peak 46.05M) | Time:00:00.01 | Mem:14.00M, Peak:14.45M | Scene, ViewLayer | Updating Baking
Fra:1 Mem:46.05M (Peak 46.05M) | Time:00:00.01 | Mem:14.00M, Peak:14.45M | Scene, ViewLayer | Updating Device | Writing constant memory
Fra:1 Mem:46.05M (Peak 46.05M) | Time:00:00.01 | Mem:14.00M, Peak:14.45M | Scene, ViewLayer | Loading denoising kernels (may take a few minutes the first time)
Fra:1 Mem:46.05M (Peak 46.05M) | Time:00:00.01 | Mem:14.00M, Peak:14.45M | Scene, ViewLayer | Sample 0/16
Fra:1 Mem:84.02M (Peak 84.02M) | Time:00:00.12 | Remaining:00:01.59 | Mem:51.69M, Peak:51.69M | Scene, ViewLayer | Sample 1/16
Fra:1 Mem:99.89M (Peak 123.69M) | Time:00:03.83 | Mem:51.69M, Peak:51.69M | Scene, ViewLayer | Sample 16/16
Fra:1 Mem:99.89M (Peak 123.69M) | Time:00:03.83 | Mem:51.69M, Peak:51.69M | Scene, ViewLayer | Finished
Saved: 'C:\Users\turbo08\findthem\apps\mobile\assets\avatar\rebuild-v2\back.png'
Time: 00:03.88 (Saving: 00:00.04)

BlenderMCP: cannot start server in background mode (blender -b) - commands would never execute
BlenderMCP: run Blender with a GUI, or use a virtual display: xvfb-run -a blender
BlenderMCP addon registered
Warning: QuadriFlow: The mesh needs to be manifold and have face normals that point in a consistent direction
QUADRIFLOW_RESULT {'CANCELLED'}
Info: Saved as "v13-wholebody-restart.blend"
INFO Draco mesh compression is available, use library at C:\Program Files\Blender Foundation\Blender 4.5\4.5\scripts\addons_core\io_scene_gltf2\extern_draco.dll
20:35:20 | INFO: Starting glTF 2.0 export
20:35:20 | INFO: Extracting primitive: Mesh.002
20:35:20 | INFO: Primitives created: 1
20:35:20 | INFO: Finished glTF 2.0 export in 0.1470792293548584 s

RESTART_COMPLETE {'quadriflow_status': ['CANCELLED'], 'vertices': 70006, 'faces': 70004, 'components': [70006], 'open_edges': 0, 'nonmanifold_edges': 0, 'quad_faces': 70004, 'scope': 'new full-source neutral topology starting mesh; joint loops and seated pose not finished'}
BlenderMCP server stopped
BlenderMCP addon unregistered

Blender quit
