Blender 4.5.10 LTS (hash 6dc0b208d1b5 built 2026-05-19 01:33:42)
Read blend: "C:\Users\turbo08\findthem\apps\mobile\assets\avatar\realistic\rework\bicolor-a-v13.blend"
Fra:1 Mem:32.68M (Peak 32.68M) | Time:00:00.00 | Mem:0.00M, Peak:0.00M | Scene, ViewLayer | Synchronizing object | WholeBody
Fra:1 Mem:32.68M (Peak 32.68M) | Time:00:00.00 | Mem:0.00M, Peak:0.00M | Scene, ViewLayer | Synchronizing object | Original_Object_32
Fra:1 Mem:32.84M (Peak 32.84M) | Time:00:00.00 | Mem:0.00M, Peak:0.00M | Scene, ViewLayer | Synchronizing object | Area
Fra:1 Mem:39.86M (Peak 40.39M) | Time:00:00.01 | Mem:0.00M, Peak:0.00M | Scene, ViewLayer | Initializing
Fra:1 Mem:37.80M (Peak 40.39M) | Time:00:00.01 | Mem:0.00M, Peak:0.00M | Scene, ViewLayer | Updating Images | Loading Image_2
Fra:1 Mem:37.80M (Peak 40.39M) | Time:00:00.01 | Mem:0.00M, Peak:0.00M | Scene, ViewLayer | Updating Images | Loading Image_0.001
Fra:1 Mem:41.80M (Peak 41.80M) | Time:00:00.01 | Mem:0.00M, Peak:0.00M | Scene, ViewLayer | Updating Images | Loading Image_1
Fra:1 Mem:53.13M (Peak 57.82M) | Time:00:00.04 | Mem:16.00M, Peak:16.00M | Scene, ViewLayer | Waiting for render to start
Fra:1 Mem:53.13M (Peak 57.82M) | Time:00:00.04 | Mem:16.00M, Peak:16.00M | Scene, ViewLayer | Updating Scene
Fra:1 Mem:53.13M (Peak 57.82M) | Time:00:00.04 | Mem:16.00M, Peak:16.00M | Scene, ViewLayer | Updating Shaders
Fra:1 Mem:53.13M (Peak 57.82M) | Time:00:00.04 | Mem:16.00M, Peak:16.00M | Scene, ViewLayer | Loading render kernels (may take a few minutes the first time)
Fra:1 Mem:53.21M (Peak 57.82M) | Time:00:00.04 | Mem:16.00M, Peak:16.00M | Scene, ViewLayer | Updating Procedurals
Fra:1 Mem:53.21M (Peak 57.82M) | Time:00:00.04 | Mem:16.00M, Peak:16.00M | Scene, ViewLayer | Updating Background
Fra:1 Mem:53.21M (Peak 57.82M) | Time:00:00.04 | Mem:16.00M, Peak:16.00M | Scene, ViewLayer | Updating Camera
Fra:1 Mem:53.21M (Peak 57.82M) | Time:00:00.04 | Mem:16.00M, Peak:16.00M | Scene, ViewLayer | Updating Meshes Flags
Fra:1 Mem:53.21M (Peak 57.82M) | Time:00:00.04 | Mem:16.00M, Peak:16.00M | Scene, ViewLayer | Updating Objects
Fra:1 Mem:53.21M (Peak 57.82M) | Time:00:00.04 | Mem:16.00M, Peak:16.00M | Scene, ViewLayer | Updating Objects | Copying Transformations to device
Fra:1 Mem:53.22M (Peak 57.82M) | Time:00:00.04 | Mem:16.01M, Peak:16.01M | Scene, ViewLayer | Updating Particle Systems
Fra:1 Mem:53.22M (Peak 57.82M) | Time:00:00.04 | Mem:16.01M, Peak:16.01M | Scene, ViewLayer | Updating Particle Systems | Copying Particles to device
Fra:1 Mem:53.22M (Peak 57.82M) | Time:00:00.04 | Mem:16.01M, Peak:16.01M | Scene, ViewLayer | Updating Meshes
Fra:1 Mem:53.34M (Peak 57.82M) | Time:00:00.04 | Mem:16.01M, Peak:16.01M | Scene, ViewLayer | Updating Objects | Applying Static Transformations
Fra:1 Mem:53.34M (Peak 57.82M) | Time:00:00.04 | Mem:16.01M, Peak:16.01M | Scene, ViewLayer | Updating Mesh | Computing attributes
Fra:1 Mem:55.44M (Peak 57.82M) | Time:00:00.04 | Mem:16.01M, Peak:16.01M | Scene, ViewLayer | Updating Mesh | Copying Attributes to device
Fra:1 Mem:55.44M (Peak 57.82M) | Time:00:00.04 | Mem:18.11M, Peak:18.11M | Scene, ViewLayer | Updating Scene BVH | Building
Fra:1 Mem:55.44M (Peak 57.82M) | Time:00:00.04 | Mem:18.11M, Peak:18.11M | Scene, ViewLayer | Updating Scene BVH | Building BVH
Fra:1 Mem:55.44M (Peak 57.82M) | Time:00:00.04 | Mem:19.29M, Peak:19.29M | Scene, ViewLayer | Updating Scene BVH | Building BVH 0%
Fra:1 Mem:55.44M (Peak 57.82M) | Time:00:00.05 | Mem:20.70M, Peak:21.88M | Scene, ViewLayer | Updating Scene BVH | Copying BVH to device
Fra:1 Mem:55.44M (Peak 57.82M) | Time:00:00.05 | Mem:20.70M, Peak:21.88M | Scene, ViewLayer | Updating Mesh | Computing normals
Fra:1 Mem:56.48M (Peak 57.82M) | Time:00:00.05 | Mem:20.70M, Peak:21.88M | Scene, ViewLayer | Updating Mesh | Copying Mesh to device
Fra:1 Mem:56.48M (Peak 57.82M) | Time:00:00.05 | Mem:21.74M, Peak:21.88M | Scene, ViewLayer | Updating Objects Flags
Fra:1 Mem:56.48M (Peak 57.82M) | Time:00:00.05 | Mem:21.74M, Peak:21.88M | Scene, ViewLayer | Updating Primitive Offsets
Fra:1 Mem:56.48M (Peak 57.82M) | Time:00:00.05 | Mem:21.74M, Peak:21.88M | Scene, ViewLayer | Updating Images
Fra:1 Mem:56.48M (Peak 57.82M) | Time:00:00.05 | Mem:21.74M, Peak:21.88M | Scene, ViewLayer | Updating Camera Volume
Fra:1 Mem:56.48M (Peak 57.82M) | Time:00:00.05 | Mem:21.74M, Peak:21.88M | Scene, ViewLayer | Updating Lookup Tables
Fra:1 Mem:56.48M (Peak 57.82M) | Time:00:00.05 | Mem:21.82M, Peak:21.88M | Scene, ViewLayer | Updating Lights
Fra:1 Mem:56.48M (Peak 57.82M) | Time:00:00.05 | Mem:21.82M, Peak:21.88M | Scene, ViewLayer | Updating Lights | Computing tree
Fra:1 Mem:56.48M (Peak 57.82M) | Time:00:00.05 | Mem:21.82M, Peak:21.88M | Scene, ViewLayer | Updating Integrator
Fra:1 Mem:56.48M (Peak 57.82M) | Time:00:00.05 | Mem:21.82M, Peak:21.88M | Scene, ViewLayer | Updating Film
Fra:1 Mem:56.48M (Peak 57.82M) | Time:00:00.05 | Mem:21.74M, Peak:21.88M | Scene, ViewLayer | Updating Lookup Tables
Fra:1 Mem:56.48M (Peak 57.82M) | Time:00:00.05 | Mem:21.82M, Peak:21.88M | Scene, ViewLayer | Updating Baking
Fra:1 Mem:56.48M (Peak 57.82M) | Time:00:00.05 | Mem:21.82M, Peak:21.88M | Scene, ViewLayer | Updating Device | Writing constant memory
Fra:1 Mem:56.49M (Peak 57.82M) | Time:00:00.05 | Mem:21.82M, Peak:21.88M | Scene, ViewLayer | Loading denoising kernels (may take a few minutes the first time)
Fra:1 Mem:56.49M (Peak 57.82M) | Time:00:00.05 | Mem:21.82M, Peak:21.88M | Scene, ViewLayer | Sample 0/16
Fra:1 Mem:92.10M (Peak 92.10M) | Time:00:00.14 | Remaining:00:01.41 | Mem:57.17M, Peak:57.17M | Scene, ViewLayer | Sample 1/16
Fra:1 Mem:106.98M (Peak 129.30M) | Time:00:03.11 | Mem:57.17M, Peak:57.17M | Scene, ViewLayer | Sample 16/16
Fra:1 Mem:106.98M (Peak 129.30M) | Time:00:03.11 | Mem:57.17M, Peak:57.17M | Scene, ViewLayer | Finished
Saved: 'C:\Users\turbo08\findthem\apps\mobile\assets\avatar\rebuild-v2\whole-side-sit.png'
Time: 00:03.27 (Saving: 00:00.16)

Fra:31 Mem:35.20M (Peak 35.20M) | Time:00:00.00 | Mem:0.00M, Peak:0.00M | Scene, ViewLayer | Synchronizing object | WholeBody
Fra:31 Mem:35.20M (Peak 35.20M) | Time:00:00.00 | Mem:0.00M, Peak:0.00M | Scene, ViewLayer | Synchronizing object | Area
Fra:31 Mem:39.86M (Peak 40.39M) | Time:00:00.00 | Mem:0.00M, Peak:0.00M | Scene, ViewLayer | Initializing
Fra:31 Mem:37.80M (Peak 40.39M) | Time:00:00.00 | Mem:0.00M, Peak:0.00M | Scene, ViewLayer | Updating Images | Loading Image_2
Fra:31 Mem:37.80M (Peak 40.39M) | Time:00:00.00 | Mem:0.00M, Peak:0.00M | Scene, ViewLayer | Updating Images | Loading Image_0.001
Fra:31 Mem:37.80M (Peak 40.39M) | Time:00:00.00 | Mem:0.00M, Peak:0.00M | Scene, ViewLayer | Updating Images | Loading Image_1
Fra:31 Mem:53.13M (Peak 61.83M) | Time:00:00.03 | Mem:16.00M, Peak:16.00M | Scene, ViewLayer | Waiting for render to start
Fra:31 Mem:53.13M (Peak 61.83M) | Time:00:00.03 | Mem:16.00M, Peak:16.00M | Scene, ViewLayer | Updating Scene
Fra:31 Mem:53.13M (Peak 61.83M) | Time:00:00.03 | Mem:16.00M, Peak:16.00M | Scene, ViewLayer | Updating Shaders
Fra:31 Mem:53.13M (Peak 61.83M) | Time:00:00.03 | Mem:16.00M, Peak:16.00M | Scene, ViewLayer | Loading render kernels (may take a few minutes the first time)
Fra:31 Mem:53.21M (Peak 61.83M) | Time:00:00.03 | Mem:16.00M, Peak:16.00M | Scene, ViewLayer | Updating Procedurals
Fra:31 Mem:53.21M (Peak 61.83M) | Time:00:00.03 | Mem:16.00M, Peak:16.00M | Scene, ViewLayer | Updating Background
Fra:31 Mem:53.21M (Peak 61.83M) | Time:00:00.03 | Mem:16.00M, Peak:16.00M | Scene, ViewLayer | Updating Camera
Fra:31 Mem:53.21M (Peak 61.83M) | Time:00:00.03 | Mem:16.00M, Peak:16.00M | Scene, ViewLayer | Updating Meshes Flags
Fra:31 Mem:53.21M (Peak 61.83M) | Time:00:00.03 | Mem:16.00M, Peak:16.00M | Scene, ViewLayer | Updating Objects
Fra:31 Mem:53.21M (Peak 61.83M) | Time:00:00.03 | Mem:16.00M, Peak:16.00M | Scene, ViewLayer | Updating Objects | Copying Transformations to device
Fra:31 Mem:53.22M (Peak 61.83M) | Time:00:00.03 | Mem:16.01M, Peak:16.01M | Scene, ViewLayer | Updating Particle Systems
Fra:31 Mem:53.22M (Peak 61.83M) | Time:00:00.03 | Mem:16.01M, Peak:16.01M | Scene, ViewLayer | Updating Particle Systems | Copying Particles to device
Fra:31 Mem:53.22M (Peak 61.83M) | Time:00:00.03 | Mem:16.01M, Peak:16.01M | Scene, ViewLayer | Updating Meshes
Fra:31 Mem:53.34M (Peak 61.83M) | Time:00:00.03 | Mem:16.01M, Peak:16.01M | Scene, ViewLayer | Updating Objects | Applying Static Transformations
Fra:31 Mem:53.34M (Peak 61.83M) | Time:00:00.03 | Mem:16.01M, Peak:16.01M | Scene, ViewLayer | Updating Mesh | Computing attributes
Fra:31 Mem:55.44M (Peak 61.83M) | Time:00:00.03 | Mem:16.01M, Peak:16.01M | Scene, ViewLayer | Updating Mesh | Copying Attributes to device
Fra:31 Mem:55.44M (Peak 61.83M) | Time:00:00.03 | Mem:18.11M, Peak:18.11M | Scene, ViewLayer | Updating Scene BVH | Building
Fra:31 Mem:55.44M (Peak 61.83M) | Time:00:00.03 | Mem:18.11M, Peak:18.11M | Scene, ViewLayer | Updating Scene BVH | Building BVH
Fra:31 Mem:55.44M (Peak 61.83M) | Time:00:00.03 | Mem:19.29M, Peak:19.29M | Scene, ViewLayer | Updating Scene BVH | Building BVH 0%
Fra:31 Mem:55.44M (Peak 61.83M) | Time:00:00.04 | Mem:20.70M, Peak:21.88M | Scene, ViewLayer | Updating Scene BVH | Copying BVH to device
Fra:31 Mem:55.44M (Peak 61.83M) | Time:00:00.04 | Mem:20.70M, Peak:21.88M | Scene, ViewLayer | Updating Mesh | Computing normals
Fra:31 Mem:56.48M (Peak 61.83M) | Time:00:00.04 | Mem:20.70M, Peak:21.88M | Scene, ViewLayer | Updating Mesh | Copying Mesh to device
Fra:31 Mem:56.48M (Peak 61.83M) | Time:00:00.04 | Mem:21.74M, Peak:21.88M | Scene, ViewLayer | Updating Objects Flags
Fra:31 Mem:56.48M (Peak 61.83M) | Time:00:00.04 | Mem:21.74M, Peak:21.88M | Scene, ViewLayer | Updating Primitive Offsets
Fra:31 Mem:56.48M (Peak 61.83M) | Time:00:00.04 | Mem:21.74M, Peak:21.88M | Scene, ViewLayer | Updating Images
Fra:31 Mem:56.48M (Peak 61.83M) | Time:00:00.04 | Mem:21.74M, Peak:21.88M | Scene, ViewLayer | Updating Camera Volume
Fra:31 Mem:56.48M (Peak 61.83M) | Time:00:00.04 | Mem:21.74M, Peak:21.88M | Scene, ViewLayer | Updating Lookup Tables
Fra:31 Mem:56.48M (Peak 61.83M) | Time:00:00.04 | Mem:21.82M, Peak:21.88M | Scene, ViewLayer | Updating Lights
Fra:31 Mem:56.48M (Peak 61.83M) | Time:00:00.04 | Mem:21.82M, Peak:21.88M | Scene, ViewLayer | Updating Lights | Computing tree
Fra:31 Mem:56.48M (Peak 61.83M) | Time:00:00.04 | Mem:21.82M, Peak:21.88M | Scene, ViewLayer | Updating Integrator
Fra:31 Mem:56.48M (Peak 61.83M) | Time:00:00.04 | Mem:21.82M, Peak:21.88M | Scene, ViewLayer | Updating Film
Fra:31 Mem:56.48M (Peak 61.83M) | Time:00:00.04 | Mem:21.74M, Peak:21.88M | Scene, ViewLayer | Updating Lookup Tables
Fra:31 Mem:56.48M (Peak 61.83M) | Time:00:00.04 | Mem:21.82M, Peak:21.88M | Scene, ViewLayer | Updating Baking
Fra:31 Mem:56.48M (Peak 61.83M) | Time:00:00.04 | Mem:21.82M, Peak:21.88M | Scene, ViewLayer | Updating Device | Writing constant memory
Fra:31 Mem:56.49M (Peak 61.83M) | Time:00:00.04 | Mem:21.82M, Peak:21.88M | Scene, ViewLayer | Loading denoising kernels (may take a few minutes the first time)
Fra:31 Mem:56.49M (Peak 61.83M) | Time:00:00.04 | Mem:21.82M, Peak:21.88M | Scene, ViewLayer | Sample 0/16
Fra:31 Mem:92.10M (Peak 92.10M) | Time:00:00.15 | Remaining:00:01.62 | Mem:57.17M, Peak:57.17M | Scene, ViewLayer | Sample 1/16
Fra:31 Mem:106.98M (Peak 129.30M) | Time:00:03.18 | Mem:57.17M, Peak:57.17M | Scene, ViewLayer | Sample 16/16
Fra:31 Mem:106.98M (Peak 129.30M) | Time:00:03.18 | Mem:57.17M, Peak:57.17M | Scene, ViewLayer | Finished
Saved: 'C:\Users\turbo08\findthem\apps\mobile\assets\avatar\rebuild-v2\whole-side-half.png'
Time: 00:03.24 (Saving: 00:00.05)

Fra:61 Mem:35.20M (Peak 35.20M) | Time:00:00.00 | Mem:0.00M, Peak:0.00M | Scene, ViewLayer | Synchronizing object | WholeBody
Fra:61 Mem:35.21M (Peak 35.21M) | Time:00:00.00 | Mem:0.00M, Peak:0.00M | Scene, ViewLayer | Synchronizing object | Original_mesh_0
Fra:61 Mem:35.79M (Peak 35.79M) | Time:00:00.00 | Mem:0.00M, Peak:0.00M | Scene, ViewLayer | Synchronizing object | Area
Fra:61 Mem:36.34M (Peak 36.34M) | Time:00:00.00 | Mem:0.00M, Peak:0.00M | Scene, ViewLayer | Synchronizing object | Area.001
Fra:61 Mem:39.86M (Peak 40.39M) | Time:00:00.01 | Mem:0.00M, Peak:0.00M | Scene, ViewLayer | Initializing
Fra:61 Mem:37.80M (Peak 40.39M) | Time:00:00.01 | Mem:0.00M, Peak:0.00M | Scene, ViewLayer | Updating Images | Loading Image_2
Fra:61 Mem:37.80M (Peak 40.39M) | Time:00:00.01 | Mem:0.00M, Peak:0.00M | Scene, ViewLayer | Updating Images | Loading Image_0.001
Fra:61 Mem:37.80M (Peak 40.39M) | Time:00:00.01 | Mem:0.00M, Peak:0.00M | Scene, ViewLayer | Updating Images | Loading Image_2.001
Fra:61 Mem:45.80M (Peak 45.80M) | Time:00:00.01 | Mem:0.00M, Peak:0.00M | Scene, ViewLayer | Updating Images | Loading Image_0
Fra:61 Mem:53.13M (Peak 61.83M) | Time:00:00.03 | Mem:16.00M, Peak:16.00M | Scene, ViewLayer | Waiting for render to start
Fra:61 Mem:53.13M (Peak 61.83M) | Time:00:00.03 | Mem:16.00M, Peak:16.00M | Scene, ViewLayer | Updating Scene
Fra:61 Mem:53.13M (Peak 61.83M) | Time:00:00.03 | Mem:16.00M, Peak:16.00M | Scene, ViewLayer | Updating Shaders
Fra:61 Mem:53.13M (Peak 61.83M) | Time:00:00.03 | Mem:16.00M, Peak:16.00M | Scene, ViewLayer | Loading render kernels (may take a few minutes the first time)
Fra:61 Mem:53.21M (Peak 61.83M) | Time:00:00.03 | Mem:16.00M, Peak:16.00M | Scene, ViewLayer | Updating Procedurals
Fra:61 Mem:53.21M (Peak 61.83M) | Time:00:00.03 | Mem:16.00M, Peak:16.00M | Scene, ViewLayer | Updating Background
Fra:61 Mem:53.21M (Peak 61.83M) | Time:00:00.03 | Mem:16.00M, Peak:16.00M | Scene, ViewLayer | Updating Camera
Fra:61 Mem:53.21M (Peak 61.83M) | Time:00:00.03 | Mem:16.00M, Peak:16.00M | Scene, ViewLayer | Updating Meshes Flags
Fra:61 Mem:53.21M (Peak 61.83M) | Time:00:00.03 | Mem:16.00M, Peak:16.00M | Scene, ViewLayer | Updating Objects
Fra:61 Mem:53.21M (Peak 61.83M) | Time:00:00.03 | Mem:16.00M, Peak:16.00M | Scene, ViewLayer | Updating Objects | Copying Transformations to device
Fra:61 Mem:53.22M (Peak 61.83M) | Time:00:00.03 | Mem:16.01M, Peak:16.01M | Scene, ViewLayer | Updating Particle Systems
Fra:61 Mem:53.22M (Peak 61.83M) | Time:00:00.03 | Mem:16.01M, Peak:16.01M | Scene, ViewLayer | Updating Particle Systems | Copying Particles to device
Fra:61 Mem:53.22M (Peak 61.83M) | Time:00:00.03 | Mem:16.01M, Peak:16.01M | Scene, ViewLayer | Updating Meshes
Fra:61 Mem:53.34M (Peak 61.83M) | Time:00:00.03 | Mem:16.01M, Peak:16.01M | Scene, ViewLayer | Updating Objects | Applying Static Transformations
Fra:61 Mem:53.34M (Peak 61.83M) | Time:00:00.03 | Mem:16.01M, Peak:16.01M | Scene, ViewLayer | Updating Mesh | Computing attributes
Fra:61 Mem:55.44M (Peak 61.83M) | Time:00:00.03 | Mem:16.01M, Peak:16.01M | Scene, ViewLayer | Updating Mesh | Copying Attributes to device
Fra:61 Mem:55.44M (Peak 61.83M) | Time:00:00.03 | Mem:18.11M, Peak:18.11M | Scene, ViewLayer | Updating Scene BVH | Building
Fra:61 Mem:55.44M (Peak 61.83M) | Time:00:00.03 | Mem:18.11M, Peak:18.11M | Scene, ViewLayer | Updating Scene BVH | Building BVH
Fra:61 Mem:55.44M (Peak 61.83M) | Time:00:00.03 | Mem:19.29M, Peak:19.29M | Scene, ViewLayer | Updating Scene BVH | Building BVH 0%
Fra:61 Mem:55.44M (Peak 61.83M) | Time:00:00.04 | Mem:20.70M, Peak:21.88M | Scene, ViewLayer | Updating Scene BVH | Copying BVH to device
Fra:61 Mem:55.44M (Peak 61.83M) | Time:00:00.04 | Mem:20.70M, Peak:21.88M | Scene, ViewLayer | Updating Mesh | Computing normals
Fra:61 Mem:56.48M (Peak 61.83M) | Time:00:00.04 | Mem:20.70M, Peak:21.88M | Scene, ViewLayer | Updating Mesh | Copying Mesh to device
Fra:61 Mem:56.48M (Peak 61.83M) | Time:00:00.04 | Mem:21.74M, Peak:21.88M | Scene, ViewLayer | Updating Objects Flags
Fra:61 Mem:56.48M (Peak 61.83M) | Time:00:00.04 | Mem:21.74M, Peak:21.88M | Scene, ViewLayer | Updating Primitive Offsets
Fra:61 Mem:56.48M (Peak 61.83M) | Time:00:00.04 | Mem:21.74M, Peak:21.88M | Scene, ViewLayer | Updating Images
Fra:61 Mem:56.48M (Peak 61.83M) | Time:00:00.04 | Mem:21.74M, Peak:21.88M | Scene, ViewLayer | Updating Camera Volume
Fra:61 Mem:56.48M (Peak 61.83M) | Time:00:00.04 | Mem:21.74M, Peak:21.88M | Scene, ViewLayer | Updating Lookup Tables
Fra:61 Mem:56.48M (Peak 61.83M) | Time:00:00.04 | Mem:21.82M, Peak:21.88M | Scene, ViewLayer | Updating Lights
Fra:61 Mem:56.48M (Peak 61.83M) | Time:00:00.04 | Mem:21.82M, Peak:21.88M | Scene, ViewLayer | Updating Lights | Computing tree
Fra:61 Mem:56.48M (Peak 61.83M) | Time:00:00.04 | Mem:21.82M, Peak:21.88M | Scene, ViewLayer | Updating Integrator
Fra:61 Mem:56.48M (Peak 61.83M) | Time:00:00.04 | Mem:21.82M, Peak:21.88M | Scene, ViewLayer | Updating Film
Fra:61 Mem:56.48M (Peak 61.83M) | Time:00:00.04 | Mem:21.74M, Peak:21.88M | Scene, ViewLayer | Updating Lookup Tables
Fra:61 Mem:56.48M (Peak 61.83M) | Time:00:00.04 | Mem:21.82M, Peak:21.88M | Scene, ViewLayer | Updating Baking
Fra:61 Mem:56.48M (Peak 61.83M) | Time:00:00.04 | Mem:21.82M, Peak:21.88M | Scene, ViewLayer | Updating Device | Writing constant memory
Fra:61 Mem:56.49M (Peak 61.83M) | Time:00:00.04 | Mem:21.82M, Peak:21.88M | Scene, ViewLayer | Loading denoising kernels (may take a few minutes the first time)
Fra:61 Mem:56.49M (Peak 61.83M) | Time:00:00.04 | Mem:21.82M, Peak:21.88M | Scene, ViewLayer | Sample 0/16
Fra:61 Mem:92.10M (Peak 92.10M) | Time:00:00.13 | Remaining:00:01.44 | Mem:57.17M, Peak:57.17M | Scene, ViewLayer | Sample 1/16
Fra:61 Mem:106.98M (Peak 129.30M) | Time:00:03.22 | Mem:57.17M, Peak:57.17M | Scene, ViewLayer | Sample 16/16
Fra:61 Mem:106.98M (Peak 129.30M) | Time:00:03.22 | Mem:57.17M, Peak:57.17M | Scene, ViewLayer | Finished
Saved: 'C:\Users\turbo08\findthem\apps\mobile\assets\avatar\rebuild-v2\whole-side-stand.png'
Time: 00:03.27 (Saving: 00:00.04)

Fra:1 Mem:35.20M (Peak 35.20M) | Time:00:00.00 | Mem:0.00M, Peak:0.00M | Scene, ViewLayer | Synchronizing object | WholeBody
Fra:1 Mem:35.21M (Peak 35.21M) | Time:00:00.00 | Mem:0.00M, Peak:0.00M | Scene, ViewLayer | Synchronizing object | Floor
Fra:1 Mem:35.36M (Peak 35.36M) | Time:00:00.00 | Mem:0.00M, Peak:0.00M | Scene, ViewLayer | Synchronizing object | Area
Fra:1 Mem:39.86M (Peak 40.39M) | Time:00:00.00 | Mem:0.00M, Peak:0.00M | Scene, ViewLayer | Initializing
Fra:1 Mem:37.80M (Peak 40.39M) | Time:00:00.00 | Mem:0.00M, Peak:0.00M | Scene, ViewLayer | Updating Images | Loading Image_2
Fra:1 Mem:37.80M (Peak 40.39M) | Time:00:00.00 | Mem:0.00M, Peak:0.00M | Scene, ViewLayer | Updating Images | Loading Image_0.001
Fra:1 Mem:41.80M (Peak 41.80M) | Time:00:00.00 | Mem:0.00M, Peak:0.00M | Scene, ViewLayer | Updating Images | Loading Image_1
Fra:1 Mem:53.13M (Peak 57.82M) | Time:00:00.02 | Mem:16.00M, Peak:16.00M | Scene, ViewLayer | Waiting for render to start
Fra:1 Mem:53.13M (Peak 57.82M) | Time:00:00.02 | Mem:16.00M, Peak:16.00M | Scene, ViewLayer | Updating Scene
Fra:1 Mem:53.13M (Peak 57.82M) | Time:00:00.02 | Mem:16.00M, Peak:16.00M | Scene, ViewLayer | Updating Shaders
Fra:1 Mem:53.13M (Peak 57.82M) | Time:00:00.02 | Mem:16.00M, Peak:16.00M | Scene, ViewLayer | Loading render kernels (may take a few minutes the first time)
Fra:1 Mem:53.22M (Peak 57.82M) | Time:00:00.02 | Mem:16.00M, Peak:16.00M | Scene, ViewLayer | Updating Procedurals
Fra:1 Mem:53.22M (Peak 57.82M) | Time:00:00.02 | Mem:16.00M, Peak:16.00M | Scene, ViewLayer | Updating Background
Fra:1 Mem:53.22M (Peak 57.82M) | Time:00:00.02 | Mem:16.00M, Peak:16.00M | Scene, ViewLayer | Updating Camera
Fra:1 Mem:53.22M (Peak 57.82M) | Time:00:00.02 | Mem:16.00M, Peak:16.00M | Scene, ViewLayer | Updating Meshes Flags
Fra:1 Mem:53.22M (Peak 57.82M) | Time:00:00.02 | Mem:16.00M, Peak:16.00M | Scene, ViewLayer | Updating Objects
Fra:1 Mem:53.22M (Peak 57.82M) | Time:00:00.02 | Mem:16.00M, Peak:16.00M | Scene, ViewLayer | Updating Objects | Copying Transformations to device
Fra:1 Mem:53.22M (Peak 57.82M) | Time:00:00.02 | Mem:16.01M, Peak:16.01M | Scene, ViewLayer | Updating Particle Systems
Fra:1 Mem:53.22M (Peak 57.82M) | Time:00:00.02 | Mem:16.01M, Peak:16.01M | Scene, ViewLayer | Updating Particle Systems | Copying Particles to device
Fra:1 Mem:53.22M (Peak 57.82M) | Time:00:00.02 | Mem:16.01M, Peak:16.01M | Scene, ViewLayer | Updating Meshes
Fra:1 Mem:53.34M (Peak 57.82M) | Time:00:00.03 | Mem:16.01M, Peak:16.01M | Scene, ViewLayer | Updating Objects | Applying Static Transformations
Fra:1 Mem:53.34M (Peak 57.82M) | Time:00:00.03 | Mem:16.01M, Peak:16.01M | Scene, ViewLayer | Updating Mesh | Computing attributes
Fra:1 Mem:55.44M (Peak 57.82M) | Time:00:00.03 | Mem:16.01M, Peak:16.01M | Scene, ViewLayer | Updating Mesh | Copying Attributes to device
Fra:1 Mem:55.44M (Peak 57.82M) | Time:00:00.03 | Mem:18.11M, Peak:18.11M | Scene, ViewLayer | Updating Scene BVH | Building
Fra:1 Mem:55.44M (Peak 57.82M) | Time:00:00.03 | Mem:18.11M, Peak:18.11M | Scene, ViewLayer | Updating Scene BVH | Building BVH
Fra:1 Mem:55.44M (Peak 57.82M) | Time:00:00.03 | Mem:19.29M, Peak:19.29M | Scene, ViewLayer | Updating Scene BVH | Building BVH 0%
Fra:1 Mem:55.44M (Peak 57.82M) | Time:00:00.03 | Mem:20.70M, Peak:21.88M | Scene, ViewLayer | Updating Scene BVH | Copying BVH to device
Fra:1 Mem:55.44M (Peak 57.82M) | Time:00:00.03 | Mem:20.70M, Peak:21.88M | Scene, ViewLayer | Updating Mesh | Computing normals
Fra:1 Mem:56.48M (Peak 57.82M) | Time:00:00.03 | Mem:20.70M, Peak:21.88M | Scene, ViewLayer | Updating Mesh | Copying Mesh to device
Fra:1 Mem:56.48M (Peak 57.82M) | Time:00:00.03 | Mem:21.74M, Peak:21.88M | Scene, ViewLayer | Updating Objects Flags
Fra:1 Mem:56.48M (Peak 57.82M) | Time:00:00.03 | Mem:21.74M, Peak:21.88M | Scene, ViewLayer | Updating Primitive Offsets
Fra:1 Mem:56.48M (Peak 57.82M) | Time:00:00.03 | Mem:21.74M, Peak:21.88M | Scene, ViewLayer | Updating Images
Fra:1 Mem:56.48M (Peak 57.82M) | Time:00:00.03 | Mem:21.74M, Peak:21.88M | Scene, ViewLayer | Updating Camera Volume
Fra:1 Mem:56.48M (Peak 57.82M) | Time:00:00.03 | Mem:21.74M, Peak:21.88M | Scene, ViewLayer | Updating Lookup Tables
Fra:1 Mem:56.48M (Peak 57.82M) | Time:00:00.03 | Mem:21.82M, Peak:21.88M | Scene, ViewLayer | Updating Lights
Fra:1 Mem:56.48M (Peak 57.82M) | Time:00:00.03 | Mem:21.82M, Peak:21.88M | Scene, ViewLayer | Updating Lights | Computing tree
Fra:1 Mem:56.48M (Peak 57.82M) | Time:00:00.03 | Mem:21.82M, Peak:21.88M | Scene, ViewLayer | Updating Integrator
Fra:1 Mem:56.48M (Peak 57.82M) | Time:00:00.03 | Mem:21.82M, Peak:21.88M | Scene, ViewLayer | Updating Film
Fra:1 Mem:56.48M (Peak 57.82M) | Time:00:00.03 | Mem:21.74M, Peak:21.88M | Scene, ViewLayer | Updating Lookup Tables
Fra:1 Mem:56.48M (Peak 57.82M) | Time:00:00.03 | Mem:21.82M, Peak:21.88M | Scene, ViewLayer | Updating Baking
Fra:1 Mem:56.48M (Peak 57.82M) | Time:00:00.03 | Mem:21.82M, Peak:21.88M | Scene, ViewLayer | Updating Device | Writing constant memory
Fra:1 Mem:56.49M (Peak 57.82M) | Time:00:00.03 | Mem:21.82M, Peak:21.88M | Scene, ViewLayer | Loading denoising kernels (may take a few minutes the first time)
Fra:1 Mem:56.49M (Peak 57.82M) | Time:00:00.03 | Mem:21.82M, Peak:21.88M | Scene, ViewLayer | Sample 0/16
Fra:1 Mem:92.10M (Peak 92.10M) | Time:00:00.12 | Remaining:00:01.33 | Mem:57.17M, Peak:57.17M | Scene, ViewLayer | Sample 1/16
Fra:1 Mem:106.98M (Peak 129.30M) | Time:00:03.02 | Mem:57.17M, Peak:57.17M | Scene, ViewLayer | Sample 16/16
Fra:1 Mem:106.98M (Peak 129.30M) | Time:00:03.02 | Mem:57.17M, Peak:57.17M | Scene, ViewLayer | Finished
Saved: 'C:\Users\turbo08\findthem\apps\mobile\assets\avatar\rebuild-v2\whole-front-sit.png'
Time: 00:03.07 (Saving: 00:00.04)

Fra:31 Mem:35.20M (Peak 35.20M) | Time:00:00.00 | Mem:0.00M, Peak:0.00M | Scene, ViewLayer | Synchronizing object | WholeBody
Fra:31 Mem:35.20M (Peak 35.20M) | Time:00:00.00 | Mem:0.00M, Peak:0.00M | Scene, ViewLayer | Synchronizing object | Original_mesh_0
Fra:31 Mem:35.37M (Peak 35.37M) | Time:00:00.00 | Mem:0.00M, Peak:0.00M | Scene, ViewLayer | Synchronizing object | Floor
Fra:31 Mem:35.39M (Peak 35.39M) | Time:00:00.00 | Mem:0.00M, Peak:0.00M | Scene, ViewLayer | Synchronizing object | Area
Fra:31 Mem:39.86M (Peak 40.39M) | Time:00:00.00 | Mem:0.00M, Peak:0.00M | Scene, ViewLayer | Initializing
Fra:31 Mem:37.80M (Peak 40.39M) | Time:00:00.00 | Mem:0.00M, Peak:0.00M | Scene, ViewLayer | Updating Images | Loading Image_2
Fra:31 Mem:37.80M (Peak 40.39M) | Time:00:00.00 | Mem:0.00M, Peak:0.00M | Scene, ViewLayer | Updating Images | Loading Image_0.001
Fra:31 Mem:37.80M (Peak 40.39M) | Time:00:00.00 | Mem:0.00M, Peak:0.00M | Scene, ViewLayer | Updating Images | Loading Image_2.001
Fra:31 Mem:37.80M (Peak 40.39M) | Time:00:00.01 | Mem:0.00M, Peak:0.00M | Scene, ViewLayer | Updating Images | Loading Image_1
Fra:31 Mem:53.13M (Peak 57.83M) | Time:00:00.03 | Mem:16.00M, Peak:16.00M | Scene, ViewLayer | Waiting for render to start
Fra:31 Mem:53.13M (Peak 57.83M) | Time:00:00.03 | Mem:16.00M, Peak:16.00M | Scene, ViewLayer | Updating Scene
Fra:31 Mem:53.13M (Peak 57.83M) | Time:00:00.03 | Mem:16.00M, Peak:16.00M | Scene, ViewLayer | Updating Shaders
Fra:31 Mem:53.13M (Peak 57.83M) | Time:00:00.03 | Mem:16.00M, Peak:16.00M | Scene, ViewLayer | Loading render kernels (may take a few minutes the first time)
Fra:31 Mem:53.22M (Peak 57.83M) | Time:00:00.03 | Mem:16.00M, Peak:16.00M | Scene, ViewLayer | Updating Procedurals
Fra:31 Mem:53.22M (Peak 57.83M) | Time:00:00.03 | Mem:16.00M, Peak:16.00M | Scene, ViewLayer | Updating Background
Fra:31 Mem:53.22M (Peak 57.83M) | Time:00:00.03 | Mem:16.00M, Peak:16.00M | Scene, ViewLayer | Updating Camera
Fra:31 Mem:53.22M (Peak 57.83M) | Time:00:00.03 | Mem:16.00M, Peak:16.00M | Scene, ViewLayer | Updating Meshes Flags
Fra:31 Mem:53.22M (Peak 57.83M) | Time:00:00.03 | Mem:16.00M, Peak:16.00M | Scene, ViewLayer | Updating Objects
Fra:31 Mem:53.22M (Peak 57.83M) | Time:00:00.03 | Mem:16.00M, Peak:16.00M | Scene, ViewLayer | Updating Objects | Copying Transformations to device
Fra:31 Mem:53.22M (Peak 57.83M) | Time:00:00.03 | Mem:16.01M, Peak:16.01M | Scene, ViewLayer | Updating Particle Systems
Fra:31 Mem:53.22M (Peak 57.83M) | Time:00:00.03 | Mem:16.01M, Peak:16.01M | Scene, ViewLayer | Updating Particle Systems | Copying Particles to device
Fra:31 Mem:53.22M (Peak 57.83M) | Time:00:00.03 | Mem:16.01M, Peak:16.01M | Scene, ViewLayer | Updating Meshes
Fra:31 Mem:53.34M (Peak 57.83M) | Time:00:00.03 | Mem:16.01M, Peak:16.01M | Scene, ViewLayer | Updating Objects | Applying Static Transformations
Fra:31 Mem:53.34M (Peak 57.83M) | Time:00:00.03 | Mem:16.01M, Peak:16.01M | Scene, ViewLayer | Updating Mesh | Computing attributes
Fra:31 Mem:55.44M (Peak 57.83M) | Time:00:00.03 | Mem:16.01M, Peak:16.01M | Scene, ViewLayer | Updating Mesh | Copying Attributes to device
Fra:31 Mem:55.44M (Peak 57.83M) | Time:00:00.03 | Mem:18.11M, Peak:18.11M | Scene, ViewLayer | Updating Scene BVH | Building
Fra:31 Mem:55.44M (Peak 57.83M) | Time:00:00.03 | Mem:18.11M, Peak:18.11M | Scene, ViewLayer | Updating Scene BVH | Building BVH
Fra:31 Mem:55.44M (Peak 57.83M) | Time:00:00.03 | Mem:19.29M, Peak:19.29M | Scene, ViewLayer | Updating Scene BVH | Building BVH 0%
Fra:31 Mem:55.44M (Peak 57.83M) | Time:00:00.04 | Mem:20.70M, Peak:21.88M | Scene, ViewLayer | Updating Scene BVH | Copying BVH to device
Fra:31 Mem:55.44M (Peak 57.83M) | Time:00:00.04 | Mem:20.70M, Peak:21.88M | Scene, ViewLayer | Updating Mesh | Computing normals
Fra:31 Mem:56.48M (Peak 57.83M) | Time:00:00.04 | Mem:20.70M, Peak:21.88M | Scene, ViewLayer | Updating Mesh | Copying Mesh to device
Fra:31 Mem:56.48M (Peak 57.83M) | Time:00:00.04 | Mem:21.74M, Peak:21.88M | Scene, ViewLayer | Updating Objects Flags
Fra:31 Mem:56.48M (Peak 57.83M) | Time:00:00.04 | Mem:21.74M, Peak:21.88M | Scene, ViewLayer | Updating Primitive Offsets
Fra:31 Mem:56.48M (Peak 57.83M) | Time:00:00.04 | Mem:21.74M, Peak:21.88M | Scene, ViewLayer | Updating Images
Fra:31 Mem:56.48M (Peak 57.83M) | Time:00:00.04 | Mem:21.74M, Peak:21.88M | Scene, ViewLayer | Updating Camera Volume
Fra:31 Mem:56.48M (Peak 57.83M) | Time:00:00.04 | Mem:21.74M, Peak:21.88M | Scene, ViewLayer | Updating Lookup Tables
Fra:31 Mem:56.48M (Peak 57.83M) | Time:00:00.04 | Mem:21.82M, Peak:21.88M | Scene, ViewLayer | Updating Lights
Fra:31 Mem:56.48M (Peak 57.83M) | Time:00:00.04 | Mem:21.82M, Peak:21.88M | Scene, ViewLayer | Updating Lights | Computing tree
Fra:31 Mem:56.48M (Peak 57.83M) | Time:00:00.04 | Mem:21.82M, Peak:21.88M | Scene, ViewLayer | Updating Integrator
Fra:31 Mem:56.48M (Peak 57.83M) | Time:00:00.04 | Mem:21.82M, Peak:21.88M | Scene, ViewLayer | Updating Film
Fra:31 Mem:56.49M (Peak 57.83M) | Time:00:00.04 | Mem:21.74M, Peak:21.88M | Scene, ViewLayer | Updating Lookup Tables
Fra:31 Mem:56.49M (Peak 57.83M) | Time:00:00.04 | Mem:21.82M, Peak:21.88M | Scene, ViewLayer | Updating Baking
Fra:31 Mem:56.49M (Peak 57.83M) | Time:00:00.04 | Mem:21.82M, Peak:21.88M | Scene, ViewLayer | Updating Device | Writing constant memory
Fra:31 Mem:56.49M (Peak 57.83M) | Time:00:00.04 | Mem:21.82M, Peak:21.88M | Scene, ViewLayer | Loading denoising kernels (may take a few minutes the first time)
Fra:31 Mem:56.49M (Peak 57.83M) | Time:00:00.04 | Mem:21.82M, Peak:21.88M | Scene, ViewLayer | Sample 0/16
Fra:31 Mem:92.10M (Peak 92.10M) | Time:00:00.12 | Remaining:00:01.28 | Mem:57.17M, Peak:57.17M | Scene, ViewLayer | Sample 1/16
Fra:31 Mem:106.98M (Peak 129.30M) | Time:00:03.04 | Mem:57.17M, Peak:57.17M | Scene, ViewLayer | Sample 16/16
Fra:31 Mem:106.98M (Peak 129.30M) | Time:00:03.04 | Mem:57.17M, Peak:57.17M | Scene, ViewLayer | Finished
Saved: 'C:\Users\turbo08\findthem\apps\mobile\assets\avatar\rebuild-v2\whole-front-half.png'
Time: 00:03.09 (Saving: 00:00.05)

Fra:61 Mem:35.20M (Peak 35.20M) | Time:00:00.00 | Mem:0.00M, Peak:0.00M | Scene, ViewLayer | Synchronizing object | WholeBody
Fra:61 Mem:35.21M (Peak 35.21M) | Time:00:00.00 | Mem:0.00M, Peak:0.00M | Scene, ViewLayer | Synchronizing object | Area.001
Fra:61 Mem:35.36M (Peak 35.36M) | Time:00:00.00 | Mem:0.00M, Peak:0.00M | Scene, ViewLayer | Synchronizing object | Area
Fra:61 Mem:39.86M (Peak 40.39M) | Time:00:00.01 | Mem:0.00M, Peak:0.00M | Scene, ViewLayer | Initializing
Fra:61 Mem:37.80M (Peak 40.39M) | Time:00:00.01 | Mem:0.00M, Peak:0.00M | Scene, ViewLayer | Updating Images | Loading Image_2
Fra:61 Mem:37.80M (Peak 40.39M) | Time:00:00.01 | Mem:0.00M, Peak:0.00M | Scene, ViewLayer | Updating Images | Loading Image_0.001
Fra:61 Mem:41.80M (Peak 41.80M) | Time:00:00.01 | Mem:0.00M, Peak:0.00M | Scene, ViewLayer | Updating Images | Loading Image_2.001
Fra:61 Mem:53.13M (Peak 57.83M) | Time:00:00.03 | Mem:16.00M, Peak:16.00M | Scene, ViewLayer | Waiting for render to start
Fra:61 Mem:53.13M (Peak 57.83M) | Time:00:00.03 | Mem:16.00M, Peak:16.00M | Scene, ViewLayer | Updating Scene
Fra:61 Mem:53.13M (Peak 57.83M) | Time:00:00.03 | Mem:16.00M, Peak:16.00M | Scene, ViewLayer | Updating Shaders
Fra:61 Mem:53.13M (Peak 57.83M) | Time:00:00.03 | Mem:16.00M, Peak:16.00M | Scene, ViewLayer | Loading render kernels (may take a few minutes the first time)
Fra:61 Mem:53.22M (Peak 57.83M) | Time:00:00.03 | Mem:16.00M, Peak:16.00M | Scene, ViewLayer | Updating Procedurals
Fra:61 Mem:53.22M (Peak 57.83M) | Time:00:00.03 | Mem:16.00M, Peak:16.00M | Scene, ViewLayer | Updating Background
Fra:61 Mem:53.22M (Peak 57.83M) | Time:00:00.03 | Mem:16.00M, Peak:16.00M | Scene, ViewLayer | Updating Camera
Fra:61 Mem:53.22M (Peak 57.83M) | Time:00:00.03 | Mem:16.00M, Peak:16.00M | Scene, ViewLayer | Updating Meshes Flags
Fra:61 Mem:53.22M (Peak 57.83M) | Time:00:00.03 | Mem:16.00M, Peak:16.00M | Scene, ViewLayer | Updating Objects
Fra:61 Mem:53.22M (Peak 57.83M) | Time:00:00.03 | Mem:16.00M, Peak:16.00M | Scene, ViewLayer | Updating Objects | Copying Transformations to device
Fra:61 Mem:53.22M (Peak 57.83M) | Time:00:00.03 | Mem:16.01M, Peak:16.01M | Scene, ViewLayer | Updating Particle Systems
Fra:61 Mem:53.22M (Peak 57.83M) | Time:00:00.03 | Mem:16.01M, Peak:16.01M | Scene, ViewLayer | Updating Particle Systems | Copying Particles to device
Fra:61 Mem:53.22M (Peak 57.83M) | Time:00:00.03 | Mem:16.01M, Peak:16.01M | Scene, ViewLayer | Updating Meshes
Fra:61 Mem:53.34M (Peak 57.83M) | Time:00:00.03 | Mem:16.01M, Peak:16.01M | Scene, ViewLayer | Updating Objects | Applying Static Transformations
Fra:61 Mem:53.34M (Peak 57.83M) | Time:00:00.03 | Mem:16.01M, Peak:16.01M | Scene, ViewLayer | Updating Mesh | Computing attributes
Fra:61 Mem:55.44M (Peak 57.83M) | Time:00:00.03 | Mem:16.01M, Peak:16.01M | Scene, ViewLayer | Updating Mesh | Copying Attributes to device
Fra:61 Mem:55.44M (Peak 57.83M) | Time:00:00.03 | Mem:18.11M, Peak:18.11M | Scene, ViewLayer | Updating Scene BVH | Building
Fra:61 Mem:55.44M (Peak 57.83M) | Time:00:00.03 | Mem:18.11M, Peak:18.11M | Scene, ViewLayer | Updating Scene BVH | Building BVH
Fra:61 Mem:55.44M (Peak 57.83M) | Time:00:00.03 | Mem:19.29M, Peak:19.29M | Scene, ViewLayer | Updating Scene BVH | Building BVH 0%
Fra:61 Mem:55.44M (Peak 57.83M) | Time:00:00.04 | Mem:20.70M, Peak:21.88M | Scene, ViewLayer | Updating Scene BVH | Copying BVH to device
Fra:61 Mem:55.44M (Peak 57.83M) | Time:00:00.04 | Mem:20.70M, Peak:21.88M | Scene, ViewLayer | Updating Mesh | Computing normals
Fra:61 Mem:56.48M (Peak 57.83M) | Time:00:00.04 | Mem:20.70M, Peak:21.88M | Scene, ViewLayer | Updating Mesh | Copying Mesh to device
Fra:61 Mem:56.48M (Peak 57.83M) | Time:00:00.04 | Mem:21.74M, Peak:21.88M | Scene, ViewLayer | Updating Objects Flags
Fra:61 Mem:56.48M (Peak 57.83M) | Time:00:00.04 | Mem:21.74M, Peak:21.88M | Scene, ViewLayer | Updating Primitive Offsets
Fra:61 Mem:56.48M (Peak 57.83M) | Time:00:00.04 | Mem:21.74M, Peak:21.88M | Scene, ViewLayer | Updating Images
Fra:61 Mem:56.48M (Peak 57.83M) | Time:00:00.04 | Mem:21.74M, Peak:21.88M | Scene, ViewLayer | Updating Camera Volume
Fra:61 Mem:56.48M (Peak 57.83M) | Time:00:00.04 | Mem:21.74M, Peak:21.88M | Scene, ViewLayer | Updating Lookup Tables
Fra:61 Mem:56.48M (Peak 57.83M) | Time:00:00.04 | Mem:21.82M, Peak:21.88M | Scene, ViewLayer | Updating Lights
Fra:61 Mem:56.48M (Peak 57.83M) | Time:00:00.04 | Mem:21.82M, Peak:21.88M | Scene, ViewLayer | Updating Lights | Computing tree
Fra:61 Mem:56.48M (Peak 57.83M) | Time:00:00.04 | Mem:21.82M, Peak:21.88M | Scene, ViewLayer | Updating Integrator
Fra:61 Mem:56.48M (Peak 57.83M) | Time:00:00.04 | Mem:21.82M, Peak:21.88M | Scene, ViewLayer | Updating Film
Fra:61 Mem:56.49M (Peak 57.83M) | Time:00:00.04 | Mem:21.74M, Peak:21.88M | Scene, ViewLayer | Updating Lookup Tables
Fra:61 Mem:56.49M (Peak 57.83M) | Time:00:00.04 | Mem:21.82M, Peak:21.88M | Scene, ViewLayer | Updating Baking
Fra:61 Mem:56.49M (Peak 57.83M) | Time:00:00.04 | Mem:21.82M, Peak:21.88M | Scene, ViewLayer | Updating Device | Writing constant memory
Fra:61 Mem:56.49M (Peak 57.83M) | Time:00:00.04 | Mem:21.82M, Peak:21.88M | Scene, ViewLayer | Loading denoising kernels (may take a few minutes the first time)
Fra:61 Mem:56.49M (Peak 57.83M) | Time:00:00.04 | Mem:21.82M, Peak:21.88M | Scene, ViewLayer | Sample 0/16
Fra:61 Mem:92.10M (Peak 92.10M) | Time:00:00.13 | Remaining:00:01.35 | Mem:57.17M, Peak:57.17M | Scene, ViewLayer | Sample 1/16
Fra:61 Mem:106.98M (Peak 129.30M) | Time:00:03.23 | Mem:57.17M, Peak:57.17M | Scene, ViewLayer | Sample 16/16
Fra:61 Mem:106.98M (Peak 129.30M) | Time:00:03.23 | Mem:57.17M, Peak:57.17M | Scene, ViewLayer | Finished
Saved: 'C:\Users\turbo08\findthem\apps\mobile\assets\avatar\rebuild-v2\whole-front-stand.png'
Time: 00:03.28 (Saving: 00:00.05)

Fra:1 Mem:35.20M (Peak 35.20M) | Time:00:00.00 | Mem:0.00M, Peak:0.00M | Scene, ViewLayer | Synchronizing object | WholeBody
Fra:1 Mem:35.21M (Peak 35.21M) | Time:00:00.00 | Mem:0.00M, Peak:0.00M | Scene, ViewLayer | Synchronizing object | Floor
Fra:1 Mem:35.21M (Peak 35.21M) | Time:00:00.00 | Mem:0.00M, Peak:0.00M | Scene, ViewLayer | Synchronizing object | Area.001
Fra:1 Mem:39.86M (Peak 40.39M) | Time:00:00.00 | Mem:0.00M, Peak:0.00M | Scene, ViewLayer | Initializing
Fra:1 Mem:37.80M (Peak 40.39M) | Time:00:00.00 | Mem:0.00M, Peak:0.00M | Scene, ViewLayer | Updating Images | Loading Image_2
Fra:1 Mem:37.80M (Peak 40.39M) | Time:00:00.00 | Mem:0.00M, Peak:0.00M | Scene, ViewLayer | Updating Images | Loading Image_0.001
Fra:1 Mem:37.80M (Peak 40.39M) | Time:00:00.00 | Mem:0.00M, Peak:0.00M | Scene, ViewLayer | Updating Images | Loading Image_0
Fra:1 Mem:41.80M (Peak 41.80M) | Time:00:00.00 | Mem:0.00M, Peak:0.00M | Scene, ViewLayer | Updating Images | Loading Image_2.001
Fra:1 Mem:53.13M (Peak 57.82M) | Time:00:00.03 | Mem:16.00M, Peak:16.00M | Scene, ViewLayer | Waiting for render to start
Fra:1 Mem:53.13M (Peak 57.82M) | Time:00:00.03 | Mem:16.00M, Peak:16.00M | Scene, ViewLayer | Updating Scene
Fra:1 Mem:53.13M (Peak 57.82M) | Time:00:00.03 | Mem:16.00M, Peak:16.00M | Scene, ViewLayer | Updating Shaders
Fra:1 Mem:53.13M (Peak 57.82M) | Time:00:00.03 | Mem:16.00M, Peak:16.00M | Scene, ViewLayer | Loading render kernels (may take a few minutes the first time)
Fra:1 Mem:53.22M (Peak 57.82M) | Time:00:00.03 | Mem:16.00M, Peak:16.00M | Scene, ViewLayer | Updating Procedurals
Fra:1 Mem:53.22M (Peak 57.82M) | Time:00:00.03 | Mem:16.00M, Peak:16.00M | Scene, ViewLayer | Updating Background
Fra:1 Mem:53.22M (Peak 57.82M) | Time:00:00.03 | Mem:16.00M, Peak:16.00M | Scene, ViewLayer | Updating Camera
Fra:1 Mem:53.22M (Peak 57.82M) | Time:00:00.03 | Mem:16.00M, Peak:16.00M | Scene, ViewLayer | Updating Meshes Flags
Fra:1 Mem:53.22M (Peak 57.82M) | Time:00:00.03 | Mem:16.00M, Peak:16.00M | Scene, ViewLayer | Updating Objects
Fra:1 Mem:53.22M (Peak 57.82M) | Time:00:00.03 | Mem:16.00M, Peak:16.00M | Scene, ViewLayer | Updating Objects | Copying Transformations to device
Fra:1 Mem:53.22M (Peak 57.82M) | Time:00:00.03 | Mem:16.01M, Peak:16.01M | Scene, ViewLayer | Updating Particle Systems
Fra:1 Mem:53.22M (Peak 57.82M) | Time:00:00.03 | Mem:16.01M, Peak:16.01M | Scene, ViewLayer | Updating Particle Systems | Copying Particles to device
Fra:1 Mem:53.22M (Peak 57.82M) | Time:00:00.03 | Mem:16.01M, Peak:16.01M | Scene, ViewLayer | Updating Meshes
Fra:1 Mem:53.34M (Peak 57.82M) | Time:00:00.03 | Mem:16.01M, Peak:16.01M | Scene, ViewLayer | Updating Objects | Applying Static Transformations
Fra:1 Mem:53.34M (Peak 57.82M) | Time:00:00.03 | Mem:16.01M, Peak:16.01M | Scene, ViewLayer | Updating Mesh | Computing attributes
Fra:1 Mem:55.44M (Peak 57.82M) | Time:00:00.03 | Mem:16.01M, Peak:16.01M | Scene, ViewLayer | Updating Mesh | Copying Attributes to device
Fra:1 Mem:55.44M (Peak 57.82M) | Time:00:00.03 | Mem:18.11M, Peak:18.11M | Scene, ViewLayer | Updating Scene BVH | Building
Fra:1 Mem:55.44M (Peak 57.82M) | Time:00:00.03 | Mem:18.11M, Peak:18.11M | Scene, ViewLayer | Updating Scene BVH | Building BVH
Fra:1 Mem:55.44M (Peak 57.82M) | Time:00:00.03 | Mem:19.29M, Peak:19.29M | Scene, ViewLayer | Updating Scene BVH | Building BVH 0%
Fra:1 Mem:55.44M (Peak 57.82M) | Time:00:00.03 | Mem:20.70M, Peak:21.88M | Scene, ViewLayer | Updating Scene BVH | Copying BVH to device
Fra:1 Mem:55.44M (Peak 57.82M) | Time:00:00.03 | Mem:20.70M, Peak:21.88M | Scene, ViewLayer | Updating Mesh | Computing normals
Fra:1 Mem:56.48M (Peak 57.82M) | Time:00:00.03 | Mem:20.70M, Peak:21.88M | Scene, ViewLayer | Updating Mesh | Copying Mesh to device
Fra:1 Mem:56.48M (Peak 57.82M) | Time:00:00.03 | Mem:21.74M, Peak:21.88M | Scene, ViewLayer | Updating Objects Flags
Fra:1 Mem:56.48M (Peak 57.82M) | Time:00:00.03 | Mem:21.74M, Peak:21.88M | Scene, ViewLayer | Updating Primitive Offsets
Fra:1 Mem:56.48M (Peak 57.82M) | Time:00:00.03 | Mem:21.74M, Peak:21.88M | Scene, ViewLayer | Updating Images
Fra:1 Mem:56.48M (Peak 57.82M) | Time:00:00.03 | Mem:21.74M, Peak:21.88M | Scene, ViewLayer | Updating Camera Volume
Fra:1 Mem:56.48M (Peak 57.82M) | Time:00:00.03 | Mem:21.74M, Peak:21.88M | Scene, ViewLayer | Updating Lookup Tables
Fra:1 Mem:56.48M (Peak 57.82M) | Time:00:00.03 | Mem:21.82M, Peak:21.88M | Scene, ViewLayer | Updating Lights
Fra:1 Mem:56.48M (Peak 57.82M) | Time:00:00.03 | Mem:21.82M, Peak:21.88M | Scene, ViewLayer | Updating Lights | Computing tree
Fra:1 Mem:56.48M (Peak 57.82M) | Time:00:00.03 | Mem:21.82M, Peak:21.88M | Scene, ViewLayer | Updating Integrator
Fra:1 Mem:56.48M (Peak 57.82M) | Time:00:00.03 | Mem:21.82M, Peak:21.88M | Scene, ViewLayer | Updating Film
Fra:1 Mem:56.49M (Peak 57.82M) | Time:00:00.03 | Mem:21.74M, Peak:21.88M | Scene, ViewLayer | Updating Lookup Tables
Fra:1 Mem:56.49M (Peak 57.82M) | Time:00:00.03 | Mem:21.82M, Peak:21.88M | Scene, ViewLayer | Updating Baking
Fra:1 Mem:56.49M (Peak 57.82M) | Time:00:00.03 | Mem:21.82M, Peak:21.88M | Scene, ViewLayer | Updating Device | Writing constant memory
Fra:1 Mem:56.49M (Peak 57.82M) | Time:00:00.03 | Mem:21.82M, Peak:21.88M | Scene, ViewLayer | Loading denoising kernels (may take a few minutes the first time)
Fra:1 Mem:56.49M (Peak 57.82M) | Time:00:00.04 | Mem:21.82M, Peak:21.88M | Scene, ViewLayer | Sample 0/16
Fra:1 Mem:92.10M (Peak 92.10M) | Time:00:00.14 | Remaining:00:01.50 | Mem:57.17M, Peak:57.17M | Scene, ViewLayer | Sample 1/16
Fra:1 Mem:106.98M (Peak 129.30M) | Time:00:03.39 | Mem:57.17M, Peak:57.17M | Scene, ViewLayer | Sample 16/16
Fra:1 Mem:106.98M (Peak 129.30M) | Time:00:03.39 | Mem:57.17M, Peak:57.17M | Scene, ViewLayer | Finished
Saved: 'C:\Users\turbo08\findthem\apps\mobile\assets\avatar\rebuild-v2\whole-back-sit.png'
Time: 00:03.45 (Saving: 00:00.05)

Fra:31 Mem:35.20M (Peak 35.20M) | Time:00:00.00 | Mem:0.00M, Peak:0.00M | Scene, ViewLayer | Synchronizing object | WholeBody
Fra:31 Mem:35.21M (Peak 35.21M) | Time:00:00.00 | Mem:0.00M, Peak:0.00M | Scene, ViewLayer | Synchronizing object | Floor
Fra:31 Mem:35.21M (Peak 35.21M) | Time:00:00.00 | Mem:0.00M, Peak:0.00M | Scene, ViewLayer | Synchronizing object | Area.001
Fra:31 Mem:39.86M (Peak 40.39M) | Time:00:00.00 | Mem:0.00M, Peak:0.00M | Scene, ViewLayer | Initializing
Fra:31 Mem:37.80M (Peak 40.39M) | Time:00:00.00 | Mem:0.00M, Peak:0.00M | Scene, ViewLayer | Updating Images | Loading Image_2
Fra:31 Mem:37.80M (Peak 40.39M) | Time:00:00.00 | Mem:0.00M, Peak:0.00M | Scene, ViewLayer | Updating Images | Loading Image_0.001
Fra:31 Mem:41.80M (Peak 41.80M) | Time:00:00.00 | Mem:0.00M, Peak:0.00M | Scene, ViewLayer | Updating Images | Loading Image_0
Fra:31 Mem:53.13M (Peak 57.82M) | Time:00:00.03 | Mem:16.00M, Peak:16.00M | Scene, ViewLayer | Waiting for render to start
Fra:31 Mem:53.13M (Peak 57.82M) | Time:00:00.03 | Mem:16.00M, Peak:16.00M | Scene, ViewLayer | Updating Scene
Fra:31 Mem:53.13M (Peak 57.82M) | Time:00:00.03 | Mem:16.00M, Peak:16.00M | Scene, ViewLayer | Updating Shaders
Fra:31 Mem:53.13M (Peak 57.82M) | Time:00:00.03 | Mem:16.00M, Peak:16.00M | Scene, ViewLayer | Loading render kernels (may take a few minutes the first time)
Fra:31 Mem:53.22M (Peak 57.82M) | Time:00:00.03 | Mem:16.00M, Peak:16.00M | Scene, ViewLayer | Updating Procedurals
Fra:31 Mem:53.22M (Peak 57.82M) | Time:00:00.03 | Mem:16.00M, Peak:16.00M | Scene, ViewLayer | Updating Background
Fra:31 Mem:53.22M (Peak 57.82M) | Time:00:00.03 | Mem:16.00M, Peak:16.00M | Scene, ViewLayer | Updating Camera
Fra:31 Mem:53.22M (Peak 57.82M) | Time:00:00.03 | Mem:16.00M, Peak:16.00M | Scene, ViewLayer | Updating Meshes Flags
Fra:31 Mem:53.22M (Peak 57.82M) | Time:00:00.03 | Mem:16.00M, Peak:16.00M | Scene, ViewLayer | Updating Objects
Fra:31 Mem:53.22M (Peak 57.82M) | Time:00:00.03 | Mem:16.00M, Peak:16.00M | Scene, ViewLayer | Updating Objects | Copying Transformations to device
Fra:31 Mem:53.22M (Peak 57.82M) | Time:00:00.03 | Mem:16.01M, Peak:16.01M | Scene, ViewLayer | Updating Particle Systems
Fra:31 Mem:53.22M (Peak 57.82M) | Time:00:00.03 | Mem:16.01M, Peak:16.01M | Scene, ViewLayer | Updating Particle Systems | Copying Particles to device
Fra:31 Mem:53.22M (Peak 57.82M) | Time:00:00.03 | Mem:16.01M, Peak:16.01M | Scene, ViewLayer | Updating Meshes
Fra:31 Mem:53.34M (Peak 57.82M) | Time:00:00.03 | Mem:16.01M, Peak:16.01M | Scene, ViewLayer | Updating Objects | Applying Static Transformations
Fra:31 Mem:53.34M (Peak 57.82M) | Time:00:00.03 | Mem:16.01M, Peak:16.01M | Scene, ViewLayer | Updating Mesh | Computing attributes
Fra:31 Mem:55.44M (Peak 57.82M) | Time:00:00.03 | Mem:16.01M, Peak:16.01M | Scene, ViewLayer | Updating Mesh | Copying Attributes to device
Fra:31 Mem:55.44M (Peak 57.82M) | Time:00:00.03 | Mem:18.11M, Peak:18.11M | Scene, ViewLayer | Updating Scene BVH | Building
Fra:31 Mem:55.44M (Peak 57.82M) | Time:00:00.03 | Mem:18.11M, Peak:18.11M | Scene, ViewLayer | Updating Scene BVH | Building BVH
Fra:31 Mem:55.44M (Peak 57.82M) | Time:00:00.03 | Mem:19.29M, Peak:19.29M | Scene, ViewLayer | Updating Scene BVH | Building BVH 0%
Fra:31 Mem:55.44M (Peak 57.82M) | Time:00:00.03 | Mem:20.70M, Peak:21.88M | Scene, ViewLayer | Updating Scene BVH | Copying BVH to device
Fra:31 Mem:55.44M (Peak 57.82M) | Time:00:00.03 | Mem:20.70M, Peak:21.88M | Scene, ViewLayer | Updating Mesh | Computing normals
Fra:31 Mem:56.48M (Peak 57.82M) | Time:00:00.03 | Mem:20.70M, Peak:21.88M | Scene, ViewLayer | Updating Mesh | Copying Mesh to device
Fra:31 Mem:56.48M (Peak 57.82M) | Time:00:00.03 | Mem:21.74M, Peak:21.88M | Scene, ViewLayer | Updating Objects Flags
Fra:31 Mem:56.48M (Peak 57.82M) | Time:00:00.03 | Mem:21.74M, Peak:21.88M | Scene, ViewLayer | Updating Primitive Offsets
Fra:31 Mem:56.48M (Peak 57.82M) | Time:00:00.03 | Mem:21.74M, Peak:21.88M | Scene, ViewLayer | Updating Images
Fra:31 Mem:56.48M (Peak 57.82M) | Time:00:00.03 | Mem:21.74M, Peak:21.88M | Scene, ViewLayer | Updating Camera Volume
Fra:31 Mem:56.48M (Peak 57.82M) | Time:00:00.03 | Mem:21.74M, Peak:21.88M | Scene, ViewLayer | Updating Lookup Tables
Fra:31 Mem:56.48M (Peak 57.82M) | Time:00:00.03 | Mem:21.82M, Peak:21.88M | Scene, ViewLayer | Updating Lights
Fra:31 Mem:56.48M (Peak 57.82M) | Time:00:00.03 | Mem:21.82M, Peak:21.88M | Scene, ViewLayer | Updating Lights | Computing tree
Fra:31 Mem:56.48M (Peak 57.82M) | Time:00:00.03 | Mem:21.82M, Peak:21.88M | Scene, ViewLayer | Updating Integrator
Fra:31 Mem:56.48M (Peak 57.82M) | Time:00:00.03 | Mem:21.82M, Peak:21.88M | Scene, ViewLayer | Updating Film
Fra:31 Mem:56.49M (Peak 57.82M) | Time:00:00.03 | Mem:21.74M, Peak:21.88M | Scene, ViewLayer | Updating Lookup Tables
Fra:31 Mem:56.49M (Peak 57.82M) | Time:00:00.03 | Mem:21.82M, Peak:21.88M | Scene, ViewLayer | Updating Baking
Fra:31 Mem:56.49M (Peak 57.82M) | Time:00:00.03 | Mem:21.82M, Peak:21.88M | Scene, ViewLayer | Updating Device | Writing constant memory
Fra:31 Mem:56.49M (Peak 57.82M) | Time:00:00.03 | Mem:21.82M, Peak:21.88M | Scene, ViewLayer | Loading denoising kernels (may take a few minutes the first time)
Fra:31 Mem:56.49M (Peak 57.82M) | Time:00:00.03 | Mem:21.82M, Peak:21.88M | Scene, ViewLayer | Sample 0/16
Fra:31 Mem:92.10M (Peak 92.10M) | Time:00:00.14 | Remaining:00:01.51 | Mem:57.17M, Peak:57.17M | Scene, ViewLayer | Sample 1/16
Fra:31 Mem:106.98M (Peak 129.30M) | Time:00:03.32 | Mem:57.17M, Peak:57.17M | Scene, ViewLayer | Sample 16/16
Fra:31 Mem:106.98M (Peak 129.30M) | Time:00:03.32 | Mem:57.17M, Peak:57.17M | Scene, ViewLayer | Finished
Saved: 'C:\Users\turbo08\findthem\apps\mobile\assets\avatar\rebuild-v2\whole-back-half.png'
Time: 00:03.36 (Saving: 00:00.04)

Fra:61 Mem:35.20M (Peak 35.20M) | Time:00:00.00 | Mem:0.00M, Peak:0.00M | Scene, ViewLayer | Synchronizing object | WholeBody
Fra:61 Mem:35.21M (Peak 35.21M) | Time:00:00.00 | Mem:0.00M, Peak:0.00M | Scene, ViewLayer | Synchronizing object | Area.001
Fra:61 Mem:35.21M (Peak 35.21M) | Time:00:00.00 | Mem:0.00M, Peak:0.00M | Scene, ViewLayer | Synchronizing object | Area
Fra:61 Mem:35.21M (Peak 35.21M) | Time:00:00.00 | Mem:0.00M, Peak:0.00M | Scene, ViewLayer | Synchronizing object | Original_Object_32
Fra:61 Mem:35.36M (Peak 35.36M) | Time:00:00.00 | Mem:0.00M, Peak:0.00M | Scene, ViewLayer | Synchronizing object | Floor
Fra:61 Mem:39.86M (Peak 40.39M) | Time:00:00.00 | Mem:0.00M, Peak:0.00M | Scene, ViewLayer | Initializing
Fra:61 Mem:37.80M (Peak 40.39M) | Time:00:00.00 | Mem:0.00M, Peak:0.00M | Scene, ViewLayer | Updating Images | Loading Image_2
Fra:61 Mem:37.80M (Peak 40.39M) | Time:00:00.00 | Mem:0.00M, Peak:0.00M | Scene, ViewLayer | Updating Images | Loading Image_0.001
Fra:61 Mem:41.80M (Peak 41.80M) | Time:00:00.00 | Mem:0.00M, Peak:0.00M | Scene, ViewLayer | Updating Images | Loading Image_1
Fra:61 Mem:53.13M (Peak 61.83M) | Time:00:00.03 | Mem:16.00M, Peak:16.00M | Scene, ViewLayer | Waiting for render to start
Fra:61 Mem:53.13M (Peak 61.83M) | Time:00:00.03 | Mem:16.00M, Peak:16.00M | Scene, ViewLayer | Updating Scene
Fra:61 Mem:53.13M (Peak 61.83M) | Time:00:00.03 | Mem:16.00M, Peak:16.00M | Scene, ViewLayer | Updating Shaders
Fra:61 Mem:53.13M (Peak 61.83M) | Time:00:00.03 | Mem:16.00M, Peak:16.00M | Scene, ViewLayer | Loading render kernels (may take a few minutes the first time)
Fra:61 Mem:53.22M (Peak 61.83M) | Time:00:00.03 | Mem:16.00M, Peak:16.00M | Scene, ViewLayer | Updating Procedurals
Fra:61 Mem:53.22M (Peak 61.83M) | Time:00:00.03 | Mem:16.00M, Peak:16.00M | Scene, ViewLayer | Updating Background
Fra:61 Mem:53.22M (Peak 61.83M) | Time:00:00.03 | Mem:16.00M, Peak:16.00M | Scene, ViewLayer | Updating Camera
Fra:61 Mem:53.22M (Peak 61.83M) | Time:00:00.03 | Mem:16.00M, Peak:16.00M | Scene, ViewLayer | Updating Meshes Flags
Fra:61 Mem:53.22M (Peak 61.83M) | Time:00:00.03 | Mem:16.00M, Peak:16.00M | Scene, ViewLayer | Updating Objects
Fra:61 Mem:53.22M (Peak 61.83M) | Time:00:00.03 | Mem:16.00M, Peak:16.00M | Scene, ViewLayer | Updating Objects | Copying Transformations to device
Fra:61 Mem:53.22M (Peak 61.83M) | Time:00:00.03 | Mem:16.01M, Peak:16.01M | Scene, ViewLayer | Updating Particle Systems
Fra:61 Mem:53.22M (Peak 61.83M) | Time:00:00.03 | Mem:16.01M, Peak:16.01M | Scene, ViewLayer | Updating Particle Systems | Copying Particles to device
Fra:61 Mem:53.22M (Peak 61.83M) | Time:00:00.03 | Mem:16.01M, Peak:16.01M | Scene, ViewLayer | Updating Meshes
Fra:61 Mem:53.34M (Peak 61.83M) | Time:00:00.03 | Mem:16.01M, Peak:16.01M | Scene, ViewLayer | Updating Objects | Applying Static Transformations
Fra:61 Mem:53.34M (Peak 61.83M) | Time:00:00.03 | Mem:16.01M, Peak:16.01M | Scene, ViewLayer | Updating Mesh | Computing attributes
Fra:61 Mem:55.44M (Peak 61.83M) | Time:00:00.03 | Mem:16.01M, Peak:16.01M | Scene, ViewLayer | Updating Mesh | Copying Attributes to device
Fra:61 Mem:55.44M (Peak 61.83M) | Time:00:00.04 | Mem:18.11M, Peak:18.11M | Scene, ViewLayer | Updating Scene BVH | Building
Fra:61 Mem:55.44M (Peak 61.83M) | Time:00:00.04 | Mem:18.11M, Peak:18.11M | Scene, ViewLayer | Updating Scene BVH | Building BVH
Fra:61 Mem:55.44M (Peak 61.83M) | Time:00:00.04 | Mem:19.29M, Peak:19.29M | Scene, ViewLayer | Updating Scene BVH | Building BVH 0%
Fra:61 Mem:55.44M (Peak 61.83M) | Time:00:00.04 | Mem:20.70M, Peak:21.88M | Scene, ViewLayer | Updating Scene BVH | Copying BVH to device
Fra:61 Mem:55.44M (Peak 61.83M) | Time:00:00.04 | Mem:20.70M, Peak:21.88M | Scene, ViewLayer | Updating Mesh | Computing normals
Fra:61 Mem:56.48M (Peak 61.83M) | Time:00:00.04 | Mem:20.70M, Peak:21.88M | Scene, ViewLayer | Updating Mesh | Copying Mesh to device
Fra:61 Mem:56.48M (Peak 61.83M) | Time:00:00.04 | Mem:21.74M, Peak:21.88M | Scene, ViewLayer | Updating Objects Flags
Fra:61 Mem:56.48M (Peak 61.83M) | Time:00:00.04 | Mem:21.74M, Peak:21.88M | Scene, ViewLayer | Updating Primitive Offsets
Fra:61 Mem:56.48M (Peak 61.83M) | Time:00:00.04 | Mem:21.74M, Peak:21.88M | Scene, ViewLayer | Updating Images
Fra:61 Mem:56.48M (Peak 61.83M) | Time:00:00.04 | Mem:21.74M, Peak:21.88M | Scene, ViewLayer | Updating Camera Volume
Fra:61 Mem:56.48M (Peak 61.83M) | Time:00:00.04 | Mem:21.74M, Peak:21.88M | Scene, ViewLayer | Updating Lookup Tables
Fra:61 Mem:56.48M (Peak 61.83M) | Time:00:00.04 | Mem:21.82M, Peak:21.88M | Scene, ViewLayer | Updating Lights
Fra:61 Mem:56.48M (Peak 61.83M) | Time:00:00.04 | Mem:21.82M, Peak:21.88M | Scene, ViewLayer | Updating Lights | Computing tree
Fra:61 Mem:56.48M (Peak 61.83M) | Time:00:00.04 | Mem:21.82M, Peak:21.88M | Scene, ViewLayer | Updating Integrator
Fra:61 Mem:56.48M (Peak 61.83M) | Time:00:00.04 | Mem:21.82M, Peak:21.88M | Scene, ViewLayer | Updating Film
Fra:61 Mem:56.49M (Peak 61.83M) | Time:00:00.04 | Mem:21.74M, Peak:21.88M | Scene, ViewLayer | Updating Lookup Tables
Fra:61 Mem:56.49M (Peak 61.83M) | Time:00:00.04 | Mem:21.82M, Peak:21.88M | Scene, ViewLayer | Updating Baking
Fra:61 Mem:56.49M (Peak 61.83M) | Time:00:00.04 | Mem:21.82M, Peak:21.88M | Scene, ViewLayer | Updating Device | Writing constant memory
Fra:61 Mem:56.49M (Peak 61.83M) | Time:00:00.04 | Mem:21.82M, Peak:21.88M | Scene, ViewLayer | Loading denoising kernels (may take a few minutes the first time)
Fra:61 Mem:56.49M (Peak 61.83M) | Time:00:00.04 | Mem:21.82M, Peak:21.88M | Scene, ViewLayer | Sample 0/16
Fra:61 Mem:92.10M (Peak 92.10M) | Time:00:00.15 | Remaining:00:01.57 | Mem:57.17M, Peak:57.17M | Scene, ViewLayer | Sample 1/16
Fra:61 Mem:106.98M (Peak 129.30M) | Time:00:03.28 | Mem:57.17M, Peak:57.17M | Scene, ViewLayer | Sample 16/16
Fra:61 Mem:106.98M (Peak 129.30M) | Time:00:03.28 | Mem:57.17M, Peak:57.17M | Scene, ViewLayer | Finished
Saved: 'C:\Users\turbo08\findthem\apps\mobile\assets\avatar\rebuild-v2\whole-back-stand.png'
Time: 00:03.33 (Saving: 00:00.04)

BlenderMCP: cannot start server in background mode (blender -b) - commands would never execute
BlenderMCP: run Blender with a GUI, or use a virtual display: xvfb-run -a blender
BlenderMCP addon registered
Info: Saved as "wholebody-rig-trial.blend"
WHOLEBODY_TRIAL_COMPLETE
BlenderMCP server stopped
BlenderMCP addon unregistered

Blender quit
