Blender 4.5.10 LTS (hash 6dc0b208d1b5 built 2026-05-19 01:33:42)
Fra:1 Mem:10.57M (Peak 10.57M) | Time:00:00.00 | Mem:0.00M, Peak:0.00M | Scene, ViewLayer | Synchronizing object | Seated_Haunch_Sculpt_Target
Fra:1 Mem:10.57M (Peak 10.57M) | Time:00:00.00 | Mem:0.00M, Peak:0.00M | Scene, ViewLayer | Synchronizing object | Ground
Fra:1 Mem:11.19M (Peak 11.19M) | Time:00:00.00 | Mem:0.00M, Peak:0.00M | Scene, ViewLayer | Synchronizing object | Area.001
Fra:1 Mem:14.23M (Peak 14.64M) | Time:00:00.00 | Mem:0.00M, Peak:0.00M | Scene, ViewLayer | Initializing
Fra:1 Mem:14.06M (Peak 14.64M) | Time:00:00.00 | Mem:0.00M, Peak:0.00M | Scene, ViewLayer | Waiting for render to start
Fra:1 Mem:14.06M (Peak 14.64M) | Time:00:00.00 | Mem:0.00M, Peak:0.00M | Scene, ViewLayer | Updating Scene
Fra:1 Mem:14.06M (Peak 14.64M) | Time:00:00.00 | Mem:0.00M, Peak:0.00M | Scene, ViewLayer | Updating Shaders
Fra:1 Mem:14.06M (Peak 14.64M) | Time:00:00.00 | Mem:0.00M, Peak:0.00M | Scene, ViewLayer | Loading render kernels (may take a few minutes the first time)
Fra:1 Mem:14.14M (Peak 14.64M) | Time:00:00.00 | Mem:0.00M, Peak:0.00M | Scene, ViewLayer | Updating Procedurals
Fra:1 Mem:14.14M (Peak 14.64M) | Time:00:00.00 | Mem:0.00M, Peak:0.00M | Scene, ViewLayer | Updating Background
Fra:1 Mem:14.14M (Peak 14.64M) | Time:00:00.00 | Mem:0.00M, Peak:0.00M | Scene, ViewLayer | Updating Camera
Fra:1 Mem:14.14M (Peak 14.64M) | Time:00:00.00 | Mem:0.00M, Peak:0.00M | Scene, ViewLayer | Updating Meshes Flags
Fra:1 Mem:14.14M (Peak 14.64M) | Time:00:00.00 | Mem:0.00M, Peak:0.00M | Scene, ViewLayer | Updating Objects
Fra:1 Mem:14.14M (Peak 14.64M) | Time:00:00.00 | Mem:0.00M, Peak:0.00M | Scene, ViewLayer | Updating Objects | Copying Transformations to device
Fra:1 Mem:14.14M (Peak 14.64M) | Time:00:00.00 | Mem:0.00M, Peak:0.00M | Scene, ViewLayer | Updating Particle Systems
Fra:1 Mem:14.14M (Peak 14.64M) | Time:00:00.00 | Mem:0.00M, Peak:0.00M | Scene, ViewLayer | Updating Particle Systems | Copying Particles to device
Fra:1 Mem:14.14M (Peak 14.64M) | Time:00:00.00 | Mem:0.00M, Peak:0.00M | Scene, ViewLayer | Updating Meshes
Fra:1 Mem:14.14M (Peak 14.64M) | Time:00:00.00 | Mem:0.00M, Peak:0.00M | Scene, ViewLayer | Updating Objects | Applying Static Transformations
Fra:1 Mem:14.14M (Peak 14.64M) | Time:00:00.00 | Mem:0.00M, Peak:0.00M | Scene, ViewLayer | Updating Mesh | Computing attributes
Fra:1 Mem:14.14M (Peak 14.64M) | Time:00:00.00 | Mem:0.00M, Peak:0.00M | Scene, ViewLayer | Updating Mesh | Copying Attributes to device
Fra:1 Mem:14.14M (Peak 14.64M) | Time:00:00.00 | Mem:0.00M, Peak:0.00M | Scene, ViewLayer | Updating Scene BVH | Building
Fra:1 Mem:14.14M (Peak 14.64M) | Time:00:00.00 | Mem:0.00M, Peak:0.00M | Scene, ViewLayer | Updating Scene BVH | Building BVH
Fra:1 Mem:14.14M (Peak 14.64M) | Time:00:00.00 | Mem:1.65M, Peak:1.65M | Scene, ViewLayer | Updating Scene BVH | Building BVH 0%
Fra:1 Mem:14.14M (Peak 14.64M) | Time:00:00.01 | Mem:3.62M, Peak:5.26M | Scene, ViewLayer | Updating Scene BVH | Copying BVH to device
Fra:1 Mem:14.14M (Peak 14.64M) | Time:00:00.01 | Mem:3.62M, Peak:5.26M | Scene, ViewLayer | Updating Mesh | Computing normals
Fra:1 Mem:15.58M (Peak 15.58M) | Time:00:00.01 | Mem:3.62M, Peak:5.26M | Scene, ViewLayer | Updating Mesh | Copying Mesh to device
Fra:1 Mem:15.58M (Peak 15.58M) | Time:00:00.01 | Mem:5.06M, Peak:5.26M | Scene, ViewLayer | Updating Objects Flags
Fra:1 Mem:15.58M (Peak 15.58M) | Time:00:00.01 | Mem:5.06M, Peak:5.26M | Scene, ViewLayer | Updating Primitive Offsets
Fra:1 Mem:15.58M (Peak 15.58M) | Time:00:00.01 | Mem:5.06M, Peak:5.26M | Scene, ViewLayer | Updating Images
Fra:1 Mem:15.58M (Peak 15.58M) | Time:00:00.01 | Mem:5.06M, Peak:5.26M | Scene, ViewLayer | Updating Camera Volume
Fra:1 Mem:15.58M (Peak 15.58M) | Time:00:00.01 | Mem:5.06M, Peak:5.26M | Scene, ViewLayer | Updating Lookup Tables
Fra:1 Mem:15.58M (Peak 15.58M) | Time:00:00.01 | Mem:5.14M, Peak:5.26M | Scene, ViewLayer | Updating Lights
Fra:1 Mem:15.58M (Peak 15.58M) | Time:00:00.01 | Mem:5.14M, Peak:5.26M | Scene, ViewLayer | Updating Lights | Computing tree
Fra:1 Mem:15.58M (Peak 15.58M) | Time:00:00.01 | Mem:5.14M, Peak:5.26M | Scene, ViewLayer | Updating Integrator
Fra:1 Mem:15.58M (Peak 15.58M) | Time:00:00.01 | Mem:5.14M, Peak:5.26M | Scene, ViewLayer | Updating Film
Fra:1 Mem:15.59M (Peak 15.59M) | Time:00:00.01 | Mem:5.06M, Peak:5.26M | Scene, ViewLayer | Updating Lookup Tables
Fra:1 Mem:15.59M (Peak 15.59M) | Time:00:00.01 | Mem:5.14M, Peak:5.26M | Scene, ViewLayer | Updating Baking
Fra:1 Mem:15.59M (Peak 15.59M) | Time:00:00.01 | Mem:5.14M, Peak:5.26M | Scene, ViewLayer | Updating Device | Writing constant memory
Fra:1 Mem:15.59M (Peak 15.59M) | Time:00:00.01 | Mem:5.14M, Peak:5.26M | Scene, ViewLayer | Loading denoising kernels (may take a few minutes the first time)
Fra:1 Mem:15.59M (Peak 15.59M) | Time:00:00.01 | Mem:5.14M, Peak:5.26M | Scene, ViewLayer | Sample 0/24
Fra:1 Mem:53.44M (Peak 53.44M) | Time:00:00.12 | Remaining:00:02.53 | Mem:42.72M, Peak:42.72M | Scene, ViewLayer | Sample 1/24
Fra:1 Mem:69.26M (Peak 93.00M) | Time:00:07.89 | Mem:42.72M, Peak:42.72M | Scene, ViewLayer | Sample 24/24
Fra:1 Mem:69.26M (Peak 93.00M) | Time:00:07.89 | Mem:42.72M, Peak:42.72M | Scene, ViewLayer | Finished
Saved: 'C:\Users\turbo08\findthem\apps\mobile\assets\avatar\references\seated-haunch-target\side.png'
Time: 00:08.12 (Saving: 00:00.22)

Fra:1 Mem:12.53M (Peak 12.53M) | Time:00:00.00 | Mem:0.00M, Peak:0.00M | Scene, ViewLayer | Synchronizing object | Seated_Haunch_Sculpt_Target
Fra:1 Mem:12.53M (Peak 12.53M) | Time:00:00.00 | Mem:0.00M, Peak:0.00M | Scene, ViewLayer | Synchronizing object | Area
Fra:1 Mem:14.23M (Peak 14.64M) | Time:00:00.00 | Mem:0.00M, Peak:0.00M | Scene, ViewLayer | Initializing
Fra:1 Mem:14.06M (Peak 14.64M) | Time:00:00.00 | Mem:0.00M, Peak:0.00M | Scene, ViewLayer | Waiting for render to start
Fra:1 Mem:14.06M (Peak 14.64M) | Time:00:00.00 | Mem:0.00M, Peak:0.00M | Scene, ViewLayer | Updating Scene
Fra:1 Mem:14.06M (Peak 14.64M) | Time:00:00.00 | Mem:0.00M, Peak:0.00M | Scene, ViewLayer | Updating Shaders
Fra:1 Mem:14.06M (Peak 14.64M) | Time:00:00.00 | Mem:0.00M, Peak:0.00M | Scene, ViewLayer | Loading render kernels (may take a few minutes the first time)
Fra:1 Mem:14.14M (Peak 14.64M) | Time:00:00.00 | Mem:0.00M, Peak:0.00M | Scene, ViewLayer | Updating Procedurals
Fra:1 Mem:14.14M (Peak 14.64M) | Time:00:00.00 | Mem:0.00M, Peak:0.00M | Scene, ViewLayer | Updating Background
Fra:1 Mem:14.14M (Peak 14.64M) | Time:00:00.00 | Mem:0.00M, Peak:0.00M | Scene, ViewLayer | Updating Camera
Fra:1 Mem:14.14M (Peak 14.64M) | Time:00:00.00 | Mem:0.00M, Peak:0.00M | Scene, ViewLayer | Updating Meshes Flags
Fra:1 Mem:14.14M (Peak 14.64M) | Time:00:00.00 | Mem:0.00M, Peak:0.00M | Scene, ViewLayer | Updating Objects
Fra:1 Mem:14.14M (Peak 14.64M) | Time:00:00.00 | Mem:0.00M, Peak:0.00M | Scene, ViewLayer | Updating Objects | Copying Transformations to device
Fra:1 Mem:14.14M (Peak 14.64M) | Time:00:00.00 | Mem:0.00M, Peak:0.00M | Scene, ViewLayer | Updating Particle Systems
Fra:1 Mem:14.14M (Peak 14.64M) | Time:00:00.00 | Mem:0.00M, Peak:0.00M | Scene, ViewLayer | Updating Particle Systems | Copying Particles to device
Fra:1 Mem:14.14M (Peak 14.64M) | Time:00:00.00 | Mem:0.00M, Peak:0.00M | Scene, ViewLayer | Updating Meshes
Fra:1 Mem:14.14M (Peak 14.64M) | Time:00:00.00 | Mem:0.00M, Peak:0.00M | Scene, ViewLayer | Updating Objects | Applying Static Transformations
Fra:1 Mem:14.14M (Peak 14.64M) | Time:00:00.00 | Mem:0.00M, Peak:0.00M | Scene, ViewLayer | Updating Mesh | Computing attributes
Fra:1 Mem:14.14M (Peak 14.64M) | Time:00:00.00 | Mem:0.00M, Peak:0.00M | Scene, ViewLayer | Updating Mesh | Copying Attributes to device
Fra:1 Mem:14.14M (Peak 14.64M) | Time:00:00.00 | Mem:0.00M, Peak:0.00M | Scene, ViewLayer | Updating Scene BVH | Building
Fra:1 Mem:14.14M (Peak 14.64M) | Time:00:00.00 | Mem:0.00M, Peak:0.00M | Scene, ViewLayer | Updating Scene BVH | Building BVH
Fra:1 Mem:14.14M (Peak 14.64M) | Time:00:00.00 | Mem:1.65M, Peak:1.65M | Scene, ViewLayer | Updating Scene BVH | Building BVH 0%
Fra:1 Mem:14.14M (Peak 14.64M) | Time:00:00.00 | Mem:3.62M, Peak:5.26M | Scene, ViewLayer | Updating Scene BVH | Copying BVH to device
Fra:1 Mem:14.14M (Peak 14.64M) | Time:00:00.00 | Mem:3.62M, Peak:5.26M | Scene, ViewLayer | Updating Mesh | Computing normals
Fra:1 Mem:15.58M (Peak 15.58M) | Time:00:00.00 | Mem:3.62M, Peak:5.26M | Scene, ViewLayer | Updating Mesh | Copying Mesh to device
Fra:1 Mem:15.58M (Peak 15.58M) | Time:00:00.00 | Mem:5.06M, Peak:5.26M | Scene, ViewLayer | Updating Objects Flags
Fra:1 Mem:15.58M (Peak 15.58M) | Time:00:00.00 | Mem:5.06M, Peak:5.26M | Scene, ViewLayer | Updating Primitive Offsets
Fra:1 Mem:15.58M (Peak 15.58M) | Time:00:00.00 | Mem:5.06M, Peak:5.26M | Scene, ViewLayer | Updating Images
Fra:1 Mem:15.58M (Peak 15.58M) | Time:00:00.00 | Mem:5.06M, Peak:5.26M | Scene, ViewLayer | Updating Camera Volume
Fra:1 Mem:15.58M (Peak 15.58M) | Time:00:00.00 | Mem:5.06M, Peak:5.26M | Scene, ViewLayer | Updating Lookup Tables
Fra:1 Mem:15.58M (Peak 15.58M) | Time:00:00.00 | Mem:5.14M, Peak:5.26M | Scene, ViewLayer | Updating Lights
Fra:1 Mem:15.58M (Peak 15.58M) | Time:00:00.00 | Mem:5.14M, Peak:5.26M | Scene, ViewLayer | Updating Lights | Computing tree
Fra:1 Mem:15.58M (Peak 15.58M) | Time:00:00.00 | Mem:5.14M, Peak:5.26M | Scene, ViewLayer | Updating Integrator
Fra:1 Mem:15.58M (Peak 15.58M) | Time:00:00.00 | Mem:5.14M, Peak:5.26M | Scene, ViewLayer | Updating Film
Fra:1 Mem:15.59M (Peak 15.59M) | Time:00:00.00 | Mem:5.06M, Peak:5.26M | Scene, ViewLayer | Updating Lookup Tables
Fra:1 Mem:15.59M (Peak 15.59M) | Time:00:00.00 | Mem:5.14M, Peak:5.26M | Scene, ViewLayer | Updating Baking
Fra:1 Mem:15.59M (Peak 15.59M) | Time:00:00.00 | Mem:5.14M, Peak:5.26M | Scene, ViewLayer | Updating Device | Writing constant memory
Fra:1 Mem:15.59M (Peak 15.59M) | Time:00:00.00 | Mem:5.14M, Peak:5.26M | Scene, ViewLayer | Loading denoising kernels (may take a few minutes the first time)
Fra:1 Mem:15.59M (Peak 15.59M) | Time:00:00.00 | Mem:5.14M, Peak:5.26M | Scene, ViewLayer | Sample 0/24
Fra:1 Mem:53.44M (Peak 53.44M) | Time:00:00.23 | Remaining:00:05.24 | Mem:42.72M, Peak:42.72M | Scene, ViewLayer | Sample 1/24
Fra:1 Mem:69.26M (Peak 93.00M) | Time:00:08.54 | Mem:42.72M, Peak:42.72M | Scene, ViewLayer | Sample 24/24
Fra:1 Mem:69.26M (Peak 93.00M) | Time:00:08.54 | Mem:42.72M, Peak:42.72M | Scene, ViewLayer | Finished
Saved: 'C:\Users\turbo08\findthem\apps\mobile\assets\avatar\references\seated-haunch-target\back.png'
Time: 00:08.62 (Saving: 00:00.07)

Fra:1 Mem:12.53M (Peak 12.53M) | Time:00:00.00 | Mem:0.00M, Peak:0.00M | Scene, ViewLayer | Synchronizing object | Seated_Haunch_Sculpt_Target
Fra:1 Mem:13.82M (Peak 13.82M) | Time:00:00.00 | Mem:0.00M, Peak:0.00M | Scene, ViewLayer | Synchronizing object | Area
Fra:1 Mem:14.23M (Peak 14.23M) | Time:00:00.00 | Mem:0.00M, Peak:0.00M | Scene, ViewLayer | Synchronizing object | Area.001
Fra:1 Mem:14.23M (Peak 14.23M) | Time:00:00.00 | Mem:0.00M, Peak:0.00M | Scene, ViewLayer | Initializing
Fra:1 Mem:14.06M (Peak 14.23M) | Time:00:00.00 | Mem:0.00M, Peak:0.00M | Scene, ViewLayer | Waiting for render to start
Fra:1 Mem:14.06M (Peak 14.23M) | Time:00:00.00 | Mem:0.00M, Peak:0.00M | Scene, ViewLayer | Updating Scene
Fra:1 Mem:14.06M (Peak 14.23M) | Time:00:00.00 | Mem:0.00M, Peak:0.00M | Scene, ViewLayer | Updating Shaders
Fra:1 Mem:14.06M (Peak 14.23M) | Time:00:00.00 | Mem:0.00M, Peak:0.00M | Scene, ViewLayer | Loading render kernels (may take a few minutes the first time)
Fra:1 Mem:14.14M (Peak 14.23M) | Time:00:00.00 | Mem:0.00M, Peak:0.00M | Scene, ViewLayer | Updating Procedurals
Fra:1 Mem:14.14M (Peak 14.23M) | Time:00:00.00 | Mem:0.00M, Peak:0.00M | Scene, ViewLayer | Updating Background
Fra:1 Mem:14.14M (Peak 14.23M) | Time:00:00.00 | Mem:0.00M, Peak:0.00M | Scene, ViewLayer | Updating Camera
Fra:1 Mem:14.14M (Peak 14.23M) | Time:00:00.00 | Mem:0.00M, Peak:0.00M | Scene, ViewLayer | Updating Meshes Flags
Fra:1 Mem:14.14M (Peak 14.23M) | Time:00:00.00 | Mem:0.00M, Peak:0.00M | Scene, ViewLayer | Updating Objects
Fra:1 Mem:14.14M (Peak 14.23M) | Time:00:00.00 | Mem:0.00M, Peak:0.00M | Scene, ViewLayer | Updating Objects | Copying Transformations to device
Fra:1 Mem:14.14M (Peak 14.23M) | Time:00:00.00 | Mem:0.00M, Peak:0.00M | Scene, ViewLayer | Updating Particle Systems
Fra:1 Mem:14.14M (Peak 14.23M) | Time:00:00.00 | Mem:0.00M, Peak:0.00M | Scene, ViewLayer | Updating Particle Systems | Copying Particles to device
Fra:1 Mem:14.14M (Peak 14.23M) | Time:00:00.00 | Mem:0.00M, Peak:0.00M | Scene, ViewLayer | Updating Meshes
Fra:1 Mem:14.14M (Peak 14.23M) | Time:00:00.00 | Mem:0.00M, Peak:0.00M | Scene, ViewLayer | Updating Objects | Applying Static Transformations
Fra:1 Mem:14.14M (Peak 14.23M) | Time:00:00.00 | Mem:0.00M, Peak:0.00M | Scene, ViewLayer | Updating Mesh | Computing attributes
Fra:1 Mem:14.14M (Peak 14.23M) | Time:00:00.00 | Mem:0.00M, Peak:0.00M | Scene, ViewLayer | Updating Mesh | Copying Attributes to device
Fra:1 Mem:14.14M (Peak 14.23M) | Time:00:00.00 | Mem:0.00M, Peak:0.00M | Scene, ViewLayer | Updating Scene BVH | Building
Fra:1 Mem:14.14M (Peak 14.23M) | Time:00:00.00 | Mem:0.00M, Peak:0.00M | Scene, ViewLayer | Updating Scene BVH | Building BVH
Fra:1 Mem:14.14M (Peak 14.23M) | Time:00:00.00 | Mem:1.65M, Peak:1.65M | Scene, ViewLayer | Updating Scene BVH | Building BVH 0%
Fra:1 Mem:14.14M (Peak 14.23M) | Time:00:00.00 | Mem:3.62M, Peak:5.26M | Scene, ViewLayer | Updating Scene BVH | Copying BVH to device
Fra:1 Mem:14.14M (Peak 14.23M) | Time:00:00.00 | Mem:3.62M, Peak:5.26M | Scene, ViewLayer | Updating Mesh | Computing normals
Fra:1 Mem:15.58M (Peak 15.58M) | Time:00:00.00 | Mem:3.62M, Peak:5.26M | Scene, ViewLayer | Updating Mesh | Copying Mesh to device
Fra:1 Mem:15.58M (Peak 15.58M) | Time:00:00.00 | Mem:5.06M, Peak:5.26M | Scene, ViewLayer | Updating Objects Flags
Fra:1 Mem:15.58M (Peak 15.58M) | Time:00:00.00 | Mem:5.06M, Peak:5.26M | Scene, ViewLayer | Updating Primitive Offsets
Fra:1 Mem:15.58M (Peak 15.58M) | Time:00:00.00 | Mem:5.06M, Peak:5.26M | Scene, ViewLayer | Updating Images
Fra:1 Mem:15.58M (Peak 15.58M) | Time:00:00.00 | Mem:5.06M, Peak:5.26M | Scene, ViewLayer | Updating Camera Volume
Fra:1 Mem:15.58M (Peak 15.58M) | Time:00:00.00 | Mem:5.06M, Peak:5.26M | Scene, ViewLayer | Updating Lookup Tables
Fra:1 Mem:15.58M (Peak 15.58M) | Time:00:00.00 | Mem:5.14M, Peak:5.26M | Scene, ViewLayer | Updating Lights
Fra:1 Mem:15.58M (Peak 15.58M) | Time:00:00.00 | Mem:5.14M, Peak:5.26M | Scene, ViewLayer | Updating Lights | Computing tree
Fra:1 Mem:15.58M (Peak 15.58M) | Time:00:00.00 | Mem:5.14M, Peak:5.26M | Scene, ViewLayer | Updating Integrator
Fra:1 Mem:15.58M (Peak 15.58M) | Time:00:00.00 | Mem:5.14M, Peak:5.26M | Scene, ViewLayer | Updating Film
Fra:1 Mem:15.59M (Peak 15.59M) | Time:00:00.01 | Mem:5.06M, Peak:5.26M | Scene, ViewLayer | Updating Lookup Tables
Fra:1 Mem:15.59M (Peak 15.59M) | Time:00:00.01 | Mem:5.14M, Peak:5.26M | Scene, ViewLayer | Updating Baking
Fra:1 Mem:15.59M (Peak 15.59M) | Time:00:00.01 | Mem:5.14M, Peak:5.26M | Scene, ViewLayer | Updating Device | Writing constant memory
Fra:1 Mem:15.59M (Peak 15.59M) | Time:00:00.01 | Mem:5.14M, Peak:5.26M | Scene, ViewLayer | Loading denoising kernels (may take a few minutes the first time)
Fra:1 Mem:15.59M (Peak 15.59M) | Time:00:00.01 | Mem:5.14M, Peak:5.26M | Scene, ViewLayer | Sample 0/24
Fra:1 Mem:53.44M (Peak 53.44M) | Time:00:00.28 | Remaining:00:06.27 | Mem:42.72M, Peak:42.72M | Scene, ViewLayer | Sample 1/24
Fra:1 Mem:69.26M (Peak 93.00M) | Time:00:09.31 | Mem:42.72M, Peak:42.72M | Scene, ViewLayer | Sample 24/24
Fra:1 Mem:69.26M (Peak 93.00M) | Time:00:09.31 | Mem:42.72M, Peak:42.72M | Scene, ViewLayer | Finished
Saved: 'C:\Users\turbo08\findthem\apps\mobile\assets\avatar\references\seated-haunch-target\quarter.png'
Time: 00:09.39 (Saving: 00:00.07)

Fra:1 Mem:12.53M (Peak 12.53M) | Time:00:00.00 | Mem:0.00M, Peak:0.00M | Scene, ViewLayer | Synchronizing object | Seated_Haunch_Sculpt_Target
Fra:1 Mem:12.94M (Peak 13.56M) | Time:00:00.00 | Mem:0.00M, Peak:0.00M | Scene, ViewLayer | Synchronizing object | Area
Fra:1 Mem:14.23M (Peak 14.64M) | Time:00:00.00 | Mem:0.00M, Peak:0.00M | Scene, ViewLayer | Initializing
Fra:1 Mem:14.06M (Peak 14.64M) | Time:00:00.00 | Mem:0.00M, Peak:0.00M | Scene, ViewLayer | Waiting for render to start
Fra:1 Mem:14.06M (Peak 14.64M) | Time:00:00.00 | Mem:0.00M, Peak:0.00M | Scene, ViewLayer | Updating Scene
Fra:1 Mem:14.06M (Peak 14.64M) | Time:00:00.00 | Mem:0.00M, Peak:0.00M | Scene, ViewLayer | Updating Shaders
Fra:1 Mem:14.06M (Peak 14.64M) | Time:00:00.00 | Mem:0.00M, Peak:0.00M | Scene, ViewLayer | Loading render kernels (may take a few minutes the first time)
Fra:1 Mem:14.14M (Peak 14.64M) | Time:00:00.00 | Mem:0.00M, Peak:0.00M | Scene, ViewLayer | Updating Procedurals
Fra:1 Mem:14.14M (Peak 14.64M) | Time:00:00.00 | Mem:0.00M, Peak:0.00M | Scene, ViewLayer | Updating Background
Fra:1 Mem:14.14M (Peak 14.64M) | Time:00:00.00 | Mem:0.00M, Peak:0.00M | Scene, ViewLayer | Updating Camera
Fra:1 Mem:14.14M (Peak 14.64M) | Time:00:00.00 | Mem:0.00M, Peak:0.00M | Scene, ViewLayer | Updating Meshes Flags
Fra:1 Mem:14.14M (Peak 14.64M) | Time:00:00.00 | Mem:0.00M, Peak:0.00M | Scene, ViewLayer | Updating Objects
Fra:1 Mem:14.14M (Peak 14.64M) | Time:00:00.00 | Mem:0.00M, Peak:0.00M | Scene, ViewLayer | Updating Objects | Copying Transformations to device
Fra:1 Mem:14.14M (Peak 14.64M) | Time:00:00.00 | Mem:0.00M, Peak:0.00M | Scene, ViewLayer | Updating Particle Systems
Fra:1 Mem:14.14M (Peak 14.64M) | Time:00:00.00 | Mem:0.00M, Peak:0.00M | Scene, ViewLayer | Updating Particle Systems | Copying Particles to device
Fra:1 Mem:14.14M (Peak 14.64M) | Time:00:00.00 | Mem:0.00M, Peak:0.00M | Scene, ViewLayer | Updating Meshes
Fra:1 Mem:14.14M (Peak 14.64M) | Time:00:00.00 | Mem:0.00M, Peak:0.00M | Scene, ViewLayer | Updating Objects | Applying Static Transformations
Fra:1 Mem:14.14M (Peak 14.64M) | Time:00:00.00 | Mem:0.00M, Peak:0.00M | Scene, ViewLayer | Updating Mesh | Computing attributes
Fra:1 Mem:14.14M (Peak 14.64M) | Time:00:00.00 | Mem:0.00M, Peak:0.00M | Scene, ViewLayer | Updating Mesh | Copying Attributes to device
Fra:1 Mem:14.14M (Peak 14.64M) | Time:00:00.00 | Mem:0.00M, Peak:0.00M | Scene, ViewLayer | Updating Scene BVH | Building
Fra:1 Mem:14.14M (Peak 14.64M) | Time:00:00.00 | Mem:0.00M, Peak:0.00M | Scene, ViewLayer | Updating Scene BVH | Building BVH
Fra:1 Mem:14.14M (Peak 14.64M) | Time:00:00.00 | Mem:1.65M, Peak:1.65M | Scene, ViewLayer | Updating Scene BVH | Building BVH 0%
Fra:1 Mem:14.14M (Peak 14.64M) | Time:00:00.00 | Mem:3.62M, Peak:5.26M | Scene, ViewLayer | Updating Scene BVH | Copying BVH to device
Fra:1 Mem:14.14M (Peak 14.64M) | Time:00:00.00 | Mem:3.62M, Peak:5.26M | Scene, ViewLayer | Updating Mesh | Computing normals
Fra:1 Mem:15.58M (Peak 15.58M) | Time:00:00.00 | Mem:3.62M, Peak:5.26M | Scene, ViewLayer | Updating Mesh | Copying Mesh to device
Fra:1 Mem:15.58M (Peak 15.58M) | Time:00:00.00 | Mem:5.06M, Peak:5.26M | Scene, ViewLayer | Updating Objects Flags
Fra:1 Mem:15.58M (Peak 15.58M) | Time:00:00.00 | Mem:5.06M, Peak:5.26M | Scene, ViewLayer | Updating Primitive Offsets
Fra:1 Mem:15.58M (Peak 15.58M) | Time:00:00.00 | Mem:5.06M, Peak:5.26M | Scene, ViewLayer | Updating Images
Fra:1 Mem:15.58M (Peak 15.58M) | Time:00:00.00 | Mem:5.06M, Peak:5.26M | Scene, ViewLayer | Updating Camera Volume
Fra:1 Mem:15.58M (Peak 15.58M) | Time:00:00.00 | Mem:5.06M, Peak:5.26M | Scene, ViewLayer | Updating Lookup Tables
Fra:1 Mem:15.58M (Peak 15.58M) | Time:00:00.00 | Mem:5.14M, Peak:5.26M | Scene, ViewLayer | Updating Lights
Fra:1 Mem:15.58M (Peak 15.58M) | Time:00:00.00 | Mem:5.14M, Peak:5.26M | Scene, ViewLayer | Updating Lights | Computing tree
Fra:1 Mem:15.58M (Peak 15.58M) | Time:00:00.00 | Mem:5.14M, Peak:5.26M | Scene, ViewLayer | Updating Integrator
Fra:1 Mem:15.58M (Peak 15.58M) | Time:00:00.00 | Mem:5.14M, Peak:5.26M | Scene, ViewLayer | Updating Film
Fra:1 Mem:15.59M (Peak 15.59M) | Time:00:00.00 | Mem:5.06M, Peak:5.26M | Scene, ViewLayer | Updating Lookup Tables
Fra:1 Mem:15.59M (Peak 15.59M) | Time:00:00.00 | Mem:5.14M, Peak:5.26M | Scene, ViewLayer | Updating Baking
Fra:1 Mem:15.59M (Peak 15.59M) | Time:00:00.00 | Mem:5.14M, Peak:5.26M | Scene, ViewLayer | Updating Device | Writing constant memory
Fra:1 Mem:15.59M (Peak 15.59M) | Time:00:00.00 | Mem:5.14M, Peak:5.26M | Scene, ViewLayer | Loading denoising kernels (may take a few minutes the first time)
Fra:1 Mem:15.59M (Peak 15.59M) | Time:00:00.00 | Mem:5.14M, Peak:5.26M | Scene, ViewLayer | Sample 0/24
Fra:1 Mem:53.44M (Peak 53.44M) | Time:00:00.12 | Remaining:00:02.59 | Mem:42.72M, Peak:42.72M | Scene, ViewLayer | Sample 1/24
Fra:1 Mem:69.26M (Peak 93.00M) | Time:00:06.32 | Mem:42.72M, Peak:42.72M | Scene, ViewLayer | Sample 24/24
Fra:1 Mem:69.26M (Peak 93.00M) | Time:00:06.32 | Mem:42.72M, Peak:42.72M | Scene, ViewLayer | Finished
Saved: 'C:\Users\turbo08\findthem\apps\mobile\assets\avatar\references\seated-haunch-target\low-quarter.png'
Time: 00:06.40 (Saving: 00:00.07)

BlenderMCP: cannot start server in background mode (blender -b) - commands would never execute
BlenderMCP: run Blender with a GUI, or use a virtual display: xvfb-run -a blender
BlenderMCP addon registered
BlenderMCP server stopped
BlenderMCP addon unregistered
Extensions: writing cache failed ([WinError 5] 액세스가 거부되었습니다: 'C:\\Users\\turbo08\\AppData\\Roaming\\Blender Foundation\\Blender\\4.5\\extensions').
Info: Saved as "seated-haunch-target.blend"
SEATED_TARGET_COMPLETE {'vertices': 26994, 'faces': 26992, 'nonmanifold_edge_count': 0, 'scope': 'static seated sculpt target; no animation or final retopology', 'v13_modified': False}

Blender quit
